ASxxxx Linker V03.00/V05.40 + sdld,  page 1.
Hexadecimal  [32-Bits]

Area                       Addr        Size        Decimal Bytes (Attributes)
--------------------       ----        ----        ------- ----- ------------
.  .ABS.               00000000    00000000 =           0. bytes (ABS,CON)

        Value  Global            Value  Global            Value  Global    
        -----  ------            -----  ------            -----  ------    
     00000000  .__.ABS.  |    00000000  ___bank_g |    00000000  _rMBC7_SR
     00000000  _rRAMG    |    00000000  l__BASE   |    00000000  l__BSS   
     00000000  l__CABS   |    00000000  l__CODE_0 |    00000000  l__DABS  
     00000000  l__HEADER |    00000000  l__HEADER |    00000000  l__HEADER
     00000000  l__HEAP   |    00000000  l__HEAP_E |    00000000  l__LIT   
     00000000  s__CABS   |    00000000  s__DABS   |    00000000  s__HEADER
     00000000  s__HEADER |    00000000  s__HEADER |    00000000  s__HEADER
     00000000  s__HEADER |    00000000  s__HEADER |    00000000  s__HEADER
     00000000  s__HEADER |    00000000  s__HEADER |    00000000  s__HEADER
     00000000  s__HEADER |    00000000  s__HEADER |    00000000  s__HEADER
     00000000  s__HEADER |    00000000  s__HEADER |    00000000  s__HEADER
     00000000  s__HEADER |    00000000  s__HEADER |    00000000  s__HEADER
     00000000  s__HEADER |    00000000  s__HEADER |    00000000  s__HEADER
     00000000  s__HEADER |    00000001  l__GSFINA |    00000001  l__HEADER
     00000001  l__HEADER |    00000001  l__HEADER |    00000001  l__HEADER
     00000001  l__HEADER |    00000001  l__HEADER |    00000001  l__HEADER
     00000002  l__HEADER |    00000002  l__HEADER |    00000002  l__HEADER
     00000003  l__HEADER |    00000003  l__HEADER |    00000004  l__CODE_1
     00000005  l__HEADER |    00000006  l__HEADER |    00000007  l__HEADER
     00000008  l__HEADER |    00000008  l__HEADER |    0000000A  ___bank_f
     0000000A  b_draw_le |    0000000A  b_draw_te |    0000000A  b_play_le
     0000000A  b_setup_m |    0000000B  l__INITIA |    0000000B  l__INITIA
     00000012  l__GSINIT |    00000013  l__HRAM   |    00000014  ___bank_c
     00000014  ___bank_c |    00000014  ___bank_c |    00000014  ___bank_c
     00000014  ___bank_c |    00000015  ___bank_m |    00000015  ___bank_m
     00000015  ___bank_m |    00000015  ___bank_m |    00000015  ___bank_m
     0000001E  ___bank_s |    0000001F  ___bank_b |    00000020  ___bank_p
     00000021  ___bank_d |    00000022  ___bank_b |    00000023  ___bank_c
     00000024  ___bank_j |    00000025  ___bank_t |    00000026  ___bank_c
     00000027  ___bank_x |    00000028  ___bank_u |    00000030  l__HEADER
     00000060  ___size_m |    00000060  l__HEADER |    00000064  ___bank_l
     00000064  ___bank_s |    00000065  ___bank_b |    00000066  ___bank_p
     00000067  ___bank_d |    00000068  ___bank_b |    00000069  ___bank_c
     0000006A  ___bank_j |    0000006B  ___bank_t |    0000006C  ___bank_c
     0000006D  ___bank_x |    0000006E  ___bank_u |    00000078  ___bank_t
     00000090  ___size_m |    000000AB  l__HEADER |    00000194  l__CODE_1
     000001BE  l__DATA   |    000001F1  l__HOME   |    00000200  s__CODE  
     000002A4  l__CODE_1 |    000002D4  l__CODE_1 |    0000034C  l__CODE_1
     00000388  l__CODE_1 |    000003B8  l__CODE_1 |    000003E4  l__CODE_1
     00000400  ___size_m |    00000570  ___size_m |    000005C0  ___size_f
     00000664  l__CODE_1 |    00000750  l__CODE_1 |    000007F4  l__CODE_1
     00000902  l__CODE_1 |    00000A60  l__CODE_2 |    00000EBC  l__CODE_2
     00001000  ___size_c |    00001000  ___size_c |    00001000  ___size_c
     00001000  ___size_c |    000010FC  l__CODE_2 |    000016C4  l__CODE_2
     000017BE  l__CODE_2 |    00001870  l__CODE_2 |    000018CE  l__CODE_2
     00001C52  l__CODE_2 |    00001DDC  l__CODE_2 |    00002000  ___size_l
     00002000  _rROMB0   |    00002218  l__CODE_2 |    0000236C  l__CODE_1
     00002766  l__CODE_2 |    000029B0  l__CODE_2 |    00002A30  ___size_u
     00002A30  l__CODE_4 |    00003000  _rROMB1   |    00003370  ___size_c
     00003370  l__CODE_3 |    00003450  ___size_c |    00003450  l__CODE_3
ASxxxx Linker V03.00/V05.40 + sdld,  page 2.
Hexadecimal  [32-Bits]

Area                       Addr        Size        Decimal Bytes (Attributes)
--------------------       ----        ----        ------- ----- ------------
.  .ABS.               00000000    00000000 =           0. bytes (ABS,CON)

        Value  Global            Value  Global            Value  Global    
        -----  ------            -----  ------            -----  ------    
     000034A0  ___size_d |    000034A0  l__CODE_3 |    000034C0  ___size_x
     000034C0  l__CODE_3 |    000034E0  ___size_b |    000034E0  l__CODE_3
     0000354E  l__CODE_1 |    00003650  ___size_b |    00003650  l__CODE_3
     000037E0  ___size_s |    000037E0  l__CODE_3 |    00003810  ___size_j
     00003810  l__CODE_3 |    000039C5  l__CODE   |    00003A70  ___size_p
     00003A70  l__CODE_3 |    00003BC5  s__HOME   |    00003DB6  s__BASE  
     00003DB6  s__CODE_0 |    00003DB6  s__INITIA |    00003DB6  s__LIT   
     00003DC1  s__GSINIT |    00003DD3  s__GSFINA |    00003E50  ___size_t
     00003E50  l__CODE_3 |    00004000  _rMBC7_SR |    00004000  _rRAMB   
     00004000  l__CODE_2 |    00008000  __VRAM    |    00008000  __VRAM800
     00008800  __VRAM880 |    00009000  __VRAM900 |    00009800  __SCRN0  
     00009C00  __SCRN1   |    0000A000  __SRAM    |    0000A000  _rMBC7_LA
     0000A010  _rMBC7_LA |    0000A020  _rMBC7_AC |    0000A030  _rMBC7_AC
     0000A040  _rMBC7_AC |    0000A050  _rMBC7_AC |    0000C000  __RAM    
     0000C000  _shadow_O |    0000C0A0  s__DATA   |    0000C25E  s__BSS   
     0000C25E  s__INITIA |    0000C269  s__HEAP   |    0000C269  s__HEAP_E
     0000D000  __RAMBANK |    0000E000  .STACK    |    0000FE00  __OAMRAM 
     0000FF00  _P1_REG   |    0000FF00  __IO      |    0000FF01  _SB_REG  
     0000FF02  _SC_REG   |    0000FF04  _DIV_REG  |    0000FF05  _TIMA_REG
     0000FF06  _TMA_REG  |    0000FF07  _TAC_REG  |    0000FF0F  _IF_REG  
     0000FF10  _NR10_REG |    0000FF11  _NR11_REG |    0000FF12  _NR12_REG
     0000FF13  _NR13_REG |    0000FF14  _NR14_REG |    0000FF16  _NR21_REG
     0000FF17  _NR22_REG |    0000FF18  _NR23_REG |    0000FF19  _NR24_REG
     0000FF1A  _NR30_REG |    0000FF1B  _NR31_REG |    0000FF1C  _NR32_REG
     0000FF1D  _NR33_REG |    0000FF1E  _NR34_REG |    0000FF20  _NR41_REG
     0000FF21  _NR42_REG |    0000FF22  _NR43_REG |    0000FF23  _NR44_REG
     0000FF24  _NR50_REG |    0000FF25  _NR51_REG |    0000FF26  _NR52_REG
     0000FF30  _AUD3WAVE |    0000FF30  _PCM_SAMP |    0000FF30  __AUD3WAV
     0000FF40  _LCDC_REG |    0000FF41  _STAT_REG |    0000FF42  _SCY_REG 
     0000FF43  _SCX_REG  |    0000FF44  _LY_REG   |    0000FF45  _LYC_REG 
     0000FF46  _DMA_REG  |    0000FF47  _BGP_REG  |    0000FF48  _OBP0_REG
     0000FF49  _OBP1_REG |    0000FF4A  _WY_REG   |    0000FF4B  _WX_REG  
     0000FF4D  _KEY1_REG |    0000FF4F  _VBK_REG  |    0000FF51  _HDMA1_RE
     0000FF52  _HDMA2_RE |    0000FF53  _HDMA3_RE |    0000FF54  _HDMA4_RE
     0000FF55  _HDMA5_RE |    0000FF56  _RP_REG   |    0000FF68  _BCPS_REG
     0000FF69  _BCPD_REG |    0000FF6A  _OCPS_REG |    0000FF6B  _OCPD_REG
     0000FF70  _SVBK_REG |    0000FF76  _PCM12_RE |    0000FF77  _PCM34_RE
     0000FF80  __HRAM    |    0000FF80  s__HRAM   |    0000FFFF  _IE_REG  
     00014000  s__CODE_1 |    000A4000  s__CODE_1 |    00144000  s__CODE_2
     00154000  s__CODE_2 |    001E4000  s__CODE_3 |    001F4000  s__CODE_3
     00204000  s__CODE_3 |    00214000  s__CODE_3 |    00224000  s__CODE_3
     00234000  s__CODE_3 |    00244000  s__CODE_3 |    00254000  s__CODE_3
     00264000  s__CODE_3 |    00274000  s__CODE_3 |    00284000  s__CODE_4
     00644000  s__CODE_1 |    00654000  s__CODE_1 |    00664000  s__CODE_1
     00674000  s__CODE_1 |    00684000  s__CODE_1 |    00694000  s__CODE_1
     006A4000  s__CODE_1 |    006B4000  s__CODE_1 |    006C4000  s__CODE_1
     006D4000  s__CODE_1 |    006E4000  s__CODE_1 |    00784000  s__CODE_1
     00C84000  s__CODE_2 |    00C94000  s__CODE_2 |    00CA4000  s__CODE_2
     00CB4000  s__CODE_2 |    00CC4000  s__CODE_2 |    00CD4000  s__CODE_2
     00CE4000  s__CODE_2 |    00CF4000  s__CODE_2 |    00D04000  s__CODE_2
     00D14000  s__CODE_2 |    00D24000  s__CODE_2
ASxxxx Linker V03.00/V05.40 + sdld,  page 3.
Hexadecimal  [32-Bits]

Area                       Addr        Size        Decimal Bytes (Attributes)
--------------------       ----        ----        ------- ----- ------------
_CODE                  00000200    000039C5 =       14789. bytes (REL,CON)

        Value  Global            Value  Global            Value  Global    
        -----  ------            -----  ------            -----  ------    
     00000200  _FontPusa |    00000470  ___func_g |    00000470  _level_so
     00000486  _song_ban |    00000491  _level_sm |    000004A6  _level_bo
     000004BB  _level_pg |    000004D0  _level_du |    000004E5  _level_ba
     000004FA  _level_cl |    0000050F  _level_ju |    00000524  _level_tm
     00000539  _level_cy |    0000054E  _level_xs |    00000563  _level_ul
     00000578  _game_lev |    0000058E  _MAX_LEVE |    0000060F  _col_at_b
     00000628  _col_at_e |    00000636  _col_at_r |    00000688  _col_at_r
     000006D5  _col_at   |    000006FD  _load_bkg |    0000074B  _load_col
     000007FB  _prepare_ |    0000090B  _flush_mt |    00000942  _fill_scr
     00000984  _init_mus |    000009B2  _metatile |    00000DB2  _metatile
     000011B2  _famidash |    000012B2  _famidash |    000013B2  _get_nes_
     000013C0  _nes_mast |    00001440  _paletteD |    00001460  _paletteD
     00001480  _paletteM |    000014A0  _splashMe |    000014C0  _gameover
     000014E0  _oldsplas |    00001500  _splashMe |    00001520  _paletteL
     00001540  _play_mus |    00001571  _main     |    000015D9  _playbutt
     00001749  _player_i |    000017D6  _player_s |    0000189D  _player_u
     0000275C  _sp_cache |    000029D2  _rainbow_ |    00002DD2  _update_l
     00002EB0  _menu_sta |    00002ECA  _update_m |    00003215  _update_p
     0000324B  _hUGE_ini |    0000324D  hUGE_init |    000032A3  _hUGE_mut
     000032A5  hUGE_mute |    000034F3  _hUGE_set |    000034F5  hUGE_set_
     000036BA  _hUGE_dos |    000036BA  hUGE_doso |    000039E6  _set_spri
     000039EB  _set_bkg_ |    000039EE  .set_pale |    00003A0D  _set_spri
     00003A12  _set_bkg_ |    00003A15  .set_pale |    00003A31  _hide_spr
     00003A60  ___move_m |    00003A60  ___move_m |    00003AA1  ___move_m
     00003AA1  ___move_m |    00003AE2  ___move_m |    00003AE2  ___move_m
     00003B25  _set_vram |    00003B2E  _set_win_ |    00003B37  _set_bkg_
     00003B66  ___move_m |    00003BA3  _cpu_slow |    00003BBE  _cpu_fast
ASxxxx Linker V03.00/V05.40 + sdld,  page 4.
Hexadecimal  [32-Bits]

Area                       Addr        Size        Decimal Bytes (Attributes)
--------------------       ----        ----        ------- ----- ------------
_HEADER0               00000000    00000001 =           1. bytes (ABS,CON)

        Value  Global            Value  Global            Value  Global    
        -----  ------            -----  ------            -----  ------    
     00000020  .call_hl 
ASxxxx Linker V03.00/V05.40 + sdld,  page 5.
Hexadecimal  [32-Bits]

Area                       Addr        Size        Decimal Bytes (Attributes)
--------------------       ----        ----        ------- ----- ------------
_HEADER1               00000000    00000005 =           5. bytes (ABS,CON)

        Value  Global            Value  Global            Value  Global    
        -----  ------            -----  ------            -----  ------    
     00000028  .MemsetSm
ASxxxx Linker V03.00/V05.40 + sdld,  page 6.
Hexadecimal  [32-Bits]

Area                       Addr        Size        Decimal Bytes (Attributes)
--------------------       ----        ----        ------- ----- ------------
_HEADER2               00000000    00000007 =           7. bytes (ABS,CON)

        Value  Global            Value  Global            Value  Global    
        -----  ------            -----  ------            -----  ------    
     00000030  .MemcpySm
ASxxxx Linker V03.00/V05.40 + sdld,  page 7.
Hexadecimal  [32-Bits]

Area                       Addr        Size        Decimal Bytes (Attributes)
--------------------       ----        ----        ------- ----- ------------
_HEADER3               00000000    00000008 =           8. bytes (ABS,CON)

        Value  Global            Value  Global            Value  Global    
        -----  ------            -----  ------            -----  ------    
ASxxxx Linker V03.00/V05.40 + sdld,  page 8.
Hexadecimal  [32-Bits]

Area                       Addr        Size        Decimal Bytes (Attributes)
--------------------       ----        ----        ------- ----- ------------
_HEADER4               00000000    00000060 =          96. bytes (ABS,CON)

        Value  Global            Value  Global            Value  Global    
        -----  ------            -----  ------            -----  ------    
     00000080  .int      |    0000008F  _wait_int |    0000009C  __standar
     000000AB  _refresh_ |    000000CC  _set_inte
ASxxxx Linker V03.00/V05.40 + sdld,  page 9.
Hexadecimal  [32-Bits]

Area                       Addr        Size        Decimal Bytes (Attributes)
--------------------       ----        ----        ------- ----- ------------
_HEADER5               00000000    00000001 =           1. bytes (ABS,CON)

        Value  Global            Value  Global            Value  Global    
        -----  ------            -----  ------            -----  ------    
ASxxxx Linker V03.00/V05.40 + sdld,  page 10.
Hexadecimal  [32-Bits]

Area                       Addr        Size        Decimal Bytes (Attributes)
--------------------       ----        ----        ------- ----- ------------
_HEADER6               00000000    00000002 =           2. bytes (ABS,CON)

        Value  Global            Value  Global            Value  Global    
        -----  ------            -----  ------            -----  ------    
ASxxxx Linker V03.00/V05.40 + sdld,  page 11.
Hexadecimal  [32-Bits]

Area                       Addr        Size        Decimal Bytes (Attributes)
--------------------       ----        ----        ------- ----- ------------
_HEADER7               00000000    00000030 =          48. bytes (ABS,CON)

        Value  Global            Value  Global            Value  Global    
        -----  ------            -----  ------            -----  ------    
ASxxxx Linker V03.00/V05.40 + sdld,  page 12.
Hexadecimal  [32-Bits]

Area                       Addr        Size        Decimal Bytes (Attributes)
--------------------       ----        ----        ------- ----- ------------
_HEADER8               00000000    00000006 =           6. bytes (ABS,CON)

        Value  Global            Value  Global            Value  Global    
        -----  ------            -----  ------            -----  ------    
ASxxxx Linker V03.00/V05.40 + sdld,  page 13.
Hexadecimal  [32-Bits]

Area                       Addr        Size        Decimal Bytes (Attributes)
--------------------       ----        ----        ------- ----- ------------
_HEADER9               00000000    00000003 =           3. bytes (ABS,CON)

        Value  Global            Value  Global            Value  Global    
        -----  ------            -----  ------            -----  ------    
ASxxxx Linker V03.00/V05.40 + sdld,  page 14.
Hexadecimal  [32-Bits]

Area                       Addr        Size        Decimal Bytes (Attributes)
--------------------       ----        ----        ------- ----- ------------
_HEADERa               00000000    00000001 =           1. bytes (ABS,CON)

        Value  Global            Value  Global            Value  Global    
        -----  ------            -----  ------            -----  ------    
ASxxxx Linker V03.00/V05.40 + sdld,  page 15.
Hexadecimal  [32-Bits]

Area                       Addr        Size        Decimal Bytes (Attributes)
--------------------       ----        ----        ------- ----- ------------
_HEADERb               00000000    00000001 =           1. bytes (ABS,CON)

        Value  Global            Value  Global            Value  Global    
        -----  ------            -----  ------            -----  ------    
ASxxxx Linker V03.00/V05.40 + sdld,  page 16.
Hexadecimal  [32-Bits]

Area                       Addr        Size        Decimal Bytes (Attributes)
--------------------       ----        ----        ------- ----- ------------
_HEADERc               00000000    00000001 =           1. bytes (ABS,CON)

        Value  Global            Value  Global            Value  Global    
        -----  ------            -----  ------            -----  ------    
ASxxxx Linker V03.00/V05.40 + sdld,  page 17.
Hexadecimal  [32-Bits]

Area                       Addr        Size        Decimal Bytes (Attributes)
--------------------       ----        ----        ------- ----- ------------
_HEADERd               00000000    00000002 =           2. bytes (ABS,CON)

        Value  Global            Value  Global            Value  Global    
        -----  ------            -----  ------            -----  ------    
ASxxxx Linker V03.00/V05.40 + sdld,  page 18.
Hexadecimal  [32-Bits]

Area                       Addr        Size        Decimal Bytes (Attributes)
--------------------       ----        ----        ------- ----- ------------
_HEADERe               00000000    00000001 =           1. bytes (ABS,CON)

        Value  Global            Value  Global            Value  Global    
        -----  ------            -----  ------            -----  ------    
ASxxxx Linker V03.00/V05.40 + sdld,  page 19.
Hexadecimal  [32-Bits]

Area                       Addr        Size        Decimal Bytes (Attributes)
--------------------       ----        ----        ------- ----- ------------
_HEADERf               00000000    00000001 =           1. bytes (ABS,CON)

        Value  Global            Value  Global            Value  Global    
        -----  ------            -----  ------            -----  ------    
ASxxxx Linker V03.00/V05.40 + sdld,  page 20.
Hexadecimal  [32-Bits]

Area                       Addr        Size        Decimal Bytes (Attributes)
--------------------       ----        ----        ------- ----- ------------
_HEADER10              00000000    00000002 =           2. bytes (ABS,CON)

        Value  Global            Value  Global            Value  Global    
        -----  ------            -----  ------            -----  ------    
ASxxxx Linker V03.00/V05.40 + sdld,  page 21.
Hexadecimal  [32-Bits]

Area                       Addr        Size        Decimal Bytes (Attributes)
--------------------       ----        ----        ------- ----- ------------
_HEADER11              00000000    000000AB =         171. bytes (ABS,CON)

        Value  Global            Value  Global            Value  Global    
        -----  ------            -----  ------            -----  ------    
     00000150  .reset    |    00000150  _reset    |    00000157  .code_sta
     000001B9  _exit     |    000001BD  .wait_vbl |    000001BD  _vsync   
     000001BD  _wait_vbl |    000001CD  .remove_V |    000001CD  _remove_V
     000001D0  .remove_i |    000001ED  .add_VBL  |    000001ED  _add_VBL 
     000001F0  .add_int 
ASxxxx Linker V03.00/V05.40 + sdld,  page 22.
Hexadecimal  [32-Bits]

Area                       Addr        Size        Decimal Bytes (Attributes)
--------------------       ----        ----        ------- ----- ------------
_HOME                  00003BC5    000001F1 =         497. bytes (REL,CON)

        Value  Global            Value  Global            Value  Global    
        -----  ------            -----  ------            -----  ------    
     00003BC5  .memset_s |    00003BCE  .memcpy_s |    00003BEB  .display_
     00003BEB  _display_ |    00003C03  _add_TIM  |    00003C06  _set_tile
     00003C0B  _set_bkg_ |    00003C0B  _set_win_ |    00003C13  _set_spri
     00003C72  .add_LCD  |    00003C72  _add_LCD  |    00003C78  .remove_L
     00003C78  _remove_L |    00003C7E  .add_TIM  |    00003C84  .remove_T
     00003C84  _remove_T |    00003C8A  _fill_bkg |    00003C9C  .padup   
     00003C9C  _waitpadu |    00003CAC  .jpad     |    00003CAC  _joypad  
     00003CD4  _waitpad  |    00003CD5  .wait_pad |    00003CDC  ___sdcc_b
     00003CF0  _set_bkg_ |    00003D04  .fill_rec |    00003D0D  .fill_rec
     00003D5A  .set_xy_w |    00003D63  .set_xy_b |    00003D72  .set_xy_t
ASxxxx Linker V03.00/V05.40 + sdld,  page 23.
Hexadecimal  [32-Bits]

Area                       Addr        Size        Decimal Bytes (Attributes)
--------------------       ----        ----        ------- ----- ------------
_INITIALIZER           00003DB6    0000000B =          11. bytes (REL,CON)

        Value  Global            Value  Global            Value  Global    
        -----  ------            -----  ------            -----  ------    
ASxxxx Linker V03.00/V05.40 + sdld,  page 24.
Hexadecimal  [32-Bits]

Area                       Addr        Size        Decimal Bytes (Attributes)
--------------------       ----        ----        ------- ----- ------------
_GSINIT                00003DC1    00000012 =          18. bytes (REL,CON)

        Value  Global            Value  Global            Value  Global    
        -----  ------            -----  ------            -----  ------    
     00003DC1  gsinit   
ASxxxx Linker V03.00/V05.40 + sdld,  page 25.
Hexadecimal  [32-Bits]

Area                       Addr        Size        Decimal Bytes (Attributes)
--------------------       ----        ----        ------- ----- ------------
_GSFINAL               00003DD3    00000001 =           1. bytes (REL,CON)

        Value  Global            Value  Global            Value  Global    
        -----  ------            -----  ------            -----  ------    
ASxxxx Linker V03.00/V05.40 + sdld,  page 26.
Hexadecimal  [32-Bits]

Area                       Addr        Size        Decimal Bytes (Attributes)
--------------------       ----        ----        ------- ----- ------------
_DATA                  0000C0A0    000001BE =         446. bytes (REL,CON)

        Value  Global            Value  Global            Value  Global    
        -----  ------            -----  ------            -----  ------    
     0000C0A0  __cpu     |    0000C0A1  __is_GBA  |    0000C0A2  .mode    
     0000C0A3  .sys_time |    0000C0A3  _sys_time |    0000C0A5  .int_0x40
     0000C152  _active_s |    0000C1C2  _collisio |    0000C200  _hUGE_cur
     0000C200  hUGE_curr |    0000C201  _hUGE_mut |    0000C248  .int_0x48
     0000C250  .int_0x50 |    0000C25A  ___curren |    0000C25C  ___curren
     0000C25D  ___curren
ASxxxx Linker V03.00/V05.40 + sdld,  page 27.
Hexadecimal  [32-Bits]

Area                       Addr        Size        Decimal Bytes (Attributes)
--------------------       ----        ----        ------- ----- ------------
_INITIALIZED           0000C25E    0000000B =          11. bytes (REL,CON)

        Value  Global            Value  Global            Value  Global    
        -----  ------            -----  ------            -----  ------    
     0000C25E  _music_re |    0000C25F  _redraw   |    0000C260  _selected
     0000C261  _current_ |    0000C263  _current_ |    0000C264  _player_n
     0000C267  ___render |    0000C268  __map_til
ASxxxx Linker V03.00/V05.40 + sdld,  page 28.
Hexadecimal  [32-Bits]

Area                       Addr        Size        Decimal Bytes (Attributes)
--------------------       ----        ----        ------- ----- ------------
_HRAM                  0000FF80    00000013 =          19. bytes (REL,CON)

        Value  Global            Value  Global            Value  Global    
        -----  ------            -----  ------            -----  ------    
     0000FF80  .refresh_ |    0000FF90  __current |    0000FF91  __vbl_don
     0000FF92  __shadow_
ASxxxx Linker V03.00/V05.40 + sdld,  page 29.
Hexadecimal  [32-Bits]

Area                       Addr        Size        Decimal Bytes (Attributes)
--------------------       ----        ----        ------- ----- ------------
_CODE_10               000A4000    0000354E =       13646. bytes (REL,CON)

        Value  Global            Value  Global            Value  Global    
        -----  ------            -----  ------            -----  ------    
     000A4000  _ball_til |    000A4040  _ball_met |    000A404C  _ball_met
     000A426D  _sp_cache |    000A42B6  _sp_cache |    000A5AC9  _setup_me
     000A5AD7  _draw_tex |    000A5B4F  _draw_lev |    000A5C49  _play_lev
     000A69C6  _icon1_pa |    000A69CE  _icon1_ti |    000A6A4E  _icon1_me
     000A6A5A  _icon1_me |    000A6A66  _icon1_me |    000A6A72  _icon1_me
     000A6A7E  _icon1_me |    000A6A8A  _icon1_me |    000A6A96  _icon1_me
     000A6AA2  _icon1_me |    000A6AAE  _icon1_me |    000A6ABA  _icon1_me
     000A6AC6  _icon1_me |    000A6AD2  _icon1_me |    000A6ADE  _icon1_me
     000A6AEA  _icon1_me |    000A6AF6  _icon1_me |    000A6B02  _icon1_me
     000A6B0E  _icon1_me |    000A6B1A  _icon1_me |    000A6B26  _icon1_me
     000A6B32  _icon1_me |    000A6B3E  _icon1_me |    000A6B4A  _icon1_me
     000A6B56  _icon1_me |    000A6B62  _icon1_me |    000A6B6E  _icon1_me
     000A6B7A  _icon1_me |    000A6BAC  _ship_til |    000A6BEC  _ship_met
     000A6BF8  _ship_met |    000A6BFA  ___func_f |    000A6BFA  _famidash
     000A71BA  _famidash |    000A71E2  _famidash |    000A720A  _famidash
     000A7232  _famidash |    000A724E  _famidash |    000A726A  _famidash
     000A7286  _famidash |    000A72A2  _famidash |    000A72BE  _famidash
     000A72DA  _famidash |    000A72E6  _famidash |    000A72F2  _famidash
     000A72FE  _famidash |    000A730A  _famidash |    000A7316  _famidash
     000A7322  _famidash |    000A732E  _famidash |    000A733A  _famidash
     000A734E  _famidash |    000A74CE  _famidash
ASxxxx Linker V03.00/V05.40 + sdld,  page 30.
Hexadecimal  [32-Bits]

Area                       Addr        Size        Decimal Bytes (Attributes)
--------------------       ----        ----        ------- ----- ------------
_CODE_100              00644000    0000236C =        9068. bytes (REL,CON)

        Value  Global            Value  Global            Value  Global    
        -----  ------            -----  ------            -----  ------    
     00644000  ___func_l |    00644000  _logo_til |    00646000  ___func_s
     00646000  _stereoma
ASxxxx Linker V03.00/V05.40 + sdld,  page 31.
Hexadecimal  [32-Bits]

Area                       Addr        Size        Decimal Bytes (Attributes)
--------------------       ----        ----        ------- ----- ------------
_CODE_21               00154000    00000A60 =        2656. bytes (REL,CON)

        Value  Global            Value  Global            Value  Global    
        -----  ------            -----  ------            -----  ------    
     00154000  ___func_m |    00154000  ___func_m |    00154000  _menu_bg_
     00154570  ___func_m |    00154570  _menu_bg_ |    00154970  ___func_m
     00154970  _menu_gro |    00154A00  ___func_m |    00154A00  _menu_gro
ASxxxx Linker V03.00/V05.40 + sdld,  page 32.
Hexadecimal  [32-Bits]

Area                       Addr        Size        Decimal Bytes (Attributes)
--------------------       ----        ----        ------- ----- ------------
_CODE_1                00014000    00000902 =        2306. bytes (REL,CON)

        Value  Global            Value  Global            Value  Global    
        -----  ------            -----  ------            -----  ------    
     000148ED  _menuloop
ASxxxx Linker V03.00/V05.40 + sdld,  page 33.
Hexadecimal  [32-Bits]

Area                       Addr        Size        Decimal Bytes (Attributes)
--------------------       ----        ----        ------- ----- ------------
_CODE_20               00144000    00004000 =       16384. bytes (REL,CON)

        Value  Global            Value  Global            Value  Global    
        -----  ------            -----  ------            -----  ------    
     00144000  ___func_c |    00144000  ___func_c |    00144000  _chr_gb_t
     00145000  ___func_c |    00145000  _chr_gb_t |    00146000  ___func_c
     00146000  _chr_gb_c |    00147000  ___func_c |    00147000  _chr_gb_c
ASxxxx Linker V03.00/V05.40 + sdld,  page 34.
Hexadecimal  [32-Bits]

Area                       Addr        Size        Decimal Bytes (Attributes)
--------------------       ----        ----        ------- ----- ------------
_CODE_34               00224000    00003650 =       13904. bytes (REL,CON)

        Value  Global            Value  Global            Value  Global    
        -----  ------            -----  ------            -----  ------    
     00224000  ___func_b |    00224000  _baseafte
ASxxxx Linker V03.00/V05.40 + sdld,  page 35.
Hexadecimal  [32-Bits]

Area                       Addr        Size        Decimal Bytes (Attributes)
--------------------       ----        ----        ------- ----- ------------
_CODE_31               001F4000    000034E0 =       13536. bytes (REL,CON)

        Value  Global            Value  Global            Value  Global    
        -----  ------            -----  ------            -----  ------    
     001F4000  ___func_b |    001F4000  _backontr
ASxxxx Linker V03.00/V05.40 + sdld,  page 36.
Hexadecimal  [32-Bits]

Area                       Addr        Size        Decimal Bytes (Attributes)
--------------------       ----        ----        ------- ----- ------------
_CODE_35               00234000    00003450 =       13392. bytes (REL,CON)

        Value  Global            Value  Global            Value  Global    
        -----  ------            -----  ------            -----  ------    
     00234000  ___func_c |    00234000  _cantletg
ASxxxx Linker V03.00/V05.40 + sdld,  page 37.
Hexadecimal  [32-Bits]

Area                       Addr        Size        Decimal Bytes (Attributes)
--------------------       ----        ----        ------- ----- ------------
_CODE_38               00264000    00003370 =       13168. bytes (REL,CON)

        Value  Global            Value  Global            Value  Global    
        -----  ------            -----  ------            -----  ------    
     00264000  ___func_c |    00264000  _cycles_m
ASxxxx Linker V03.00/V05.40 + sdld,  page 38.
Hexadecimal  [32-Bits]

Area                       Addr        Size        Decimal Bytes (Attributes)
--------------------       ----        ----        ------- ----- ------------
_CODE_33               00214000    000034A0 =       13472. bytes (REL,CON)

        Value  Global            Value  Global            Value  Global    
        -----  ------            -----  ------            -----  ------    
     00214000  ___func_d |    00214000  _dryout_m
ASxxxx Linker V03.00/V05.40 + sdld,  page 39.
Hexadecimal  [32-Bits]

Area                       Addr        Size        Decimal Bytes (Attributes)
--------------------       ----        ----        ------- ----- ------------
_CODE_36               00244000    00003810 =       14352. bytes (REL,CON)

        Value  Global            Value  Global            Value  Global    
        -----  ------            -----  ------            -----  ------    
     00244000  ___func_j |    00244000  _jumper_m
ASxxxx Linker V03.00/V05.40 + sdld,  page 40.
Hexadecimal  [32-Bits]

Area                       Addr        Size        Decimal Bytes (Attributes)
--------------------       ----        ----        ------- ----- ------------
_CODE_32               00204000    00003A70 =       14960. bytes (REL,CON)

        Value  Global            Value  Global            Value  Global    
        -----  ------            -----  ------            -----  ------    
     00204000  ___func_p |    00204000  _polargei
ASxxxx Linker V03.00/V05.40 + sdld,  page 41.
Hexadecimal  [32-Bits]

Area                       Addr        Size        Decimal Bytes (Attributes)
--------------------       ----        ----        ------- ----- ------------
_CODE_30               001E4000    000037E0 =       14304. bytes (REL,CON)

        Value  Global            Value  Global            Value  Global    
        -----  ------            -----  ------            -----  ------    
     001E4000  ___func_s |    001E4000  _stereoma
ASxxxx Linker V03.00/V05.40 + sdld,  page 42.
Hexadecimal  [32-Bits]

Area                       Addr        Size        Decimal Bytes (Attributes)
--------------------       ----        ----        ------- ----- ------------
_CODE_37               00254000    00003E50 =       15952. bytes (REL,CON)

        Value  Global            Value  Global            Value  Global    
        -----  ------            -----  ------            -----  ------    
     00254000  ___func_t |    00254000  _timemach
ASxxxx Linker V03.00/V05.40 + sdld,  page 43.
Hexadecimal  [32-Bits]

Area                       Addr        Size        Decimal Bytes (Attributes)
--------------------       ----        ----        ------- ----- ------------
_CODE_40               00284000    00002A30 =       10800. bytes (REL,CON)

        Value  Global            Value  Global            Value  Global    
        -----  ------            -----  ------            -----  ------    
     00284000  ___func_u |    00284000  _ultiated
ASxxxx Linker V03.00/V05.40 + sdld,  page 44.
Hexadecimal  [32-Bits]

Area                       Addr        Size        Decimal Bytes (Attributes)
--------------------       ----        ----        ------- ----- ------------
_CODE_39               00274000    000034C0 =       13504. bytes (REL,CON)

        Value  Global            Value  Global            Value  Global    
        -----  ------            -----  ------            -----  ------    
     00274000  ___func_x |    00274000  _xstep_ma
ASxxxx Linker V03.00/V05.40 + sdld,  page 45.
Hexadecimal  [32-Bits]

Area                       Addr        Size        Decimal Bytes (Attributes)
--------------------       ----        ----        ------- ----- ------------
_CODE_201              00C94000    000017BE =        6078. bytes (REL,CON)

        Value  Global            Value  Global            Value  Global    
        -----  ------            -----  ------            -----  ------    
     00C957A9  _backontr
ASxxxx Linker V03.00/V05.40 + sdld,  page 46.
Hexadecimal  [32-Bits]

Area                       Addr        Size        Decimal Bytes (Attributes)
--------------------       ----        ----        ------- ----- ------------
_CODE_204              00CC4000    00002218 =        8728. bytes (REL,CON)

        Value  Global            Value  Global            Value  Global    
        -----  ------            -----  ------            -----  ------    
     00CC6203  _baseafte
ASxxxx Linker V03.00/V05.40 + sdld,  page 47.
Hexadecimal  [32-Bits]

Area                       Addr        Size        Decimal Bytes (Attributes)
--------------------       ----        ----        ------- ----- ------------
_CODE_205              00CD4000    000016C4 =        5828. bytes (REL,CON)

        Value  Global            Value  Global            Value  Global    
        -----  ------            -----  ------            -----  ------    
     00CD56AF  _cantletg
ASxxxx Linker V03.00/V05.40 + sdld,  page 48.
Hexadecimal  [32-Bits]

Area                       Addr        Size        Decimal Bytes (Attributes)
--------------------       ----        ----        ------- ----- ------------
_CODE_208              00D04000    000010FC =        4348. bytes (REL,CON)

        Value  Global            Value  Global            Value  Global    
        -----  ------            -----  ------            -----  ------    
     00D050E7  _cycles  
ASxxxx Linker V03.00/V05.40 + sdld,  page 49.
Hexadecimal  [32-Bits]

Area                       Addr        Size        Decimal Bytes (Attributes)
--------------------       ----        ----        ------- ----- ------------
_CODE_203              00CB4000    00001DDC =        7644. bytes (REL,CON)

        Value  Global            Value  Global            Value  Global    
        -----  ------            -----  ------            -----  ------    
     00CB5DC7  _dryout  
ASxxxx Linker V03.00/V05.40 + sdld,  page 50.
Hexadecimal  [32-Bits]

Area                       Addr        Size        Decimal Bytes (Attributes)
--------------------       ----        ----        ------- ----- ------------
_CODE_206              00CE4000    000018CE =        6350. bytes (REL,CON)

        Value  Global            Value  Global            Value  Global    
        -----  ------            -----  ------            -----  ------    
     00CE58B9  _jumper  
ASxxxx Linker V03.00/V05.40 + sdld,  page 51.
Hexadecimal  [32-Bits]

Area                       Addr        Size        Decimal Bytes (Attributes)
--------------------       ----        ----        ------- ----- ------------
_CODE_202              00CA4000    000029B0 =       10672. bytes (REL,CON)

        Value  Global            Value  Global            Value  Global    
        -----  ------            -----  ------            -----  ------    
     00CA699B  _polargei
ASxxxx Linker V03.00/V05.40 + sdld,  page 52.
Hexadecimal  [32-Bits]

Area                       Addr        Size        Decimal Bytes (Attributes)
--------------------       ----        ----        ------- ----- ------------
_CODE_200              00C84000    00000EBC =        3772. bytes (REL,CON)

        Value  Global            Value  Global            Value  Global    
        -----  ------            -----  ------            -----  ------    
     00C84EA7  _stereoma
ASxxxx Linker V03.00/V05.40 + sdld,  page 53.
Hexadecimal  [32-Bits]

Area                       Addr        Size        Decimal Bytes (Attributes)
--------------------       ----        ----        ------- ----- ------------
_CODE_207              00CF4000    00002766 =       10086. bytes (REL,CON)

        Value  Global            Value  Global            Value  Global    
        -----  ------            -----  ------            -----  ------    
     00CF6751  _timemach
ASxxxx Linker V03.00/V05.40 + sdld,  page 54.
Hexadecimal  [32-Bits]

Area                       Addr        Size        Decimal Bytes (Attributes)
--------------------       ----        ----        ------- ----- ------------
_CODE_210              00D24000    00001870 =        6256. bytes (REL,CON)

        Value  Global            Value  Global            Value  Global    
        -----  ------            -----  ------            -----  ------    
     00D2585B  _ultiated
ASxxxx Linker V03.00/V05.40 + sdld,  page 55.
Hexadecimal  [32-Bits]

Area                       Addr        Size        Decimal Bytes (Attributes)
--------------------       ----        ----        ------- ----- ------------
_CODE_209              00D14000    00001C52 =        7250. bytes (REL,CON)

        Value  Global            Value  Global            Value  Global    
        -----  ------            -----  ------            -----  ------    
     00D15C3D  _xstep   
ASxxxx Linker V03.00/V05.40 + sdld,  page 56.
Hexadecimal  [32-Bits]

Area                       Addr        Size        Decimal Bytes (Attributes)
--------------------       ----        ----        ------- ----- ------------
_CODE_101              00654000    000002D4 =         724. bytes (REL,CON)

        Value  Global            Value  Global            Value  Global    
        -----  ------            -----  ------            -----  ------    
     00654000  ___func_b |    00654000  _backontr
ASxxxx Linker V03.00/V05.40 + sdld,  page 57.
Hexadecimal  [32-Bits]

Area                       Addr        Size        Decimal Bytes (Attributes)
--------------------       ----        ----        ------- ----- ------------
_CODE_104              00684000    00000388 =         904. bytes (REL,CON)

        Value  Global            Value  Global            Value  Global    
        -----  ------            -----  ------            -----  ------    
     00684000  ___func_b |    00684000  _baseafte
ASxxxx Linker V03.00/V05.40 + sdld,  page 58.
Hexadecimal  [32-Bits]

Area                       Addr        Size        Decimal Bytes (Attributes)
--------------------       ----        ----        ------- ----- ------------
_CODE_105              00694000    000002A4 =         676. bytes (REL,CON)

        Value  Global            Value  Global            Value  Global    
        -----  ------            -----  ------            -----  ------    
     00694000  ___func_c |    00694000  _cantletg
ASxxxx Linker V03.00/V05.40 + sdld,  page 59.
Hexadecimal  [32-Bits]

Area                       Addr        Size        Decimal Bytes (Attributes)
--------------------       ----        ----        ------- ----- ------------
_CODE_108              006C4000    00000664 =        1636. bytes (REL,CON)

        Value  Global            Value  Global            Value  Global    
        -----  ------            -----  ------            -----  ------    
     006C4000  ___func_c |    006C4000  _cycles_s
ASxxxx Linker V03.00/V05.40 + sdld,  page 60.
Hexadecimal  [32-Bits]

Area                       Addr        Size        Decimal Bytes (Attributes)
--------------------       ----        ----        ------- ----- ------------
_CODE_103              00674000    0000034C =         844. bytes (REL,CON)

        Value  Global            Value  Global            Value  Global    
        -----  ------            -----  ------            -----  ------    
     00674000  ___func_d |    00674000  _dryout_s
ASxxxx Linker V03.00/V05.40 + sdld,  page 61.
Hexadecimal  [32-Bits]

Area                       Addr        Size        Decimal Bytes (Attributes)
--------------------       ----        ----        ------- ----- ------------
_CODE_106              006A4000    000003E4 =         996. bytes (REL,CON)

        Value  Global            Value  Global            Value  Global    
        -----  ------            -----  ------            -----  ------    
     006A4000  ___func_j |    006A4000  _jumper_s
ASxxxx Linker V03.00/V05.40 + sdld,  page 62.
Hexadecimal  [32-Bits]

Area                       Addr        Size        Decimal Bytes (Attributes)
--------------------       ----        ----        ------- ----- ------------
_CODE_102              00664000    000003B8 =         952. bytes (REL,CON)

        Value  Global            Value  Global            Value  Global    
        -----  ------            -----  ------            -----  ------    
     00664000  ___func_p |    00664000  _polargei
ASxxxx Linker V03.00/V05.40 + sdld,  page 63.
Hexadecimal  [32-Bits]

Area                       Addr        Size        Decimal Bytes (Attributes)
--------------------       ----        ----        ------- ----- ------------
_CODE_120              00784000    00000004 =           4. bytes (REL,CON)

        Value  Global            Value  Global            Value  Global    
        -----  ------            -----  ------            -----  ------    
     00784000  ___func_t |    00784000  _template
ASxxxx Linker V03.00/V05.40 + sdld,  page 64.
Hexadecimal  [32-Bits]

Area                       Addr        Size        Decimal Bytes (Attributes)
--------------------       ----        ----        ------- ----- ------------
_CODE_107              006B4000    00000750 =        1872. bytes (REL,CON)

        Value  Global            Value  Global            Value  Global    
        -----  ------            -----  ------            -----  ------    
     006B4000  ___func_t |    006B4000  _timemach
ASxxxx Linker V03.00/V05.40 + sdld,  page 65.
Hexadecimal  [32-Bits]

Area                       Addr        Size        Decimal Bytes (Attributes)
--------------------       ----        ----        ------- ----- ------------
_CODE_110              006E4000    00000194 =         404. bytes (REL,CON)

        Value  Global            Value  Global            Value  Global    
        -----  ------            -----  ------            -----  ------    
     006E4000  ___func_u |    006E4000  _ultiated
ASxxxx Linker V03.00/V05.40 + sdld,  page 66.
Hexadecimal  [32-Bits]

Area                       Addr        Size        Decimal Bytes (Attributes)
--------------------       ----        ----        ------- ----- ------------
_CODE_109              006D4000    000007F4 =        2036. bytes (REL,CON)

        Value  Global            Value  Global            Value  Global    
        -----  ------            -----  ------            -----  ------    
     006D4000  ___func_x |    006D4000  _xstep_sp
ASxxxx Linker V03.00/V05.40 + sdld,  page 67.
Hexadecimal  [32-Bits]

Area                       Addr        Size        Decimal Bytes (Attributes)
--------------------       ----        ----        ------- ----- ------------
_HEADER_TIM0           00000000    00000008 =           8. bytes (ABS,CON)

        Value  Global            Value  Global            Value  Global    
        -----  ------            -----  ------            -----  ------    
ASxxxx Linker V03.00/V05.40 + sdld,  page 68.
Hexadecimal  [32-Bits]

Area                       Addr        Size        Decimal Bytes (Attributes)
--------------------       ----        ----        ------- ----- ------------
_HEADER_LCD0           00000000    00000003 =           3. bytes (ABS,CON)

        Value  Global            Value  Global            Value  Global    
        -----  ------            -----  ------            -----  ------    
ASxxxx Linker V03.00/V05.40 + sdld,  page 69.

Files Linked                              [ module(s) ]

C:\gbdk\lib/gb/crt0.o                     [ Runtime ]
temp/Font.o                               [ Font ]
temp/assets.o                             [ assets ]
temp/ball.o                               [ ball ]
temp/collision.o                          [ collision ]
temp/famidash_metatiles.o                 [ famidash_metatiles ]
temp/gameplay.o                           [ gameplay ]
temp/gbc_palettes.o                       [ gbc_palettes ]
temp/icon1.o                              [ icon1 ]
temp/logo.o                               [ logo ]
temp/main.o                               [ main ]
temp/menu_bg.o                            [ menu_bg ]
temp/menuloop.o                           [ menuloop ]
temp/playbutton.o                         [ playbutton ]
temp/player.o                             [ player ]
temp/portal_utils.o                       [ portal_utils ]
temp/rainbow.o                            [ rainbow ]
temp/ship1.o                              [ ship1 ]
temp/state_level_select.o                 [ state_level_select ]
temp/state_menu.o                         [ state_menu ]
temp/state_play_level.o                   [ state_play_level ]
temp/tileset.o                            [ tileset ]
temp/level_bab.o                          [ level_bab ]
temp/level_bot.o                          [ level_bot ]
temp/level_clg.o                          [ level_clg ]
temp/level_cy.o                           [ level_cy ]
temp/level_du.o                           [ level_du ]
temp/level_ju.o                           [ level_ju ]
temp/level_pg.o                           [ level_pg ]
temp/level_sm.o                           [ level_sm ]
temp/level_tm.o                           [ level_tm ]
temp/level_ultiatedestruction.o           [ level_ultiatedestruction ]
temp/level_xs.o                           [ level_xs ]
temp/backontrack.o                        [ backontrack ]
temp/baseafterbase.o                      [ baseafterbase ]
temp/cantletgo.o                          [ cantletgo ]
temp/cycles.o                             [ cycles ]
temp/dryout.o                             [ dryout ]
temp/jumper.o                             [ jumper ]
temp/polargeist.o                         [ polargeist ]
temp/stereomadness.o                      [ stereomadness ]
temp/timemachine.o                        [ timemachine ]
temp/ultiatedestruction.o                 [ ultiatedestruction ]
temp/xstep.o                              [ xstep ]
temp/backontrack_sprites.o                [ backontrack_sprites ]
temp/baseafterbase_sprites.o              [ baseafterbase_sprites ]
temp/cantletgo_sprites.o                  [ cantletgo_sprites ]
temp/cycles_sprites.o                     [ cycles_sprites ]
temp/dryout_sprites.o                     [ dryout_sprites ]
temp/famidash_sprites.o                   [ famidash_sprites ]
temp/jumper_sprites.o                     [ jumper_sprites ]
temp/polargeist_sprites.o                 [ polargeist_sprites ]
temp/stereomadness_sprites.o              [ stereomadness_sprites ]
temp/template_sprites.o                   [ template_sprites ]
temp/timemachine_sprites.o                [ timemachine_sprites ]
temp/ultiatedestruction_sprites.o         [ ultiatedestruction_sprites ]
temp/xstep_sprites.o                      [ xstep_sprites ]
lib/hUGEDriver.lib                        [ hUGEDriver_obj ]


Libraries Linked                          [ object file ]

C:\gbdk\lib/gb/gb.lib                     [ sfr.o ]
C:\gbdk\lib/gb/gb.lib                     [ cgb_palettes.o ]
C:\gbdk\lib/gb/gb.lib                     [ metasprites_hide_spr.o ]
C:\gbdk\lib/gb/gb.lib                     [ tim.o ]
C:\gbdk\lib/gb/gb.lib                     [ metasprites_flip.o ]
C:\gbdk\lib/gb/gb.lib                     [ set_data.o ]
C:\gbdk\lib/gb/gb.lib                     [ set_tile.o ]
C:\gbdk\lib/gb/gb.lib                     [ lcd.o ]
C:\gbdk\lib/gb/gb.lib                     [ tim_common.o ]
C:\gbdk\lib/gb/gb.lib                     [ fill_rect_bk.o ]
C:\gbdk\lib/gb/gb.lib                     [ pad.o ]
C:\gbdk\lib/gb/gb.lib                     [ metasprites.o ]
C:\gbdk\lib/gb/gb.lib                     [ ___sdcc_bcall_ehl.o ]
C:\gbdk\lib/gb/gb.lib                     [ cgb.o ]
C:\gbdk\lib/gb/gb.lib                     [ set_bk_t.o ]
C:\gbdk\lib/gb/gb.lib                     [ fill_rect.o ]
C:\gbdk\lib/gb/gb.lib                     [ set_xy_t.o ]

ASxxxx Linker V03.00/V05.40 + sdld,  page 70.

User Base Address Definitions

_DATA=0xC0A0
_CODE=0x0200
_HRAM=0xFF80
ASxxxx Linker V03.00/V05.40 + sdld,  page 71.

User Global Definitions

_shadow_OAM=0xC000
.STACK=0xE000

