                                      1 ;--------------------------------------------------------
                                      2 ; File Created by SDCC : free open source ISO C Compiler
                                      3 ; Version 4.5.1 #15267 (MINGW64)
                                      4 ;--------------------------------------------------------
                                      5 	.module assets
                                      6 	
                                      7 ;--------------------------------------------------------
                                      8 ; Public variables in this module
                                      9 ;--------------------------------------------------------
                                     10 	.globl _MAX_LEVELS
                                     11 	.globl _game_levels
                                     12 	.globl _level_tm
                                     13 	.globl _level_ju
                                     14 	.globl _level_clg
                                     15 	.globl _level_bab
                                     16 	.globl _level_du
                                     17 	.globl _level_pg
                                     18 	.globl _level_bot
                                     19 	.globl _level_sm
                                     20 	.globl _song_bank
                                     21 	.globl _level_songs
                                     22 	.globl b___func_game_levels
                                     23 	.globl ___func_game_levels
                                     24 ;--------------------------------------------------------
                                     25 ; special function registers
                                     26 ;--------------------------------------------------------
                                     27 	.area _HRAM
                                     28 ;--------------------------------------------------------
                                     29 ; ram data
                                     30 ;--------------------------------------------------------
                                     31 	.area _DATA
                                     32 ;--------------------------------------------------------
                                     33 ; ram data
                                     34 ;--------------------------------------------------------
                                     35 	.area _INITIALIZED
                                     36 ;--------------------------------------------------------
                                     37 ; absolute external ram data
                                     38 ;--------------------------------------------------------
                                     39 	.area _DABS (ABS)
                                     40 ;--------------------------------------------------------
                                     41 ; global & static initialisations
                                     42 ;--------------------------------------------------------
                                     43 	.area _HOME
                                     44 	.area _GSINIT
                                     45 	.area _GSFINAL
                                     46 	.area _GSINIT
                                     47 ;--------------------------------------------------------
                                     48 ; Home
                                     49 ;--------------------------------------------------------
                                     50 	.area _HOME
                                     51 	.area _HOME
                                     52 ;--------------------------------------------------------
                                     53 ; code
                                     54 ;--------------------------------------------------------
                                     55 	.area _CODE
                                     56 ;src/assets.c:5: BANKREF(game_levels)
                                     57 ;	---------------------------------
                                     58 ; Function __func_game_levels
                                     59 ; ---------------------------------
                         00000000    60 	b___func_game_levels	= 0
    00000000                         61 ___func_game_levels::
                                     62 	.local b___func_game_levels 
                         00000000    63 	___bank_game_levels = b___func_game_levels 
                                     64 	.globl ___bank_game_levels 
                                     65 	.area _CODE
    00000000                         66 _level_songs:
    00000000r00r00                   67 	.dw _stereomadness
    00000002r00r00                   68 	.dw _backontrack
    00000004r00r00                   69 	.dw _polargeist
    00000006r00r00                   70 	.dw _dryout
    00000008r00r00                   71 	.dw _baseafterbase
    0000000Ar00r00                   72 	.dw _cantletgo
    0000000Cr00r00                   73 	.dw _jumper
    0000000Er00r00                   74 	.dw _timemachine
    00000010                         75 _song_bank:
    00000010 FF                      76 	.db #0xff	; 255
    00000011 FE                      77 	.db #0xfe	; 254
    00000012 FD                      78 	.db #0xfd	; 253
    00000013 FC                      79 	.db #0xfc	; 252
    00000014 FB                      80 	.db #0xfb	; 251
    00000015 FA                      81 	.db #0xfa	; 250
    00000016 F9                      82 	.db #0xf9	; 249
    00000017 F8                      83 	.db #0xf8	; 248
    00000018                         84 _level_sm:
    00000018rD1r00                   85 	.dw __str_0
    0000001Ar00r00                   86 	.dw _chr_gb_tiles
    0000001Cr00r00                   87 	.dw _chr_gb_tiles_rev
    0000001Er00r00                   88 	.dw _stereomadness_map
    00000020 00 01                   89 	.dw #0x0100
    00000022 7E 03                   90 	.dw #0x037e
    00000024 10 00                   91 	.dw #0x0010
    00000026 00                      92 	.db #0x00	; 0
    00000027 00                      93 	.db #0x00	; 0
    00000028r00                      94 	.byte ___bank_stereomadness_map
    00000029 BF                      95 	.db #0xbf	; 191
    0000002Ar00r00                   96 	.dw _stereomadness_sp
    0000002Cr00                      97 	.byte ___bank_stereomadness_sp
    0000002D                         98 _level_bot:
    0000002DrE0r00                   99 	.dw __str_1
    0000002Fr00r00                  100 	.dw _chr_gb_tiles
    00000031r00r00                  101 	.dw _chr_gb_tiles_rev
    00000033r00r00                  102 	.dw _backontrack_map
    00000035 00 01                  103 	.dw #0x0100
    00000037 4E 03                  104 	.dw #0x034e
    00000039 10 00                  105 	.dw #0x0010
    0000003B 00                     106 	.db #0x00	; 0
    0000003C 00                     107 	.db #0x00	; 0
    0000003Dr00                     108 	.byte ___bank_backontrack_map
    0000003E B7                     109 	.db #0xb7	; 183
    0000003Fr00r00                  110 	.dw _backontrack_sp
    00000041r00                     111 	.byte ___bank_backontrack_sp
    00000042                        112 _level_pg:
    00000042rEEr00                  113 	.dw __str_2
    00000044r00r00                  114 	.dw _chr_gb_tiles
    00000046r00r00                  115 	.dw _chr_gb_tiles_rev
    00000048r00r00                  116 	.dw _polargeist_map
    0000004A 00 01                  117 	.dw #0x0100
    0000004C A6 03                  118 	.dw #0x03a6
    0000004E 10 00                  119 	.dw #0x0010
    00000050 00                     120 	.db #0x00	; 0
    00000051 00                     121 	.db #0x00	; 0
    00000052r00                     122 	.byte ___bank_polargeist_map
    00000053 C1                     123 	.db #0xc1	; 193
    00000054r00r00                  124 	.dw _polargeist_sp
    00000056r00                     125 	.byte ___bank_polargeist_sp
    00000057                        126 _level_du:
    00000057rF9r00                  127 	.dw __str_3
    00000059r00r00                  128 	.dw _chr_gb_tiles
    0000005Br00r00                  129 	.dw _chr_gb_tiles_rev
    0000005Dr00r00                  130 	.dw _dryout_map
    0000005F 00 01                  131 	.dw #0x0100
    00000061 4A 03                  132 	.dw #0x034a
    00000063 10 00                  133 	.dw #0x0010
    00000065 00                     134 	.db #0x00	; 0
    00000066 00                     135 	.db #0x00	; 0
    00000067r00                     136 	.byte ___bank_dryout_map
    00000068 B9                     137 	.db #0xb9	; 185
    00000069r00r00                  138 	.dw _dryout_sp
    0000006Br00                     139 	.byte ___bank_dryout_sp
    0000006C                        140 _level_bab:
    0000006Cr01r01                  141 	.dw __str_4
    0000006Er00r00                  142 	.dw _chr_gb_tiles
    00000070r00r00                  143 	.dw _chr_gb_tiles_rev
    00000072r00r00                  144 	.dw _baseafterbase_map
    00000074 00 01                  145 	.dw #0x0100
    00000076 65 03                  146 	.dw #0x0365
    00000078 10 00                  147 	.dw #0x0010
    0000007A 00                     148 	.db #0x00	; 0
    0000007B 00                     149 	.db #0x00	; 0
    0000007Cr00                     150 	.byte ___bank_baseafterbase_map
    0000007D B7                     151 	.db #0xb7	; 183
    0000007Er00r00                  152 	.dw _baseafterbase_sp
    00000080r00                     153 	.byte ___bank_baseafterbase_sp
    00000081                        154 _level_clg:
    00000081r11r01                  155 	.dw __str_5
    00000083r00r00                  156 	.dw _chr_gb_tiles
    00000085r00r00                  157 	.dw _chr_gb_tiles_rev
    00000087r00r00                  158 	.dw _cantletgo_map
    00000089 00 01                  159 	.dw #0x0100
    0000008B 45 03                  160 	.dw #0x0345
    0000008D 10 00                  161 	.dw #0x0010
    0000008F 00                     162 	.db #0x00	; 0
    00000090 00                     163 	.db #0x00	; 0
    00000091r00                     164 	.byte ___bank_cantletgo_map
    00000092 C4                     165 	.db #0xc4	; 196
    00000093r00r00                  166 	.dw _cantletgo_sp
    00000095r00                     167 	.byte ___bank_cantletgo_sp
    00000096                        168 _level_ju:
    00000096r1Dr01                  169 	.dw __str_6
    00000098r00r00                  170 	.dw _chr_gb_tiles
    0000009Ar00r00                  171 	.dw _chr_gb_tiles_rev
    0000009Cr00r00                  172 	.dw _jumper_map
    0000009E 00 01                  173 	.dw #0x0100
    000000A0 81 03                  174 	.dw #0x0381
    000000A2 10 00                  175 	.dw #0x0010
    000000A4 00                     176 	.db #0x00	; 0
    000000A5 00                     177 	.db #0x00	; 0
    000000A6r00                     178 	.byte ___bank_jumper_map
    000000A7 8D                     179 	.db #0x8d	; 141
    000000A8r00r00                  180 	.dw _jumper_sp
    000000AAr00                     181 	.byte ___bank_jumper_sp
    000000AB                        182 _level_tm:
    000000ABr24r01                  183 	.dw __str_7
    000000ADr00r00                  184 	.dw _chr_gb_tiles
    000000AFr00r00                  185 	.dw _chr_gb_tiles_rev
    000000B1r00r00                  186 	.dw _timemachine_map
    000000B3 00 01                  187 	.dw #0x0100
    000000B5 E5 03                  188 	.dw #0x03e5
    000000B7 10 00                  189 	.dw #0x0010
    000000B9 00                     190 	.db #0x00	; 0
    000000BA 00                     191 	.db #0x00	; 0
    000000BBr00                     192 	.byte ___bank_timemachine_map
    000000BC 29                     193 	.db #0x29	; 41
    000000BDr00r00                  194 	.dw _timemachine_sp
    000000BFr00                     195 	.byte ___bank_timemachine_sp
    000000C0                        196 _game_levels:
    000000C0r18r00                  197 	.dw _level_sm
    000000C2r2Dr00                  198 	.dw _level_bot
    000000C4r42r00                  199 	.dw _level_pg
    000000C6r57r00                  200 	.dw _level_du
    000000C8r6Cr00                  201 	.dw _level_bab
    000000CAr81r00                  202 	.dw _level_clg
    000000CCr96r00                  203 	.dw _level_ju
    000000CErABr00                  204 	.dw _level_tm
    000000D0                        205 _MAX_LEVELS:
    000000D0 08                     206 	.db #0x08	; 8
    000000D1                        207 __str_0:
    000000D1 53 54 45 52 45 4F 20   208 	.ascii "STEREO MADNESS"
             4D 41 44 4E 45 53 53
    000000DF 00                     209 	.db 0x00
    000000E0                        210 __str_1:
    000000E0 42 41 43 4B 20 4F 4E   211 	.ascii "BACK ON TRACK"
             20 54 52 41 43 4B
    000000ED 00                     212 	.db 0x00
    000000EE                        213 __str_2:
    000000EE 50 4F 4C 41 52 47 45   214 	.ascii "POLARGEIST"
             49 53 54
    000000F8 00                     215 	.db 0x00
    000000F9                        216 __str_3:
    000000F9 44 52 59 20 4F 55 54   217 	.ascii "DRY OUT"
    00000100 00                     218 	.db 0x00
    00000101                        219 __str_4:
    00000101 42 41 53 45 20 41 46   220 	.ascii "BASE AFTER BASE"
             54 45 52 20 42 41 53
             45
    00000110 00                     221 	.db 0x00
    00000111                        222 __str_5:
    00000111 43 41 4E 54 20 4C 45   223 	.ascii "CANT LET GO"
             54 20 47 4F
    0000011C 00                     224 	.db 0x00
    0000011D                        225 __str_6:
    0000011D 4A 55 4D 50 45 52      226 	.ascii "JUMPER"
    00000123 00                     227 	.db 0x00
    00000124                        228 __str_7:
    00000124 54 49 4D 45 20 4D 41   229 	.ascii "TIME MACHINE"
             43 48 49 4E 45
    00000130 00                     230 	.db 0x00
                                    231 	.area _INITIALIZER
                                    232 	.area _CABS (ABS)
