                                      1 ;--------------------------------------------------------
                                      2 ; File Created by SDCC : free open source ISO C Compiler
                                      3 ; Version 4.5.1 #15267 (MINGW64)
                                      4 ;--------------------------------------------------------
                                      5 	.module assets
                                      6 	
                                      7 ;--------------------------------------------------------
                                      8 ; Public variables in this module
                                      9 ;--------------------------------------------------------
                                     10 	.globl _MAX_LEVELS
                                     11 	.globl _game_levels
                                     12 	.globl _level_tm
                                     13 	.globl _level_ju
                                     14 	.globl _level_clg
                                     15 	.globl _level_bab
                                     16 	.globl _level_du
                                     17 	.globl _level_pg
                                     18 	.globl _level_bot
                                     19 	.globl _level_sm
                                     20 	.globl _song_bank
                                     21 	.globl _level_songs
                                     22 	.globl b___func_chr_gb_tiles
                                     23 	.globl ___func_chr_gb_tiles
                                     24 	.globl b___func_chr_gb
                                     25 	.globl ___func_chr_gb
                                     26 	.globl b___func_game_levels
                                     27 	.globl ___func_game_levels
                                     28 ;--------------------------------------------------------
                                     29 ; special function registers
                                     30 ;--------------------------------------------------------
                                     31 	.area _HRAM
                                     32 ;--------------------------------------------------------
                                     33 ; ram data
                                     34 ;--------------------------------------------------------
                                     35 	.area _DATA
                                     36 ;--------------------------------------------------------
                                     37 ; ram data
                                     38 ;--------------------------------------------------------
                                     39 	.area _INITIALIZED
                                     40 ;--------------------------------------------------------
                                     41 ; absolute external ram data
                                     42 ;--------------------------------------------------------
                                     43 	.area _DABS (ABS)
                                     44 ;--------------------------------------------------------
                                     45 ; global & static initialisations
                                     46 ;--------------------------------------------------------
                                     47 	.area _HOME
                                     48 	.area _GSINIT
                                     49 	.area _GSFINAL
                                     50 	.area _GSINIT
                                     51 ;--------------------------------------------------------
                                     52 ; Home
                                     53 ;--------------------------------------------------------
                                     54 	.area _HOME
                                     55 	.area _HOME
                                     56 ;--------------------------------------------------------
                                     57 ; code
                                     58 ;--------------------------------------------------------
                                     59 	.area _CODE_1
                                     60 ;src/assets.c:6: BANKREF(game_levels)
                                     61 ;	---------------------------------
                                     62 ; Function __func_game_levels
                                     63 ; ---------------------------------
                         00000001    64 	b___func_game_levels	= 1
    00000000                         65 ___func_game_levels::
                                     66 	.local b___func_game_levels 
                         00000001    67 	___bank_game_levels = b___func_game_levels 
                                     68 	.globl ___bank_game_levels 
                                     69 ;src/assets.c:7: BANKREF(chr_gb)
                                     70 ;	---------------------------------
                                     71 ; Function __func_chr_gb
                                     72 ; ---------------------------------
                         00000001    73 	b___func_chr_gb	= 1
    00000000                         74 ___func_chr_gb::
                                     75 	.local b___func_chr_gb 
                         00000001    76 	___bank_chr_gb = b___func_chr_gb 
                                     77 	.globl ___bank_chr_gb 
                                     78 ;src/assets.c:10: INCBIN(chr_gb_tiles, "levels/chr_data/chr_gb_tiles.bin")
                                     79 ;	---------------------------------
                                     80 ; Function __func_chr_gb_tiles
                                     81 ; ---------------------------------
                         00000001    82 	b___func_chr_gb_tiles	= 1
    00000000                         83 ___func_chr_gb_tiles::
    00000000                         84 _chr_gb_tiles::
    00000000                         85 1$:
    00000000 00 00 00 00 00 00 00    86 	.incbin "levels/chr_data/chr_gb_tiles.bin" 
             00 00 00 00 00 00 00
             00 00 00 00 FF FF 7F
             7F 7F 7F 7F 7F 3F 3F
             1F 1F 0E 0E 00 00 7F
             7F 3F 3F 1F 1F 0F 0F
             07 07 03 03 00 00 00
             00 FF FF FF FF FF FF
             FF FF FF FF 1F 1F 0E
             0E 00 00 FE FE FC FC
             F8 F8 F0 F0 C0 C0 00
             00 00 00 00 7E 2A 7E
             3C 3C 3C 3C 18 18 18
             18 00 00 00 00 FF FF
             FF FF 5B 5B 12 12 10
             10 00 00 00 00 00 00
             FF FF FF FF EE EE E4
             E4 40 40 40 40 00 00
             00 00
    00001000                         87 2$:
                         00001000    88 	___size_chr_gb_tiles = (2$-1$) 
                                     89 	.globl ___size_chr_gb_tiles 
                                     90 	.local b___func_chr_gb_tiles 
                         00000001    91 	___bank_chr_gb_tiles = b___func_chr_gb_tiles 
                                     92 	.globl ___bank_chr_gb_tiles 
                                     93 	.area _CODE_1
    00001000                         94 _level_songs:
    00001000r00r00                   95 	.dw _stereomadness
    00001002r00r00                   96 	.dw _backontrack
    00001004r00r00                   97 	.dw _polargeist
    00001006r00r00                   98 	.dw _dryout
    00001008r00r00                   99 	.dw _baseafterbase
    0000100Ar00r00                  100 	.dw _cantletgo
    0000100Cr00r00                  101 	.dw _jumper
    0000100Er00r00                  102 	.dw _stereomadness
    00001010                        103 _song_bank:
    00001010 FF                     104 	.db #0xff	; 255
    00001011 FE                     105 	.db #0xfe	; 254
    00001012 FD                     106 	.db #0xfd	; 253
    00001013 FC                     107 	.db #0xfc	; 252
    00001014 FB                     108 	.db #0xfb	; 251
    00001015 FA                     109 	.db #0xfa	; 250
    00001016 F9                     110 	.db #0xf9	; 249
    00001017 FF                     111 	.db #0xff	; 255
    00001018                        112 _level_sm:
    00001018rC1r10                  113 	.dw __str_0
    0000101Ar00r00                  114 	.dw _chr_gb_tiles
    0000101Cr00r00                  115 	.dw _stereomadness_map
    0000101E 00 01                  116 	.dw #0x0100
    00001020 7E 03                  117 	.dw #0x037e
    00001022 10 00                  118 	.dw #0x0010
    00001024 00                     119 	.db #0x00	; 0
    00001025 00                     120 	.db #0x00	; 0
    00001026r00                     121 	.byte ___bank_stereomadness_map
    00001027 BF                     122 	.db #0xbf	; 191
    00001028r00r00                  123 	.dw _stereomadness_portals
    0000102Ar00                     124 	.byte ___bank_stereomadness_portals
    0000102B                        125 _level_bot:
    0000102BrD0r10                  126 	.dw __str_1
    0000102Dr00r00                  127 	.dw _chr_gb_tiles
    0000102Fr00r00                  128 	.dw _backontrack_map
    00001031 00 01                  129 	.dw #0x0100
    00001033 4E 03                  130 	.dw #0x034e
    00001035 10 00                  131 	.dw #0x0010
    00001037 00                     132 	.db #0x00	; 0
    00001038 00                     133 	.db #0x00	; 0
    00001039r00                     134 	.byte ___bank_backontrack_map
    0000103A B7                     135 	.db #0xb7	; 183
    0000103Br00r00                  136 	.dw _backontrack_portals
    0000103Dr00                     137 	.byte ___bank_backontrack_portals
    0000103E                        138 _level_pg:
    0000103ErDEr10                  139 	.dw __str_2
    00001040r00r00                  140 	.dw _chr_gb_tiles
    00001042r00r00                  141 	.dw _polargeist_map
    00001044 00 01                  142 	.dw #0x0100
    00001046 A6 03                  143 	.dw #0x03a6
    00001048 10 00                  144 	.dw #0x0010
    0000104A 00                     145 	.db #0x00	; 0
    0000104B 00                     146 	.db #0x00	; 0
    0000104Cr00                     147 	.byte ___bank_polargeist_map
    0000104D C1                     148 	.db #0xc1	; 193
    0000104Er00r00                  149 	.dw _polargeist_portals
    00001050r00                     150 	.byte ___bank_polargeist_portals
    00001051                        151 _level_du:
    00001051rE9r10                  152 	.dw __str_3
    00001053r00r00                  153 	.dw _chr_gb_tiles
    00001055r00r00                  154 	.dw _dryout_map
    00001057 00 01                  155 	.dw #0x0100
    00001059 4A 03                  156 	.dw #0x034a
    0000105B 10 00                  157 	.dw #0x0010
    0000105D 00                     158 	.db #0x00	; 0
    0000105E 00                     159 	.db #0x00	; 0
    0000105Fr00                     160 	.byte ___bank_dryout_map
    00001060 B9                     161 	.db #0xb9	; 185
    00001061r00r00                  162 	.dw _dryout_portals
    00001063r00                     163 	.byte ___bank_dryout_portals
    00001064                        164 _level_bab:
    00001064rF1r10                  165 	.dw __str_4
    00001066r00r00                  166 	.dw _chr_gb_tiles
    00001068r00r00                  167 	.dw _baseafterbase_map
    0000106A 00 01                  168 	.dw #0x0100
    0000106C 65 03                  169 	.dw #0x0365
    0000106E 10 00                  170 	.dw #0x0010
    00001070 00                     171 	.db #0x00	; 0
    00001071 00                     172 	.db #0x00	; 0
    00001072r00                     173 	.byte ___bank_baseafterbase_map
    00001073 B7                     174 	.db #0xb7	; 183
    00001074r00r00                  175 	.dw _baseafterbase_portals
    00001076r00                     176 	.byte ___bank_baseafterbase_portals
    00001077                        177 _level_clg:
    00001077r01r11                  178 	.dw __str_5
    00001079r00r00                  179 	.dw _chr_gb_tiles
    0000107Br00r00                  180 	.dw _cantletgo_map
    0000107D 00 01                  181 	.dw #0x0100
    0000107F 45 03                  182 	.dw #0x0345
    00001081 10 00                  183 	.dw #0x0010
    00001083 00                     184 	.db #0x00	; 0
    00001084 00                     185 	.db #0x00	; 0
    00001085r00                     186 	.byte ___bank_cantletgo_map
    00001086 C4                     187 	.db #0xc4	; 196
    00001087r00r00                  188 	.dw _cantletgo_portals
    00001089r00                     189 	.byte ___bank_cantletgo_portals
    0000108A                        190 _level_ju:
    0000108Ar0Dr11                  191 	.dw __str_6
    0000108Cr00r00                  192 	.dw _chr_gb_tiles
    0000108Er00r00                  193 	.dw _jumper_map
    00001090 00 01                  194 	.dw #0x0100
    00001092 81 03                  195 	.dw #0x0381
    00001094 10 00                  196 	.dw #0x0010
    00001096 00                     197 	.db #0x00	; 0
    00001097 00                     198 	.db #0x00	; 0
    00001098r00                     199 	.byte ___bank_jumper_map
    00001099 8D                     200 	.db #0x8d	; 141
    0000109Ar00r00                  201 	.dw _jumper_portals
    0000109Cr00                     202 	.byte ___bank_jumper_portals
    0000109D                        203 _level_tm:
    0000109Dr14r11                  204 	.dw __str_7
    0000109Fr00r00                  205 	.dw _chr_gb_tiles
    000010A1r00r00                  206 	.dw _timemachine_map
    000010A3 00 01                  207 	.dw #0x0100
    000010A5 E5 03                  208 	.dw #0x03e5
    000010A7 10 00                  209 	.dw #0x0010
    000010A9 00                     210 	.db #0x00	; 0
    000010AA 00                     211 	.db #0x00	; 0
    000010ABr00                     212 	.byte ___bank_timemachine_map
    000010AC C0                     213 	.db #0xc0	; 192
    000010ADr00r00                  214 	.dw _timemachine_portals
    000010AFr00                     215 	.byte ___bank_timemachine_portals
    000010B0                        216 _game_levels:
    000010B0r18r10                  217 	.dw _level_sm
    000010B2r2Br10                  218 	.dw _level_bot
    000010B4r3Er10                  219 	.dw _level_pg
    000010B6r51r10                  220 	.dw _level_du
    000010B8r64r10                  221 	.dw _level_bab
    000010BAr77r10                  222 	.dw _level_clg
    000010BCr8Ar10                  223 	.dw _level_ju
    000010BEr9Dr10                  224 	.dw _level_tm
    000010C0                        225 _MAX_LEVELS:
    000010C0 08                     226 	.db #0x08	; 8
    000010C1                        227 __str_0:
    000010C1 53 54 45 52 45 4F 20   228 	.ascii "STEREO MADNESS"
             4D 41 44 4E 45 53 53
    000010CF 00                     229 	.db 0x00
    000010D0                        230 __str_1:
    000010D0 42 41 43 4B 20 4F 4E   231 	.ascii "BACK ON TRACK"
             20 54 52 41 43 4B
    000010DD 00                     232 	.db 0x00
    000010DE                        233 __str_2:
    000010DE 50 4F 4C 41 52 47 45   234 	.ascii "POLARGEIST"
             49 53 54
    000010E8 00                     235 	.db 0x00
    000010E9                        236 __str_3:
    000010E9 44 52 59 20 4F 55 54   237 	.ascii "DRY OUT"
    000010F0 00                     238 	.db 0x00
    000010F1                        239 __str_4:
    000010F1 42 41 53 45 20 41 46   240 	.ascii "BASE AFTER BASE"
             54 45 52 20 42 41 53
             45
    00001100 00                     241 	.db 0x00
    00001101                        242 __str_5:
    00001101 43 41 4E 54 20 4C 45   243 	.ascii "CANT LET GO"
             54 20 47 4F
    0000110C 00                     244 	.db 0x00
    0000110D                        245 __str_6:
    0000110D 4A 55 4D 50 45 52      246 	.ascii "JUMPER"
    00001113 00                     247 	.db 0x00
    00001114                        248 __str_7:
    00001114 42 52 4F 4B 45 20 4D   249 	.ascii "BROKE MACHINE"
             41 43 48 49 4E 45
    00001121 00                     250 	.db 0x00
                                    251 	.area _INITIALIZER
                                    252 	.area _CABS (ABS)
