                                      1 ;--------------------------------------------------------
                                      2 ; File Created by SDCC : free open source ISO C Compiler
                                      3 ; Version 4.5.1 #15267 (MINGW64)
                                      4 ;--------------------------------------------------------
                                      5 	.module backontrack_sprites
                                      6 	
                                      7 ;--------------------------------------------------------
                                      8 ; Public variables in this module
                                      9 ;--------------------------------------------------------
                                     10 	.globl _backontrack_portals
                                     11 ;--------------------------------------------------------
                                     12 ; special function registers
                                     13 ;--------------------------------------------------------
                                     14 	.area _HRAM
                                     15 ;--------------------------------------------------------
                                     16 ; ram data
                                     17 ;--------------------------------------------------------
                                     18 	.area _DATA
                                     19 ;--------------------------------------------------------
                                     20 ; ram data
                                     21 ;--------------------------------------------------------
                                     22 	.area _INITIALIZED
                                     23 ;--------------------------------------------------------
                                     24 ; absolute external ram data
                                     25 ;--------------------------------------------------------
                                     26 	.area _DABS (ABS)
                                     27 ;--------------------------------------------------------
                                     28 ; global & static initialisations
                                     29 ;--------------------------------------------------------
                                     30 	.area _HOME
                                     31 	.area _GSINIT
                                     32 	.area _GSFINAL
                                     33 	.area _GSINIT
                                     34 ;--------------------------------------------------------
                                     35 ; Home
                                     36 ;--------------------------------------------------------
                                     37 	.area _HOME
                                     38 	.area _HOME
                                     39 ;--------------------------------------------------------
                                     40 ; code
                                     41 ;--------------------------------------------------------
                                     42 	.area _CODE
                                     43 	.area _CODE
    00000000                         44 _backontrack_portals:
    00000000 A5 01                   45 	.dw #0x01a5
    00000002 14                      46 	.db #0x14	; 20
    00000003 01                      47 	.db #0x01	; 1
    00000004 2F 02                   48 	.dw #0x022f
    00000006 15                      49 	.db #0x15	; 21
    00000007 00                      50 	.db #0x00	; 0
    00000008 CA 02                   51 	.dw #0x02ca
    0000000A 15                      52 	.db #0x15	; 21
    0000000B 0B                      53 	.db #0x0b	; 11
    0000000C C8 02                   54 	.dw #0x02c8
    0000000E 17                      55 	.db #0x17	; 23
    0000000F 0B                      56 	.db #0x0b	; 11
    00000010 91 01                   57 	.dw #0x0191
    00000012 18                      58 	.db #0x18	; 24
    00000013 0B                      59 	.db #0x0b	; 11
    00000014 96 00                   60 	.dw #0x0096
    00000016 19                      61 	.db #0x19	; 25
    00000017 0B                      62 	.db #0x0b	; 11
    00000018 AF 01                   63 	.dw #0x01af
    0000001A 19                      64 	.db #0x19	; 25
    0000001B 0B                      65 	.db #0x0b	; 11
    0000001C B1 01                   66 	.dw #0x01b1
    0000001E 19                      67 	.db #0x19	; 25
    0000001F 0B                      68 	.db #0x0b	; 11
    00000020 39 02                   69 	.dw #0x0239
    00000022 19                      70 	.db #0x19	; 25
    00000023 0B                      71 	.db #0x0b	; 11
    00000024 FF FF                   72 	.dw #0xffff
    00000026 00                      73 	.db #0x00	; 0
    00000027 00                      74 	.db #0x00	; 0
                                     75 	.area _INITIALIZER
                                     76 	.area _CABS (ABS)
