                                      1 ;--------------------------------------------------------
                                      2 ; File Created by SDCC : free open source ISO C Compiler
                                      3 ; Version 4.5.1 #15267 (MINGW64)
                                      4 ;--------------------------------------------------------
                                      5 	.module ball
                                      6 	
                                      7 ;--------------------------------------------------------
                                      8 ; Public variables in this module
                                      9 ;--------------------------------------------------------
                                     10 	.globl _ball_metasprites
                                     11 	.globl _ball_metasprite0
                                     12 	.globl _ball_tiles
                                     13 ;--------------------------------------------------------
                                     14 ; special function registers
                                     15 ;--------------------------------------------------------
                                     16 	.area _HRAM
                                     17 ;--------------------------------------------------------
                                     18 ; ram data
                                     19 ;--------------------------------------------------------
                                     20 	.area _DATA
                                     21 ;--------------------------------------------------------
                                     22 ; ram data
                                     23 ;--------------------------------------------------------
                                     24 	.area _INITIALIZED
                                     25 ;--------------------------------------------------------
                                     26 ; absolute external ram data
                                     27 ;--------------------------------------------------------
                                     28 	.area _DABS (ABS)
                                     29 ;--------------------------------------------------------
                                     30 ; global & static initialisations
                                     31 ;--------------------------------------------------------
                                     32 	.area _HOME
                                     33 	.area _GSINIT
                                     34 	.area _GSFINAL
                                     35 	.area _GSINIT
                                     36 ;--------------------------------------------------------
                                     37 ; Home
                                     38 ;--------------------------------------------------------
                                     39 	.area _HOME
                                     40 	.area _HOME
                                     41 ;--------------------------------------------------------
                                     42 ; code
                                     43 ;--------------------------------------------------------
                                     44 	.area _CODE_10
                                     45 	.area _CODE_10
    00000000                         46 _ball_tiles:
    00000000 00                      47 	.db #0x00	; 0
    00000001 00                      48 	.db #0x00	; 0
    00000002 00                      49 	.db #0x00	; 0
    00000003 00                      50 	.db #0x00	; 0
    00000004 03                      51 	.db #0x03	; 3
    00000005 03                      52 	.db #0x03	; 3
    00000006 0F                      53 	.db #0x0f	; 15
    00000007 0C                      54 	.db #0x0c	; 12
    00000008 1F                      55 	.db #0x1f	; 31
    00000009 10                      56 	.db #0x10	; 16
    0000000A 3F                      57 	.db #0x3f	; 63
    0000000B 23                      58 	.db #0x23	; 35
    0000000C 7C                      59 	.db #0x7c	; 124
    0000000D 47                      60 	.db #0x47	; 71	'G'
    0000000E 78                      61 	.db #0x78	; 120	'x'
    0000000F 4F                      62 	.db #0x4f	; 79	'O'
    00000010 F0                      63 	.db #0xf0	; 240
    00000011 9F                      64 	.db #0x9f	; 159
    00000012 F0                      65 	.db #0xf0	; 240
    00000013 9F                      66 	.db #0x9f	; 159
    00000014 78                      67 	.db #0x78	; 120	'x'
    00000015 4F                      68 	.db #0x4f	; 79	'O'
    00000016 7C                      69 	.db #0x7c	; 124
    00000017 47                      70 	.db #0x47	; 71	'G'
    00000018 3F                      71 	.db #0x3f	; 63
    00000019 23                      72 	.db #0x23	; 35
    0000001A 1F                      73 	.db #0x1f	; 31
    0000001B 10                      74 	.db #0x10	; 16
    0000001C 0F                      75 	.db #0x0f	; 15
    0000001D 0C                      76 	.db #0x0c	; 12
    0000001E 03                      77 	.db #0x03	; 3
    0000001F 03                      78 	.db #0x03	; 3
    00000020 00                      79 	.db #0x00	; 0
    00000021 00                      80 	.db #0x00	; 0
    00000022 00                      81 	.db #0x00	; 0
    00000023 00                      82 	.db #0x00	; 0
    00000024 00                      83 	.db #0x00	; 0
    00000025 00                      84 	.db #0x00	; 0
    00000026 C0                      85 	.db #0xc0	; 192
    00000027 C0                      86 	.db #0xc0	; 192
    00000028 E0                      87 	.db #0xe0	; 224
    00000029 20                      88 	.db #0x20	; 32
    0000002A F0                      89 	.db #0xf0	; 240
    0000002B 10                      90 	.db #0x10	; 16
    0000002C F8                      91 	.db #0xf8	; 248
    0000002D 88                      92 	.db #0x88	; 136
    0000002E 78                      93 	.db #0x78	; 120	'x'
    0000002F C8                      94 	.db #0xc8	; 200
    00000030 3C                      95 	.db #0x3c	; 60
    00000031 E4                      96 	.db #0xe4	; 228
    00000032 3C                      97 	.db #0x3c	; 60
    00000033 E4                      98 	.db #0xe4	; 228
    00000034 78                      99 	.db #0x78	; 120	'x'
    00000035 C8                     100 	.db #0xc8	; 200
    00000036 F8                     101 	.db #0xf8	; 248
    00000037 88                     102 	.db #0x88	; 136
    00000038 F0                     103 	.db #0xf0	; 240
    00000039 10                     104 	.db #0x10	; 16
    0000003A E0                     105 	.db #0xe0	; 224
    0000003B 20                     106 	.db #0x20	; 32
    0000003C C0                     107 	.db #0xc0	; 192
    0000003D C0                     108 	.db #0xc0	; 192
    0000003E 00                     109 	.db #0x00	; 0
    0000003F 00                     110 	.db #0x00	; 0
    00000040                        111 _ball_metasprite0:
    00000040 00                     112 	.db #0x00	;  0
    00000041 FF                     113 	.db #0xff	; -1
    00000042 00                     114 	.db #0x00	; 0
    00000043 00                     115 	.db #0x00	; 0
    00000044 00                     116 	.db #0x00	;  0
    00000045 08                     117 	.db #0x08	;  8
    00000046 02                     118 	.db #0x02	; 2
    00000047 00                     119 	.db #0x00	; 0
    00000048 80                     120 	.db #0x80	; -128
    00000049 00                     121 	.db #0x00	;  0
    0000004A 00                     122 	.db #0x00	; 0
    0000004B 00                     123 	.db #0x00	; 0
    0000004C                        124 _ball_metasprites:
    0000004Cr40r00                  125 	.dw _ball_metasprite0
                                    126 	.area _INITIALIZER
                                    127 	.area _CABS (ABS)
