                                      1 ;--------------------------------------------------------
                                      2 ; File Created by SDCC : free open source ISO C Compiler
                                      3 ; Version 4.5.1 #15267 (MINGW64)
                                      4 ;--------------------------------------------------------
                                      5 	.module baseafterbase_sprites
                                      6 	
                                      7 ;--------------------------------------------------------
                                      8 ; Public variables in this module
                                      9 ;--------------------------------------------------------
                                     10 	.globl _baseafterbase_sp
                                     11 	.globl b___func_baseafterbase_sp
                                     12 	.globl ___func_baseafterbase_sp
                                     13 ;--------------------------------------------------------
                                     14 ; special function registers
                                     15 ;--------------------------------------------------------
                                     16 	.area _HRAM
                                     17 ;--------------------------------------------------------
                                     18 ; ram data
                                     19 ;--------------------------------------------------------
                                     20 	.area _DATA
                                     21 ;--------------------------------------------------------
                                     22 ; ram data
                                     23 ;--------------------------------------------------------
                                     24 	.area _INITIALIZED
                                     25 ;--------------------------------------------------------
                                     26 ; absolute external ram data
                                     27 ;--------------------------------------------------------
                                     28 	.area _DABS (ABS)
                                     29 ;--------------------------------------------------------
                                     30 ; global & static initialisations
                                     31 ;--------------------------------------------------------
                                     32 	.area _HOME
                                     33 	.area _GSINIT
                                     34 	.area _GSFINAL
                                     35 	.area _GSINIT
                                     36 ;--------------------------------------------------------
                                     37 ; Home
                                     38 ;--------------------------------------------------------
                                     39 	.area _HOME
                                     40 	.area _HOME
                                     41 ;--------------------------------------------------------
                                     42 ; code
                                     43 ;--------------------------------------------------------
                                     44 	.area _CODE_127
                                     45 ;src/baseafterbase_sprites.c:4: BANKREF(baseafterbase_sp)
                                     46 ;	---------------------------------
                                     47 ; Function __func_baseafterbase_sp
                                     48 ; ---------------------------------
                         0000007F    49 	b___func_baseafterbase_sp	= 127
    00000000                         50 ___func_baseafterbase_sp::
                                     51 	.local b___func_baseafterbase_sp 
                         0000007F    52 	___bank_baseafterbase_sp = b___func_baseafterbase_sp 
                                     53 	.globl ___bank_baseafterbase_sp 
                                     54 	.area _CODE_127
    00000000                         55 _baseafterbase_sp:
    00000000 2A 00                   56 	.dw #0x002a
    00000002 04                      57 	.db #0x04	; 4
    00000003 2D                      58 	.db #0x2d	; 45
    00000004 4F 00                   59 	.dw #0x004f
    00000006 06                      60 	.db #0x06	; 6
    00000007 76                      61 	.db #0x76	; 118	'v'
    00000008 50 00                   62 	.dw #0x0050
    0000000A 08                      63 	.db #0x08	; 8
    0000000B 2D                      64 	.db #0x2d	; 45
    0000000C 51 00                   65 	.dw #0x0051
    0000000E 06                      66 	.db #0x06	; 6
    0000000F 77                      67 	.db #0x77	; 119	'w'
    00000010 52 00                   68 	.dw #0x0052
    00000012 07                      69 	.db #0x07	; 7
    00000013 2D                      70 	.db #0x2d	; 45
    00000014 62 00                   71 	.dw #0x0062
    00000016 04                      72 	.db #0x04	; 4
    00000017 0B                      73 	.db #0x0b	; 11
    00000018 66 00                   74 	.dw #0x0066
    0000001A 05                      75 	.db #0x05	; 5
    0000001B 0A                      76 	.db #0x0a	; 10
    0000001C 82 00                   77 	.dw #0x0082
    0000001E 07                      78 	.db #0x07	; 7
    0000001F 2D                      79 	.db #0x2d	; 45
    00000020 92 00                   80 	.dw #0x0092
    00000022 03                      81 	.db #0x03	; 3
    00000023 2D                      82 	.db #0x2d	; 45
    00000024 94 00                   83 	.dw #0x0094
    00000026 06                      84 	.db #0x06	; 6
    00000027 2D                      85 	.db #0x2d	; 45
    00000028 95 00                   86 	.dw #0x0095
    0000002A 06                      87 	.db #0x06	; 6
    0000002B 2D                      88 	.db #0x2d	; 45
    0000002C 96 00                   89 	.dw #0x0096
    0000002E 02                      90 	.db #0x02	; 2
    0000002F 2D                      91 	.db #0x2d	; 45
    00000030 97 00                   92 	.dw #0x0097
    00000032 01                      93 	.db #0x01	; 1
    00000033 68                      94 	.db #0x68	; 104	'h'
    00000034 99 00                   95 	.dw #0x0099
    00000036 01                      96 	.db #0x01	; 1
    00000037 69                      97 	.db #0x69	; 105	'i'
    00000038 9A 00                   98 	.dw #0x009a
    0000003A 03                      99 	.db #0x03	; 3
    0000003B 2D                     100 	.db #0x2d	; 45
    0000003C 9E 00                  101 	.dw #0x009e
    0000003E 04                     102 	.db #0x04	; 4
    0000003F 2D                     103 	.db #0x2d	; 45
    00000040 A4 00                  104 	.dw #0x00a4
    00000042 03                     105 	.db #0x03	; 3
    00000043 2D                     106 	.db #0x2d	; 45
    00000044 A9 00                  107 	.dw #0x00a9
    00000046 05                     108 	.db #0x05	; 5
    00000047 2D                     109 	.db #0x2d	; 45
    00000048 AE 00                  110 	.dw #0x00ae
    0000004A 05                     111 	.db #0x05	; 5
    0000004B 0B                     112 	.db #0x0b	; 11
    0000004C B3 00                  113 	.dw #0x00b3
    0000004E 05                     114 	.db #0x05	; 5
    0000004F 2D                     115 	.db #0x2d	; 45
    00000050 B5 00                  116 	.dw #0x00b5
    00000052 08                     117 	.db #0x08	; 8
    00000053 2D                     118 	.db #0x2d	; 45
    00000054 B6 00                  119 	.dw #0x00b6
    00000056 08                     120 	.db #0x08	; 8
    00000057 2D                     121 	.db #0x2d	; 45
    00000058 B8 00                  122 	.dw #0x00b8
    0000005A 03                     123 	.db #0x03	; 3
    0000005B 2D                     124 	.db #0x2d	; 45
    0000005C C1 00                  125 	.dw #0x00c1
    0000005E 04                     126 	.db #0x04	; 4
    0000005F 0A                     127 	.db #0x0a	; 10
    00000060 C3 00                  128 	.dw #0x00c3
    00000062 00                     129 	.db #0x00	; 0
    00000063 0A                     130 	.db #0x0a	; 10
    00000064 C8 00                  131 	.dw #0x00c8
    00000066 01                     132 	.db #0x01	; 1
    00000067 2D                     133 	.db #0x2d	; 45
    00000068 CB 00                  134 	.dw #0x00cb
    0000006A 01                     135 	.db #0x01	; 1
    0000006B 2D                     136 	.db #0x2d	; 45
    0000006C D2 00                  137 	.dw #0x00d2
    0000006E 07                     138 	.db #0x07	; 7
    0000006F 2D                     139 	.db #0x2d	; 45
    00000070 D8 00                  140 	.dw #0x00d8
    00000072 06                     141 	.db #0x06	; 6
    00000073 2D                     142 	.db #0x2d	; 45
    00000074 D9 00                  143 	.dw #0x00d9
    00000076 06                     144 	.db #0x06	; 6
    00000077 2D                     145 	.db #0x2d	; 45
    00000078 DD 00                  146 	.dw #0x00dd
    0000007A 07                     147 	.db #0x07	; 7
    0000007B 2D                     148 	.db #0x2d	; 45
    0000007C E5 00                  149 	.dw #0x00e5
    0000007E 06                     150 	.db #0x06	; 6
    0000007F 2D                     151 	.db #0x2d	; 45
    00000080 F2 00                  152 	.dw #0x00f2
    00000082 03                     153 	.db #0x03	; 3
    00000083 0B                     154 	.db #0x0b	; 11
    00000084 02 01                  155 	.dw #0x0102
    00000086 04                     156 	.db #0x04	; 4
    00000087 0B                     157 	.db #0x0b	; 11
    00000088 1D 01                  158 	.dw #0x011d
    0000008A 03                     159 	.db #0x03	; 3
    0000008B 0B                     160 	.db #0x0b	; 11
    0000008C 21 01                  161 	.dw #0x0121
    0000008E 02                     162 	.db #0x02	; 2
    0000008F 0B                     163 	.db #0x0b	; 11
    00000090 26 01                  164 	.dw #0x0126
    00000092 02                     165 	.db #0x02	; 2
    00000093 2D                     166 	.db #0x2d	; 45
    00000094 28 01                  167 	.dw #0x0128
    00000096 02                     168 	.db #0x02	; 2
    00000097 2D                     169 	.db #0x2d	; 45
    00000098 2C 01                  170 	.dw #0x012c
    0000009A 02                     171 	.db #0x02	; 2
    0000009B 0B                     172 	.db #0x0b	; 11
    0000009C 36 01                  173 	.dw #0x0136
    0000009E 01                     174 	.db #0x01	; 1
    0000009F 73                     175 	.db #0x73	; 115	's'
    000000A0 5E 01                  176 	.dw #0x015e
    000000A2 0A                     177 	.db #0x0a	; 10
    000000A3 2D                     178 	.db #0x2d	; 45
    000000A4 64 01                  179 	.dw #0x0164
    000000A6 0A                     180 	.db #0x0a	; 10
    000000A7 2D                     181 	.db #0x2d	; 45
    000000A8 85 01                  182 	.dw #0x0185
    000000AA 0E                     183 	.db #0x0e	; 14
    000000AB 2D                     184 	.db #0x2d	; 45
    000000AC 8B 01                  185 	.dw #0x018b
    000000AE 0C                     186 	.db #0x0c	; 12
    000000AF 2D                     187 	.db #0x2d	; 45
    000000B0 8D 01                  188 	.dw #0x018d
    000000B2 0B                     189 	.db #0x0b	; 11
    000000B3 2D                     190 	.db #0x2d	; 45
    000000B4 96 01                  191 	.dw #0x0196
    000000B6 0E                     192 	.db #0x0e	; 14
    000000B7 2D                     193 	.db #0x2d	; 45
    000000B8 98 01                  194 	.dw #0x0198
    000000BA 01                     195 	.db #0x01	; 1
    000000BB 12                     196 	.db #0x12	; 18
    000000BC A4 01                  197 	.dw #0x01a4
    000000BE 10                     198 	.db #0x10	; 16
    000000BF 11                     199 	.db #0x11	; 17
    000000C0 AC 01                  200 	.dw #0x01ac
    000000C2 0D                     201 	.db #0x0d	; 13
    000000C3 2D                     202 	.db #0x2d	; 45
    000000C4 AF 01                  203 	.dw #0x01af
    000000C6 0C                     204 	.db #0x0c	; 12
    000000C7 2D                     205 	.db #0x2d	; 45
    000000C8 B2 01                  206 	.dw #0x01b2
    000000CA 0B                     207 	.db #0x0b	; 11
    000000CB 2D                     208 	.db #0x2d	; 45
    000000CC B9 01                  209 	.dw #0x01b9
    000000CE 0B                     210 	.db #0x0b	; 11
    000000CF 2D                     211 	.db #0x2d	; 45
    000000D0 BA 01                  212 	.dw #0x01ba
    000000D2 06                     213 	.db #0x06	; 6
    000000D3 0A                     214 	.db #0x0a	; 10
    000000D4 BD 01                  215 	.dw #0x01bd
    000000D6 0B                     216 	.db #0x0b	; 11
    000000D7 2D                     217 	.db #0x2d	; 45
    000000D8 BF 01                  218 	.dw #0x01bf
    000000DA 06                     219 	.db #0x06	; 6
    000000DB 0A                     220 	.db #0x0a	; 10
    000000DC C1 01                  221 	.dw #0x01c1
    000000DE 0B                     222 	.db #0x0b	; 11
    000000DF 2D                     223 	.db #0x2d	; 45
    000000E0 C4 01                  224 	.dw #0x01c4
    000000E2 06                     225 	.db #0x06	; 6
    000000E3 0A                     226 	.db #0x0a	; 10
    000000E4 C5 01                  227 	.dw #0x01c5
    000000E6 0B                     228 	.db #0x0b	; 11
    000000E7 2D                     229 	.db #0x2d	; 45
    000000E8 C6 01                  230 	.dw #0x01c6
    000000EA 04                     231 	.db #0x04	; 4
    000000EB 2D                     232 	.db #0x2d	; 45
    000000EC CA 01                  233 	.dw #0x01ca
    000000EE 04                     234 	.db #0x04	; 4
    000000EF 2D                     235 	.db #0x2d	; 45
    000000F0 CB 01                  236 	.dw #0x01cb
    000000F2 06                     237 	.db #0x06	; 6
    000000F3 01                     238 	.db #0x01	; 1
    000000F4 D5 01                  239 	.dw #0x01d5
    000000F6 05                     240 	.db #0x05	; 5
    000000F7 6B                     241 	.db #0x6b	; 107	'k'
    000000F8 D7 01                  242 	.dw #0x01d7
    000000FA 05                     243 	.db #0x05	; 5
    000000FB 68                     244 	.db #0x68	; 104	'h'
    000000FC 57 02                  245 	.dw #0x0257
    000000FE 07                     246 	.db #0x07	; 7
    000000FF 00                     247 	.db #0x00	; 0
    00000100 60 02                  248 	.dw #0x0260
    00000102 07                     249 	.db #0x07	; 7
    00000103 7C                     250 	.db #0x7c	; 124
    00000104 62 02                  251 	.dw #0x0262
    00000106 07                     252 	.db #0x07	; 7
    00000107 8D                     253 	.db #0x8d	; 141
    00000108 67 02                  254 	.dw #0x0267
    0000010A 06                     255 	.db #0x06	; 6
    0000010B 09                     256 	.db #0x09	; 9
    0000010C 68 02                  257 	.dw #0x0268
    0000010E 09                     258 	.db #0x09	; 9
    0000010F 2D                     259 	.db #0x2d	; 45
    00000110 6F 02                  260 	.dw #0x026f
    00000112 09                     261 	.db #0x09	; 9
    00000113 2D                     262 	.db #0x2d	; 45
    00000114 7A 02                  263 	.dw #0x027a
    00000116 09                     264 	.db #0x09	; 9
    00000117 2D                     265 	.db #0x2d	; 45
    00000118 81 02                  266 	.dw #0x0281
    0000011A 09                     267 	.db #0x09	; 9
    0000011B 2D                     268 	.db #0x2d	; 45
    0000011C E2 02                  269 	.dw #0x02e2
    0000011E 03                     270 	.db #0x03	; 3
    0000011F 08                     271 	.db #0x08	; 8
    00000120 EC 02                  272 	.dw #0x02ec
    00000122 05                     273 	.db #0x05	; 5
    00000123 7A                     274 	.db #0x7a	; 122	'z'
    00000124 EE 02                  275 	.dw #0x02ee
    00000126 05                     276 	.db #0x05	; 5
    00000127 78                     277 	.db #0x78	; 120	'x'
    00000128 F6 02                  278 	.dw #0x02f6
    0000012A 04                     279 	.db #0x04	; 4
    0000012B 2D                     280 	.db #0x2d	; 45
    0000012C F8 02                  281 	.dw #0x02f8
    0000012E 04                     282 	.db #0x04	; 4
    0000012F 2D                     283 	.db #0x2d	; 45
    00000130 0B 03                  284 	.dw #0x030b
    00000132 05                     285 	.db #0x05	; 5
    00000133 2D                     286 	.db #0x2d	; 45
    00000134 16 03                  287 	.dw #0x0316
    00000136 05                     288 	.db #0x05	; 5
    00000137 2D                     289 	.db #0x2d	; 45
    00000138 1C 03                  290 	.dw #0x031c
    0000013A 02                     291 	.db #0x02	; 2
    0000013B 2D                     292 	.db #0x2d	; 45
    0000013C 23 03                  293 	.dw #0x0323
    0000013E 02                     294 	.db #0x02	; 2
    0000013F 2D                     295 	.db #0x2d	; 45
    00000140 29 03                  296 	.dw #0x0329
    00000142 05                     297 	.db #0x05	; 5
    00000143 2D                     298 	.db #0x2d	; 45
    00000144 31 03                  299 	.dw #0x0331
    00000146 05                     300 	.db #0x05	; 5
    00000147 2D                     301 	.db #0x2d	; 45
    00000148 38 03                  302 	.dw #0x0338
    0000014A 05                     303 	.db #0x05	; 5
    0000014B 2D                     304 	.db #0x2d	; 45
    0000014C 3F 03                  305 	.dw #0x033f
    0000014E 05                     306 	.db #0x05	; 5
    0000014F 2D                     307 	.db #0x2d	; 45
    00000150 40 03                  308 	.dw #0x0340
    00000152 05                     309 	.db #0x05	; 5
    00000153 2D                     310 	.db #0x2d	; 45
    00000154 46 03                  311 	.dw #0x0346
    00000156 05                     312 	.db #0x05	; 5
    00000157 2D                     313 	.db #0x2d	; 45
    00000158 48 03                  314 	.dw #0x0348
    0000015A 05                     315 	.db #0x05	; 5
    0000015B 2D                     316 	.db #0x2d	; 45
    0000015C 4C 03                  317 	.dw #0x034c
    0000015E 05                     318 	.db #0x05	; 5
    0000015F 2D                     319 	.db #0x2d	; 45
    00000160 4D 03                  320 	.dw #0x034d
    00000162 05                     321 	.db #0x05	; 5
    00000163 2D                     322 	.db #0x2d	; 45
    00000164 57 03                  323 	.dw #0x0357
    00000166 05                     324 	.db #0x05	; 5
    00000167 2D                     325 	.db #0x2d	; 45
    00000168 63 03                  326 	.dw #0x0363
    0000016A 05                     327 	.db #0x05	; 5
    0000016B 0F                     328 	.db #0x0f	; 15
    0000016C FF FF                  329 	.dw #0xffff
    0000016E 00                     330 	.db #0x00	; 0
    0000016F 00                     331 	.db #0x00	; 0
                                    332 	.area _INITIALIZER
                                    333 	.area _CABS (ABS)
