                                      1 ;--------------------------------------------------------
                                      2 ; File Created by SDCC : free open source ISO C Compiler
                                      3 ; Version 4.5.1 #15267 (MINGW64)
                                      4 ;--------------------------------------------------------
                                      5 	.module cantletgo_sprites
                                      6 	
                                      7 ;--------------------------------------------------------
                                      8 ; Public variables in this module
                                      9 ;--------------------------------------------------------
                                     10 	.globl _cantletgo_sp
                                     11 	.globl b___func_cantletgo_sp
                                     12 	.globl ___func_cantletgo_sp
                                     13 ;--------------------------------------------------------
                                     14 ; special function registers
                                     15 ;--------------------------------------------------------
                                     16 	.area _HRAM
                                     17 ;--------------------------------------------------------
                                     18 ; ram data
                                     19 ;--------------------------------------------------------
                                     20 	.area _DATA
                                     21 ;--------------------------------------------------------
                                     22 ; ram data
                                     23 ;--------------------------------------------------------
                                     24 	.area _INITIALIZED
                                     25 ;--------------------------------------------------------
                                     26 ; absolute external ram data
                                     27 ;--------------------------------------------------------
                                     28 	.area _DABS (ABS)
                                     29 ;--------------------------------------------------------
                                     30 ; global & static initialisations
                                     31 ;--------------------------------------------------------
                                     32 	.area _HOME
                                     33 	.area _GSINIT
                                     34 	.area _GSFINAL
                                     35 	.area _GSINIT
                                     36 ;--------------------------------------------------------
                                     37 ; Home
                                     38 ;--------------------------------------------------------
                                     39 	.area _HOME
                                     40 	.area _HOME
                                     41 ;--------------------------------------------------------
                                     42 ; code
                                     43 ;--------------------------------------------------------
                                     44 	.area _CODE_126
                                     45 ;src/cantletgo_sprites.c:4: BANKREF(cantletgo_sp)
                                     46 ;	---------------------------------
                                     47 ; Function __func_cantletgo_sp
                                     48 ; ---------------------------------
                         0000007E    49 	b___func_cantletgo_sp	= 126
    00000000                         50 ___func_cantletgo_sp::
                                     51 	.local b___func_cantletgo_sp 
                         0000007E    52 	___bank_cantletgo_sp = b___func_cantletgo_sp 
                                     53 	.globl ___bank_cantletgo_sp 
                                     54 	.area _CODE_126
    00000000                         55 _cantletgo_sp:
    00000000 0B 00                   56 	.dw #0x000b
    00000002 02                      57 	.db #0x02	; 2
    00000003 2B                      58 	.db #0x2b	; 43
    00000004 0D 00                   59 	.dw #0x000d
    00000006 00                      60 	.db #0x00	; 0
    00000007 2E                      61 	.db #0x2e	; 46
    00000008 12 00                   62 	.dw #0x0012
    0000000A 00                      63 	.db #0x00	; 0
    0000000B 30                      64 	.db #0x30	; 48	'0'
    0000000C 13 00                   65 	.dw #0x0013
    0000000E 00                      66 	.db #0x00	; 0
    0000000F 2E                      67 	.db #0x2e	; 46
    00000010 15 00                   68 	.dw #0x0015
    00000012 03                      69 	.db #0x03	; 3
    00000013 2A                      70 	.db #0x2a	; 42
    00000014 1B 00                   71 	.dw #0x001b
    00000016 07                      72 	.db #0x07	; 7
    00000017 2D                      73 	.db #0x2d	; 45
    00000018 1D 00                   74 	.dw #0x001d
    0000001A 06                      75 	.db #0x06	; 6
    0000001B 2D                      76 	.db #0x2d	; 45
    0000001C 1F 00                   77 	.dw #0x001f
    0000001E 00                      78 	.db #0x00	; 0
    0000001F 2E                      79 	.db #0x2e	; 46
    00000020 21 00                   80 	.dw #0x0021
    00000022 02                      81 	.db #0x02	; 2
    00000023 3C                      82 	.db #0x3c	; 60
    00000024 24 00                   83 	.dw #0x0024
    00000026 04                      84 	.db #0x04	; 4
    00000027 3C                      85 	.db #0x3c	; 60
    00000028 25 00                   86 	.dw #0x0025
    0000002A 00                      87 	.db #0x00	; 0
    0000002B 2E                      88 	.db #0x2e	; 46
    0000002C 27 00                   89 	.dw #0x0027
    0000002E 06                      90 	.db #0x06	; 6
    0000002F 3C                      91 	.db #0x3c	; 60
    00000030 29 00                   92 	.dw #0x0029
    00000032 0B                      93 	.db #0x0b	; 11
    00000033 2D                      94 	.db #0x2d	; 45
    00000034 2C 00                   95 	.dw #0x002c
    00000036 00                      96 	.db #0x00	; 0
    00000037 2E                      97 	.db #0x2e	; 46
    00000038 32 00                   98 	.dw #0x0032
    0000003A 0B                      99 	.db #0x0b	; 11
    0000003B 2D                     100 	.db #0x2d	; 45
    0000003C 32 00                  101 	.dw #0x0032
    0000003E 00                     102 	.db #0x00	; 0
    0000003F 2E                     103 	.db #0x2e	; 46
    00000040 34 00                  104 	.dw #0x0034
    00000042 0A                     105 	.db #0x0a	; 10
    00000043 2D                     106 	.db #0x2d	; 45
    00000044 36 00                  107 	.dw #0x0036
    00000046 09                     108 	.db #0x09	; 9
    00000047 2D                     109 	.db #0x2d	; 45
    00000048 38 00                  110 	.dw #0x0038
    0000004A 08                     111 	.db #0x08	; 8
    0000004B 2D                     112 	.db #0x2d	; 45
    0000004C 39 00                  113 	.dw #0x0039
    0000004E 04                     114 	.db #0x04	; 4
    0000004F 2B                     115 	.db #0x2b	; 43
    00000050 3B 00                  116 	.dw #0x003b
    00000052 00                     117 	.db #0x00	; 0
    00000053 2E                     118 	.db #0x2e	; 46
    00000054 3C 00                  119 	.dw #0x003c
    00000056 00                     120 	.db #0x00	; 0
    00000057 2E                     121 	.db #0x2e	; 46
    00000058 3D 00                  122 	.dw #0x003d
    0000005A 04                     123 	.db #0x04	; 4
    0000005B 0B                     124 	.db #0x0b	; 11
    0000005C 40 00                  125 	.dw #0x0040
    0000005E 00                     126 	.db #0x00	; 0
    0000005F 2E                     127 	.db #0x2e	; 46
    00000060 45 00                  128 	.dw #0x0045
    00000062 06                     129 	.db #0x06	; 6
    00000063 2D                     130 	.db #0x2d	; 45
    00000064 47 00                  131 	.dw #0x0047
    00000066 05                     132 	.db #0x05	; 5
    00000067 2D                     133 	.db #0x2d	; 45
    00000068 4D 00                  134 	.dw #0x004d
    0000006A 02                     135 	.db #0x02	; 2
    0000006B 2A                     136 	.db #0x2a	; 42
    0000006C 53 00                  137 	.dw #0x0053
    0000006E 00                     138 	.db #0x00	; 0
    0000006F 0A                     139 	.db #0x0a	; 10
    00000070 58 00                  140 	.dw #0x0058
    00000072 01                     141 	.db #0x01	; 1
    00000073 0B                     142 	.db #0x0b	; 11
    00000074 5B 00                  143 	.dw #0x005b
    00000076 03                     144 	.db #0x03	; 3
    00000077 0B                     145 	.db #0x0b	; 11
    00000078 64 00                  146 	.dw #0x0064
    0000007A 05                     147 	.db #0x05	; 5
    0000007B 2D                     148 	.db #0x2d	; 45
    0000007C 6A 00                  149 	.dw #0x006a
    0000007E 01                     150 	.db #0x01	; 1
    0000007F 2B                     151 	.db #0x2b	; 43
    00000080 6C 00                  152 	.dw #0x006c
    00000082 00                     153 	.db #0x00	; 0
    00000083 2E                     154 	.db #0x2e	; 46
    00000084 6D 00                  155 	.dw #0x006d
    00000086 03                     156 	.db #0x03	; 3
    00000087 2B                     157 	.db #0x2b	; 43
    00000088 72 00                  158 	.dw #0x0072
    0000008A 00                     159 	.db #0x00	; 0
    0000008B 2E                     160 	.db #0x2e	; 46
    0000008C 73 00                  161 	.dw #0x0073
    0000008E 07                     162 	.db #0x07	; 7
    0000008F 2D                     163 	.db #0x2d	; 45
    00000090 74 00                  164 	.dw #0x0074
    00000092 00                     165 	.db #0x00	; 0
    00000093 30                     166 	.db #0x30	; 48	'0'
    00000094 75 00                  167 	.dw #0x0075
    00000096 06                     168 	.db #0x06	; 6
    00000097 2D                     169 	.db #0x2d	; 45
    00000098 7B 00                  170 	.dw #0x007b
    0000009A 00                     171 	.db #0x00	; 0
    0000009B 2E                     172 	.db #0x2e	; 46
    0000009C 7D 00                  173 	.dw #0x007d
    0000009E 00                     174 	.db #0x00	; 0
    0000009F 2E                     175 	.db #0x2e	; 46
    000000A0 7E 00                  176 	.dw #0x007e
    000000A2 03                     177 	.db #0x03	; 3
    000000A3 2B                     178 	.db #0x2b	; 43
    000000A4 81 00                  179 	.dw #0x0081
    000000A6 01                     180 	.db #0x01	; 1
    000000A7 65                     181 	.db #0x65	; 101	'e'
    000000A8 87 00                  182 	.dw #0x0087
    000000AA 05                     183 	.db #0x05	; 5
    000000AB 2D                     184 	.db #0x2d	; 45
    000000AC 8A 00                  185 	.dw #0x008a
    000000AE 00                     186 	.db #0x00	; 0
    000000AF 2E                     187 	.db #0x2e	; 46
    000000B0 91 00                  188 	.dw #0x0091
    000000B2 08                     189 	.db #0x08	; 8
    000000B3 2D                     190 	.db #0x2d	; 45
    000000B4 94 00                  191 	.dw #0x0094
    000000B6 00                     192 	.db #0x00	; 0
    000000B7 2E                     193 	.db #0x2e	; 46
    000000B8 96 00                  194 	.dw #0x0096
    000000BA 05                     195 	.db #0x05	; 5
    000000BB 0B                     196 	.db #0x0b	; 11
    000000BC 98 00                  197 	.dw #0x0098
    000000BE 00                     198 	.db #0x00	; 0
    000000BF 2E                     199 	.db #0x2e	; 46
    000000C0 9D 00                  200 	.dw #0x009d
    000000C2 05                     201 	.db #0x05	; 5
    000000C3 0A                     202 	.db #0x0a	; 10
    000000C4 A2 00                  203 	.dw #0x00a2
    000000C6 07                     204 	.db #0x07	; 7
    000000C7 0B                     205 	.db #0x0b	; 11
    000000C8 A2 00                  206 	.dw #0x00a2
    000000CA 00                     207 	.db #0x00	; 0
    000000CB 2E                     208 	.db #0x2e	; 46
    000000CC A3 00                  209 	.dw #0x00a3
    000000CE 04                     210 	.db #0x04	; 4
    000000CF 0B                     211 	.db #0x0b	; 11
    000000D0 A5 00                  212 	.dw #0x00a5
    000000D2 01                     213 	.db #0x01	; 1
    000000D3 0B                     214 	.db #0x0b	; 11
    000000D4 A6 00                  215 	.dw #0x00a6
    000000D6 0B                     216 	.db #0x0b	; 11
    000000D7 2D                     217 	.db #0x2d	; 45
    000000D8 A9 00                  218 	.dw #0x00a9
    000000DA 00                     219 	.db #0x00	; 0
    000000DB 30                     220 	.db #0x30	; 48	'0'
    000000DC AA 00                  221 	.dw #0x00aa
    000000DE 0C                     222 	.db #0x0c	; 12
    000000DF 2D                     223 	.db #0x2d	; 45
    000000E0 AC 00                  224 	.dw #0x00ac
    000000E2 0B                     225 	.db #0x0b	; 11
    000000E3 2D                     226 	.db #0x2d	; 45
    000000E4 AD 00                  227 	.dw #0x00ad
    000000E6 00                     228 	.db #0x00	; 0
    000000E7 2E                     229 	.db #0x2e	; 46
    000000E8 AE 00                  230 	.dw #0x00ae
    000000EA 0A                     231 	.db #0x0a	; 10
    000000EB 2D                     232 	.db #0x2d	; 45
    000000EC B5 00                  233 	.dw #0x00b5
    000000EE 00                     234 	.db #0x00	; 0
    000000EF 2E                     235 	.db #0x2e	; 46
    000000F0 B6 00                  236 	.dw #0x00b6
    000000F2 08                     237 	.db #0x08	; 8
    000000F3 0B                     238 	.db #0x0b	; 11
    000000F4 BC 00                  239 	.dw #0x00bc
    000000F6 0C                     240 	.db #0x0c	; 12
    000000F7 2D                     241 	.db #0x2d	; 45
    000000F8 BC 00                  242 	.dw #0x00bc
    000000FA 00                     243 	.db #0x00	; 0
    000000FB 2E                     244 	.db #0x2e	; 46
    000000FC BF 00                  245 	.dw #0x00bf
    000000FE 06                     246 	.db #0x06	; 6
    000000FF 0B                     247 	.db #0x0b	; 11
    00000100 C1 00                  248 	.dw #0x00c1
    00000102 00                     249 	.db #0x00	; 0
    00000103 2E                     250 	.db #0x2e	; 46
    00000104 C3 00                  251 	.dw #0x00c3
    00000106 07                     252 	.db #0x07	; 7
    00000107 0A                     253 	.db #0x0a	; 10
    00000108 C8 00                  254 	.dw #0x00c8
    0000010A 0E                     255 	.db #0x0e	; 14
    0000010B 2D                     256 	.db #0x2d	; 45
    0000010C C8 00                  257 	.dw #0x00c8
    0000010E 00                     258 	.db #0x00	; 0
    0000010F 2E                     259 	.db #0x2e	; 46
    00000110 CA 00                  260 	.dw #0x00ca
    00000112 0D                     261 	.db #0x0d	; 13
    00000113 2D                     262 	.db #0x2d	; 45
    00000114 CC 00                  263 	.dw #0x00cc
    00000116 0C                     264 	.db #0x0c	; 12
    00000117 2D                     265 	.db #0x2d	; 45
    00000118 CD 00                  266 	.dw #0x00cd
    0000011A 00                     267 	.db #0x00	; 0
    0000011B 2E                     268 	.db #0x2e	; 46
    0000011C D4 00                  269 	.dw #0x00d4
    0000011E 00                     270 	.db #0x00	; 0
    0000011F 2E                     271 	.db #0x2e	; 46
    00000120 DA 00                  272 	.dw #0x00da
    00000122 0F                     273 	.db #0x0f	; 15
    00000123 2D                     274 	.db #0x2d	; 45
    00000124 DB 00                  275 	.dw #0x00db
    00000126 01                     276 	.db #0x01	; 1
    00000127 0A                     277 	.db #0x0a	; 10
    00000128 DB 00                  278 	.dw #0x00db
    0000012A 00                     279 	.db #0x00	; 0
    0000012B 2E                     280 	.db #0x2e	; 46
    0000012C DC 00                  281 	.dw #0x00dc
    0000012E 0E                     282 	.db #0x0e	; 14
    0000012F 2D                     283 	.db #0x2d	; 45
    00000130 DF 00                  284 	.dw #0x00df
    00000132 00                     285 	.db #0x00	; 0
    00000133 2E                     286 	.db #0x2e	; 46
    00000134 E1 00                  287 	.dw #0x00e1
    00000136 02                     288 	.db #0x02	; 2
    00000137 0A                     289 	.db #0x0a	; 10
    00000138 E2 00                  290 	.dw #0x00e2
    0000013A 0F                     291 	.db #0x0f	; 15
    0000013B 65                     292 	.db #0x65	; 101	'e'
    0000013C E2 00                  293 	.dw #0x00e2
    0000013E 02                     294 	.db #0x02	; 2
    0000013F 65                     295 	.db #0x65	; 101	'e'
    00000140 E3 00                  296 	.dw #0x00e3
    00000142 12                     297 	.db #0x12	; 18
    00000143 2D                     298 	.db #0x2d	; 45
    00000144 E5 00                  299 	.dw #0x00e5
    00000146 11                     300 	.db #0x11	; 17
    00000147 2D                     301 	.db #0x2d	; 45
    00000148 E5 00                  302 	.dw #0x00e5
    0000014A 00                     303 	.db #0x00	; 0
    0000014B 2E                     304 	.db #0x2e	; 46
    0000014C E7 00                  305 	.dw #0x00e7
    0000014E 10                     306 	.db #0x10	; 16
    0000014F 2D                     307 	.db #0x2d	; 45
    00000150 E7 00                  308 	.dw #0x00e7
    00000152 03                     309 	.db #0x03	; 3
    00000153 0A                     310 	.db #0x0a	; 10
    00000154 E9 00                  311 	.dw #0x00e9
    00000156 0F                     312 	.db #0x0f	; 15
    00000157 2D                     313 	.db #0x2d	; 45
    00000158 EC 00                  314 	.dw #0x00ec
    0000015A 00                     315 	.db #0x00	; 0
    0000015B 2E                     316 	.db #0x2e	; 46
    0000015C F1 00                  317 	.dw #0x00f1
    0000015E 00                     318 	.db #0x00	; 0
    0000015F 2E                     319 	.db #0x2e	; 46
    00000160 F4 00                  320 	.dw #0x00f4
    00000162 09                     321 	.db #0x09	; 9
    00000163 66                     322 	.db #0x66	; 102	'f'
    00000164 F6 00                  323 	.dw #0x00f6
    00000166 09                     324 	.db #0x09	; 9
    00000167 67                     325 	.db #0x67	; 103	'g'
    00000168 00 01                  326 	.dw #0x0100
    0000016A 09                     327 	.db #0x09	; 9
    0000016B 2D                     328 	.db #0x2d	; 45
    0000016C 0A 01                  329 	.dw #0x010a
    0000016E 09                     330 	.db #0x09	; 9
    0000016F 2D                     331 	.db #0x2d	; 45
    00000170 0F 01                  332 	.dw #0x010f
    00000172 07                     333 	.db #0x07	; 7
    00000173 2D                     334 	.db #0x2d	; 45
    00000174 25 01                  335 	.dw #0x0125
    00000176 0B                     336 	.db #0x0b	; 11
    00000177 2D                     337 	.db #0x2d	; 45
    00000178 2B 01                  338 	.dw #0x012b
    0000017A 0B                     339 	.db #0x0b	; 11
    0000017B 2D                     340 	.db #0x2d	; 45
    0000017C 36 01                  341 	.dw #0x0136
    0000017E 09                     342 	.db #0x09	; 9
    0000017F 2D                     343 	.db #0x2d	; 45
    00000180 3C 01                  344 	.dw #0x013c
    00000182 09                     345 	.db #0x09	; 9
    00000183 2D                     346 	.db #0x2d	; 45
    00000184 66 01                  347 	.dw #0x0166
    00000186 07                     348 	.db #0x07	; 7
    00000187 2D                     349 	.db #0x2d	; 45
    00000188 79 01                  350 	.dw #0x0179
    0000018A 08                     351 	.db #0x08	; 8
    0000018B 2D                     352 	.db #0x2d	; 45
    0000018C 7D 01                  353 	.dw #0x017d
    0000018E 06                     354 	.db #0x06	; 6
    0000018F 2D                     355 	.db #0x2d	; 45
    00000190 83 01                  356 	.dw #0x0183
    00000192 06                     357 	.db #0x06	; 6
    00000193 2D                     358 	.db #0x2d	; 45
    00000194 8B 01                  359 	.dw #0x018b
    00000196 01                     360 	.db #0x01	; 1
    00000197 0B                     361 	.db #0x0b	; 11
    00000198 8E 01                  362 	.dw #0x018e
    0000019A 03                     363 	.db #0x03	; 3
    0000019B 0B                     364 	.db #0x0b	; 11
    0000019C 92 01                  365 	.dw #0x0192
    0000019E 04                     366 	.db #0x04	; 4
    0000019F 0B                     367 	.db #0x0b	; 11
    000001A0 96 01                  368 	.dw #0x0196
    000001A2 05                     369 	.db #0x05	; 5
    000001A3 0B                     370 	.db #0x0b	; 11
    000001A4 A7 01                  371 	.dw #0x01a7
    000001A6 08                     372 	.db #0x08	; 8
    000001A7 2D                     373 	.db #0x2d	; 45
    000001A8 B3 01                  374 	.dw #0x01b3
    000001AA 05                     375 	.db #0x05	; 5
    000001AB 0B                     376 	.db #0x0b	; 11
    000001AC B7 01                  377 	.dw #0x01b7
    000001AE 06                     378 	.db #0x06	; 6
    000001AF 0B                     379 	.db #0x0b	; 11
    000001B0 BD 01                  380 	.dw #0x01bd
    000001B2 03                     381 	.db #0x03	; 3
    000001B3 0B                     382 	.db #0x0b	; 11
    000001B4 C2 01                  383 	.dw #0x01c2
    000001B6 03                     384 	.db #0x03	; 3
    000001B7 0B                     385 	.db #0x0b	; 11
    000001B8 C9 01                  386 	.dw #0x01c9
    000001BA 07                     387 	.db #0x07	; 7
    000001BB 2D                     388 	.db #0x2d	; 45
    000001BC DB 01                  389 	.dw #0x01db
    000001BE 02                     390 	.db #0x02	; 2
    000001BF 0A                     391 	.db #0x0a	; 10
    000001C0 DF 01                  392 	.dw #0x01df
    000001C2 06                     393 	.db #0x06	; 6
    000001C3 01                     394 	.db #0x01	; 1
    000001C4 4D 02                  395 	.dw #0x024d
    000001C6 05                     396 	.db #0x05	; 5
    000001C7 00                     397 	.db #0x00	; 0
    000001C8 4E 02                  398 	.dw #0x024e
    000001CA 05                     399 	.db #0x05	; 5
    000001CB 09                     400 	.db #0x09	; 9
    000001CC 5C 02                  401 	.dw #0x025c
    000001CE 0A                     402 	.db #0x0a	; 10
    000001CF 0B                     403 	.db #0x0b	; 11
    000001D0 60 02                  404 	.dw #0x0260
    000001D2 05                     405 	.db #0x05	; 5
    000001D3 3D                     406 	.db #0x3d	; 61
    000001D4 61 02                  407 	.dw #0x0261
    000001D6 05                     408 	.db #0x05	; 5
    000001D7 3D                     409 	.db #0x3d	; 61
    000001D8 64 02                  410 	.dw #0x0264
    000001DA 0B                     411 	.db #0x0b	; 11
    000001DB 0B                     412 	.db #0x0b	; 11
    000001DC 67 02                  413 	.dw #0x0267
    000001DE 09                     414 	.db #0x09	; 9
    000001DF 0C                     415 	.db #0x0c	; 12
    000001E0 6C 02                  416 	.dw #0x026c
    000001E2 06                     417 	.db #0x06	; 6
    000001E3 0B                     418 	.db #0x0b	; 11
    000001E4 7D 02                  419 	.dw #0x027d
    000001E6 13                     420 	.db #0x13	; 19
    000001E7 0C                     421 	.db #0x0c	; 12
    000001E8 7D 02                  422 	.dw #0x027d
    000001EA 03                     423 	.db #0x03	; 3
    000001EB 3D                     424 	.db #0x3d	; 61
    000001EC 81 02                  425 	.dw #0x0281
    000001EE 0F                     426 	.db #0x0f	; 15
    000001EF 0C                     427 	.db #0x0c	; 12
    000001F0 83 02                  428 	.dw #0x0283
    000001F2 02                     429 	.db #0x02	; 2
    000001F3 3D                     430 	.db #0x3d	; 61
    000001F4 85 02                  431 	.dw #0x0285
    000001F6 0B                     432 	.db #0x0b	; 11
    000001F7 0C                     433 	.db #0x0c	; 12
    000001F8 87 02                  434 	.dw #0x0287
    000001FA 01                     435 	.db #0x01	; 1
    000001FB 3D                     436 	.db #0x3d	; 61
    000001FC 90 02                  437 	.dw #0x0290
    000001FE 01                     438 	.db #0x01	; 1
    000001FF 3D                     439 	.db #0x3d	; 61
    00000200 91 02                  440 	.dw #0x0291
    00000202 01                     441 	.db #0x01	; 1
    00000203 3D                     442 	.db #0x3d	; 61
    00000204 97 02                  443 	.dw #0x0297
    00000206 04                     444 	.db #0x04	; 4
    00000207 0B                     445 	.db #0x0b	; 11
    00000208 9E 02                  446 	.dw #0x029e
    0000020A 05                     447 	.db #0x05	; 5
    0000020B 0B                     448 	.db #0x0b	; 11
    0000020C 9E 02                  449 	.dw #0x029e
    0000020E 00                     450 	.db #0x00	; 0
    0000020F 3D                     451 	.db #0x3d	; 61
    00000210 B4 02                  452 	.dw #0x02b4
    00000212 04                     453 	.db #0x04	; 4
    00000213 3D                     454 	.db #0x3d	; 61
    00000214 BE 02                  455 	.dw #0x02be
    00000216 01                     456 	.db #0x01	; 1
    00000217 3D                     457 	.db #0x3d	; 61
    00000218 C1 02                  458 	.dw #0x02c1
    0000021A 07                     459 	.db #0x07	; 7
    0000021B 0B                     460 	.db #0x0b	; 11
    0000021C C4 02                  461 	.dw #0x02c4
    0000021E 01                     462 	.db #0x01	; 1
    0000021F 3D                     463 	.db #0x3d	; 61
    00000220 CE 02                  464 	.dw #0x02ce
    00000222 07                     465 	.db #0x07	; 7
    00000223 08                     466 	.db #0x08	; 8
    00000224 D4 02                  467 	.dw #0x02d4
    00000226 00                     468 	.db #0x00	; 0
    00000227 2E                     469 	.db #0x2e	; 46
    00000228 D7 02                  470 	.dw #0x02d7
    0000022A 09                     471 	.db #0x09	; 9
    0000022B 2D                     472 	.db #0x2d	; 45
    0000022C D8 02                  473 	.dw #0x02d8
    0000022E 02                     474 	.db #0x02	; 2
    0000022F 66                     475 	.db #0x66	; 102	'f'
    00000230 D9 02                  476 	.dw #0x02d9
    00000232 08                     477 	.db #0x08	; 8
    00000233 2D                     478 	.db #0x2d	; 45
    00000234 DA 02                  479 	.dw #0x02da
    00000236 02                     480 	.db #0x02	; 2
    00000237 65                     481 	.db #0x65	; 101	'e'
    00000238 DE 02                  482 	.dw #0x02de
    0000023A 02                     483 	.db #0x02	; 2
    0000023B 0A                     484 	.db #0x0a	; 10
    0000023C E1 02                  485 	.dw #0x02e1
    0000023E 00                     486 	.db #0x00	; 0
    0000023F 2E                     487 	.db #0x2e	; 46
    00000240 E5 02                  488 	.dw #0x02e5
    00000242 00                     489 	.db #0x00	; 0
    00000243 30                     490 	.db #0x30	; 48	'0'
    00000244 E8 02                  491 	.dw #0x02e8
    00000246 00                     492 	.db #0x00	; 0
    00000247 2E                     493 	.db #0x2e	; 46
    00000248 EB 02                  494 	.dw #0x02eb
    0000024A 06                     495 	.db #0x06	; 6
    0000024B 2D                     496 	.db #0x2d	; 45
    0000024C 07 03                  497 	.dw #0x0307
    0000024E 01                     498 	.db #0x01	; 1
    0000024F 0B                     499 	.db #0x0b	; 11
    00000250 0B 03                  500 	.dw #0x030b
    00000252 02                     501 	.db #0x02	; 2
    00000253 0B                     502 	.db #0x0b	; 11
    00000254 0F 03                  503 	.dw #0x030f
    00000256 00                     504 	.db #0x00	; 0
    00000257 2E                     505 	.db #0x2e	; 46
    00000258 13 03                  506 	.dw #0x0313
    0000025A 07                     507 	.db #0x07	; 7
    0000025B 2D                     508 	.db #0x2d	; 45
    0000025C 15 03                  509 	.dw #0x0315
    0000025E 00                     510 	.db #0x00	; 0
    0000025F 30                     511 	.db #0x30	; 48	'0'
    00000260 17 03                  512 	.dw #0x0317
    00000262 00                     513 	.db #0x00	; 0
    00000263 30                     514 	.db #0x30	; 48	'0'
    00000264 1A 03                  515 	.dw #0x031a
    00000266 08                     516 	.db #0x08	; 8
    00000267 2D                     517 	.db #0x2d	; 45
    00000268 1F 03                  518 	.dw #0x031f
    0000026A 03                     519 	.db #0x03	; 3
    0000026B 0B                     520 	.db #0x0b	; 11
    0000026C 35 03                  521 	.dw #0x0335
    0000026E 01                     522 	.db #0x01	; 1
    0000026F 2B                     523 	.db #0x2b	; 43
    00000270 37 03                  524 	.dw #0x0337
    00000272 06                     525 	.db #0x06	; 6
    00000273 2D                     526 	.db #0x2d	; 45
    00000274 43 03                  527 	.dw #0x0343
    00000276 0B                     528 	.db #0x0b	; 11
    00000277 0F                     529 	.db #0x0f	; 15
    00000278 43 03                  530 	.dw #0x0343
    0000027A 05                     531 	.db #0x05	; 5
    0000027B 0F                     532 	.db #0x0f	; 15
    0000027C FF FF                  533 	.dw #0xffff
    0000027E 00                     534 	.db #0x00	; 0
    0000027F 00                     535 	.db #0x00	; 0
                                    536 	.area _INITIALIZER
                                    537 	.area _CABS (ABS)
