                                      1 ;--------------------------------------------------------
                                      2 ; File Created by SDCC : free open source ISO C Compiler
                                      3 ; Version 4.5.1 #15267 (MINGW64)
                                      4 ;--------------------------------------------------------
                                      5 	.module collision
                                      6 	
                                      7 ;--------------------------------------------------------
                                      8 ; Public variables in this module
                                      9 ;--------------------------------------------------------
                                     10 	.globl _hUGE_init
                                     11 	.globl _set_bkg_tiles
                                     12 	.globl _set_bkg_data
                                     13 	.globl _col_at_begin
                                     14 	.globl _col_at_end
                                     15 	.globl _col_at_raw
                                     16 	.globl _col_at_raw_cached
                                     17 	.globl _col_at
                                     18 	.globl _load_bkg_tileset
                                     19 	.globl _load_collision_columns
                                     20 	.globl _draw_mt_column
                                     21 	.globl _fill_scroll_bg
                                     22 	.globl _init_music_banked
                                     23 ;--------------------------------------------------------
                                     24 ; special function registers
                                     25 ;--------------------------------------------------------
                                     26 	.area _HRAM
                                     27 ;--------------------------------------------------------
                                     28 ; ram data
                                     29 ;--------------------------------------------------------
                                     30 	.area _DATA
    00000000                         31 __prev_map_bank:
    00000000                         32 	.ds 1
    00000001                         33 _metatile_column_tiles:
    00000001                         34 	.ds 64
    00000041                         35 _metatile_column_attributes:
    00000041                         36 	.ds 64
                                     37 ;--------------------------------------------------------
                                     38 ; ram data
                                     39 ;--------------------------------------------------------
                                     40 	.area _INITIALIZED
                                     41 ;--------------------------------------------------------
                                     42 ; absolute external ram data
                                     43 ;--------------------------------------------------------
                                     44 	.area _DABS (ABS)
                                     45 ;--------------------------------------------------------
                                     46 ; global & static initialisations
                                     47 ;--------------------------------------------------------
                                     48 	.area _HOME
                                     49 	.area _GSINIT
                                     50 	.area _GSFINAL
                                     51 	.area _GSINIT
                                     52 ;--------------------------------------------------------
                                     53 ; Home
                                     54 ;--------------------------------------------------------
                                     55 	.area _HOME
                                     56 	.area _HOME
                                     57 ;--------------------------------------------------------
                                     58 ; code
                                     59 ;--------------------------------------------------------
                                     60 	.area _CODE
                                     61 ;src/collision.c:11: void col_at_begin(uint8_t map_bank) {
                                     62 ;	---------------------------------
                                     63 ; Function col_at_begin
                                     64 ; ---------------------------------
    00000000                         65 _col_at_begin::
    00000000 4F               [ 4]   66 	ld	c, a
                                     67 ;src/collision.c:12: if (_current_bank == map_bank) {
    00000001 F0r00            [12]   68 	ldh	a, (__current_bank + 0)
    00000003 91               [ 4]   69 	sub	a, c
    00000004 20 06            [12]   70 	jr	NZ, 00102$
                                     71 ;src/collision.c:13: _prev_map_bank = 0xFF;
    00000006 21r00r00         [12]   72 	ld	hl, #__prev_map_bank
    00000009 36 FF            [12]   73 	ld	(hl), #0xff
                                     74 ;src/collision.c:14: return;
    0000000B C9               [16]   75 	ret
    0000000C                         76 00102$:
                                     77 ;src/collision.c:16: _prev_map_bank = _current_bank;
    0000000C F0r00            [12]   78 	ldh	a, (__current_bank + 0)
    0000000E EAr00r00         [16]   79 	ld	(#__prev_map_bank),a
                                     80 ;src/collision.c:17: SWITCH_ROM(map_bank);
    00000011 79               [ 4]   81 	ld	a, c
    00000012 E0r00            [12]   82 	ldh	(__current_bank + 0), a
    00000014 21r00r00         [12]   83 	ld	hl, #_rROMB0
    00000017 71               [ 8]   84 	ld	(hl), c
                                     85 ;src/collision.c:18: }
    00000018 C9               [16]   86 	ret
                                     87 ;src/collision.c:20: void col_at_end(void) {
                                     88 ;	---------------------------------
                                     89 ; Function col_at_end
                                     90 ; ---------------------------------
    00000019                         91 _col_at_end::
                                     92 ;src/collision.c:21: if (_prev_map_bank != 0xFF) {
    00000019 FAr00r00         [16]   93 	ld	a, (#__prev_map_bank)
    0000001C 3C               [ 4]   94 	inc	a
    0000001D C8               [20]   95 	ret	Z
                                     96 ;src/collision.c:22: SWITCH_ROM(_prev_map_bank);
    0000001E FAr00r00         [16]   97 	ld	a, (__prev_map_bank)
    00000021 E0r00            [12]   98 	ldh	(__current_bank + 0), a
    00000023 EAr00r00         [16]   99 	ld	(#_rROMB0),a
                                    100 ;src/collision.c:24: }
    00000026 C9               [16]  101 	ret
                                    102 ;src/collision.c:26: uint8_t col_at_raw(
                                    103 ;	---------------------------------
                                    104 ; Function col_at_raw
                                    105 ; ---------------------------------
    00000027                        106 _col_at_raw::
    00000027 D5               [16]  107 	push	de
                                    108 ;src/collision.c:32: if ((uint16_t)world_py >= 256u) {
    00000028 60               [ 4]  109 	ld	h,b
    00000029 59               [ 4]  110 	ld	e, c
    0000002A 50               [ 4]  111 	ld	d, b
    0000002B 7A               [ 4]  112 	ld	a, d
    0000002C D6 01            [ 8]  113 	sub	a, #0x01
    0000002E 38 0B            [12]  114 	jr	C, 00102$
                                    115 ;src/collision.c:33: return (world_py < 0) ? COL_NONE : COL_ALL;
    00000030 CB 7C            [ 8]  116 	bit	7, h
    00000032 28 03            [12]  117 	jr	Z, 00107$
    00000034 AF               [ 4]  118 	xor	a, a
    00000035 18 3C            [12]  119 	jr	00105$
    00000037                        120 00107$:
    00000037 3E 07            [ 8]  121 	ld	a, #0x07
    00000039 18 38            [12]  122 	jr	00105$
    0000003B                        123 00102$:
                                    124 ;src/collision.c:35: uint16_t mx = world_px >> 4;
    0000003B D1               [12]  125 	pop	de
    0000003C D5               [16]  126 	push	de
    0000003D CB 3A            [ 8]  127 	srl	d
    0000003F CB 1B            [ 8]  128 	rr	e
    00000041 CB 3A            [ 8]  129 	srl	d
    00000043 CB 1B            [ 8]  130 	rr	e
    00000045 CB 3A            [ 8]  131 	srl	d
    00000047 CB 1B            [ 8]  132 	rr	e
    00000049 CB 3A            [ 8]  133 	srl	d
    0000004B CB 1B            [ 8]  134 	rr	e
                                    135 ;src/collision.c:36: if (mx >= map_w) return COL_ALL;
    0000004D F8 06            [12]  136 	ldhl	sp,	#6
    0000004F 7B               [ 4]  137 	ld	a, e
    00000050 96               [ 8]  138 	sub	a, (hl)
    00000051 23               [ 8]  139 	inc	hl
    00000052 7A               [ 4]  140 	ld	a, d
    00000053 9E               [ 8]  141 	sbc	a, (hl)
    00000054 38 04            [12]  142 	jr	C, 00104$
    00000056 3E 07            [ 8]  143 	ld	a, #0x07
    00000058 18 19            [12]  144 	jr	00105$
    0000005A                        145 00104$:
                                    146 ;src/collision.c:38: return col_at_raw_cached(&map[mx << 4], (uint16_t)world_py);
    0000005A 7B               [ 4]  147 	ld	a, e
    0000005B 87               [ 4]  148 	add	a, a
    0000005C CB 12            [ 8]  149 	rl	d
    0000005E 87               [ 4]  150 	add	a, a
    0000005F CB 12            [ 8]  151 	rl	d
    00000061 87               [ 4]  152 	add	a, a
    00000062 CB 12            [ 8]  153 	rl	d
    00000064 87               [ 4]  154 	add	a, a
    00000065 CB 12            [ 8]  155 	rl	d
    00000067 5F               [ 4]  156 	ld	e, a
    00000068 F8 04            [12]  157 	ldhl	sp,	#4
    0000006A 2A               [ 8]  158 	ld	a,	(hl+)
    0000006B 66               [ 8]  159 	ld	h, (hl)
    0000006C 6F               [ 4]  160 	ld	l, a
    0000006D 19               [ 8]  161 	add	hl, de
    0000006E 5D               [ 4]  162 	ld	e, l
    0000006F 54               [ 4]  163 	ld	d, h
    00000070 CDr79r00         [24]  164 	call	_col_at_raw_cached
    00000073                        165 00105$:
                                    166 ;src/collision.c:39: }
    00000073 33               [ 8]  167 	inc	sp
    00000074 33               [ 8]  168 	inc	sp
    00000075 E1               [12]  169 	pop	hl
    00000076 E8 04            [16]  170 	add	sp, #4
    00000078 E9               [ 4]  171 	jp	(hl)
                                    172 ;src/collision.c:41: uint8_t col_at_raw_cached(const uint8_t *col_ptr, uint16_t world_py) {
                                    173 ;	---------------------------------
                                    174 ; Function col_at_raw_cached
                                    175 ; ---------------------------------
    00000079                        176 _col_at_raw_cached::
                                    177 ;src/collision.c:42: uint8_t py8 = (uint8_t)world_py;
                                    178 ;src/collision.c:43: uint8_t col = famidash_metatile_collision[col_ptr[py8 >> 4]];
    00000079 79               [ 4]  179 	ld	a, c
    0000007A CB 37            [ 8]  180 	swap	a
    0000007C E6 0F            [ 8]  181 	and	a, #0x0f
    0000007E 6F               [ 4]  182 	ld	l, a
    0000007F 26 00            [ 8]  183 	ld	h, #0x00
    00000081 19               [ 8]  184 	add	hl, de
    00000082 6E               [ 8]  185 	ld	l, (hl)
    00000083 26 00            [ 8]  186 	ld	h, #0x00
    00000085 11r00r00         [12]  187 	ld	de, #_famidash_metatile_collision
    00000088 19               [ 8]  188 	add	hl, de
    00000089 46               [ 8]  189 	ld	b, (hl)
                                    190 ;src/collision.c:44: uint8_t inner_y = py8 & 0x0F;
    0000008A 79               [ 4]  191 	ld	a, c
    0000008B E6 0F            [ 8]  192 	and	a, #0x0f
    0000008D 4F               [ 4]  193 	ld	c, a
                                    194 ;src/collision.c:46: if (col == COL_TOP) {
    0000008E 78               [ 4]  195 	ld	a, b
    0000008F D6 05            [ 8]  196 	sub	a, #0x05
    00000091 20 07            [12]  197 	jr	NZ, 00118$
                                    198 ;src/collision.c:47: if (inner_y >= 8) return COL_NONE;
    00000093 79               [ 4]  199 	ld	a, c
    00000094 D6 08            [ 8]  200 	sub	a, #0x08
    00000096 38 2C            [12]  201 	jr	C, 00119$
    00000098 AF               [ 4]  202 	xor	a, a
    00000099 C9               [16]  203 	ret
    0000009A                        204 00118$:
                                    205 ;src/collision.c:48: } else if (col == COL_BOTTOM) {
    0000009A 78               [ 4]  206 	ld	a, b
    0000009B D6 06            [ 8]  207 	sub	a, #0x06
    0000009D 20 07            [12]  208 	jr	NZ, 00115$
                                    209 ;src/collision.c:49: if (inner_y < 8) return COL_NONE;
    0000009F 79               [ 4]  210 	ld	a, c
    000000A0 D6 08            [ 8]  211 	sub	a, #0x08
    000000A2 30 20            [12]  212 	jr	NC, 00119$
    000000A4 AF               [ 4]  213 	xor	a, a
    000000A5 C9               [16]  214 	ret
    000000A6                        215 00115$:
                                    216 ;src/collision.c:50: } else if (col == COL_DEATH_TOP_HALF) {
    000000A6 78               [ 4]  217 	ld	a, b
    000000A7 D6 10            [ 8]  218 	sub	a, #0x10
    000000A9 20 0A            [12]  219 	jr	NZ, 00112$
                                    220 ;src/collision.c:51: if (inner_y < 8) return COL_NONE;
    000000AB 79               [ 4]  221 	ld	a, c
    000000AC D6 08            [ 8]  222 	sub	a, #0x08
    000000AE 30 02            [12]  223 	jr	NC, 00106$
    000000B0 AF               [ 4]  224 	xor	a, a
    000000B1 C9               [16]  225 	ret
    000000B2                        226 00106$:
                                    227 ;src/collision.c:52: return COL_DEATH;
    000000B2 3E 08            [ 8]  228 	ld	a, #0x08
    000000B4 C9               [16]  229 	ret
    000000B5                        230 00112$:
                                    231 ;src/collision.c:53: } else if (col == COL_DEATH_BOTTOM_HALF) {
    000000B5 78               [ 4]  232 	ld	a, b
    000000B6 D6 11            [ 8]  233 	sub	a, #0x11
    000000B8 20 0A            [12]  234 	jr	NZ, 00119$
                                    235 ;src/collision.c:54: if (inner_y >= 8) return COL_NONE;
    000000BA 79               [ 4]  236 	ld	a, c
    000000BB D6 08            [ 8]  237 	sub	a, #0x08
    000000BD 38 02            [12]  238 	jr	C, 00108$
    000000BF AF               [ 4]  239 	xor	a, a
    000000C0 C9               [16]  240 	ret
    000000C1                        241 00108$:
                                    242 ;src/collision.c:55: return COL_DEATH;
    000000C1 3E 08            [ 8]  243 	ld	a, #0x08
    000000C3 C9               [16]  244 	ret
    000000C4                        245 00119$:
                                    246 ;src/collision.c:58: return col;
    000000C4 78               [ 4]  247 	ld	a, b
                                    248 ;src/collision.c:59: }
    000000C5 C9               [16]  249 	ret
                                    250 ;src/collision.c:62: uint8_t col_at(
                                    251 ;	---------------------------------
                                    252 ; Function col_at
                                    253 ; ---------------------------------
    000000C6                        254 _col_at::
    000000C6 3B               [ 8]  255 	dec	sp
                                    256 ;src/collision.c:70: col_at_begin(map_bank);
    000000C7 C5               [16]  257 	push	bc
    000000C8 D5               [16]  258 	push	de
    000000C9 F8 0B            [12]  259 	ldhl	sp,	#11
    000000CB 7E               [ 8]  260 	ld	a, (hl)
    000000CC CDr00r00         [24]  261 	call	_col_at_begin
    000000CF D1               [12]  262 	pop	de
    000000D0 C1               [12]  263 	pop	bc
                                    264 ;src/collision.c:71: res = col_at_raw(world_px, world_py, map, map_w);
    000000D1 F8 05            [12]  265 	ldhl	sp,	#5
    000000D3 2A               [ 8]  266 	ld	a, (hl+)
    000000D4 66               [ 8]  267 	ld	h, (hl)
    000000D5 6F               [ 4]  268 	ld	l, a
    000000D6 E5               [16]  269 	push	hl
    000000D7 F8 05            [12]  270 	ldhl	sp,	#5
    000000D9 2A               [ 8]  271 	ld	a, (hl+)
    000000DA 66               [ 8]  272 	ld	h, (hl)
    000000DB 6F               [ 4]  273 	ld	l, a
    000000DC E5               [16]  274 	push	hl
    000000DD CDr27r00         [24]  275 	call	_col_at_raw
    000000E0 F8 00            [12]  276 	ldhl	sp,	#0
    000000E2 77               [ 8]  277 	ld	(hl), a
                                    278 ;src/collision.c:72: col_at_end();
    000000E3 CDr19r00         [24]  279 	call	_col_at_end
                                    280 ;src/collision.c:73: return res;
    000000E6 F8 00            [12]  281 	ldhl	sp,	#0
    000000E8 7E               [ 8]  282 	ld	a, (hl)
                                    283 ;src/collision.c:74: }
    000000E9 33               [ 8]  284 	inc	sp
    000000EA E1               [12]  285 	pop	hl
    000000EB E8 05            [16]  286 	add	sp, #5
    000000ED E9               [ 4]  287 	jp	(hl)
                                    288 ;src/collision.c:78: void load_bkg_tileset(const uint8_t* tiles, uint16_t tile_count, uint8_t bank) {
                                    289 ;	---------------------------------
                                    290 ; Function load_bkg_tileset
                                    291 ; ---------------------------------
    000000EE                        292 _load_bkg_tileset::
    000000EE 3B               [ 8]  293 	dec	sp
                                    294 ;src/collision.c:79: uint8_t _prev = _current_bank;
    000000EF F0r00            [12]  295 	ldh	a, (__current_bank + 0)
    000000F1 F8 00            [12]  296 	ldhl	sp,	#0
    000000F3 77               [ 8]  297 	ld	(hl), a
                                    298 ;src/collision.c:80: SWITCH_ROM(bank);
    000000F4 F8 03            [12]  299 	ldhl	sp,	#3
    000000F6 7E               [ 8]  300 	ld	a, (hl)
    000000F7 E0r00            [12]  301 	ldh	(__current_bank + 0), a
    000000F9 EAr00r00         [16]  302 	ld	(#_rROMB0),a
                                    303 ;src/collision.c:83: VBK_REG = VBK_TILES;
    000000FC AF               [ 4]  304 	xor	a, a
    000000FD E0r00            [12]  305 	ldh	(_VBK_REG + 0), a
                                    306 ;src/collision.c:84: if (tile_count == 256u) {
    000000FF 69               [ 4]  307 	ld	l, c
    00000100 60               [ 4]  308 	ld	h, b
    00000101 7D               [ 4]  309 	ld	a, l
    00000102 B7               [ 4]  310 	or	a, a
    00000103 20 1F            [12]  311 	jr	NZ, 00102$
    00000105 25               [ 4]  312 	dec	h
    00000106 20 1C            [12]  313 	jr	NZ, 00102$
                                    314 ;src/collision.c:85: set_bkg_data(0, 128, tiles);
    00000108 D5               [16]  315 	push	de
    00000109 D5               [16]  316 	push	de
    0000010A 21 00 80         [12]  317 	ld	hl, #0x8000
    0000010D E5               [16]  318 	push	hl
    0000010E CDr00r00         [24]  319 	call	_set_bkg_data
    00000111 E8 04            [16]  320 	add	sp, #4
    00000113 D1               [12]  321 	pop	de
                                    322 ;src/collision.c:86: set_bkg_data(128, 128, tiles + (128u * 16u));
    00000114 21 00 08         [12]  323 	ld	hl, #0x0800
    00000117 19               [ 8]  324 	add	hl, de
    00000118 E5               [16]  325 	push	hl
    00000119 21 80 80         [12]  326 	ld	hl, #0x8080
    0000011C E5               [16]  327 	push	hl
    0000011D CDr00r00         [24]  328 	call	_set_bkg_data
    00000120 E8 04            [16]  329 	add	sp, #4
    00000122 18 0B            [12]  330 	jr	00103$
    00000124                        331 00102$:
                                    332 ;src/collision.c:88: set_bkg_data(0, (uint8_t)tile_count, tiles);
    00000124 79               [ 4]  333 	ld	a, c
    00000125 D5               [16]  334 	push	de
    00000126 67               [ 4]  335 	ld	h, a
    00000127 2E 00            [ 8]  336 	ld	l, #0x00
    00000129 E5               [16]  337 	push	hl
    0000012A CDr00r00         [24]  338 	call	_set_bkg_data
    0000012D E8 04            [16]  339 	add	sp, #4
    0000012F                        340 00103$:
                                    341 ;src/collision.c:90: SWITCH_ROM(_prev);
    0000012F F8 00            [12]  342 	ldhl	sp,	#0
    00000131 7E               [ 8]  343 	ld	a, (hl)
    00000132 E0r00            [12]  344 	ldh	(__current_bank + 0), a
    00000134 7E               [ 8]  345 	ld	a, (hl)
    00000135 EAr00r00         [16]  346 	ld	(#_rROMB0),a
                                    347 ;src/collision.c:91: }
    00000138 33               [ 8]  348 	inc	sp
    00000139 E1               [12]  349 	pop	hl
    0000013A 33               [ 8]  350 	inc	sp
    0000013B E9               [ 4]  351 	jp	(hl)
                                    352 ;src/collision.c:95: void load_collision_columns(uint16_t map_col, const uint8_t* map,
                                    353 ;	---------------------------------
                                    354 ; Function load_collision_columns
                                    355 ; ---------------------------------
    0000013C                        356 _load_collision_columns::
    0000013C E8 F7            [16]  357 	add	sp, #-9
    0000013E F8 06            [12]  358 	ldhl	sp,	#6
    00000140 71               [ 8]  359 	ld	(hl), c
    00000141 23               [ 8]  360 	inc	hl
    00000142 70               [ 8]  361 	ld	(hl), b
                                    362 ;src/collision.c:98: uint8_t _prev = _current_bank;
    00000143 F0r00            [12]  363 	ldh	a, (__current_bank + 0)
    00000145 F8 00            [12]  364 	ldhl	sp,	#0
    00000147 77               [ 8]  365 	ld	(hl), a
                                    366 ;src/collision.c:103: SWITCH_ROM(map_bank);
    00000148 F8 0D            [12]  367 	ldhl	sp,	#13
    0000014A 7E               [ 8]  368 	ld	a, (hl)
    0000014B E0r00            [12]  369 	ldh	(__current_bank + 0), a
    0000014D EAr00r00         [16]  370 	ld	(#_rROMB0),a
                                    371 ;src/collision.c:104: left = &map[map_col << 4];
    00000150 4B               [ 4]  372 	ld	c, e
    00000151 42               [ 4]  373 	ld	b, d
    00000152 CB 21            [ 8]  374 	sla	c
    00000154 CB 10            [ 8]  375 	rl	b
    00000156 CB 21            [ 8]  376 	sla	c
    00000158 CB 10            [ 8]  377 	rl	b
    0000015A CB 21            [ 8]  378 	sla	c
    0000015C CB 10            [ 8]  379 	rl	b
    0000015E CB 21            [ 8]  380 	sla	c
    00000160 CB 10            [ 8]  381 	rl	b
    00000162 F8 06            [12]  382 	ldhl	sp,	#6
    00000164 2A               [ 8]  383 	ld	a,	(hl+)
    00000165 66               [ 8]  384 	ld	h, (hl)
    00000166 6F               [ 4]  385 	ld	l, a
    00000167 09               [ 8]  386 	add	hl, bc
    00000168 E5               [16]  387 	push	hl
    00000169 7D               [ 4]  388 	ld	a, l
    0000016A F8 03            [12]  389 	ldhl	sp,	#3
    0000016C 77               [ 8]  390 	ld	(hl), a
    0000016D E1               [12]  391 	pop	hl
    0000016E 7C               [ 4]  392 	ld	a, h
    0000016F F8 02            [12]  393 	ldhl	sp,	#2
    00000171 77               [ 8]  394 	ld	(hl), a
                                    395 ;src/collision.c:105: right = (map_col + 1u < map_w) ? left + 16 : left;
    00000172 13               [ 8]  396 	inc	de
    00000173 F8 0B            [12]  397 	ldhl	sp,	#11
    00000175 7B               [ 4]  398 	ld	a, e
    00000176 96               [ 8]  399 	sub	a, (hl)
    00000177 23               [ 8]  400 	inc	hl
    00000178 7A               [ 4]  401 	ld	a, d
    00000179 9E               [ 8]  402 	sbc	a, (hl)
    0000017A 30 0D            [12]  403 	jr	NC, 00106$
    0000017C F8 01            [12]  404 	ldhl	sp,#1
    0000017E 2A               [ 8]  405 	ld	a, (hl+)
    0000017F 5F               [ 4]  406 	ld	e, a
    00000180 56               [ 8]  407 	ld	d, (hl)
    00000181 21 10 00         [12]  408 	ld	hl, #0x0010
    00000184 19               [ 8]  409 	add	hl, de
    00000185 4D               [ 4]  410 	ld	c, l
    00000186 7C               [ 4]  411 	ld	a, h
    00000187 18 05            [12]  412 	jr	00107$
    00000189                        413 00106$:
    00000189 F8 01            [12]  414 	ldhl	sp,	#1
    0000018B 2A               [ 8]  415 	ld	a, (hl+)
    0000018C 4F               [ 4]  416 	ld	c, a
    0000018D 7E               [ 8]  417 	ld	a, (hl)
    0000018E                        418 00107$:
    0000018E F8 03            [12]  419 	ldhl	sp,	#3
    00000190 71               [ 8]  420 	ld	(hl), c
    00000191 23               [ 8]  421 	inc	hl
    00000192 77               [ 8]  422 	ld	(hl), a
                                    423 ;src/collision.c:106: for (i = 0; i < 16; i++) {
    00000193 F8 08            [12]  424 	ldhl	sp,	#8
    00000195 36 00            [12]  425 	ld	(hl), #0x00
    00000197                        426 00102$:
                                    427 ;src/collision.c:107: columns[i] = left[i];
    00000197 F8 0E            [12]  428 	ldhl	sp,#14
    00000199 2A               [ 8]  429 	ld	a, (hl+)
    0000019A 5F               [ 4]  430 	ld	e, a
    0000019B 56               [ 8]  431 	ld	d, (hl)
    0000019C F8 08            [12]  432 	ldhl	sp,	#8
    0000019E 6E               [ 8]  433 	ld	l, (hl)
    0000019F 26 00            [ 8]  434 	ld	h, #0x00
    000001A1 19               [ 8]  435 	add	hl, de
    000001A2 4D               [ 4]  436 	ld	c, l
    000001A3 44               [ 4]  437 	ld	b, h
    000001A4 F8 01            [12]  438 	ldhl	sp,#1
    000001A6 2A               [ 8]  439 	ld	a, (hl+)
    000001A7 5F               [ 4]  440 	ld	e, a
    000001A8 56               [ 8]  441 	ld	d, (hl)
    000001A9 F8 08            [12]  442 	ldhl	sp,	#8
    000001AB 6E               [ 8]  443 	ld	l, (hl)
    000001AC 26 00            [ 8]  444 	ld	h, #0x00
    000001AE 19               [ 8]  445 	add	hl, de
    000001AF 5D               [ 4]  446 	ld	e, l
    000001B0 54               [ 4]  447 	ld	d, h
    000001B1 1A               [ 8]  448 	ld	a, (de)
    000001B2 02               [ 8]  449 	ld	(bc), a
                                    450 ;src/collision.c:108: columns[i + 16] = right[i];
    000001B3 F8 08            [12]  451 	ldhl	sp,	#8
    000001B5 7E               [ 8]  452 	ld	a, (hl)
    000001B6 C6 10            [ 8]  453 	add	a, #0x10
    000001B8 F8 05            [12]  454 	ldhl	sp,	#5
    000001BA 77               [ 8]  455 	ld	(hl), a
    000001BB 5E               [ 8]  456 	ld	e, (hl)
    000001BC 16 00            [ 8]  457 	ld	d, #0x00
    000001BE F8 0E            [12]  458 	ldhl	sp,	#14
    000001C0 2A               [ 8]  459 	ld	a,	(hl+)
    000001C1 66               [ 8]  460 	ld	h, (hl)
    000001C2 6F               [ 4]  461 	ld	l, a
    000001C3 19               [ 8]  462 	add	hl, de
    000001C4 4D               [ 4]  463 	ld	c, l
    000001C5 44               [ 4]  464 	ld	b, h
    000001C6 F8 03            [12]  465 	ldhl	sp,#3
    000001C8 2A               [ 8]  466 	ld	a, (hl+)
    000001C9 5F               [ 4]  467 	ld	e, a
    000001CA 56               [ 8]  468 	ld	d, (hl)
    000001CB F8 08            [12]  469 	ldhl	sp,	#8
    000001CD 6E               [ 8]  470 	ld	l, (hl)
    000001CE 26 00            [ 8]  471 	ld	h, #0x00
    000001D0 19               [ 8]  472 	add	hl, de
    000001D1 5D               [ 4]  473 	ld	e, l
    000001D2 54               [ 4]  474 	ld	d, h
    000001D3 1A               [ 8]  475 	ld	a, (de)
    000001D4 02               [ 8]  476 	ld	(bc), a
                                    477 ;src/collision.c:106: for (i = 0; i < 16; i++) {
    000001D5 F8 08            [12]  478 	ldhl	sp,	#8
    000001D7 34               [12]  479 	inc	(hl)
    000001D8 7E               [ 8]  480 	ld	a, (hl)
    000001D9 D6 10            [ 8]  481 	sub	a, #0x10
    000001DB 38 BA            [12]  482 	jr	C, 00102$
                                    483 ;src/collision.c:110: SWITCH_ROM(_prev);
    000001DD F8 00            [12]  484 	ldhl	sp,	#0
    000001DF 7E               [ 8]  485 	ld	a, (hl)
    000001E0 E0r00            [12]  486 	ldh	(__current_bank + 0), a
    000001E2 7E               [ 8]  487 	ld	a, (hl)
    000001E3 EAr00r00         [16]  488 	ld	(#_rROMB0),a
                                    489 ;src/collision.c:111: }
    000001E6 E8 09            [16]  490 	add	sp, #9
    000001E8 E1               [12]  491 	pop	hl
    000001E9 E8 05            [16]  492 	add	sp, #5
    000001EB E9               [ 4]  493 	jp	(hl)
                                    494 ;src/collision.c:113: void draw_mt_column(uint8_t ring_col, uint16_t map_col,
                                    495 ;	---------------------------------
                                    496 ; Function draw_mt_column
                                    497 ; ---------------------------------
    000001EC                        498 _draw_mt_column::
    000001EC E8 F6            [16]  499 	add	sp, #-10
                                    500 ;src/collision.c:116: uint8_t bx = ring_col << 1;
    000001EE 87               [ 4]  501 	add	a, a
    000001EF F8 00            [12]  502 	ldhl	sp,	#0
                                    503 ;src/collision.c:118: uint8_t _prev = _current_bank;
    000001F1 22               [ 8]  504 	ld	(hl+), a
    000001F2 F0r00            [12]  505 	ldh	a, (__current_bank + 0)
    000001F4 77               [ 8]  506 	ld	(hl), a
                                    507 ;src/collision.c:119: SWITCH_ROM(map_bank);
    000001F5 F8 10            [12]  508 	ldhl	sp,	#16
    000001F7 7E               [ 8]  509 	ld	a, (hl)
    000001F8 E0r00            [12]  510 	ldh	(__current_bank + 0), a
    000001FA EAr00r00         [16]  511 	ld	(#_rROMB0),a
                                    512 ;src/collision.c:121: const uint8_t *map_ptr = &map[(uint16_t)map_col << 4];
    000001FD 7B               [ 4]  513 	ld	a, e
    000001FE 87               [ 4]  514 	add	a, a
    000001FF CB 12            [ 8]  515 	rl	d
    00000201 87               [ 4]  516 	add	a, a
    00000202 CB 12            [ 8]  517 	rl	d
    00000204 87               [ 4]  518 	add	a, a
    00000205 CB 12            [ 8]  519 	rl	d
    00000207 87               [ 4]  520 	add	a, a
    00000208 CB 12            [ 8]  521 	rl	d
    0000020A 5F               [ 4]  522 	ld	e, a
    0000020B F8 0C            [12]  523 	ldhl	sp,	#12
    0000020D 2A               [ 8]  524 	ld	a,	(hl+)
    0000020E 66               [ 8]  525 	ld	h, (hl)
    0000020F 6F               [ 4]  526 	ld	l, a
    00000210 19               [ 8]  527 	add	hl, de
    00000211 E5               [16]  528 	push	hl
    00000212 7D               [ 4]  529 	ld	a, l
    00000213 F8 09            [12]  530 	ldhl	sp,	#9
    00000215 77               [ 8]  531 	ld	(hl), a
    00000216 E1               [12]  532 	pop	hl
    00000217 7C               [ 4]  533 	ld	a, h
    00000218 F8 08            [12]  534 	ldhl	sp,	#8
                                    535 ;src/collision.c:123: for (uint8_t r = 0; r < BKG_MT_H; r++) {
    0000021A 22               [ 8]  536 	ld	(hl+), a
    0000021B 36 00            [12]  537 	ld	(hl), #0x00
    0000021D                        538 00105$:
    0000021D F8 09            [12]  539 	ldhl	sp,	#9
    0000021F 7E               [ 8]  540 	ld	a, (hl)
    00000220 D6 10            [ 8]  541 	sub	a, #0x10
    00000222 D2rF1r02         [16]  542 	jp	NC, 00101$
                                    543 ;src/collision.c:124: uint8_t metatile_id = *map_ptr++;
    00000225 2B               [ 8]  544 	dec	hl
    00000226 2B               [ 8]  545 	dec	hl
    00000227 2A               [ 8]  546 	ld	a, (hl+)
    00000228 5F               [ 4]  547 	ld	e, a
    00000229 3A               [ 8]  548 	ld	a, (hl-)
    0000022A 57               [ 4]  549 	ld	d, a
    0000022B 1A               [ 8]  550 	ld	a, (de)
    0000022C 4F               [ 4]  551 	ld	c, a
    0000022D 34               [12]  552 	inc	(hl)
    0000022E 20 02            [12]  553 	jr	NZ, 00141$
    00000230 23               [ 8]  554 	inc	hl
    00000231 34               [12]  555 	inc	(hl)
    00000232                        556 00141$:
                                    557 ;src/collision.c:125: const uint8_t *tiles = reversed ? metatiles_rev[metatile_id] : metatiles[metatile_id];
    00000232 69               [ 4]  558 	ld	l, c
    00000233 26 00            [ 8]  559 	ld	h, #0x00
    00000235 29               [ 8]  560 	add	hl, hl
    00000236 29               [ 8]  561 	add	hl, hl
    00000237 5D               [ 4]  562 	ld	e, l
    00000238 54               [ 4]  563 	ld	d, h
    00000239 F8 11            [12]  564 	ldhl	sp,	#17
    0000023B 7E               [ 8]  565 	ld	a, (hl)
    0000023C B7               [ 4]  566 	or	a, a
    0000023D 28 08            [12]  567 	jr	Z, 00109$
    0000023F 21r00r00         [12]  568 	ld	hl, #_metatiles_rev
    00000242 19               [ 8]  569 	add	hl, de
    00000243 45               [ 4]  570 	ld	b, l
    00000244 7C               [ 4]  571 	ld	a, h
    00000245 18 06            [12]  572 	jr	00110$
    00000247                        573 00109$:
    00000247 21r00r00         [12]  574 	ld	hl, #_metatiles
    0000024A 19               [ 8]  575 	add	hl, de
    0000024B 45               [ 4]  576 	ld	b, l
    0000024C 7C               [ 4]  577 	ld	a, h
    0000024D                        578 00110$:
    0000024D F8 02            [12]  579 	ldhl	sp,	#2
    0000024F 70               [ 8]  580 	ld	(hl), b
    00000250 23               [ 8]  581 	inc	hl
    00000251 77               [ 8]  582 	ld	(hl), a
                                    583 ;src/collision.c:126: uint8_t offset = r << 2;
    00000252 F8 09            [12]  584 	ldhl	sp,	#9
    00000254 7E               [ 8]  585 	ld	a, (hl)
    00000255 87               [ 4]  586 	add	a, a
    00000256 87               [ 4]  587 	add	a, a
    00000257 F8 04            [12]  588 	ldhl	sp,	#4
    00000259 77               [ 8]  589 	ld	(hl), a
                                    590 ;src/collision.c:127: uint8_t palette = famidash_metatile_palettes[metatile_id];
    0000025A 69               [ 4]  591 	ld	l, c
    0000025B 26 00            [ 8]  592 	ld	h, #0x00
    0000025D 11r00r00         [12]  593 	ld	de, #_famidash_metatile_palettes
    00000260 19               [ 8]  594 	add	hl, de
    00000261 7E               [ 8]  595 	ld	a, (hl)
    00000262 F8 05            [12]  596 	ldhl	sp,	#5
    00000264 77               [ 8]  597 	ld	(hl), a
                                    598 ;src/collision.c:129: metatile_column_tiles[offset] = tiles[0];
    00000265 11r01r00         [12]  599 	ld	de, #_metatile_column_tiles
    00000268 F8 04            [12]  600 	ldhl	sp,	#4
    0000026A 6E               [ 8]  601 	ld	l, (hl)
    0000026B 26 00            [ 8]  602 	ld	h, #0x00
    0000026D 19               [ 8]  603 	add	hl, de
    0000026E 4D               [ 4]  604 	ld	c, l
    0000026F 44               [ 4]  605 	ld	b, h
    00000270 F8 02            [12]  606 	ldhl	sp,#2
    00000272 2A               [ 8]  607 	ld	a, (hl+)
    00000273 5F               [ 4]  608 	ld	e, a
                                    609 ;src/collision.c:130: metatile_column_tiles[offset + 1] = tiles[1];
    00000274 2A               [ 8]  610 	ld	a, (hl+)
    00000275 57               [ 4]  611 	ld	d, a
    00000276 1A               [ 8]  612 	ld	a, (de)
    00000277 02               [ 8]  613 	ld	(bc), a
    00000278 2A               [ 8]  614 	ld	a, (hl+)
    00000279 23               [ 8]  615 	inc	hl
    0000027A 4F               [ 4]  616 	ld	c, a
    0000027B 3C               [ 4]  617 	inc	a
    0000027C 77               [ 8]  618 	ld	(hl), a
    0000027D 11r01r00         [12]  619 	ld	de, #_metatile_column_tiles
    00000280 6E               [ 8]  620 	ld	l, (hl)
    00000281 26 00            [ 8]  621 	ld	h, #0x00
    00000283 19               [ 8]  622 	add	hl, de
    00000284 5D               [ 4]  623 	ld	e, l
    00000285 54               [ 4]  624 	ld	d, h
    00000286 F8 02            [12]  625 	ldhl	sp,	#2
    00000288 2A               [ 8]  626 	ld	a, (hl+)
    00000289 66               [ 8]  627 	ld	h, (hl)
    0000028A 6F               [ 4]  628 	ld	l, a
    0000028B 23               [ 8]  629 	inc	hl
    0000028C 7E               [ 8]  630 	ld	a, (hl)
    0000028D 12               [ 8]  631 	ld	(de), a
                                    632 ;src/collision.c:131: metatile_column_tiles[offset + 2] = tiles[2];
    0000028E 41               [ 4]  633 	ld	b, c
    0000028F 04               [ 4]  634 	inc	b
    00000290 04               [ 4]  635 	inc	b
    00000291 3Er01            [ 8]  636 	ld	a, #<(_metatile_column_tiles)
    00000293 80               [ 4]  637 	add	a, b
    00000294 5F               [ 4]  638 	ld	e, a
    00000295 3Es00            [ 8]  639 	ld	a, #>(_metatile_column_tiles)
    00000297 CE 00            [ 8]  640 	adc	a, #0x00
    00000299 57               [ 4]  641 	ld	d, a
    0000029A F8 02            [12]  642 	ldhl	sp,	#2
    0000029C 2A               [ 8]  643 	ld	a, (hl+)
    0000029D 66               [ 8]  644 	ld	h, (hl)
    0000029E 6F               [ 4]  645 	ld	l, a
    0000029F 23               [ 8]  646 	inc	hl
    000002A0 23               [ 8]  647 	inc	hl
    000002A1 7E               [ 8]  648 	ld	a, (hl)
    000002A2 12               [ 8]  649 	ld	(de), a
                                    650 ;src/collision.c:132: metatile_column_tiles[offset + 3] = tiles[3];
    000002A3 0C               [ 4]  651 	inc	c
    000002A4 0C               [ 4]  652 	inc	c
    000002A5 0C               [ 4]  653 	inc	c
    000002A6 3Er01            [ 8]  654 	ld	a, #<(_metatile_column_tiles)
    000002A8 81               [ 4]  655 	add	a, c
    000002A9 5F               [ 4]  656 	ld	e, a
    000002AA 3Es00            [ 8]  657 	ld	a, #>(_metatile_column_tiles)
    000002AC CE 00            [ 8]  658 	adc	a, #0x00
    000002AE 57               [ 4]  659 	ld	d, a
    000002AF F8 02            [12]  660 	ldhl	sp,	#2
    000002B1 2A               [ 8]  661 	ld	a, (hl+)
    000002B2 66               [ 8]  662 	ld	h, (hl)
    000002B3 6F               [ 4]  663 	ld	l, a
    000002B4 23               [ 8]  664 	inc	hl
    000002B5 23               [ 8]  665 	inc	hl
    000002B6 23               [ 8]  666 	inc	hl
    000002B7 7E               [ 8]  667 	ld	a, (hl)
    000002B8 12               [ 8]  668 	ld	(de), a
                                    669 ;src/collision.c:133: metatile_column_attributes[offset] = palette;
    000002B9 F8 04            [12]  670 	ldhl	sp,	#4
    000002BB 5E               [ 8]  671 	ld	e, (hl)
    000002BC 16 00            [ 8]  672 	ld	d, #0x00
    000002BE 21r41r00         [12]  673 	ld	hl, #_metatile_column_attributes
    000002C1 19               [ 8]  674 	add	hl, de
    000002C2 5D               [ 4]  675 	ld	e, l
    000002C3 54               [ 4]  676 	ld	d, h
    000002C4 F8 05            [12]  677 	ldhl	sp,	#5
                                    678 ;src/collision.c:134: metatile_column_attributes[offset + 1] = palette;
    000002C6 2A               [ 8]  679 	ld	a, (hl+)
    000002C7 12               [ 8]  680 	ld	(de), a
    000002C8 5E               [ 8]  681 	ld	e, (hl)
    000002C9 16 00            [ 8]  682 	ld	d, #0x00
    000002CB 21r41r00         [12]  683 	ld	hl, #_metatile_column_attributes
    000002CE 19               [ 8]  684 	add	hl, de
    000002CF 5D               [ 4]  685 	ld	e, l
    000002D0 54               [ 4]  686 	ld	d, h
    000002D1 F8 05            [12]  687 	ldhl	sp,	#5
    000002D3 7E               [ 8]  688 	ld	a, (hl)
    000002D4 12               [ 8]  689 	ld	(de), a
                                    690 ;src/collision.c:135: metatile_column_attributes[offset + 2] = palette;
    000002D5 78               [ 4]  691 	ld	a, b
    000002D6 C6r41            [ 8]  692 	add	a, #<(_metatile_column_attributes)
    000002D8 5F               [ 4]  693 	ld	e, a
    000002D9 3E 00            [ 8]  694 	ld	a, #0x00
    000002DB CEs00            [ 8]  695 	adc	a, #>(_metatile_column_attributes)
    000002DD 57               [ 4]  696 	ld	d, a
    000002DE 7E               [ 8]  697 	ld	a, (hl)
    000002DF 12               [ 8]  698 	ld	(de), a
                                    699 ;src/collision.c:136: metatile_column_attributes[offset + 3] = palette;
    000002E0 79               [ 4]  700 	ld	a, c
    000002E1 C6r41            [ 8]  701 	add	a, #<(_metatile_column_attributes)
    000002E3 4F               [ 4]  702 	ld	c, a
    000002E4 3E 00            [ 8]  703 	ld	a, #0x00
    000002E6 CEs00            [ 8]  704 	adc	a, #>(_metatile_column_attributes)
    000002E8 47               [ 4]  705 	ld	b, a
    000002E9 7E               [ 8]  706 	ld	a, (hl)
    000002EA 02               [ 8]  707 	ld	(bc), a
                                    708 ;src/collision.c:123: for (uint8_t r = 0; r < BKG_MT_H; r++) {
    000002EB F8 09            [12]  709 	ldhl	sp,	#9
    000002ED 34               [12]  710 	inc	(hl)
    000002EE C3r1Dr02         [16]  711 	jp	00105$
    000002F1                        712 00101$:
                                    713 ;src/collision.c:139: SWITCH_ROM(_prev);
    000002F1 F8 01            [12]  714 	ldhl	sp,	#1
    000002F3 7E               [ 8]  715 	ld	a, (hl)
    000002F4 E0r00            [12]  716 	ldh	(__current_bank + 0), a
    000002F6 7E               [ 8]  717 	ld	a, (hl)
    000002F7 EAr00r00         [16]  718 	ld	(#_rROMB0),a
                                    719 ;src/collision.c:142: VBK_REG = VBK_TILES;
    000002FA AF               [ 4]  720 	xor	a, a
    000002FB E0r00            [12]  721 	ldh	(_VBK_REG + 0), a
                                    722 ;src/collision.c:143: set_bkg_tiles(bx, 0, 2, BKG_MT_H << 1, metatile_column_tiles);
    000002FD 11r01r00         [12]  723 	ld	de, #_metatile_column_tiles
    00000300 D5               [16]  724 	push	de
    00000301 21 02 20         [12]  725 	ld	hl, #0x2002
    00000304 E5               [16]  726 	push	hl
    00000305 AF               [ 4]  727 	xor	a, a
    00000306 F5               [16]  728 	push	af
    00000307 33               [ 8]  729 	inc	sp
    00000308 F8 05            [12]  730 	ldhl	sp,	#5
    0000030A 7E               [ 8]  731 	ld	a, (hl)
    0000030B F5               [16]  732 	push	af
    0000030C 33               [ 8]  733 	inc	sp
    0000030D CDr00r00         [24]  734 	call	_set_bkg_tiles
    00000310 E8 06            [16]  735 	add	sp, #6
                                    736 ;src/collision.c:144: if (_cpu == CGB_TYPE) {
    00000312 FAr00r00         [16]  737 	ld	a, (#__cpu)
    00000315 D6 11            [ 8]  738 	sub	a, #0x11
    00000317 20 1D            [12]  739 	jr	NZ, 00107$
                                    740 ;src/collision.c:145: VBK_REG = VBK_ATTRIBUTES;
    00000319 3E 01            [ 8]  741 	ld	a, #0x01
    0000031B E0r00            [12]  742 	ldh	(_VBK_REG + 0), a
                                    743 ;src/collision.c:146: set_bkg_tiles(bx, 0, 2, BKG_MT_H << 1, metatile_column_attributes);
    0000031D 11r41r00         [12]  744 	ld	de, #_metatile_column_attributes
    00000320 D5               [16]  745 	push	de
    00000321 21 02 20         [12]  746 	ld	hl, #0x2002
    00000324 E5               [16]  747 	push	hl
    00000325 AF               [ 4]  748 	xor	a, a
    00000326 F5               [16]  749 	push	af
    00000327 33               [ 8]  750 	inc	sp
    00000328 F8 05            [12]  751 	ldhl	sp,	#5
    0000032A 7E               [ 8]  752 	ld	a, (hl)
    0000032B F5               [16]  753 	push	af
    0000032C 33               [ 8]  754 	inc	sp
    0000032D CDr00r00         [24]  755 	call	_set_bkg_tiles
    00000330 E8 06            [16]  756 	add	sp, #6
                                    757 ;src/collision.c:147: VBK_REG = VBK_TILES;
    00000332 3E 00            [ 8]  758 	ld	a, #0x00
    00000334 E0r00            [12]  759 	ldh	(_VBK_REG + 0), a
    00000336                        760 00107$:
                                    761 ;src/collision.c:149: }
    00000336 E8 0A            [16]  762 	add	sp, #10
    00000338 E1               [12]  763 	pop	hl
    00000339 E8 06            [16]  764 	add	sp, #6
    0000033B E9               [ 4]  765 	jp	(hl)
                                    766 ;src/collision.c:151: void fill_scroll_bg(const uint8_t* map, uint16_t map_w, uint8_t map_bank, uint8_t reversed) {
                                    767 ;	---------------------------------
                                    768 ; Function fill_scroll_bg
                                    769 ; ---------------------------------
    0000033C                        770 _fill_scroll_bg::
    0000033C E8 FA            [16]  771 	add	sp, #-6
    0000033E F8 04            [12]  772 	ldhl	sp,	#4
    00000340 7B               [ 4]  773 	ld	a, e
    00000341 22               [ 8]  774 	ld	(hl+), a
    00000342 72               [ 8]  775 	ld	(hl), d
    00000343 F8 02            [12]  776 	ldhl	sp,	#2
    00000345 79               [ 4]  777 	ld	a, c
    00000346 22               [ 8]  778 	ld	(hl+), a
                                    779 ;src/collision.c:152: uint16_t cols = (map_w < 16) ? map_w : 16;
    00000347 78               [ 4]  780 	ld	a, b
    00000348 32               [ 8]  781 	ld	(hl-), a
    00000349 2A               [ 8]  782 	ld	a, (hl+)
    0000034A 4F               [ 4]  783 	ld	c, a
    0000034B 46               [ 8]  784 	ld	b, (hl)
    0000034C 79               [ 4]  785 	ld	a, c
    0000034D D6 10            [ 8]  786 	sub	a, #0x10
    0000034F 78               [ 4]  787 	ld	a, b
    00000350 DE 00            [ 8]  788 	sbc	a, #0x00
    00000352 38 02            [12]  789 	jr	C, 00108$
    00000354 0E 10            [ 8]  790 	ld	c, #0x10
    00000356                        791 00108$:
    00000356 F8 00            [12]  792 	ldhl	sp,	#0
    00000358 79               [ 4]  793 	ld	a, c
    00000359 22               [ 8]  794 	ld	(hl+), a
                                    795 ;src/collision.c:153: for (uint16_t c = 0; c < cols; c++) {
    0000035A 11 00 00         [12]  796 	ld	de, #0x0000
    0000035D 73               [ 8]  797 	ld	(hl), e
    0000035E                        798 00103$:
    0000035E F8 00            [12]  799 	ldhl	sp,	#0
    00000360 7B               [ 4]  800 	ld	a, e
    00000361 96               [ 8]  801 	sub	a, (hl)
    00000362 23               [ 8]  802 	inc	hl
    00000363 7A               [ 4]  803 	ld	a, d
    00000364 9E               [ 8]  804 	sbc	a, (hl)
    00000365 30 20            [12]  805 	jr	NC, 00105$
                                    806 ;src/collision.c:154: draw_mt_column((uint8_t)(c % 16), c, map, map_w, map_bank, reversed);
    00000367 7B               [ 4]  807 	ld	a, e
    00000368 E6 0F            [ 8]  808 	and	a, #0x0f
    0000036A D5               [16]  809 	push	de
    0000036B F8 0B            [12]  810 	ldhl	sp,	#11
    0000036D 66               [ 8]  811 	ld	h, (hl)
    0000036E E5               [16]  812 	push	hl
    0000036F 33               [ 8]  813 	inc	sp
    00000370 F8 0B            [12]  814 	ldhl	sp,	#11
    00000372 66               [ 8]  815 	ld	h, (hl)
    00000373 E5               [16]  816 	push	hl
    00000374 33               [ 8]  817 	inc	sp
    00000375 F8 06            [12]  818 	ldhl	sp,	#6
    00000377 4E               [ 8]  819 	ld	c, (hl)
    00000378 23               [ 8]  820 	inc	hl
    00000379 46               [ 8]  821 	ld	b, (hl)
    0000037A 23               [ 8]  822 	inc	hl
    0000037B C5               [16]  823 	push	bc
    0000037C 4E               [ 8]  824 	ld	c, (hl)
    0000037D 23               [ 8]  825 	inc	hl
    0000037E 46               [ 8]  826 	ld	b, (hl)
    0000037F C5               [16]  827 	push	bc
    00000380 CDrECr01         [24]  828 	call	_draw_mt_column
    00000383 D1               [12]  829 	pop	de
                                    830 ;src/collision.c:153: for (uint16_t c = 0; c < cols; c++) {
    00000384 13               [ 8]  831 	inc	de
    00000385 18 D7            [12]  832 	jr	00103$
    00000387                        833 00105$:
                                    834 ;src/collision.c:156: }
    00000387 E8 06            [16]  835 	add	sp, #6
    00000389 E1               [12]  836 	pop	hl
    0000038A F1               [12]  837 	pop	af
    0000038B E9               [ 4]  838 	jp	(hl)
                                    839 ;src/collision.c:162: void init_music_banked(const hUGESong_t * song, uint8_t bank, uint8_t divider) {
                                    840 ;	---------------------------------
                                    841 ; Function init_music_banked
                                    842 ; ---------------------------------
    0000038C                        843 _init_music_banked::
    0000038C 4F               [ 4]  844 	ld	c, a
                                    845 ;src/collision.c:163: uint8_t _prev = _current_bank;
    0000038D F0r00            [12]  846 	ldh	a, (__current_bank + 0)
    0000038F 47               [ 4]  847 	ld	b, a
                                    848 ;src/collision.c:164: music_ready = 0;
    00000390 AF               [ 4]  849 	xor	a, a
    00000391 EAr00r00         [16]  850 	ld	(#_music_ready),a
                                    851 ;src/collision.c:165: current_song_bank = bank;
    00000394 21r00r00         [12]  852 	ld	hl, #_current_song_bank
    00000397 71               [ 8]  853 	ld	(hl), c
                                    854 ;src/collision.c:166: SWITCH_ROM(bank);
    00000398 79               [ 4]  855 	ld	a, c
    00000399 E0r00            [12]  856 	ldh	(__current_bank + 0), a
    0000039B 21r00r00         [12]  857 	ld	hl, #_rROMB0
    0000039E 71               [ 8]  858 	ld	(hl), c
                                    859 ;c:\gbdk\include\gb\gb.h:811: __asm__("di");
    0000039F F3               [ 4]  860 	di
                                    861 ;src/collision.c:168: hUGE_init(song);
    000003A0 C5               [16]  862 	push	bc
    000003A1 CDr00r00         [24]  863 	call	_hUGE_init
    000003A4 C1               [12]  864 	pop	bc
                                    865 ;src/collision.c:169: TMA_REG = divider;
    000003A5 F8 02            [12]  866 	ldhl	sp,	#2
    000003A7 7E               [ 8]  867 	ld	a, (hl)
    000003A8 E0r00            [12]  868 	ldh	(_TMA_REG + 0), a
                                    869 ;c:\gbdk\include\gb\gb.h:795: __asm__("ei");
    000003AA FB               [ 4]  870 	ei
                                    871 ;src/collision.c:171: SWITCH_ROM(_prev);
    000003AB 78               [ 4]  872 	ld	a, b
    000003AC E0r00            [12]  873 	ldh	(__current_bank + 0), a
    000003AE 21r00r00         [12]  874 	ld	hl, #_rROMB0
    000003B1 70               [ 8]  875 	ld	(hl), b
                                    876 ;src/collision.c:172: music_ready = 1;
    000003B2 21r00r00         [12]  877 	ld	hl, #_music_ready
    000003B5 36 01            [12]  878 	ld	(hl), #0x01
                                    879 ;src/collision.c:173: }
    000003B7 E1               [12]  880 	pop	hl
    000003B8 33               [ 8]  881 	inc	sp
    000003B9 E9               [ 4]  882 	jp	(hl)
                                    883 	.area _CODE
                                    884 	.area _INITIALIZER
                                    885 	.area _CABS (ABS)
