                                      1 ;--------------------------------------------------------
                                      2 ; File Created by SDCC : free open source ISO C Compiler
                                      3 ; Version 4.5.1 #15267 (MINGW64)
                                      4 ;--------------------------------------------------------
                                      5 	.module cycles_sprites
                                      6 	
                                      7 ;--------------------------------------------------------
                                      8 ; Public variables in this module
                                      9 ;--------------------------------------------------------
                                     10 	.globl _cycles_sp
                                     11 	.globl b___func_cycles_sp
                                     12 	.globl ___func_cycles_sp
                                     13 ;--------------------------------------------------------
                                     14 ; special function registers
                                     15 ;--------------------------------------------------------
                                     16 	.area _HRAM
                                     17 ;--------------------------------------------------------
                                     18 ; ram data
                                     19 ;--------------------------------------------------------
                                     20 	.area _DATA
                                     21 ;--------------------------------------------------------
                                     22 ; ram data
                                     23 ;--------------------------------------------------------
                                     24 	.area _INITIALIZED
                                     25 ;--------------------------------------------------------
                                     26 ; absolute external ram data
                                     27 ;--------------------------------------------------------
                                     28 	.area _DABS (ABS)
                                     29 ;--------------------------------------------------------
                                     30 ; global & static initialisations
                                     31 ;--------------------------------------------------------
                                     32 	.area _HOME
                                     33 	.area _GSINIT
                                     34 	.area _GSFINAL
                                     35 	.area _GSINIT
                                     36 ;--------------------------------------------------------
                                     37 ; Home
                                     38 ;--------------------------------------------------------
                                     39 	.area _HOME
                                     40 	.area _HOME
                                     41 ;--------------------------------------------------------
                                     42 ; code
                                     43 ;--------------------------------------------------------
                                     44 	.area _CODE_125
                                     45 ;src/cycles_sprites.c:4: BANKREF(cycles_sp)
                                     46 ;	---------------------------------
                                     47 ; Function __func_cycles_sp
                                     48 ; ---------------------------------
                         0000007D    49 	b___func_cycles_sp	= 125
    00000000                         50 ___func_cycles_sp::
                                     51 	.local b___func_cycles_sp 
                         0000007D    52 	___bank_cycles_sp = b___func_cycles_sp 
                                     53 	.globl ___bank_cycles_sp 
                                     54 	.area _CODE_125
    00000000                         55 _cycles_sp:
    00000000 12 00                   56 	.dw #0x0012
    00000002 06                      57 	.db #0x06	; 6
    00000003 2D                      58 	.db #0x2d	; 45
    00000004 13 00                   59 	.dw #0x0013
    00000006 06                      60 	.db #0x06	; 6
    00000007 2D                      61 	.db #0x2d	; 45
    00000008 17 00                   62 	.dw #0x0017
    0000000A 06                      63 	.db #0x06	; 6
    0000000B 2D                      64 	.db #0x2d	; 45
    0000000C 18 00                   65 	.dw #0x0018
    0000000E 06                      66 	.db #0x06	; 6
    0000000F 2D                      67 	.db #0x2d	; 45
    00000010 1C 00                   68 	.dw #0x001c
    00000012 00                      69 	.db #0x00	; 0
    00000013 0A                      70 	.db #0x0a	; 10
    00000014 21 00                   71 	.dw #0x0021
    00000016 01                      72 	.db #0x01	; 1
    00000017 0B                      73 	.db #0x0b	; 11
    00000018 25 00                   74 	.dw #0x0025
    0000001A 03                      75 	.db #0x03	; 3
    0000001B 09                      76 	.db #0x09	; 9
    0000001C 27 00                   77 	.dw #0x0027
    0000001E 06                      78 	.db #0x06	; 6
    0000001F 2D                      79 	.db #0x2d	; 45
    00000020 29 00                   80 	.dw #0x0029
    00000022 06                      81 	.db #0x06	; 6
    00000023 2D                      82 	.db #0x2d	; 45
    00000024 2B 00                   83 	.dw #0x002b
    00000026 07                      84 	.db #0x07	; 7
    00000027 2D                      85 	.db #0x2d	; 45
    00000028 30 00                   86 	.dw #0x0030
    0000002A 07                      87 	.db #0x07	; 7
    0000002B 2D                      88 	.db #0x2d	; 45
    0000002C 31 00                   89 	.dw #0x0031
    0000002E 03                      90 	.db #0x03	; 3
    0000002F 08                      91 	.db #0x08	; 8
    00000030 39 00                   92 	.dw #0x0039
    00000032 03                      93 	.db #0x03	; 3
    00000033 2D                      94 	.db #0x2d	; 45
    00000034 3B 00                   95 	.dw #0x003b
    00000036 03                      96 	.db #0x03	; 3
    00000037 2D                      97 	.db #0x2d	; 45
    00000038 49 00                   98 	.dw #0x0049
    0000003A 03                      99 	.db #0x03	; 3
    0000003B 09                     100 	.db #0x09	; 9
    0000003C 4B 00                  101 	.dw #0x004b
    0000003E 07                     102 	.db #0x07	; 7
    0000003F 2D                     103 	.db #0x2d	; 45
    00000040 4F 00                  104 	.dw #0x004f
    00000042 07                     105 	.db #0x07	; 7
    00000043 2D                     106 	.db #0x2d	; 45
    00000044 51 00                  107 	.dw #0x0051
    00000046 08                     108 	.db #0x08	; 8
    00000047 2D                     109 	.db #0x2d	; 45
    00000048 52 00                  110 	.dw #0x0052
    0000004A 04                     111 	.db #0x04	; 4
    0000004B 0B                     112 	.db #0x0b	; 11
    0000004C 56 00                  113 	.dw #0x0056
    0000004E 04                     114 	.db #0x04	; 4
    0000004F 0B                     115 	.db #0x0b	; 11
    00000050 59 00                  116 	.dw #0x0059
    00000052 08                     117 	.db #0x08	; 8
    00000053 2D                     118 	.db #0x2d	; 45
    00000054 5A 00                  119 	.dw #0x005a
    00000056 04                     120 	.db #0x04	; 4
    00000057 08                     121 	.db #0x08	; 8
    00000058 61 00                  122 	.dw #0x0061
    0000005A 06                     123 	.db #0x06	; 6
    0000005B 2D                     124 	.db #0x2d	; 45
    0000005C 62 00                  125 	.dw #0x0062
    0000005E 06                     126 	.db #0x06	; 6
    0000005F 2D                     127 	.db #0x2d	; 45
    00000060 65 00                  128 	.dw #0x0065
    00000062 06                     129 	.db #0x06	; 6
    00000063 2D                     130 	.db #0x2d	; 45
    00000064 67 00                  131 	.dw #0x0067
    00000066 06                     132 	.db #0x06	; 6
    00000067 2D                     133 	.db #0x2d	; 45
    00000068 6B 00                  134 	.dw #0x006b
    0000006A 06                     135 	.db #0x06	; 6
    0000006B 2D                     136 	.db #0x2d	; 45
    0000006C 6E 00                  137 	.dw #0x006e
    0000006E 08                     138 	.db #0x08	; 8
    0000006F 2D                     139 	.db #0x2d	; 45
    00000070 6E 00                  140 	.dw #0x006e
    00000072 02                     141 	.db #0x02	; 2
    00000073 0B                     142 	.db #0x0b	; 11
    00000074 71 00                  143 	.dw #0x0071
    00000076 06                     144 	.db #0x06	; 6
    00000077 2D                     145 	.db #0x2d	; 45
    00000078 75 00                  146 	.dw #0x0075
    0000007A 06                     147 	.db #0x06	; 6
    0000007B 2D                     148 	.db #0x2d	; 45
    0000007C 77 00                  149 	.dw #0x0077
    0000007E 06                     150 	.db #0x06	; 6
    0000007F 2D                     151 	.db #0x2d	; 45
    00000080 78 00                  152 	.dw #0x0078
    00000082 03                     153 	.db #0x03	; 3
    00000083 69                     154 	.db #0x69	; 105	'i'
    00000084 79 00                  155 	.dw #0x0079
    00000086 06                     156 	.db #0x06	; 6
    00000087 2D                     157 	.db #0x2d	; 45
    00000088 7B 00                  158 	.dw #0x007b
    0000008A 06                     159 	.db #0x06	; 6
    0000008B 2D                     160 	.db #0x2d	; 45
    0000008C 7D 00                  161 	.dw #0x007d
    0000008E 07                     162 	.db #0x07	; 7
    0000008F 2D                     163 	.db #0x2d	; 45
    00000090 7F 00                  164 	.dw #0x007f
    00000092 08                     165 	.db #0x08	; 8
    00000093 2D                     166 	.db #0x2d	; 45
    00000094 81 00                  167 	.dw #0x0081
    00000096 09                     168 	.db #0x09	; 9
    00000097 2D                     169 	.db #0x2d	; 45
    00000098 83 00                  170 	.dw #0x0083
    0000009A 09                     171 	.db #0x09	; 9
    0000009B 2D                     172 	.db #0x2d	; 45
    0000009C 85 00                  173 	.dw #0x0085
    0000009E 0A                     174 	.db #0x0a	; 10
    0000009F 2D                     175 	.db #0x2d	; 45
    000000A0 87 00                  176 	.dw #0x0087
    000000A2 06                     177 	.db #0x06	; 6
    000000A3 09                     178 	.db #0x09	; 9
    000000A4 92 00                  179 	.dw #0x0092
    000000A6 05                     180 	.db #0x05	; 5
    000000A7 08                     181 	.db #0x08	; 8
    000000A8 96 00                  182 	.dw #0x0096
    000000AA 09                     183 	.db #0x09	; 9
    000000AB 2D                     184 	.db #0x2d	; 45
    000000AC 98 00                  185 	.dw #0x0098
    000000AE 09                     186 	.db #0x09	; 9
    000000AF 2D                     187 	.db #0x2d	; 45
    000000B0 9F 00                  188 	.dw #0x009f
    000000B2 09                     189 	.db #0x09	; 9
    000000B3 2D                     190 	.db #0x2d	; 45
    000000B4 A1 00                  191 	.dw #0x00a1
    000000B6 09                     192 	.db #0x09	; 9
    000000B7 2D                     193 	.db #0x2d	; 45
    000000B8 A3 00                  194 	.dw #0x00a3
    000000BA 08                     195 	.db #0x08	; 8
    000000BB 2D                     196 	.db #0x2d	; 45
    000000BC A4 00                  197 	.dw #0x00a4
    000000BE 04                     198 	.db #0x04	; 4
    000000BF 09                     199 	.db #0x09	; 9
    000000C0 B0 00                  200 	.dw #0x00b0
    000000C2 06                     201 	.db #0x06	; 6
    000000C3 0C                     202 	.db #0x0c	; 12
    000000C4 B4 00                  203 	.dw #0x00b4
    000000C6 03                     204 	.db #0x03	; 3
    000000C7 0B                     205 	.db #0x0b	; 11
    000000C8 BA 00                  206 	.dw #0x00ba
    000000CA 06                     207 	.db #0x06	; 6
    000000CB 08                     208 	.db #0x08	; 8
    000000CC BE 00                  209 	.dw #0x00be
    000000CE 02                     210 	.db #0x02	; 2
    000000CF 0B                     211 	.db #0x0b	; 11
    000000D0 C9 00                  212 	.dw #0x00c9
    000000D2 00                     213 	.db #0x00	; 0
    000000D3 0A                     214 	.db #0x0a	; 10
    000000D4 CE 00                  215 	.dw #0x00ce
    000000D6 03                     216 	.db #0x03	; 3
    000000D7 0B                     217 	.db #0x0b	; 11
    000000D8 CE 00                  218 	.dw #0x00ce
    000000DA 00                     219 	.db #0x00	; 0
    000000DB 0A                     220 	.db #0x0a	; 10
    000000DC D0 00                  221 	.dw #0x00d0
    000000DE 05                     222 	.db #0x05	; 5
    000000DF 0B                     223 	.db #0x0b	; 11
    000000E0 D2 00                  224 	.dw #0x00d2
    000000E2 00                     225 	.db #0x00	; 0
    000000E3 0A                     226 	.db #0x0a	; 10
    000000E4 E6 00                  227 	.dw #0x00e6
    000000E6 02                     228 	.db #0x02	; 2
    000000E7 0A                     229 	.db #0x0a	; 10
    000000E8 F8 00                  230 	.dw #0x00f8
    000000EA 03                     231 	.db #0x03	; 3
    000000EB 0A                     232 	.db #0x0a	; 10
    000000EC FD 00                  233 	.dw #0x00fd
    000000EE 03                     234 	.db #0x03	; 3
    000000EF 0A                     235 	.db #0x0a	; 10
    000000F0 00 01                  236 	.dw #0x0100
    000000F2 01                     237 	.db #0x01	; 1
    000000F3 0A                     238 	.db #0x0a	; 10
    000000F4 01 01                  239 	.dw #0x0101
    000000F6 01                     240 	.db #0x01	; 1
    000000F7 0A                     241 	.db #0x0a	; 10
    000000F8 04 01                  242 	.dw #0x0104
    000000FA 05                     243 	.db #0x05	; 5
    000000FB 0B                     244 	.db #0x0b	; 11
    000000FC 09 01                  245 	.dw #0x0109
    000000FE 0A                     246 	.db #0x0a	; 10
    000000FF 2D                     247 	.db #0x2d	; 45
    00000100 0B 01                  248 	.dw #0x010b
    00000102 09                     249 	.db #0x09	; 9
    00000103 2D                     250 	.db #0x2d	; 45
    00000104 0D 01                  251 	.dw #0x010d
    00000106 09                     252 	.db #0x09	; 9
    00000107 2D                     253 	.db #0x2d	; 45
    00000108 0E 01                  254 	.dw #0x010e
    0000010A 06                     255 	.db #0x06	; 6
    0000010B 79                     256 	.db #0x79	; 121	'y'
    0000010C 0F 01                  257 	.dw #0x010f
    0000010E 09                     258 	.db #0x09	; 9
    0000010F 2D                     259 	.db #0x2d	; 45
    00000110 11 01                  260 	.dw #0x0111
    00000112 04                     261 	.db #0x04	; 4
    00000113 0A                     262 	.db #0x0a	; 10
    00000114 15 01                  263 	.dw #0x0115
    00000116 08                     264 	.db #0x08	; 8
    00000117 0B                     265 	.db #0x0b	; 11
    00000118 19 01                  266 	.dw #0x0119
    0000011A 09                     267 	.db #0x09	; 9
    0000011B 0B                     268 	.db #0x0b	; 11
    0000011C 1D 01                  269 	.dw #0x011d
    0000011E 0E                     270 	.db #0x0e	; 14
    0000011F 2D                     271 	.db #0x2d	; 45
    00000120 1F 01                  272 	.dw #0x011f
    00000122 0C                     273 	.db #0x0c	; 12
    00000123 2D                     274 	.db #0x2d	; 45
    00000124 21 01                  275 	.dw #0x0121
    00000126 0A                     276 	.db #0x0a	; 10
    00000127 2D                     277 	.db #0x2d	; 45
    00000128 23 01                  278 	.dw #0x0123
    0000012A 08                     279 	.db #0x08	; 8
    0000012B 2D                     280 	.db #0x2d	; 45
    0000012C 25 01                  281 	.dw #0x0125
    0000012E 06                     282 	.db #0x06	; 6
    0000012F 2D                     283 	.db #0x2d	; 45
    00000130 27 01                  284 	.dw #0x0127
    00000132 07                     285 	.db #0x07	; 7
    00000133 69                     286 	.db #0x69	; 105	'i'
    00000134 27 01                  287 	.dw #0x0127
    00000136 04                     288 	.db #0x04	; 4
    00000137 2D                     289 	.db #0x2d	; 45
    00000138 29 01                  290 	.dw #0x0129
    0000013A 07                     291 	.db #0x07	; 7
    0000013B 73                     292 	.db #0x73	; 115	's'
    0000013C 2E 01                  293 	.dw #0x012e
    0000013E 02                     294 	.db #0x02	; 2
    0000013F 02                     295 	.db #0x02	; 2
    00000140 3A 01                  296 	.dw #0x013a
    00000142 06                     297 	.db #0x06	; 6
    00000143 66                     298 	.db #0x66	; 102	'f'
    00000144 3C 01                  299 	.dw #0x013c
    00000146 06                     300 	.db #0x06	; 6
    00000147 67                     301 	.db #0x67	; 103	'g'
    00000148 5A 01                  302 	.dw #0x015a
    0000014A 06                     303 	.db #0x06	; 6
    0000014B 2D                     304 	.db #0x2d	; 45
    0000014C 5E 01                  305 	.dw #0x015e
    0000014E 06                     306 	.db #0x06	; 6
    0000014F 2D                     307 	.db #0x2d	; 45
    00000150 65 01                  308 	.dw #0x0165
    00000152 06                     309 	.db #0x06	; 6
    00000153 2D                     310 	.db #0x2d	; 45
    00000154 68 01                  311 	.dw #0x0168
    00000156 06                     312 	.db #0x06	; 6
    00000157 2D                     313 	.db #0x2d	; 45
    00000158 6B 01                  314 	.dw #0x016b
    0000015A 06                     315 	.db #0x06	; 6
    0000015B 0B                     316 	.db #0x0b	; 11
    0000015C 6F 01                  317 	.dw #0x016f
    0000015E 05                     318 	.db #0x05	; 5
    0000015F 0B                     319 	.db #0x0b	; 11
    00000160 73 01                  320 	.dw #0x0173
    00000162 04                     321 	.db #0x04	; 4
    00000163 0B                     322 	.db #0x0b	; 11
    00000164 77 01                  323 	.dw #0x0177
    00000166 04                     324 	.db #0x04	; 4
    00000167 2D                     325 	.db #0x2d	; 45
    00000168 79 01                  326 	.dw #0x0179
    0000016A 04                     327 	.db #0x04	; 4
    0000016B 2D                     328 	.db #0x2d	; 45
    0000016C 7E 01                  329 	.dw #0x017e
    0000016E 04                     330 	.db #0x04	; 4
    0000016F 2D                     331 	.db #0x2d	; 45
    00000170 80 01                  332 	.dw #0x0180
    00000172 04                     333 	.db #0x04	; 4
    00000173 2D                     334 	.db #0x2d	; 45
    00000174 81 01                  335 	.dw #0x0181
    00000176 06                     336 	.db #0x06	; 6
    00000177 2D                     337 	.db #0x2d	; 45
    00000178 87 01                  338 	.dw #0x0187
    0000017A 01                     339 	.db #0x01	; 1
    0000017B 13                     340 	.db #0x13	; 19
    0000017C 8C 01                  341 	.dw #0x018c
    0000017E 06                     342 	.db #0x06	; 6
    0000017F 2D                     343 	.db #0x2d	; 45
    00000180 8C 01                  344 	.dw #0x018c
    00000182 04                     345 	.db #0x04	; 4
    00000183 0C                     346 	.db #0x0c	; 12
    00000184 90 01                  347 	.dw #0x0190
    00000186 06                     348 	.db #0x06	; 6
    00000187 2D                     349 	.db #0x2d	; 45
    00000188 93 01                  350 	.dw #0x0193
    0000018A 06                     351 	.db #0x06	; 6
    0000018B 2D                     352 	.db #0x2d	; 45
    0000018C C0 01                  353 	.dw #0x01c0
    0000018E 04                     354 	.db #0x04	; 4
    0000018F 01                     355 	.db #0x01	; 1
    00000190 C1 01                  356 	.dw #0x01c1
    00000192 04                     357 	.db #0x04	; 4
    00000193 08                     358 	.db #0x08	; 8
    00000194 C9 01                  359 	.dw #0x01c9
    00000196 03                     360 	.db #0x03	; 3
    00000197 09                     361 	.db #0x09	; 9
    00000198 CA 01                  362 	.dw #0x01ca
    0000019A 06                     363 	.db #0x06	; 6
    0000019B 68                     364 	.db #0x68	; 104	'h'
    0000019C CC 01                  365 	.dw #0x01cc
    0000019E 06                     366 	.db #0x06	; 6
    0000019F 78                     367 	.db #0x78	; 120	'x'
    000001A0 D2 01                  368 	.dw #0x01d2
    000001A2 07                     369 	.db #0x07	; 7
    000001A3 08                     370 	.db #0x08	; 8
    000001A4 D3 01                  371 	.dw #0x01d3
    000001A6 06                     372 	.db #0x06	; 6
    000001A7 77                     373 	.db #0x77	; 119	'w'
    000001A8 DB 01                  374 	.dw #0x01db
    000001AA 04                     375 	.db #0x04	; 4
    000001AB 09                     376 	.db #0x09	; 9
    000001AC DC 01                  377 	.dw #0x01dc
    000001AE 06                     378 	.db #0x06	; 6
    000001AF 78                     379 	.db #0x78	; 120	'x'
    000001B0 E4 01                  380 	.dw #0x01e4
    000001B2 07                     381 	.db #0x07	; 7
    000001B3 08                     382 	.db #0x08	; 8
    000001B4 E5 01                  383 	.dw #0x01e5
    000001B6 06                     384 	.db #0x06	; 6
    000001B7 79                     385 	.db #0x79	; 121	'y'
    000001B8 ED 01                  386 	.dw #0x01ed
    000001BA 04                     387 	.db #0x04	; 4
    000001BB 09                     388 	.db #0x09	; 9
    000001BC EE 01                  389 	.dw #0x01ee
    000001BE 06                     390 	.db #0x06	; 6
    000001BF 78                     391 	.db #0x78	; 120	'x'
    000001C0 F6 01                  392 	.dw #0x01f6
    000001C2 07                     393 	.db #0x07	; 7
    000001C3 08                     394 	.db #0x08	; 8
    000001C4 F7 01                  395 	.dw #0x01f7
    000001C6 06                     396 	.db #0x06	; 6
    000001C7 77                     397 	.db #0x77	; 119	'w'
    000001C8 FE 01                  398 	.dw #0x01fe
    000001CA 04                     399 	.db #0x04	; 4
    000001CB 09                     400 	.db #0x09	; 9
    000001CC 00 02                  401 	.dw #0x0200
    000001CE 06                     402 	.db #0x06	; 6
    000001CF 78                     403 	.db #0x78	; 120	'x'
    000001D0 08 02                  404 	.dw #0x0208
    000001D2 06                     405 	.db #0x06	; 6
    000001D3 77                     406 	.db #0x77	; 119	'w'
    000001D4 11 02                  407 	.dw #0x0211
    000001D6 06                     408 	.db #0x06	; 6
    000001D7 79                     409 	.db #0x79	; 121	'y'
    000001D8 1A 02                  410 	.dw #0x021a
    000001DA 06                     411 	.db #0x06	; 6
    000001DB 78                     412 	.db #0x78	; 120	'x'
    000001DC 23 02                  413 	.dw #0x0223
    000001DE 06                     414 	.db #0x06	; 6
    000001DF 79                     415 	.db #0x79	; 121	'y'
    000001E0 24 02                  416 	.dw #0x0224
    000001E2 05                     417 	.db #0x05	; 5
    000001E3 08                     418 	.db #0x08	; 8
    000001E4 2C 02                  419 	.dw #0x022c
    000001E6 06                     420 	.db #0x06	; 6
    000001E7 78                     421 	.db #0x78	; 120	'x'
    000001E8 35 02                  422 	.dw #0x0235
    000001EA 06                     423 	.db #0x06	; 6
    000001EB 79                     424 	.db #0x79	; 121	'y'
    000001EC 3E 02                  425 	.dw #0x023e
    000001EE 06                     426 	.db #0x06	; 6
    000001EF 78                     427 	.db #0x78	; 120	'x'
    000001F0 48 02                  428 	.dw #0x0248
    000001F2 06                     429 	.db #0x06	; 6
    000001F3 77                     430 	.db #0x77	; 119	'w'
    000001F4 4B 02                  431 	.dw #0x024b
    000001F6 05                     432 	.db #0x05	; 5
    000001F7 00                     433 	.db #0x00	; 0
    000001F8 53 02                  434 	.dw #0x0253
    000001FA 07                     435 	.db #0x07	; 7
    000001FB 67                     436 	.db #0x67	; 103	'g'
    000001FC 55 02                  437 	.dw #0x0255
    000001FE 02                     438 	.db #0x02	; 2
    000001FF 73                     439 	.db #0x73	; 115	's'
    00000200 5E 02                  440 	.dw #0x025e
    00000202 02                     441 	.db #0x02	; 2
    00000203 02                     442 	.db #0x02	; 2
    00000204 67 02                  443 	.dw #0x0267
    00000206 05                     444 	.db #0x05	; 5
    00000207 69                     445 	.db #0x69	; 105	'i'
    00000208 8D 02                  446 	.dw #0x028d
    0000020A 02                     447 	.db #0x02	; 2
    0000020B 0A                     448 	.db #0x0a	; 10
    0000020C 92 02                  449 	.dw #0x0292
    0000020E 01                     450 	.db #0x01	; 1
    0000020F 0B                     451 	.db #0x0b	; 11
    00000210 96 02                  452 	.dw #0x0296
    00000212 02                     453 	.db #0x02	; 2
    00000213 0B                     454 	.db #0x0b	; 11
    00000214 9A 02                  455 	.dw #0x029a
    00000216 03                     456 	.db #0x03	; 3
    00000217 0B                     457 	.db #0x0b	; 11
    00000218 AE 02                  458 	.dw #0x02ae
    0000021A 04                     459 	.db #0x04	; 4
    0000021B 67                     460 	.db #0x67	; 103	'g'
    0000021C B0 02                  461 	.dw #0x02b0
    0000021E 04                     462 	.db #0x04	; 4
    0000021F 65                     463 	.db #0x65	; 101	'e'
    00000220 C1 02                  464 	.dw #0x02c1
    00000222 06                     465 	.db #0x06	; 6
    00000223 0C                     466 	.db #0x0c	; 12
    00000224 C4 02                  467 	.dw #0x02c4
    00000226 07                     468 	.db #0x07	; 7
    00000227 2D                     469 	.db #0x2d	; 45
    00000228 C7 02                  470 	.dw #0x02c7
    0000022A 07                     471 	.db #0x07	; 7
    0000022B 2D                     472 	.db #0x2d	; 45
    0000022C C9 02                  473 	.dw #0x02c9
    0000022E 05                     474 	.db #0x05	; 5
    0000022F 2D                     475 	.db #0x2d	; 45
    00000230 CA 02                  476 	.dw #0x02ca
    00000232 05                     477 	.db #0x05	; 5
    00000233 2D                     478 	.db #0x2d	; 45
    00000234 CE 02                  479 	.dw #0x02ce
    00000236 05                     480 	.db #0x05	; 5
    00000237 2D                     481 	.db #0x2d	; 45
    00000238 CF 02                  482 	.dw #0x02cf
    0000023A 05                     483 	.db #0x05	; 5
    0000023B 2D                     484 	.db #0x2d	; 45
    0000023C D1 02                  485 	.dw #0x02d1
    0000023E 06                     486 	.db #0x06	; 6
    0000023F 2D                     487 	.db #0x2d	; 45
    00000240 D5 02                  488 	.dw #0x02d5
    00000242 06                     489 	.db #0x06	; 6
    00000243 2D                     490 	.db #0x2d	; 45
    00000244 D8 02                  491 	.dw #0x02d8
    00000246 06                     492 	.db #0x06	; 6
    00000247 2D                     493 	.db #0x2d	; 45
    00000248 E0 02                  494 	.dw #0x02e0
    0000024A 02                     495 	.db #0x02	; 2
    0000024B 0A                     496 	.db #0x0a	; 10
    0000024C E3 02                  497 	.dw #0x02e3
    0000024E 04                     498 	.db #0x04	; 4
    0000024F 0B                     499 	.db #0x0b	; 11
    00000250 E6 02                  500 	.dw #0x02e6
    00000252 02                     501 	.db #0x02	; 2
    00000253 0B                     502 	.db #0x0b	; 11
    00000254 F6 02                  503 	.dw #0x02f6
    00000256 03                     504 	.db #0x03	; 3
    00000257 10                     505 	.db #0x10	; 16
    00000258 F6 02                  506 	.dw #0x02f6
    0000025A 01                     507 	.db #0x01	; 1
    0000025B 77                     508 	.db #0x77	; 119	'w'
    0000025C F8 02                  509 	.dw #0x02f8
    0000025E 01                     510 	.db #0x01	; 1
    0000025F 79                     511 	.db #0x79	; 121	'y'
    00000260 02 03                  512 	.dw #0x0302
    00000262 03                     513 	.db #0x03	; 3
    00000263 13                     514 	.db #0x13	; 19
    00000264 0B 03                  515 	.dw #0x030b
    00000266 03                     516 	.db #0x03	; 3
    00000267 13                     517 	.db #0x13	; 19
    00000268 15 03                  518 	.dw #0x0315
    0000026A 01                     519 	.db #0x01	; 1
    0000026B 0A                     520 	.db #0x0a	; 10
    0000026C 19 03                  521 	.dw #0x0319
    0000026E 03                     522 	.db #0x03	; 3
    0000026F 0B                     523 	.db #0x0b	; 11
    00000270 1E 03                  524 	.dw #0x031e
    00000272 04                     525 	.db #0x04	; 4
    00000273 09                     526 	.db #0x09	; 9
    00000274 35 03                  527 	.dw #0x0335
    00000276 0B                     528 	.db #0x0b	; 11
    00000277 0F                     529 	.db #0x0f	; 15
    00000278 35 03                  530 	.dw #0x0335
    0000027A 05                     531 	.db #0x05	; 5
    0000027B 0F                     532 	.db #0x0f	; 15
    0000027C FF FF                  533 	.dw #0xffff
    0000027E 00                     534 	.db #0x00	; 0
    0000027F 00                     535 	.db #0x00	; 0
                                    536 	.area _INITIALIZER
                                    537 	.area _CABS (ABS)
