                                      1 ;--------------------------------------------------------
                                      2 ; File Created by SDCC : free open source ISO C Compiler
                                      3 ; Version 4.5.1 #15267 (MINGW64)
                                      4 ;--------------------------------------------------------
                                      5 	.module dryout_sprites
                                      6 	
                                      7 ;--------------------------------------------------------
                                      8 ; Public variables in this module
                                      9 ;--------------------------------------------------------
                                     10 	.globl _dryout_portals
                                     11 	.globl b___func_dryout_portals
                                     12 	.globl ___func_dryout_portals
                                     13 ;--------------------------------------------------------
                                     14 ; special function registers
                                     15 ;--------------------------------------------------------
                                     16 	.area _HRAM
                                     17 ;--------------------------------------------------------
                                     18 ; ram data
                                     19 ;--------------------------------------------------------
                                     20 	.area _DATA
                                     21 ;--------------------------------------------------------
                                     22 ; ram data
                                     23 ;--------------------------------------------------------
                                     24 	.area _INITIALIZED
                                     25 ;--------------------------------------------------------
                                     26 ; absolute external ram data
                                     27 ;--------------------------------------------------------
                                     28 	.area _DABS (ABS)
                                     29 ;--------------------------------------------------------
                                     30 ; global & static initialisations
                                     31 ;--------------------------------------------------------
                                     32 	.area _HOME
                                     33 	.area _GSINIT
                                     34 	.area _GSFINAL
                                     35 	.area _GSINIT
                                     36 ;--------------------------------------------------------
                                     37 ; Home
                                     38 ;--------------------------------------------------------
                                     39 	.area _HOME
                                     40 	.area _HOME
                                     41 ;--------------------------------------------------------
                                     42 ; code
                                     43 ;--------------------------------------------------------
                                     44 	.area _CODE_125
                                     45 ;src/dryout_sprites.c:4: BANKREF(dryout_portals)
                                     46 ;	---------------------------------
                                     47 ; Function __func_dryout_portals
                                     48 ; ---------------------------------
                         0000007D    49 	b___func_dryout_portals	= 125
    00000000                         50 ___func_dryout_portals::
                                     51 	.local b___func_dryout_portals 
                         0000007D    52 	___bank_dryout_portals = b___func_dryout_portals 
                                     53 	.globl ___bank_dryout_portals 
                                     54 	.area _CODE_125
    00000000                         55 _dryout_portals:
    00000000 26 00                   56 	.dw #0x0026
    00000002 1A                      57 	.db #0x1a	; 26
    00000003 0C                      58 	.db #0x0c	; 12
    00000004 2E 00                   59 	.dw #0x002e
    00000006 1A                      60 	.db #0x1a	; 26
    00000007 66                      61 	.db #0x66	; 102	'f'
    00000008 34 00                   62 	.dw #0x0034
    0000000A 17                      63 	.db #0x17	; 23
    0000000B 0B                      64 	.db #0x0b	; 11
    0000000C 46 00                   65 	.dw #0x0046
    0000000E 19                      66 	.db #0x19	; 25
    0000000F 0A                      67 	.db #0x0a	; 10
    00000010 4E 00                   68 	.dw #0x004e
    00000012 15                      69 	.db #0x15	; 21
    00000013 0B                      70 	.db #0x0b	; 11
    00000014 59 00                   71 	.dw #0x0059
    00000016 1A                      72 	.db #0x1a	; 26
    00000017 0E                      73 	.db #0x0e	; 14
    00000018 5B 00                   74 	.dw #0x005b
    0000001A 14                      75 	.db #0x14	; 20
    0000001B 0B                      76 	.db #0x0b	; 11
    0000001C 61 00                   77 	.dw #0x0061
    0000001E 19                      78 	.db #0x19	; 25
    0000001F 66                      79 	.db #0x66	; 102	'f'
    00000020 6B 00                   80 	.dw #0x006b
    00000022 1A                      81 	.db #0x1a	; 26
    00000023 0C                      82 	.db #0x0c	; 12
    00000024 6D 00                   83 	.dw #0x006d
    00000026 17                      84 	.db #0x17	; 23
    00000027 0B                      85 	.db #0x0b	; 11
    00000028 6F 00                   86 	.dw #0x006f
    0000002A 17                      87 	.db #0x17	; 23
    0000002B 0B                      88 	.db #0x0b	; 11
    0000002C 70 00                   89 	.dw #0x0070
    0000002E 1A                      90 	.db #0x1a	; 26
    0000002F 0E                      91 	.db #0x0e	; 14
    00000030 72 00                   92 	.dw #0x0072
    00000032 1A                      93 	.db #0x1a	; 26
    00000033 0E                      94 	.db #0x0e	; 14
    00000034 74 00                   95 	.dw #0x0074
    00000036 17                      96 	.db #0x17	; 23
    00000037 0A                      97 	.db #0x0a	; 10
    00000038 78 00                   98 	.dw #0x0078
    0000003A 19                      99 	.db #0x19	; 25
    0000003B 0A                     100 	.db #0x0a	; 10
    0000003C 7B 00                  101 	.dw #0x007b
    0000003E 1A                     102 	.db #0x1a	; 26
    0000003F 0C                     103 	.db #0x0c	; 12
    00000040 82 00                  104 	.dw #0x0082
    00000042 18                     105 	.db #0x18	; 24
    00000043 66                     106 	.db #0x66	; 102	'f'
    00000044 90 00                  107 	.dw #0x0090
    00000046 1A                     108 	.db #0x1a	; 26
    00000047 0C                     109 	.db #0x0c	; 12
    00000048 91 00                  110 	.dw #0x0091
    0000004A 18                     111 	.db #0x18	; 24
    0000004B 0B                     112 	.db #0x0b	; 11
    0000004C 93 00                  113 	.dw #0x0093
    0000004E 18                     114 	.db #0x18	; 24
    0000004F 66                     115 	.db #0x66	; 102	'f'
    00000050 94 00                  116 	.dw #0x0094
    00000052 1A                     117 	.db #0x1a	; 26
    00000053 0C                     118 	.db #0x0c	; 12
    00000054 95 00                  119 	.dw #0x0095
    00000056 17                     120 	.db #0x17	; 23
    00000057 0B                     121 	.db #0x0b	; 11
    00000058 99 00                  122 	.dw #0x0099
    0000005A 14                     123 	.db #0x14	; 20
    0000005B 0B                     124 	.db #0x0b	; 11
    0000005C A0 00                  125 	.dw #0x00a0
    0000005E 16                     126 	.db #0x16	; 22
    0000005F 0B                     127 	.db #0x0b	; 11
    00000060 A2 00                  128 	.dw #0x00a2
    00000062 18                     129 	.db #0x18	; 24
    00000063 66                     130 	.db #0x66	; 102	'f'
    00000064 A8 00                  131 	.dw #0x00a8
    00000066 16                     132 	.db #0x16	; 22
    00000067 0B                     133 	.db #0x0b	; 11
    00000068 AD 00                  134 	.dw #0x00ad
    0000006A 1A                     135 	.db #0x1a	; 26
    0000006B 0C                     136 	.db #0x0c	; 12
    0000006C B3 00                  137 	.dw #0x00b3
    0000006E 1A                     138 	.db #0x1a	; 26
    0000006F 0C                     139 	.db #0x0c	; 12
    00000070 B4 00                  140 	.dw #0x00b4
    00000072 15                     141 	.db #0x15	; 21
    00000073 0B                     142 	.db #0x0b	; 11
    00000074 B6 00                  143 	.dw #0x00b6
    00000076 15                     144 	.db #0x15	; 21
    00000077 0B                     145 	.db #0x0b	; 11
    00000078 B8 00                  146 	.dw #0x00b8
    0000007A 1A                     147 	.db #0x1a	; 26
    0000007B 0C                     148 	.db #0x0c	; 12
    0000007C C2 00                  149 	.dw #0x00c2
    0000007E 16                     150 	.db #0x16	; 22
    0000007F 0B                     151 	.db #0x0b	; 11
    00000080 D2 00                  152 	.dw #0x00d2
    00000082 1A                     153 	.db #0x1a	; 26
    00000083 0C                     154 	.db #0x0c	; 12
    00000084 D9 00                  155 	.dw #0x00d9
    00000086 1A                     156 	.db #0x1a	; 26
    00000087 0C                     157 	.db #0x0c	; 12
    00000088 DB 00                  158 	.dw #0x00db
    0000008A 14                     159 	.db #0x14	; 20
    0000008B 0B                     160 	.db #0x0b	; 11
    0000008C DD 00                  161 	.dw #0x00dd
    0000008E 14                     162 	.db #0x14	; 20
    0000008F 0B                     163 	.db #0x0b	; 11
    00000090 DE 00                  164 	.dw #0x00de
    00000092 1A                     165 	.db #0x1a	; 26
    00000093 0C                     166 	.db #0x0c	; 12
    00000094 E7 00                  167 	.dw #0x00e7
    00000096 1A                     168 	.db #0x1a	; 26
    00000097 0C                     169 	.db #0x0c	; 12
    00000098 EA 00                  170 	.dw #0x00ea
    0000009A 0E                     171 	.db #0x0e	; 14
    0000009B 0B                     172 	.db #0x0b	; 11
    0000009C EC 00                  173 	.dw #0x00ec
    0000009E 0F                     174 	.db #0x0f	; 15
    0000009F 0B                     175 	.db #0x0b	; 11
    000000A0 EC 00                  176 	.dw #0x00ec
    000000A2 1A                     177 	.db #0x1a	; 26
    000000A3 0E                     178 	.db #0x0e	; 14
    000000A4 EE 00                  179 	.dw #0x00ee
    000000A6 10                     180 	.db #0x10	; 16
    000000A7 0B                     181 	.db #0x0b	; 11
    000000A8 EF 00                  182 	.dw #0x00ef
    000000AA 1A                     183 	.db #0x1a	; 26
    000000AB 0C                     184 	.db #0x0c	; 12
    000000AC F3 00                  185 	.dw #0x00f3
    000000AE 1A                     186 	.db #0x1a	; 26
    000000AF 0E                     187 	.db #0x0e	; 14
    000000B0 F7 00                  188 	.dw #0x00f7
    000000B2 1A                     189 	.db #0x1a	; 26
    000000B3 0C                     190 	.db #0x0c	; 12
    000000B4 FA 00                  191 	.dw #0x00fa
    000000B6 1A                     192 	.db #0x1a	; 26
    000000B7 0C                     193 	.db #0x0c	; 12
    000000B8 FF 00                  194 	.dw #0x00ff
    000000BA 1A                     195 	.db #0x1a	; 26
    000000BB 0C                     196 	.db #0x0c	; 12
    000000BC 03 01                  197 	.dw #0x0103
    000000BE 1A                     198 	.db #0x1a	; 26
    000000BF 0C                     199 	.db #0x0c	; 12
    000000C0 08 01                  200 	.dw #0x0108
    000000C2 1A                     201 	.db #0x1a	; 26
    000000C3 0E                     202 	.db #0x0e	; 14
    000000C4 0C 01                  203 	.dw #0x010c
    000000C6 1A                     204 	.db #0x1a	; 26
    000000C7 0C                     205 	.db #0x0c	; 12
    000000C8 0D 01                  206 	.dw #0x010d
    000000CA 12                     207 	.db #0x12	; 18
    000000CB 0B                     208 	.db #0x0b	; 11
    000000CC 0F 01                  209 	.dw #0x010f
    000000CE 14                     210 	.db #0x14	; 20
    000000CF 0B                     211 	.db #0x0b	; 11
    000000D0 11 01                  212 	.dw #0x0111
    000000D2 15                     213 	.db #0x15	; 21
    000000D3 0B                     214 	.db #0x0b	; 11
    000000D4 13 01                  215 	.dw #0x0113
    000000D6 16                     216 	.db #0x16	; 22
    000000D7 0B                     217 	.db #0x0b	; 11
    000000D8 1C 01                  218 	.dw #0x011c
    000000DA 16                     219 	.db #0x16	; 22
    000000DB 66                     220 	.db #0x66	; 102	'f'
    000000DC 1E 01                  221 	.dw #0x011e
    000000DE 16                     222 	.db #0x16	; 22
    000000DF 67                     223 	.db #0x67	; 103	'g'
    000000E0 24 01                  224 	.dw #0x0124
    000000E2 18                     225 	.db #0x18	; 24
    000000E3 09                     226 	.db #0x09	; 9
    000000E4 29 01                  227 	.dw #0x0129
    000000E6 13                     228 	.db #0x13	; 19
    000000E7 66                     229 	.db #0x66	; 102	'f'
    000000E8 2B 01                  230 	.dw #0x012b
    000000EA 15                     231 	.db #0x15	; 21
    000000EB 65                     232 	.db #0x65	; 101	'e'
    000000EC 2D 01                  233 	.dw #0x012d
    000000EE 17                     234 	.db #0x17	; 23
    000000EF 64                     235 	.db #0x64	; 100	'd'
    000000F0 3E 01                  236 	.dw #0x013e
    000000F2 14                     237 	.db #0x14	; 20
    000000F3 64                     238 	.db #0x64	; 100	'd'
    000000F4 4D 01                  239 	.dw #0x014d
    000000F6 13                     240 	.db #0x13	; 19
    000000F7 0D                     241 	.db #0x0d	; 13
    000000F8 50 01                  242 	.dw #0x0150
    000000FA 14                     243 	.db #0x14	; 20
    000000FB 64                     244 	.db #0x64	; 100	'd'
    000000FC 5E 01                  245 	.dw #0x015e
    000000FE 14                     246 	.db #0x14	; 20
    000000FF 64                     247 	.db #0x64	; 100	'd'
    00000100 73 01                  248 	.dw #0x0173
    00000102 14                     249 	.db #0x14	; 20
    00000103 64                     250 	.db #0x64	; 100	'd'
    00000104 75 01                  251 	.dw #0x0175
    00000106 13                     252 	.db #0x13	; 19
    00000107 0D                     253 	.db #0x0d	; 13
    00000108 83 01                  254 	.dw #0x0183
    0000010A 14                     255 	.db #0x14	; 20
    0000010B 64                     256 	.db #0x64	; 100	'd'
    0000010C 94 01                  257 	.dw #0x0194
    0000010E 14                     258 	.db #0x14	; 20
    0000010F 64                     259 	.db #0x64	; 100	'd'
    00000110 98 01                  260 	.dw #0x0198
    00000112 13                     261 	.db #0x13	; 19
    00000113 0D                     262 	.db #0x0d	; 13
    00000114 A6 01                  263 	.dw #0x01a6
    00000116 14                     264 	.db #0x14	; 20
    00000117 64                     265 	.db #0x64	; 100	'd'
    00000118 AD 01                  266 	.dw #0x01ad
    0000011A 16                     267 	.db #0x16	; 22
    0000011B 08                     268 	.db #0x08	; 8
    0000011C B9 01                  269 	.dw #0x01b9
    0000011E 19                     270 	.db #0x19	; 25
    0000011F 65                     271 	.db #0x65	; 101	'e'
    00000120 BB 01                  272 	.dw #0x01bb
    00000122 19                     273 	.db #0x19	; 25
    00000123 65                     274 	.db #0x65	; 101	'e'
    00000124 C4 01                  275 	.dw #0x01c4
    00000126 1A                     276 	.db #0x1a	; 26
    00000127 0E                     277 	.db #0x0e	; 14
    00000128 D6 01                  278 	.dw #0x01d6
    0000012A 16                     279 	.db #0x16	; 22
    0000012B 0B                     280 	.db #0x0b	; 11
    0000012C 10 02                  281 	.dw #0x0210
    0000012E 15                     282 	.db #0x15	; 21
    0000012F 0B                     283 	.db #0x0b	; 11
    00000130 17 02                  284 	.dw #0x0217
    00000132 15                     285 	.db #0x15	; 21
    00000133 0B                     286 	.db #0x0b	; 11
    00000134 1D 02                  287 	.dw #0x021d
    00000136 1A                     288 	.db #0x1a	; 26
    00000137 0C                     289 	.db #0x0c	; 12
    00000138 20 02                  290 	.dw #0x0220
    0000013A 1A                     291 	.db #0x1a	; 26
    0000013B 0C                     292 	.db #0x0c	; 12
    0000013C 27 02                  293 	.dw #0x0227
    0000013E 1A                     294 	.db #0x1a	; 26
    0000013F 0E                     295 	.db #0x0e	; 14
    00000140 34 02                  296 	.dw #0x0234
    00000142 1A                     297 	.db #0x1a	; 26
    00000143 0C                     298 	.db #0x0c	; 12
    00000144 36 02                  299 	.dw #0x0236
    00000146 15                     300 	.db #0x15	; 21
    00000147 01                     301 	.db #0x01	; 1
    00000148 40 02                  302 	.dw #0x0240
    0000014A 19                     303 	.db #0x19	; 25
    0000014B 65                     304 	.db #0x65	; 101	'e'
    0000014C 42 02                  305 	.dw #0x0242
    0000014E 19                     306 	.db #0x19	; 25
    0000014F 64                     307 	.db #0x64	; 100	'd'
    00000150 52 02                  308 	.dw #0x0252
    00000152 1A                     309 	.db #0x1a	; 26
    00000153 64                     310 	.db #0x64	; 100	'd'
    00000154 62 02                  311 	.dw #0x0262
    00000156 1A                     312 	.db #0x1a	; 26
    00000157 64                     313 	.db #0x64	; 100	'd'
    00000158 79 02                  314 	.dw #0x0279
    0000015A 11                     315 	.db #0x11	; 17
    0000015B 0D                     316 	.db #0x0d	; 13
    0000015C 7A 02                  317 	.dw #0x027a
    0000015E 1A                     318 	.db #0x1a	; 26
    0000015F 0C                     319 	.db #0x0c	; 12
    00000160 7D 02                  320 	.dw #0x027d
    00000162 11                     321 	.db #0x11	; 17
    00000163 0D                     322 	.db #0x0d	; 13
    00000164 7F 02                  323 	.dw #0x027f
    00000166 1A                     324 	.db #0x1a	; 26
    00000167 0C                     325 	.db #0x0c	; 12
    00000168 84 02                  326 	.dw #0x0284
    0000016A 11                     327 	.db #0x11	; 17
    0000016B 0D                     328 	.db #0x0d	; 13
    0000016C 84 02                  329 	.dw #0x0284
    0000016E 1A                     330 	.db #0x1a	; 26
    0000016F 0C                     331 	.db #0x0c	; 12
    00000170 85 02                  332 	.dw #0x0285
    00000172 1A                     333 	.db #0x1a	; 26
    00000173 64                     334 	.db #0x64	; 100	'd'
    00000174 87 02                  335 	.dw #0x0287
    00000176 11                     336 	.db #0x11	; 17
    00000177 0D                     337 	.db #0x0d	; 13
    00000178 88 02                  338 	.dw #0x0288
    0000017A 1A                     339 	.db #0x1a	; 26
    0000017B 0C                     340 	.db #0x0c	; 12
    0000017C 8D 02                  341 	.dw #0x028d
    0000017E 1A                     342 	.db #0x1a	; 26
    0000017F 0C                     343 	.db #0x0c	; 12
    00000180 91 02                  344 	.dw #0x0291
    00000182 11                     345 	.db #0x11	; 17
    00000183 0D                     346 	.db #0x0d	; 13
    00000184 93 02                  347 	.dw #0x0293
    00000186 11                     348 	.db #0x11	; 17
    00000187 0D                     349 	.db #0x0d	; 13
    00000188 95 02                  350 	.dw #0x0295
    0000018A 1A                     351 	.db #0x1a	; 26
    0000018B 0C                     352 	.db #0x0c	; 12
    0000018C 97 02                  353 	.dw #0x0297
    0000018E 1A                     354 	.db #0x1a	; 26
    0000018F 64                     355 	.db #0x64	; 100	'd'
    00000190 98 02                  356 	.dw #0x0298
    00000192 11                     357 	.db #0x11	; 17
    00000193 0D                     358 	.db #0x0d	; 13
    00000194 99 02                  359 	.dw #0x0299
    00000196 1A                     360 	.db #0x1a	; 26
    00000197 0C                     361 	.db #0x0c	; 12
    00000198 A3 02                  362 	.dw #0x02a3
    0000019A 1A                     363 	.db #0x1a	; 26
    0000019B 0C                     364 	.db #0x0c	; 12
    0000019C A7 02                  365 	.dw #0x02a7
    0000019E 1A                     366 	.db #0x1a	; 26
    0000019F 0C                     367 	.db #0x0c	; 12
    000001A0 AB 02                  368 	.dw #0x02ab
    000001A2 11                     369 	.db #0x11	; 17
    000001A3 0D                     370 	.db #0x0d	; 13
    000001A4 AC 02                  371 	.dw #0x02ac
    000001A6 1A                     372 	.db #0x1a	; 26
    000001A7 0C                     373 	.db #0x0c	; 12
    000001A8 B1 02                  374 	.dw #0x02b1
    000001AA 11                     375 	.db #0x11	; 17
    000001AB 0D                     376 	.db #0x0d	; 13
    000001AC B2 02                  377 	.dw #0x02b2
    000001AE 1A                     378 	.db #0x1a	; 26
    000001AF 0C                     379 	.db #0x0c	; 12
    000001B0 B9 02                  380 	.dw #0x02b9
    000001B2 1A                     381 	.db #0x1a	; 26
    000001B3 64                     382 	.db #0x64	; 100	'd'
    000001B4 C3 02                  383 	.dw #0x02c3
    000001B6 15                     384 	.db #0x15	; 21
    000001B7 00                     385 	.db #0x00	; 0
    000001B8 CC 02                  386 	.dw #0x02cc
    000001BA 13                     387 	.db #0x13	; 19
    000001BB 0B                     388 	.db #0x0b	; 11
    000001BC CD 02                  389 	.dw #0x02cd
    000001BE 19                     390 	.db #0x19	; 25
    000001BF 65                     391 	.db #0x65	; 101	'e'
    000001C0 CE 02                  392 	.dw #0x02ce
    000001C2 14                     393 	.db #0x14	; 20
    000001C3 0B                     394 	.db #0x0b	; 11
    000001C4 CF 02                  395 	.dw #0x02cf
    000001C6 19                     396 	.db #0x19	; 25
    000001C7 65                     397 	.db #0x65	; 101	'e'
    000001C8 D0 02                  398 	.dw #0x02d0
    000001CA 15                     399 	.db #0x15	; 21
    000001CB 0B                     400 	.db #0x0b	; 11
    000001CC DA 02                  401 	.dw #0x02da
    000001CE 14                     402 	.db #0x14	; 20
    000001CF 0B                     403 	.db #0x0b	; 11
    000001D0 DB 02                  404 	.dw #0x02db
    000001D2 1A                     405 	.db #0x1a	; 26
    000001D3 0E                     406 	.db #0x0e	; 14
    000001D4 DD 02                  407 	.dw #0x02dd
    000001D6 19                     408 	.db #0x19	; 25
    000001D7 0A                     409 	.db #0x0a	; 10
    000001D8 E0 02                  410 	.dw #0x02e0
    000001DA 13                     411 	.db #0x13	; 19
    000001DB 0B                     412 	.db #0x0b	; 11
    000001DC E2 02                  413 	.dw #0x02e2
    000001DE 14                     414 	.db #0x14	; 20
    000001DF 0B                     415 	.db #0x0b	; 11
    000001E0 F3 02                  416 	.dw #0x02f3
    000001E2 1A                     417 	.db #0x1a	; 26
    000001E3 0C                     418 	.db #0x0c	; 12
    000001E4 FF 02                  419 	.dw #0x02ff
    000001E6 12                     420 	.db #0x12	; 18
    000001E7 0B                     421 	.db #0x0b	; 11
    000001E8 00 03                  422 	.dw #0x0300
    000001EA 1A                     423 	.db #0x1a	; 26
    000001EB 0E                     424 	.db #0x0e	; 14
    000001EC 02 03                  425 	.dw #0x0302
    000001EE 13                     426 	.db #0x13	; 19
    000001EF 0B                     427 	.db #0x0b	; 11
    000001F0 0E 03                  428 	.dw #0x030e
    000001F2 14                     429 	.db #0x14	; 20
    000001F3 0B                     430 	.db #0x0b	; 11
    000001F4 10 03                  431 	.dw #0x0310
    000001F6 15                     432 	.db #0x15	; 21
    000001F7 0B                     433 	.db #0x0b	; 11
    000001F8 25 03                  434 	.dw #0x0325
    000001FA 1A                     435 	.db #0x1a	; 26
    000001FB 0C                     436 	.db #0x0c	; 12
    000001FC 26 03                  437 	.dw #0x0326
    000001FE 14                     438 	.db #0x14	; 20
    000001FF 0B                     439 	.db #0x0b	; 11
    00000200 2F 03                  440 	.dw #0x032f
    00000202 11                     441 	.db #0x11	; 17
    00000203 0B                     442 	.db #0x0b	; 11
    00000204 33 03                  443 	.dw #0x0333
    00000206 1A                     444 	.db #0x1a	; 26
    00000207 0E                     445 	.db #0x0e	; 14
    00000208 36 03                  446 	.dw #0x0336
    0000020A 19                     447 	.db #0x19	; 25
    0000020B 65                     448 	.db #0x65	; 101	'e'
    0000020C FF FF                  449 	.dw #0xffff
    0000020E 00                     450 	.db #0x00	; 0
    0000020F 00                     451 	.db #0x00	; 0
                                    452 	.area _INITIALIZER
                                    453 	.area _CABS (ABS)
