                                      1 ;--------------------------------------------------------
                                      2 ; File Created by SDCC : free open source ISO C Compiler
                                      3 ; Version 4.5.1 #15267 (MINGW64)
                                      4 ;--------------------------------------------------------
                                      5 	.module famidash_sprites
                                      6 	
                                      7 ;--------------------------------------------------------
                                      8 ; Public variables in this module
                                      9 ;--------------------------------------------------------
                                     10 	.globl _famidash_sprite_table
                                     11 	.globl _famidash_deco_45
                                     12 	.globl _famidash_pink_orb
                                     13 	.globl _famidash_blue_orb
                                     14 	.globl _famidash_yellow_orb
                                     15 	.globl _famidash_pink_pad
                                     16 	.globl _famidash_blue_pad_up
                                     17 	.globl _famidash_blue_pad
                                     18 	.globl _famidash_yellow_pad_up
                                     19 	.globl _famidash_yellow_pad
                                     20 	.globl _famidash_gravity_up
                                     21 	.globl _famidash_gravity_down
                                     22 	.globl _famidash_portal_up_horiz_up
                                     23 	.globl _famidash_portal_up_horiz_dn
                                     24 	.globl _famidash_portal_dn_horiz_up
                                     25 	.globl _famidash_portal_dn_horiz_dn
                                     26 	.globl _famidash_ball_portal
                                     27 	.globl _famidash_ship_portal
                                     28 	.globl _famidash_cube_portal
                                     29 	.globl b___func_famidash_sprites_tiles
                                     30 	.globl ___func_famidash_sprites_tiles
                                     31 ;--------------------------------------------------------
                                     32 ; special function registers
                                     33 ;--------------------------------------------------------
                                     34 	.area _HRAM
                                     35 ;--------------------------------------------------------
                                     36 ; ram data
                                     37 ;--------------------------------------------------------
                                     38 	.area _DATA
                                     39 ;--------------------------------------------------------
                                     40 ; ram data
                                     41 ;--------------------------------------------------------
                                     42 	.area _INITIALIZED
                                     43 ;--------------------------------------------------------
                                     44 ; absolute external ram data
                                     45 ;--------------------------------------------------------
                                     46 	.area _DABS (ABS)
                                     47 ;--------------------------------------------------------
                                     48 ; global & static initialisations
                                     49 ;--------------------------------------------------------
                                     50 	.area _HOME
                                     51 	.area _GSINIT
                                     52 	.area _GSFINAL
                                     53 	.area _GSINIT
                                     54 ;--------------------------------------------------------
                                     55 ; Home
                                     56 ;--------------------------------------------------------
                                     57 	.area _HOME
                                     58 	.area _HOME
                                     59 ;--------------------------------------------------------
                                     60 ; code
                                     61 ;--------------------------------------------------------
                                     62 	.area _CODE_10
                                     63 ;src/famidash_sprites.c:9: INCBIN(famidash_sprites_tiles, "levels/chr_data/famidash/famidash_sprites_dmg_tiles.bin")
                                     64 ;	---------------------------------
                                     65 ; Function __func_famidash_sprites_tiles
                                     66 ; ---------------------------------
                         0000000A    67 	b___func_famidash_sprites_tiles	= 10
    00000000                         68 ___func_famidash_sprites_tiles::
    00000000                         69 _famidash_sprites_tiles::
    00000000                         70 1$:
    00000000 00 00 00 00 00 00 00    71 	.incbin "levels/chr_data/famidash/famidash_sprites_dmg_tiles.bin" 
             00 00 03 00 07 00 0F
             00 1F 03 1C 07 38 01
             38 07 38 07 38 02 70
             0F 70 0F 70 00 00 00
             06 00 0F 00 0F 00 06
             7F 80 3F C0 14 E0 14
             E0 8A 70 0A 70 8F 70
             8F 70 45 38 C5 38 C5
             38 00 00 00 00 00 00
             00 00 00 00 E0 00 F0
             00 98 00 98 00 4C 00
             4C 00 FC 00 FC 00 26
             00 06 30 06 78 02 70
             0F 70 1F E0 04 E0 1F
             E0 1F E0 04 E0 1F E0
             1F E0 04 E0 1F E0 1F
             E0 04 E0 1F E0 0F 70
             02 70
    000005C0                         72 2$:
                         000005C0    73 	___size_famidash_sprites_tiles = (2$-1$) 
                                     74 	.globl ___size_famidash_sprites_tiles 
                                     75 	.local b___func_famidash_sprites_tiles 
                         0000000A    76 	___bank_famidash_sprites_tiles = b___func_famidash_sprites_tiles 
                                     77 	.globl ___bank_famidash_sprites_tiles 
                                     78 	.area _CODE_10
    000005C0                         79 _famidash_cube_portal:
    000005C0 00                      80 	.db #0x00	;  0
    000005C1 00                      81 	.db #0x00	;  0
    000005C2 00                      82 	.db #0x00	; 0
    000005C3 00                      83 	.db #0x00	; 0
    000005C4 00                      84 	.db #0x00	;  0
    000005C5 08                      85 	.db #0x08	;  8
    000005C6 02                      86 	.db #0x02	; 2
    000005C7 00                      87 	.db #0x00	; 0
    000005C8 00                      88 	.db #0x00	;  0
    000005C9 08                      89 	.db #0x08	;  8
    000005CA 04                      90 	.db #0x04	; 4
    000005CB 00                      91 	.db #0x00	; 0
    000005CC 10                      92 	.db #0x10	;  16
    000005CD F0                      93 	.db #0xf0	; -16
    000005CE 06                      94 	.db #0x06	; 6
    000005CF 00                      95 	.db #0x00	; 0
    000005D0 00                      96 	.db #0x00	;  0
    000005D1 08                      97 	.db #0x08	;  8
    000005D2 08                      98 	.db #0x08	; 8
    000005D3 00                      99 	.db #0x00	; 0
    000005D4 00                     100 	.db #0x00	;  0
    000005D5 08                     101 	.db #0x08	;  8
    000005D6 0A                     102 	.db #0x0a	; 10
    000005D7 00                     103 	.db #0x00	; 0
    000005D8 10                     104 	.db #0x10	;  16
    000005D9 F0                     105 	.db #0xf0	; -16
    000005DA 00                     106 	.db #0x00	; 0
    000005DB 40                     107 	.db #0x40	; 64
    000005DC 00                     108 	.db #0x00	;  0
    000005DD 08                     109 	.db #0x08	;  8
    000005DE 02                     110 	.db #0x02	; 2
    000005DF 40                     111 	.db #0x40	; 64
    000005E0 00                     112 	.db #0x00	;  0
    000005E1 08                     113 	.db #0x08	;  8
    000005E2 04                     114 	.db #0x04	; 4
    000005E3 40                     115 	.db #0x40	; 64
    000005E4 80                     116 	.db #0x80	; -128
    000005E5 00                     117 	.db #0x00	;  0
    000005E6 00                     118 	.db #0x00	; 0
    000005E7 00                     119 	.db #0x00	; 0
    000005E8                        120 _famidash_ship_portal:
    000005E8 00                     121 	.db #0x00	;  0
    000005E9 00                     122 	.db #0x00	;  0
    000005EA 00                     123 	.db #0x00	; 0
    000005EB 01                     124 	.db #0x01	; 1
    000005EC 00                     125 	.db #0x00	;  0
    000005ED 08                     126 	.db #0x08	;  8
    000005EE 02                     127 	.db #0x02	; 2
    000005EF 01                     128 	.db #0x01	; 1
    000005F0 00                     129 	.db #0x00	;  0
    000005F1 08                     130 	.db #0x08	;  8
    000005F2 04                     131 	.db #0x04	; 4
    000005F3 01                     132 	.db #0x01	; 1
    000005F4 10                     133 	.db #0x10	;  16
    000005F5 F0                     134 	.db #0xf0	; -16
    000005F6 06                     135 	.db #0x06	; 6
    000005F7 01                     136 	.db #0x01	; 1
    000005F8 00                     137 	.db #0x00	;  0
    000005F9 08                     138 	.db #0x08	;  8
    000005FA 08                     139 	.db #0x08	; 8
    000005FB 01                     140 	.db #0x01	; 1
    000005FC 00                     141 	.db #0x00	;  0
    000005FD 08                     142 	.db #0x08	;  8
    000005FE 0A                     143 	.db #0x0a	; 10
    000005FF 01                     144 	.db #0x01	; 1
    00000600 10                     145 	.db #0x10	;  16
    00000601 F0                     146 	.db #0xf0	; -16
    00000602 00                     147 	.db #0x00	; 0
    00000603 41                     148 	.db #0x41	; 65	'A'
    00000604 00                     149 	.db #0x00	;  0
    00000605 08                     150 	.db #0x08	;  8
    00000606 02                     151 	.db #0x02	; 2
    00000607 41                     152 	.db #0x41	; 65	'A'
    00000608 00                     153 	.db #0x00	;  0
    00000609 08                     154 	.db #0x08	;  8
    0000060A 04                     155 	.db #0x04	; 4
    0000060B 41                     156 	.db #0x41	; 65	'A'
    0000060C 80                     157 	.db #0x80	; -128
    0000060D 00                     158 	.db #0x00	;  0
    0000060E 00                     159 	.db #0x00	; 0
    0000060F 00                     160 	.db #0x00	; 0
    00000610                        161 _famidash_ball_portal:
    00000610 00                     162 	.db #0x00	;  0
    00000611 00                     163 	.db #0x00	;  0
    00000612 00                     164 	.db #0x00	; 0
    00000613 01                     165 	.db #0x01	; 1
    00000614 00                     166 	.db #0x00	;  0
    00000615 08                     167 	.db #0x08	;  8
    00000616 02                     168 	.db #0x02	; 2
    00000617 01                     169 	.db #0x01	; 1
    00000618 00                     170 	.db #0x00	;  0
    00000619 08                     171 	.db #0x08	;  8
    0000061A 04                     172 	.db #0x04	; 4
    0000061B 01                     173 	.db #0x01	; 1
    0000061C 10                     174 	.db #0x10	;  16
    0000061D F0                     175 	.db #0xf0	; -16
    0000061E 06                     176 	.db #0x06	; 6
    0000061F 01                     177 	.db #0x01	; 1
    00000620 00                     178 	.db #0x00	;  0
    00000621 08                     179 	.db #0x08	;  8
    00000622 08                     180 	.db #0x08	; 8
    00000623 01                     181 	.db #0x01	; 1
    00000624 00                     182 	.db #0x00	;  0
    00000625 08                     183 	.db #0x08	;  8
    00000626 0A                     184 	.db #0x0a	; 10
    00000627 01                     185 	.db #0x01	; 1
    00000628 10                     186 	.db #0x10	;  16
    00000629 F0                     187 	.db #0xf0	; -16
    0000062A 00                     188 	.db #0x00	; 0
    0000062B 41                     189 	.db #0x41	; 65	'A'
    0000062C 00                     190 	.db #0x00	;  0
    0000062D 08                     191 	.db #0x08	;  8
    0000062E 02                     192 	.db #0x02	; 2
    0000062F 41                     193 	.db #0x41	; 65	'A'
    00000630 00                     194 	.db #0x00	;  0
    00000631 08                     195 	.db #0x08	;  8
    00000632 04                     196 	.db #0x04	; 4
    00000633 41                     197 	.db #0x41	; 65	'A'
    00000634 80                     198 	.db #0x80	; -128
    00000635 00                     199 	.db #0x00	;  0
    00000636 00                     200 	.db #0x00	; 0
    00000637 00                     201 	.db #0x00	; 0
    00000638                        202 _famidash_portal_dn_horiz_dn:
    00000638 00                     203 	.db #0x00	;  0
    00000639 00                     204 	.db #0x00	;  0
    0000063A 24                     205 	.db #0x24	; 36
    0000063B 00                     206 	.db #0x00	; 0
    0000063C 00                     207 	.db #0x00	;  0
    0000063D 08                     208 	.db #0x08	;  8
    0000063E 26                     209 	.db #0x26	; 38
    0000063F 00                     210 	.db #0x00	; 0
    00000640 00                     211 	.db #0x00	;  0
    00000641 08                     212 	.db #0x08	;  8
    00000642 28                     213 	.db #0x28	; 40
    00000643 00                     214 	.db #0x00	; 0
    00000644 00                     215 	.db #0x00	;  0
    00000645 08                     216 	.db #0x08	;  8
    00000646 28                     217 	.db #0x28	; 40
    00000647 20                     218 	.db #0x20	; 32
    00000648 00                     219 	.db #0x00	;  0
    00000649 08                     220 	.db #0x08	;  8
    0000064A 26                     221 	.db #0x26	; 38
    0000064B 20                     222 	.db #0x20	; 32
    0000064C 00                     223 	.db #0x00	;  0
    0000064D 08                     224 	.db #0x08	;  8
    0000064E 24                     225 	.db #0x24	; 36
    0000064F 20                     226 	.db #0x20	; 32
    00000650 F0                     227 	.db #0xf0	; -16
    00000651 D8                     228 	.db #0xd8	; -40
    00000652 2A                     229 	.db #0x2a	; 42
    00000653 00                     230 	.db #0x00	; 0
    00000654 00                     231 	.db #0x00	;  0
    00000655 08                     232 	.db #0x08	;  8
    00000656 2C                     233 	.db #0x2c	; 44
    00000657 00                     234 	.db #0x00	; 0
    00000658 00                     235 	.db #0x00	;  0
    00000659 08                     236 	.db #0x08	;  8
    0000065A 2C                     237 	.db #0x2c	; 44
    0000065B 20                     238 	.db #0x20	; 32
    0000065C 00                     239 	.db #0x00	;  0
    0000065D 08                     240 	.db #0x08	;  8
    0000065E 2A                     241 	.db #0x2a	; 42
    0000065F 20                     242 	.db #0x20	; 32
    00000660 80                     243 	.db #0x80	; -128
    00000661 00                     244 	.db #0x00	;  0
    00000662 00                     245 	.db #0x00	; 0
    00000663 00                     246 	.db #0x00	; 0
    00000664                        247 _famidash_portal_dn_horiz_up:
    00000664 00                     248 	.db #0x00	;  0
    00000665 00                     249 	.db #0x00	;  0
    00000666 24                     250 	.db #0x24	; 36
    00000667 40                     251 	.db #0x40	; 64
    00000668 00                     252 	.db #0x00	;  0
    00000669 08                     253 	.db #0x08	;  8
    0000066A 26                     254 	.db #0x26	; 38
    0000066B 40                     255 	.db #0x40	; 64
    0000066C 00                     256 	.db #0x00	;  0
    0000066D 08                     257 	.db #0x08	;  8
    0000066E 28                     258 	.db #0x28	; 40
    0000066F 40                     259 	.db #0x40	; 64
    00000670 00                     260 	.db #0x00	;  0
    00000671 08                     261 	.db #0x08	;  8
    00000672 28                     262 	.db #0x28	; 40
    00000673 60                     263 	.db #0x60	; 96
    00000674 00                     264 	.db #0x00	;  0
    00000675 08                     265 	.db #0x08	;  8
    00000676 26                     266 	.db #0x26	; 38
    00000677 60                     267 	.db #0x60	; 96
    00000678 00                     268 	.db #0x00	;  0
    00000679 08                     269 	.db #0x08	;  8
    0000067A 24                     270 	.db #0x24	; 36
    0000067B 60                     271 	.db #0x60	; 96
    0000067C 10                     272 	.db #0x10	;  16
    0000067D D8                     273 	.db #0xd8	; -40
    0000067E 2A                     274 	.db #0x2a	; 42
    0000067F 40                     275 	.db #0x40	; 64
    00000680 00                     276 	.db #0x00	;  0
    00000681 08                     277 	.db #0x08	;  8
    00000682 2C                     278 	.db #0x2c	; 44
    00000683 40                     279 	.db #0x40	; 64
    00000684 00                     280 	.db #0x00	;  0
    00000685 08                     281 	.db #0x08	;  8
    00000686 2C                     282 	.db #0x2c	; 44
    00000687 60                     283 	.db #0x60	; 96
    00000688 00                     284 	.db #0x00	;  0
    00000689 08                     285 	.db #0x08	;  8
    0000068A 2A                     286 	.db #0x2a	; 42
    0000068B 60                     287 	.db #0x60	; 96
    0000068C 80                     288 	.db #0x80	; -128
    0000068D 00                     289 	.db #0x00	;  0
    0000068E 00                     290 	.db #0x00	; 0
    0000068F 00                     291 	.db #0x00	; 0
    00000690                        292 _famidash_portal_up_horiz_dn:
    00000690 00                     293 	.db #0x00	;  0
    00000691 00                     294 	.db #0x00	;  0
    00000692 24                     295 	.db #0x24	; 36
    00000693 01                     296 	.db #0x01	; 1
    00000694 00                     297 	.db #0x00	;  0
    00000695 08                     298 	.db #0x08	;  8
    00000696 26                     299 	.db #0x26	; 38
    00000697 01                     300 	.db #0x01	; 1
    00000698 00                     301 	.db #0x00	;  0
    00000699 08                     302 	.db #0x08	;  8
    0000069A 28                     303 	.db #0x28	; 40
    0000069B 01                     304 	.db #0x01	; 1
    0000069C 00                     305 	.db #0x00	;  0
    0000069D 08                     306 	.db #0x08	;  8
    0000069E 28                     307 	.db #0x28	; 40
    0000069F 21                     308 	.db #0x21	; 33
    000006A0 00                     309 	.db #0x00	;  0
    000006A1 08                     310 	.db #0x08	;  8
    000006A2 26                     311 	.db #0x26	; 38
    000006A3 21                     312 	.db #0x21	; 33
    000006A4 00                     313 	.db #0x00	;  0
    000006A5 08                     314 	.db #0x08	;  8
    000006A6 24                     315 	.db #0x24	; 36
    000006A7 21                     316 	.db #0x21	; 33
    000006A8 F0                     317 	.db #0xf0	; -16
    000006A9 D8                     318 	.db #0xd8	; -40
    000006AA 2A                     319 	.db #0x2a	; 42
    000006AB 01                     320 	.db #0x01	; 1
    000006AC 00                     321 	.db #0x00	;  0
    000006AD 08                     322 	.db #0x08	;  8
    000006AE 2C                     323 	.db #0x2c	; 44
    000006AF 01                     324 	.db #0x01	; 1
    000006B0 00                     325 	.db #0x00	;  0
    000006B1 08                     326 	.db #0x08	;  8
    000006B2 2C                     327 	.db #0x2c	; 44
    000006B3 21                     328 	.db #0x21	; 33
    000006B4 00                     329 	.db #0x00	;  0
    000006B5 08                     330 	.db #0x08	;  8
    000006B6 2A                     331 	.db #0x2a	; 42
    000006B7 21                     332 	.db #0x21	; 33
    000006B8 80                     333 	.db #0x80	; -128
    000006B9 00                     334 	.db #0x00	;  0
    000006BA 00                     335 	.db #0x00	; 0
    000006BB 00                     336 	.db #0x00	; 0
    000006BC                        337 _famidash_portal_up_horiz_up:
    000006BC 00                     338 	.db #0x00	;  0
    000006BD 00                     339 	.db #0x00	;  0
    000006BE 24                     340 	.db #0x24	; 36
    000006BF 41                     341 	.db #0x41	; 65	'A'
    000006C0 00                     342 	.db #0x00	;  0
    000006C1 08                     343 	.db #0x08	;  8
    000006C2 26                     344 	.db #0x26	; 38
    000006C3 41                     345 	.db #0x41	; 65	'A'
    000006C4 00                     346 	.db #0x00	;  0
    000006C5 08                     347 	.db #0x08	;  8
    000006C6 28                     348 	.db #0x28	; 40
    000006C7 41                     349 	.db #0x41	; 65	'A'
    000006C8 00                     350 	.db #0x00	;  0
    000006C9 08                     351 	.db #0x08	;  8
    000006CA 28                     352 	.db #0x28	; 40
    000006CB 61                     353 	.db #0x61	; 97	'a'
    000006CC 00                     354 	.db #0x00	;  0
    000006CD 08                     355 	.db #0x08	;  8
    000006CE 26                     356 	.db #0x26	; 38
    000006CF 61                     357 	.db #0x61	; 97	'a'
    000006D0 00                     358 	.db #0x00	;  0
    000006D1 08                     359 	.db #0x08	;  8
    000006D2 24                     360 	.db #0x24	; 36
    000006D3 61                     361 	.db #0x61	; 97	'a'
    000006D4 10                     362 	.db #0x10	;  16
    000006D5 D8                     363 	.db #0xd8	; -40
    000006D6 2A                     364 	.db #0x2a	; 42
    000006D7 41                     365 	.db #0x41	; 65	'A'
    000006D8 00                     366 	.db #0x00	;  0
    000006D9 08                     367 	.db #0x08	;  8
    000006DA 2C                     368 	.db #0x2c	; 44
    000006DB 41                     369 	.db #0x41	; 65	'A'
    000006DC 00                     370 	.db #0x00	;  0
    000006DD 08                     371 	.db #0x08	;  8
    000006DE 2C                     372 	.db #0x2c	; 44
    000006DF 61                     373 	.db #0x61	; 97	'a'
    000006E0 00                     374 	.db #0x00	;  0
    000006E1 08                     375 	.db #0x08	;  8
    000006E2 2A                     376 	.db #0x2a	; 42
    000006E3 61                     377 	.db #0x61	; 97	'a'
    000006E4 80                     378 	.db #0x80	; -128
    000006E5 00                     379 	.db #0x00	;  0
    000006E6 00                     380 	.db #0x00	; 0
    000006E7 00                     381 	.db #0x00	; 0
    000006E8                        382 _famidash_gravity_down:
    000006E8 00                     383 	.db #0x00	;  0
    000006E9 00                     384 	.db #0x00	;  0
    000006EA 0C                     385 	.db #0x0c	; 12
    000006EB 00                     386 	.db #0x00	; 0
    000006EC 00                     387 	.db #0x00	;  0
    000006ED 08                     388 	.db #0x08	;  8
    000006EE 0E                     389 	.db #0x0e	; 14
    000006EF 00                     390 	.db #0x00	; 0
    000006F0 10                     391 	.db #0x10	;  16
    000006F1 F8                     392 	.db #0xf8	; -8
    000006F2 10                     393 	.db #0x10	; 16
    000006F3 00                     394 	.db #0x00	; 0
    000006F4 00                     395 	.db #0x00	;  0
    000006F5 08                     396 	.db #0x08	;  8
    000006F6 12                     397 	.db #0x12	; 18
    000006F7 00                     398 	.db #0x00	; 0
    000006F8 10                     399 	.db #0x10	;  16
    000006F9 F8                     400 	.db #0xf8	; -8
    000006FA 0C                     401 	.db #0x0c	; 12
    000006FB 40                     402 	.db #0x40	; 64
    000006FC 00                     403 	.db #0x00	;  0
    000006FD 08                     404 	.db #0x08	;  8
    000006FE 0E                     405 	.db #0x0e	; 14
    000006FF 40                     406 	.db #0x40	; 64
    00000700 80                     407 	.db #0x80	; -128
    00000701 00                     408 	.db #0x00	;  0
    00000702 00                     409 	.db #0x00	; 0
    00000703 00                     410 	.db #0x00	; 0
    00000704                        411 _famidash_gravity_up:
    00000704 00                     412 	.db #0x00	;  0
    00000705 00                     413 	.db #0x00	;  0
    00000706 0C                     414 	.db #0x0c	; 12
    00000707 01                     415 	.db #0x01	; 1
    00000708 00                     416 	.db #0x00	;  0
    00000709 08                     417 	.db #0x08	;  8
    0000070A 0E                     418 	.db #0x0e	; 14
    0000070B 01                     419 	.db #0x01	; 1
    0000070C 10                     420 	.db #0x10	;  16
    0000070D F8                     421 	.db #0xf8	; -8
    0000070E 10                     422 	.db #0x10	; 16
    0000070F 01                     423 	.db #0x01	; 1
    00000710 00                     424 	.db #0x00	;  0
    00000711 08                     425 	.db #0x08	;  8
    00000712 12                     426 	.db #0x12	; 18
    00000713 01                     427 	.db #0x01	; 1
    00000714 10                     428 	.db #0x10	;  16
    00000715 F8                     429 	.db #0xf8	; -8
    00000716 0C                     430 	.db #0x0c	; 12
    00000717 41                     431 	.db #0x41	; 65	'A'
    00000718 00                     432 	.db #0x00	;  0
    00000719 08                     433 	.db #0x08	;  8
    0000071A 0E                     434 	.db #0x0e	; 14
    0000071B 41                     435 	.db #0x41	; 65	'A'
    0000071C 80                     436 	.db #0x80	; -128
    0000071D 00                     437 	.db #0x00	;  0
    0000071E 00                     438 	.db #0x00	; 0
    0000071F 00                     439 	.db #0x00	; 0
    00000720                        440 _famidash_yellow_pad:
    00000720 00                     441 	.db #0x00	;  0
    00000721 00                     442 	.db #0x00	;  0
    00000722 14                     443 	.db #0x14	; 20
    00000723 01                     444 	.db #0x01	; 1
    00000724 00                     445 	.db #0x00	;  0
    00000725 08                     446 	.db #0x08	;  8
    00000726 16                     447 	.db #0x16	; 22
    00000727 21                     448 	.db #0x21	; 33
    00000728 80                     449 	.db #0x80	; -128
    00000729 00                     450 	.db #0x00	;  0
    0000072A 00                     451 	.db #0x00	; 0
    0000072B 00                     452 	.db #0x00	; 0
    0000072C                        453 _famidash_yellow_pad_up:
    0000072C 00                     454 	.db #0x00	;  0
    0000072D 00                     455 	.db #0x00	;  0
    0000072E 14                     456 	.db #0x14	; 20
    0000072F 41                     457 	.db #0x41	; 65	'A'
    00000730 00                     458 	.db #0x00	;  0
    00000731 08                     459 	.db #0x08	;  8
    00000732 16                     460 	.db #0x16	; 22
    00000733 61                     461 	.db #0x61	; 97	'a'
    00000734 80                     462 	.db #0x80	; -128
    00000735 00                     463 	.db #0x00	;  0
    00000736 00                     464 	.db #0x00	; 0
    00000737 00                     465 	.db #0x00	; 0
    00000738                        466 _famidash_blue_pad:
    00000738 00                     467 	.db #0x00	;  0
    00000739 00                     468 	.db #0x00	;  0
    0000073A 14                     469 	.db #0x14	; 20
    0000073B 00                     470 	.db #0x00	; 0
    0000073C 00                     471 	.db #0x00	;  0
    0000073D 08                     472 	.db #0x08	;  8
    0000073E 16                     473 	.db #0x16	; 22
    0000073F 20                     474 	.db #0x20	; 32
    00000740 80                     475 	.db #0x80	; -128
    00000741 00                     476 	.db #0x00	;  0
    00000742 00                     477 	.db #0x00	; 0
    00000743 00                     478 	.db #0x00	; 0
    00000744                        479 _famidash_blue_pad_up:
    00000744 00                     480 	.db #0x00	;  0
    00000745 00                     481 	.db #0x00	;  0
    00000746 14                     482 	.db #0x14	; 20
    00000747 40                     483 	.db #0x40	; 64
    00000748 00                     484 	.db #0x00	;  0
    00000749 08                     485 	.db #0x08	;  8
    0000074A 16                     486 	.db #0x16	; 22
    0000074B 60                     487 	.db #0x60	; 96
    0000074C 80                     488 	.db #0x80	; -128
    0000074D 00                     489 	.db #0x00	;  0
    0000074E 00                     490 	.db #0x00	; 0
    0000074F 00                     491 	.db #0x00	; 0
    00000750                        492 _famidash_pink_pad:
    00000750 00                     493 	.db #0x00	;  0
    00000751 00                     494 	.db #0x00	;  0
    00000752 20                     495 	.db #0x20	; 32
    00000753 01                     496 	.db #0x01	; 1
    00000754 00                     497 	.db #0x00	;  0
    00000755 08                     498 	.db #0x08	;  8
    00000756 22                     499 	.db #0x22	; 34
    00000757 21                     500 	.db #0x21	; 33
    00000758 80                     501 	.db #0x80	; -128
    00000759 00                     502 	.db #0x00	;  0
    0000075A 00                     503 	.db #0x00	; 0
    0000075B 00                     504 	.db #0x00	; 0
    0000075C                        505 _famidash_yellow_orb:
    0000075C 00                     506 	.db #0x00	;  0
    0000075D 00                     507 	.db #0x00	;  0
    0000075E 18                     508 	.db #0x18	; 24
    0000075F 01                     509 	.db #0x01	; 1
    00000760 00                     510 	.db #0x00	;  0
    00000761 08                     511 	.db #0x08	;  8
    00000762 1A                     512 	.db #0x1a	; 26
    00000763 21                     513 	.db #0x21	; 33
    00000764 80                     514 	.db #0x80	; -128
    00000765 00                     515 	.db #0x00	;  0
    00000766 00                     516 	.db #0x00	; 0
    00000767 00                     517 	.db #0x00	; 0
    00000768                        518 _famidash_blue_orb:
    00000768 00                     519 	.db #0x00	;  0
    00000769 00                     520 	.db #0x00	;  0
    0000076A 18                     521 	.db #0x18	; 24
    0000076B 00                     522 	.db #0x00	; 0
    0000076C 00                     523 	.db #0x00	;  0
    0000076D 08                     524 	.db #0x08	;  8
    0000076E 1A                     525 	.db #0x1a	; 26
    0000076F 20                     526 	.db #0x20	; 32
    00000770 80                     527 	.db #0x80	; -128
    00000771 00                     528 	.db #0x00	;  0
    00000772 00                     529 	.db #0x00	; 0
    00000773 00                     530 	.db #0x00	; 0
    00000774                        531 _famidash_pink_orb:
    00000774 00                     532 	.db #0x00	;  0
    00000775 00                     533 	.db #0x00	;  0
    00000776 1C                     534 	.db #0x1c	; 28
    00000777 01                     535 	.db #0x01	; 1
    00000778 00                     536 	.db #0x00	;  0
    00000779 08                     537 	.db #0x08	;  8
    0000077A 1E                     538 	.db #0x1e	; 30
    0000077B 21                     539 	.db #0x21	; 33
    0000077C 80                     540 	.db #0x80	; -128
    0000077D 00                     541 	.db #0x00	;  0
    0000077E 00                     542 	.db #0x00	; 0
    0000077F 00                     543 	.db #0x00	; 0
    00000780                        544 _famidash_deco_45:
    00000780 00                     545 	.db #0x00	;  0
    00000781 00                     546 	.db #0x00	;  0
    00000782 54                     547 	.db #0x54	; 84	'T'
    00000783 03                     548 	.db #0x03	; 3
    00000784 00                     549 	.db #0x00	;  0
    00000785 08                     550 	.db #0x08	;  8
    00000786 56                     551 	.db #0x56	; 86	'V'
    00000787 03                     552 	.db #0x03	; 3
    00000788 10                     553 	.db #0x10	;  16
    00000789 F0                     554 	.db #0xf0	; -16
    0000078A 58                     555 	.db #0x58	; 88	'X'
    0000078B 03                     556 	.db #0x03	; 3
    0000078C 00                     557 	.db #0x00	;  0
    0000078D 08                     558 	.db #0x08	;  8
    0000078E 5A                     559 	.db #0x5a	; 90	'Z'
    0000078F 03                     560 	.db #0x03	; 3
    00000790 80                     561 	.db #0x80	; -128
    00000791 00                     562 	.db #0x00	;  0
    00000792 00                     563 	.db #0x00	; 0
    00000793 00                     564 	.db #0x00	; 0
    00000794                        565 _famidash_sprite_table:
    00000794rC0r05                  566 	.dw _famidash_cube_portal
    00000796rE8r05                  567 	.dw _famidash_ship_portal
    00000798r10r06                  568 	.dw _famidash_ball_portal
    0000079A 00 00                  569 	.dw #0x0000
    0000079C 00 00                  570 	.dw #0x0000
    0000079Er68r07                  571 	.dw _famidash_blue_orb
    000007A0r74r07                  572 	.dw _famidash_pink_orb
    000007A2 00 00                  573 	.dw #0x0000
    000007A4rE8r06                  574 	.dw _famidash_gravity_down
    000007A6r04r07                  575 	.dw _famidash_gravity_up
    000007A8r20r07                  576 	.dw _famidash_yellow_pad
    000007AAr5Cr07                  577 	.dw _famidash_yellow_orb
    000007ACr2Cr07                  578 	.dw _famidash_yellow_pad_up
    000007AEr38r07                  579 	.dw _famidash_blue_pad
    000007B0r44r07                  580 	.dw _famidash_blue_pad_up
    000007B2 00 00                  581 	.dw #0x0000
    000007B4r38r06                  582 	.dw _famidash_portal_dn_horiz_dn
    000007B6r64r06                  583 	.dw _famidash_portal_dn_horiz_up
    000007B8r90r06                  584 	.dw _famidash_portal_up_horiz_dn
    000007BArBCr06                  585 	.dw _famidash_portal_up_horiz_up
    000007BC 00 00                  586 	.dw #0x0000
    000007BE 00 00                  587 	.dw #0x0000
    000007C0 00 00                  588 	.dw #0x0000
    000007C2 00 00                  589 	.dw #0x0000
    000007C4 00 00                  590 	.dw #0x0000
    000007C6 00 00                  591 	.dw #0x0000
    000007C8 00 00                  592 	.dw #0x0000
    000007CA 00 00                  593 	.dw #0x0000
    000007CC 00 00                  594 	.dw #0x0000
    000007CE 00 00                  595 	.dw #0x0000
    000007D0 00 00                  596 	.dw #0x0000
    000007D2 00 00                  597 	.dw #0x0000
    000007D4 00 00                  598 	.dw #0x0000
    000007D6 00 00                  599 	.dw #0x0000
    000007D8 00 00                  600 	.dw #0x0000
    000007DA 00 00                  601 	.dw #0x0000
    000007DC 00 00                  602 	.dw #0x0000
    000007DEr50r07                  603 	.dw _famidash_pink_pad
                                    604 	.area _INITIALIZER
                                    605 	.area _CABS (ABS)
