                                      1 ;--------------------------------------------------------
                                      2 ; File Created by SDCC : free open source ISO C Compiler
                                      3 ; Version 4.5.1 #15267 (MINGW64)
                                      4 ;--------------------------------------------------------
                                      5 	.module Font
                                      6 	
                                      7 ;--------------------------------------------------------
                                      8 ; Public variables in this module
                                      9 ;--------------------------------------------------------
                                     10 	.globl _FontPusab
                                     11 ;--------------------------------------------------------
                                     12 ; special function registers
                                     13 ;--------------------------------------------------------
                                     14 	.area _HRAM
                                     15 ;--------------------------------------------------------
                                     16 ; ram data
                                     17 ;--------------------------------------------------------
                                     18 	.area _DATA
                                     19 ;--------------------------------------------------------
                                     20 ; ram data
                                     21 ;--------------------------------------------------------
                                     22 	.area _INITIALIZED
                                     23 ;--------------------------------------------------------
                                     24 ; absolute external ram data
                                     25 ;--------------------------------------------------------
                                     26 	.area _DABS (ABS)
                                     27 ;--------------------------------------------------------
                                     28 ; global & static initialisations
                                     29 ;--------------------------------------------------------
                                     30 	.area _HOME
                                     31 	.area _GSINIT
                                     32 	.area _GSFINAL
                                     33 	.area _GSINIT
                                     34 ;--------------------------------------------------------
                                     35 ; Home
                                     36 ;--------------------------------------------------------
                                     37 	.area _HOME
                                     38 	.area _HOME
                                     39 ;--------------------------------------------------------
                                     40 ; code
                                     41 ;--------------------------------------------------------
                                     42 	.area _CODE
                                     43 	.area _CODE
    00000000                         44 _FontPusab:
    00000000 00                      45 	.db #0x00	; 0
    00000001 00                      46 	.db #0x00	; 0
    00000002 00                      47 	.db #0x00	; 0
    00000003 00                      48 	.db #0x00	; 0
    00000004 00                      49 	.db #0x00	; 0
    00000005 00                      50 	.db #0x00	; 0
    00000006 00                      51 	.db #0x00	; 0
    00000007 00                      52 	.db #0x00	; 0
    00000008 00                      53 	.db #0x00	; 0
    00000009 00                      54 	.db #0x00	; 0
    0000000A 00                      55 	.db #0x00	; 0
    0000000B 00                      56 	.db #0x00	; 0
    0000000C 00                      57 	.db #0x00	; 0
    0000000D 00                      58 	.db #0x00	; 0
    0000000E 00                      59 	.db #0x00	; 0
    0000000F 00                      60 	.db #0x00	; 0
    00000010 66                      61 	.db #0x66	; 102	'f'
    00000011 00                      62 	.db #0x00	; 0
    00000012 AB                      63 	.db #0xab	; 171
    00000013 76                      64 	.db #0x76	; 118	'v'
    00000014 F7                      65 	.db #0xf7	; 247
    00000015 5E                      66 	.db #0x5e	; 94
    00000016 FC                      67 	.db #0xfc	; 252
    00000017 5E                      68 	.db #0x5e	; 94
    00000018 3F                      69 	.db #0x3f	; 63
    00000019 7A                      70 	.db #0x7a	; 122	'z'
    0000001A EF                      71 	.db #0xef	; 239
    0000001B 7A                      72 	.db #0x7a	; 122	'z'
    0000001C D5                      73 	.db #0xd5	; 213
    0000001D 6E                      74 	.db #0x6e	; 110	'n'
    0000001E 66                      75 	.db #0x66	; 102	'f'
    0000001F 00                      76 	.db #0x00	; 0
    00000020 0E                      77 	.db #0x0e	; 14
    00000021 00                      78 	.db #0x00	; 0
    00000022 16                      79 	.db #0x16	; 22
    00000023 0C                      80 	.db #0x0c	; 12
    00000024 1A                      81 	.db #0x1a	; 26
    00000025 0C                      82 	.db #0x0c	; 12
    00000026 2C                      83 	.db #0x2c	; 44
    00000027 18                      84 	.db #0x18	; 24
    00000028 34                      85 	.db #0x34	; 52	'4'
    00000029 18                      86 	.db #0x18	; 24
    0000002A 58                      87 	.db #0x58	; 88	'X'
    0000002B 30                      88 	.db #0x30	; 48	'0'
    0000002C 68                      89 	.db #0x68	; 104	'h'
    0000002D 30                      90 	.db #0x30	; 48	'0'
    0000002E 70                      91 	.db #0x70	; 112	'p'
    0000002F 00                      92 	.db #0x00	; 0
    00000030 5A                      93 	.db #0x5a	; 90	'Z'
    00000031 3C                      94 	.db #0x3c	; 60
    00000032 BD                      95 	.db #0xbd	; 189
    00000033 7E                      96 	.db #0x7e	; 126
    00000034 F7                      97 	.db #0xf7	; 247
    00000035 6E                      98 	.db #0x6e	; 110	'n'
    00000036 FF                      99 	.db #0xff	; 255
    00000037 66                     100 	.db #0x66	; 102	'f'
    00000038 EF                     101 	.db #0xef	; 239
    00000039 76                     102 	.db #0x76	; 118	'v'
    0000003A BD                     103 	.db #0xbd	; 189
    0000003B 7E                     104 	.db #0x7e	; 126
    0000003C 5A                     105 	.db #0x5a	; 90	'Z'
    0000003D 3C                     106 	.db #0x3c	; 60
    0000003E 3C                     107 	.db #0x3c	; 60
    0000003F 00                     108 	.db #0x00	; 0
    00000040 5E                     109 	.db #0x5e	; 94
    00000041 3C                     110 	.db #0x3c	; 60
    00000042 BE                     111 	.db #0xbe	; 190
    00000043 7C                     112 	.db #0x7c	; 124
    00000044 FE                     113 	.db #0xfe	; 254
    00000045 7C                     114 	.db #0x7c	; 124
    00000046 7E                     115 	.db #0x7e	; 126
    00000047 1C                     116 	.db #0x1c	; 28
    00000048 3E                     117 	.db #0x3e	; 62
    00000049 1C                     118 	.db #0x1c	; 28
    0000004A 3E                     119 	.db #0x3e	; 62
    0000004B 1C                     120 	.db #0x1c	; 28
    0000004C 3E                     121 	.db #0x3e	; 62
    0000004D 1C                     122 	.db #0x1c	; 28
    0000004E 3C                     123 	.db #0x3c	; 60
    0000004F 00                     124 	.db #0x00	; 0
    00000050 5A                     125 	.db #0x5a	; 90	'Z'
    00000051 3C                     126 	.db #0x3c	; 60
    00000052 FF                     127 	.db #0xff	; 255
    00000053 7E                     128 	.db #0x7e	; 126
    00000054 AF                     129 	.db #0xaf	; 175
    00000055 5E                     130 	.db #0x5e	; 94
    00000056 5D                     131 	.db #0x5d	; 93
    00000057 3E                     132 	.db #0x3e	; 62
    00000058 BD                     133 	.db #0xbd	; 189
    00000059 7A                     134 	.db #0x7a	; 122	'z'
    0000005A FF                     135 	.db #0xff	; 255
    0000005B 7E                     136 	.db #0x7e	; 126
    0000005C BD                     137 	.db #0xbd	; 189
    0000005D 7E                     138 	.db #0x7e	; 126
    0000005E 7E                     139 	.db #0x7e	; 126
    0000005F 00                     140 	.db #0x00	; 0
    00000060 3D                     141 	.db #0x3d	; 61
    00000061 7E                     142 	.db #0x7e	; 126
    00000062 FE                     143 	.db #0xfe	; 254
    00000063 7F                     144 	.db #0x7f	; 127
    00000064 AE                     145 	.db #0xae	; 174
    00000065 5F                     146 	.db #0x5f	; 95
    00000066 7F                     147 	.db #0x7f	; 127
    00000067 3E                     148 	.db #0x3e	; 62
    00000068 AE                     149 	.db #0xae	; 174
    00000069 5F                     150 	.db #0x5f	; 95
    0000006A FE                     151 	.db #0xfe	; 254
    0000006B 7F                     152 	.db #0x7f	; 127
    0000006C BD                     153 	.db #0xbd	; 189
    0000006D 7E                     154 	.db #0x7e	; 126
    0000006E 7E                     155 	.db #0x7e	; 126
    0000006F 00                     156 	.db #0x00	; 0
    00000070 0F                     157 	.db #0x0f	; 15
    00000071 1E                     158 	.db #0x1e	; 30
    00000072 1F                     159 	.db #0x1f	; 31
    00000073 3E                     160 	.db #0x3e	; 62
    00000074 2F                     161 	.db #0x2f	; 47
    00000075 7E                     162 	.db #0x7e	; 126
    00000076 DF                     163 	.db #0xdf	; 223
    00000077 6F                     164 	.db #0x6f	; 111	'o'
    00000078 FF                     165 	.db #0xff	; 255
    00000079 7F                     166 	.db #0x7f	; 127
    0000007A 7F                     167 	.db #0x7f	; 127
    0000007B 0E                     168 	.db #0x0e	; 14
    0000007C 1F                     169 	.db #0x1f	; 31
    0000007D 0E                     170 	.db #0x0e	; 14
    0000007E 0E                     171 	.db #0x0e	; 14
    0000007F 00                     172 	.db #0x00	; 0
    00000080 7F                     173 	.db #0x7f	; 127
    00000081 3E                     174 	.db #0x3e	; 62
    00000082 3F                     175 	.db #0x3f	; 63
    00000083 7E                     176 	.db #0x7e	; 126
    00000084 FB                     177 	.db #0xfb	; 251
    00000085 7C                     178 	.db #0x7c	; 124
    00000086 7D                     179 	.db #0x7d	; 125
    00000087 FE                     180 	.db #0xfe	; 254
    00000088 9F                     181 	.db #0x9f	; 159
    00000089 7E                     182 	.db #0x7e	; 126
    0000008A FF                     183 	.db #0xff	; 255
    0000008B DE                     184 	.db #0xde	; 222
    0000008C 7E                     185 	.db #0x7e	; 126
    0000008D FC                     186 	.db #0xfc	; 252
    0000008E 44                     187 	.db #0x44	; 68	'D'
    0000008F 38                     188 	.db #0x38	; 56	'8'
    00000090 5A                     189 	.db #0x5a	; 90	'Z'
    00000091 3C                     190 	.db #0x3c	; 60
    00000092 BE                     191 	.db #0xbe	; 190
    00000093 7C                     192 	.db #0x7c	; 124
    00000094 F9                     193 	.db #0xf9	; 249
    00000095 7E                     194 	.db #0x7e	; 126
    00000096 FE                     195 	.db #0xfe	; 254
    00000097 7F                     196 	.db #0x7f	; 127
    00000098 FA                     197 	.db #0xfa	; 250
    00000099 77                     198 	.db #0x77	; 119	'w'
    0000009A B2                     199 	.db #0xb2	; 178
    0000009B 7F                     200 	.db #0x7f	; 127
    0000009C 5D                     201 	.db #0x5d	; 93
    0000009D 3E                     202 	.db #0x3e	; 62
    0000009E 3E                     203 	.db #0x3e	; 62
    0000009F 00                     204 	.db #0x00	; 0
    000000A0 BF                     205 	.db #0xbf	; 191
    000000A1 7E                     206 	.db #0x7e	; 126
    000000A2 FF                     207 	.db #0xff	; 255
    000000A3 7E                     208 	.db #0x7e	; 126
    000000A4 FF                     209 	.db #0xff	; 255
    000000A5 6E                     210 	.db #0x6e	; 110	'n'
    000000A6 ED                     211 	.db #0xed	; 237
    000000A7 1E                     212 	.db #0x1e	; 30
    000000A8 7E                     213 	.db #0x7e	; 126
    000000A9 1C                     214 	.db #0x1c	; 28
    000000AA 5A                     215 	.db #0x5a	; 90	'Z'
    000000AB 3C                     216 	.db #0x3c	; 60
    000000AC 7C                     217 	.db #0x7c	; 124
    000000AD 38                     218 	.db #0x38	; 56	'8'
    000000AE 7C                     219 	.db #0x7c	; 124
    000000AF 00                     220 	.db #0x00	; 0
    000000B0 BD                     221 	.db #0xbd	; 189
    000000B1 7E                     222 	.db #0x7e	; 126
    000000B2 FB                     223 	.db #0xfb	; 251
    000000B3 76                     224 	.db #0x76	; 118	'v'
    000000B4 FB                     225 	.db #0xfb	; 251
    000000B5 7E                     226 	.db #0x7e	; 126
    000000B6 7E                     227 	.db #0x7e	; 126
    000000B7 3C                     228 	.db #0x3c	; 60
    000000B8 DF                     229 	.db #0xdf	; 223
    000000B9 7E                     230 	.db #0x7e	; 126
    000000BA DF                     231 	.db #0xdf	; 223
    000000BB 6E                     232 	.db #0x6e	; 110	'n'
    000000BC BD                     233 	.db #0xbd	; 189
    000000BD 7E                     234 	.db #0x7e	; 126
    000000BE 7E                     235 	.db #0x7e	; 126
    000000BF 00                     236 	.db #0x00	; 0
    000000C0 7E                     237 	.db #0x7e	; 126
    000000C1 3C                     238 	.db #0x3c	; 60
    000000C2 E7                     239 	.db #0xe7	; 231
    000000C3 7E                     240 	.db #0x7e	; 126
    000000C4 F7                     241 	.db #0xf7	; 247
    000000C5 6E                     242 	.db #0x6e	; 110	'n'
    000000C6 BF                     243 	.db #0xbf	; 191
    000000C7 7E                     244 	.db #0x7e	; 126
    000000C8 6F                     245 	.db #0x6f	; 111	'o'
    000000C9 1E                     246 	.db #0x1e	; 30
    000000CA 7F                     247 	.db #0x7f	; 127
    000000CB 3E                     248 	.db #0x3e	; 62
    000000CC 5E                     249 	.db #0x5e	; 94
    000000CD 3C                     250 	.db #0x3c	; 60
    000000CE 3C                     251 	.db #0x3c	; 60
    000000CF 00                     252 	.db #0x00	; 0
    000000D0 54                     253 	.db #0x54	; 84	'T'
    000000D1 38                     254 	.db #0x38	; 56	'8'
    000000D2 7A                     255 	.db #0x7a	; 122	'z'
    000000D3 3C                     256 	.db #0x3c	; 60
    000000D4 BE                     257 	.db #0xbe	; 190
    000000D5 7C                     258 	.db #0x7c	; 124
    000000D6 DC                     259 	.db #0xdc	; 220
    000000D7 7E                     260 	.db #0x7e	; 126
    000000D8 6F                     261 	.db #0x6f	; 111	'o'
    000000D9 DE                     262 	.db #0xde	; 222
    000000DA FF                     263 	.db #0xff	; 255
    000000DB FE                     264 	.db #0xfe	; 254
    000000DC FF                     265 	.db #0xff	; 255
    000000DD CE                     266 	.db #0xce	; 206
    000000DE CF                     267 	.db #0xcf	; 207
    000000DF 00                     268 	.db #0x00	; 0
    000000E0 7A                     269 	.db #0x7a	; 122	'z'
    000000E1 FC                     270 	.db #0xfc	; 252
    000000E2 FD                     271 	.db #0xfd	; 253
    000000E3 FE                     272 	.db #0xfe	; 254
    000000E4 F5                     273 	.db #0xf5	; 245
    000000E5 EE                     274 	.db #0xee	; 238
    000000E6 FA                     275 	.db #0xfa	; 250
    000000E7 FC                     276 	.db #0xfc	; 252
    000000E8 F5                     277 	.db #0xf5	; 245
    000000E9 EE                     278 	.db #0xee	; 238
    000000EA FD                     279 	.db #0xfd	; 253
    000000EB FE                     280 	.db #0xfe	; 254
    000000EC 7A                     281 	.db #0x7a	; 122	'z'
    000000ED FC                     282 	.db #0xfc	; 252
    000000EE FC                     283 	.db #0xfc	; 252
    000000EF 00                     284 	.db #0x00	; 0
    000000F0 BA                     285 	.db #0xba	; 186
    000000F1 7C                     286 	.db #0x7c	; 124
    000000F2 7D                     287 	.db #0x7d	; 125
    000000F3 FE                     288 	.db #0xfe	; 254
    000000F4 F7                     289 	.db #0xf7	; 247
    000000F5 FE                     290 	.db #0xfe	; 254
    000000F6 FF                     291 	.db #0xff	; 255
    000000F7 F0                     292 	.db #0xf0	; 240
    000000F8 F7                     293 	.db #0xf7	; 247
    000000F9 FE                     294 	.db #0xfe	; 254
    000000FA 7D                     295 	.db #0x7d	; 125
    000000FB FE                     296 	.db #0xfe	; 254
    000000FC BA                     297 	.db #0xba	; 186
    000000FD 7C                     298 	.db #0x7c	; 124
    000000FE 7C                     299 	.db #0x7c	; 124
    000000FF 00                     300 	.db #0x00	; 0
    00000100 BA                     301 	.db #0xba	; 186
    00000101 7C                     302 	.db #0x7c	; 124
    00000102 FD                     303 	.db #0xfd	; 253
    00000103 7E                     304 	.db #0x7e	; 126
    00000104 FB                     305 	.db #0xfb	; 251
    00000105 76                     306 	.db #0x76	; 118	'v'
    00000106 FF                     307 	.db #0xff	; 255
    00000107 72                     308 	.db #0x72	; 114	'r'
    00000108 FB                     309 	.db #0xfb	; 251
    00000109 76                     310 	.db #0x76	; 118	'v'
    0000010A FD                     311 	.db #0xfd	; 253
    0000010B 7E                     312 	.db #0x7e	; 126
    0000010C BA                     313 	.db #0xba	; 186
    0000010D 7C                     314 	.db #0x7c	; 124
    0000010E FC                     315 	.db #0xfc	; 252
    0000010F 00                     316 	.db #0x00	; 0
    00000110 BF                     317 	.db #0xbf	; 191
    00000111 7E                     318 	.db #0x7e	; 126
    00000112 FF                     319 	.db #0xff	; 255
    00000113 7E                     320 	.db #0x7e	; 126
    00000114 FA                     321 	.db #0xfa	; 250
    00000115 7C                     322 	.db #0x7c	; 124
    00000116 FF                     323 	.db #0xff	; 255
    00000117 7E                     324 	.db #0x7e	; 126
    00000118 FA                     325 	.db #0xfa	; 250
    00000119 7C                     326 	.db #0x7c	; 124
    0000011A FF                     327 	.db #0xff	; 255
    0000011B 7E                     328 	.db #0x7e	; 126
    0000011C BF                     329 	.db #0xbf	; 191
    0000011D 7E                     330 	.db #0x7e	; 126
    0000011E 7E                     331 	.db #0x7e	; 126
    0000011F 00                     332 	.db #0x00	; 0
    00000120 BD                     333 	.db #0xbd	; 189
    00000121 7E                     334 	.db #0x7e	; 126
    00000122 FF                     335 	.db #0xff	; 255
    00000123 7E                     336 	.db #0x7e	; 126
    00000124 7A                     337 	.db #0x7a	; 122	'z'
    00000125 FC                     338 	.db #0xfc	; 252
    00000126 7F                     339 	.db #0x7f	; 127
    00000127 FE                     340 	.db #0xfe	; 254
    00000128 79                     341 	.db #0x79	; 121	'y'
    00000129 FE                     342 	.db #0xfe	; 254
    0000012A FE                     343 	.db #0xfe	; 254
    0000012B 78                     344 	.db #0x78	; 120	'x'
    0000012C B4                     345 	.db #0xb4	; 180
    0000012D 78                     346 	.db #0x78	; 120	'x'
    0000012E 78                     347 	.db #0x78	; 120	'x'
    0000012F 00                     348 	.db #0x00	; 0
    00000130 BA                     349 	.db #0xba	; 186
    00000131 7C                     350 	.db #0x7c	; 124
    00000132 7D                     351 	.db #0x7d	; 125
    00000133 FE                     352 	.db #0xfe	; 254
    00000134 FF                     353 	.db #0xff	; 255
    00000135 F6                     354 	.db #0xf6	; 246
    00000136 FF                     355 	.db #0xff	; 255
    00000137 F0                     356 	.db #0xf0	; 240
    00000138 FB                     357 	.db #0xfb	; 251
    00000139 F6                     358 	.db #0xf6	; 246
    0000013A 7F                     359 	.db #0x7f	; 127
    0000013B FE                     360 	.db #0xfe	; 254
    0000013C BB                     361 	.db #0xbb	; 187
    0000013D 7E                     362 	.db #0x7e	; 126
    0000013E 7E                     363 	.db #0x7e	; 126
    0000013F 00                     364 	.db #0x00	; 0
    00000140 6D                     365 	.db #0x6d	; 109	'm'
    00000141 F6                     366 	.db #0xf6	; 246
    00000142 EF                     367 	.db #0xef	; 239
    00000143 F6                     368 	.db #0xf6	; 246
    00000144 E7                     369 	.db #0xe7	; 231
    00000145 FE                     370 	.db #0xfe	; 254
    00000146 FF                     371 	.db #0xff	; 255
    00000147 FE                     372 	.db #0xfe	; 254
    00000148 E7                     373 	.db #0xe7	; 231
    00000149 FE                     374 	.db #0xfe	; 254
    0000014A EF                     375 	.db #0xef	; 239
    0000014B F6                     376 	.db #0xf6	; 246
    0000014C 6D                     377 	.db #0x6d	; 109	'm'
    0000014D F6                     378 	.db #0xf6	; 246
    0000014E EE                     379 	.db #0xee	; 238
    0000014F 00                     380 	.db #0x00	; 0
    00000150 5A                     381 	.db #0x5a	; 90	'Z'
    00000151 3C                     382 	.db #0x3c	; 60
    00000152 7E                     383 	.db #0x7e	; 126
    00000153 3C                     384 	.db #0x3c	; 60
    00000154 7E                     385 	.db #0x7e	; 126
    00000155 3C                     386 	.db #0x3c	; 60
    00000156 7E                     387 	.db #0x7e	; 126
    00000157 3C                     388 	.db #0x3c	; 60
    00000158 7E                     389 	.db #0x7e	; 126
    00000159 3C                     390 	.db #0x3c	; 60
    0000015A 5E                     391 	.db #0x5e	; 94
    0000015B 3C                     392 	.db #0x3c	; 60
    0000015C 5A                     393 	.db #0x5a	; 90	'Z'
    0000015D 3C                     394 	.db #0x3c	; 60
    0000015E 3E                     395 	.db #0x3e	; 62
    0000015F 00                     396 	.db #0x00	; 0
    00000160 5A                     397 	.db #0x5a	; 90	'Z'
    00000161 3C                     398 	.db #0x3c	; 60
    00000162 7E                     399 	.db #0x7e	; 126
    00000163 3C                     400 	.db #0x3c	; 60
    00000164 7E                     401 	.db #0x7e	; 126
    00000165 3C                     402 	.db #0x3c	; 60
    00000166 7E                     403 	.db #0x7e	; 126
    00000167 3C                     404 	.db #0x3c	; 60
    00000168 7A                     405 	.db #0x7a	; 122	'z'
    00000169 3C                     406 	.db #0x3c	; 60
    0000016A BC                     407 	.db #0xbc	; 188
    0000016B 78                     408 	.db #0x78	; 120	'x'
    0000016C 78                     409 	.db #0x78	; 120	'x'
    0000016D F0                     410 	.db #0xf0	; 240
    0000016E F0                     411 	.db #0xf0	; 240
    0000016F 00                     412 	.db #0x00	; 0
    00000170 BB                     413 	.db #0xbb	; 187
    00000171 76                     414 	.db #0x76	; 118	'v'
    00000172 F7                     415 	.db #0xf7	; 247
    00000173 7E                     416 	.db #0x7e	; 126
    00000174 FD                     417 	.db #0xfd	; 253
    00000175 7E                     418 	.db #0x7e	; 126
    00000176 FA                     419 	.db #0xfa	; 250
    00000177 7C                     420 	.db #0x7c	; 124
    00000178 FE                     421 	.db #0xfe	; 254
    00000179 7C                     422 	.db #0x7c	; 124
    0000017A F7                     423 	.db #0xf7	; 247
    0000017B 7E                     424 	.db #0x7e	; 126
    0000017C BF                     425 	.db #0xbf	; 191
    0000017D 76                     426 	.db #0x76	; 118	'v'
    0000017E FF                     427 	.db #0xff	; 255
    0000017F 00                     428 	.db #0x00	; 0
    00000180 B4                     429 	.db #0xb4	; 180
    00000181 78                     430 	.db #0x78	; 120	'x'
    00000182 FC                     431 	.db #0xfc	; 252
    00000183 78                     432 	.db #0x78	; 120	'x'
    00000184 FC                     433 	.db #0xfc	; 252
    00000185 78                     434 	.db #0x78	; 120	'x'
    00000186 FC                     435 	.db #0xfc	; 252
    00000187 78                     436 	.db #0x78	; 120	'x'
    00000188 FF                     437 	.db #0xff	; 255
    00000189 78                     438 	.db #0x78	; 120	'x'
    0000018A FF                     439 	.db #0xff	; 255
    0000018B 7E                     440 	.db #0x7e	; 126
    0000018C BD                     441 	.db #0xbd	; 189
    0000018D 7E                     442 	.db #0x7e	; 126
    0000018E 7E                     443 	.db #0x7e	; 126
    0000018F 00                     444 	.db #0x00	; 0
    00000190 ED                     445 	.db #0xed	; 237
    00000191 7E                     446 	.db #0x7e	; 126
    00000192 7F                     447 	.db #0x7f	; 127
    00000193 FE                     448 	.db #0xfe	; 254
    00000194 7E                     449 	.db #0x7e	; 126
    00000195 FF                     450 	.db #0xff	; 255
    00000196 FE                     451 	.db #0xfe	; 254
    00000197 FF                     452 	.db #0xff	; 255
    00000198 D7                     453 	.db #0xd7	; 215
    00000199 FF                     454 	.db #0xff	; 255
    0000019A EF                     455 	.db #0xef	; 239
    0000019B D7                     456 	.db #0xd7	; 215
    0000019C 3F                     457 	.db #0x3f	; 63
    0000019D C7                     458 	.db #0xc7	; 199
    0000019E C7                     459 	.db #0xc7	; 199
    0000019F 00                     460 	.db #0x00	; 0
    000001A0 55                     461 	.db #0x55	; 85	'U'
    000001A1 E6                     462 	.db #0xe6	; 230
    000001A2 EF                     463 	.db #0xef	; 239
    000001A3 F6                     464 	.db #0xf6	; 246
    000001A4 F7                     465 	.db #0xf7	; 247
    000001A5 FE                     466 	.db #0xfe	; 254
    000001A6 FF                     467 	.db #0xff	; 255
    000001A7 FE                     468 	.db #0xfe	; 254
    000001A8 DF                     469 	.db #0xdf	; 223
    000001A9 FE                     470 	.db #0xfe	; 254
    000001AA EF                     471 	.db #0xef	; 239
    000001AB DE                     472 	.db #0xde	; 222
    000001AC 75                     473 	.db #0x75	; 117	'u'
    000001AD CE                     474 	.db #0xce	; 206
    000001AE CE                     475 	.db #0xce	; 206
    000001AF 00                     476 	.db #0x00	; 0
    000001B0 BA                     477 	.db #0xba	; 186
    000001B1 7C                     478 	.db #0x7c	; 124
    000001B2 7D                     479 	.db #0x7d	; 125
    000001B3 FE                     480 	.db #0xfe	; 254
    000001B4 DF                     481 	.db #0xdf	; 223
    000001B5 EE                     482 	.db #0xee	; 238
    000001B6 D7                     483 	.db #0xd7	; 215
    000001B7 EE                     484 	.db #0xee	; 238
    000001B8 F7                     485 	.db #0xf7	; 247
    000001B9 EE                     486 	.db #0xee	; 238
    000001BA 7D                     487 	.db #0x7d	; 125
    000001BB FE                     488 	.db #0xfe	; 254
    000001BC BA                     489 	.db #0xba	; 186
    000001BD 7C                     490 	.db #0x7c	; 124
    000001BE 7C                     491 	.db #0x7c	; 124
    000001BF 00                     492 	.db #0x00	; 0
    000001C0 BD                     493 	.db #0xbd	; 189
    000001C1 7E                     494 	.db #0x7e	; 126
    000001C2 F3                     495 	.db #0xf3	; 243
    000001C3 7E                     496 	.db #0x7e	; 126
    000001C4 FF                     497 	.db #0xff	; 255
    000001C5 72                     498 	.db #0x72	; 114	'r'
    000001C6 FD                     499 	.db #0xfd	; 253
    000001C7 7E                     500 	.db #0x7e	; 126
    000001C8 F6                     501 	.db #0xf6	; 246
    000001C9 78                     502 	.db #0x78	; 120	'x'
    000001CA F8                     503 	.db #0xf8	; 248
    000001CB 70                     504 	.db #0x70	; 112	'p'
    000001CC F8                     505 	.db #0xf8	; 248
    000001CD 70                     506 	.db #0x70	; 112	'p'
    000001CE 70                     507 	.db #0x70	; 112	'p'
    000001CF 00                     508 	.db #0x00	; 0
    000001D0 BB                     509 	.db #0xbb	; 187
    000001D1 7C                     510 	.db #0x7c	; 124
    000001D2 7F                     511 	.db #0x7f	; 127
    000001D3 FE                     512 	.db #0xfe	; 254
    000001D4 DF                     513 	.db #0xdf	; 223
    000001D5 EE                     514 	.db #0xee	; 238
    000001D6 D7                     515 	.db #0xd7	; 215
    000001D7 EE                     516 	.db #0xee	; 238
    000001D8 F7                     517 	.db #0xf7	; 247
    000001D9 EE                     518 	.db #0xee	; 238
    000001DA 7D                     519 	.db #0x7d	; 125
    000001DB FE                     520 	.db #0xfe	; 254
    000001DC B7                     521 	.db #0xb7	; 183
    000001DD 7E                     522 	.db #0x7e	; 126
    000001DE 7A                     523 	.db #0x7a	; 122	'z'
    000001DF 04                     524 	.db #0x04	; 4
    000001E0 7E                     525 	.db #0x7e	; 126
    000001E1 FC                     526 	.db #0xfc	; 252
    000001E2 E5                     527 	.db #0xe5	; 229
    000001E3 FE                     528 	.db #0xfe	; 254
    000001E4 FF                     529 	.db #0xff	; 255
    000001E5 E6                     530 	.db #0xe6	; 230
    000001E6 FE                     531 	.db #0xfe	; 254
    000001E7 FC                     532 	.db #0xfc	; 252
    000001E8 FC                     533 	.db #0xfc	; 252
    000001E9 FE                     534 	.db #0xfe	; 254
    000001EA EF                     535 	.db #0xef	; 239
    000001EB FE                     536 	.db #0xfe	; 254
    000001EC F7                     537 	.db #0xf7	; 247
    000001ED EE                     538 	.db #0xee	; 238
    000001EE EF                     539 	.db #0xef	; 239
    000001EF 00                     540 	.db #0x00	; 0
    000001F0 3A                     541 	.db #0x3a	; 58
    000001F1 7C                     542 	.db #0x7c	; 124
    000001F2 7F                     543 	.db #0x7f	; 127
    000001F3 FE                     544 	.db #0xfe	; 254
    000001F4 7D                     545 	.db #0x7d	; 125
    000001F5 F6                     546 	.db #0xf6	; 246
    000001F6 FE                     547 	.db #0xfe	; 254
    000001F7 38                     548 	.db #0x38	; 56	'8'
    000001F8 7D                     549 	.db #0x7d	; 125
    000001F9 DE                     550 	.db #0xde	; 222
    000001FA FD                     551 	.db #0xfd	; 253
    000001FB FE                     552 	.db #0xfe	; 254
    000001FC BA                     553 	.db #0xba	; 186
    000001FD 7C                     554 	.db #0x7c	; 124
    000001FE 7C                     555 	.db #0x7c	; 124
    000001FF 00                     556 	.db #0x00	; 0
    00000200 7D                     557 	.db #0x7d	; 125
    00000201 FE                     558 	.db #0xfe	; 254
    00000202 FF                     559 	.db #0xff	; 255
    00000203 FE                     560 	.db #0xfe	; 254
    00000204 FE                     561 	.db #0xfe	; 254
    00000205 38                     562 	.db #0x38	; 56	'8'
    00000206 7C                     563 	.db #0x7c	; 124
    00000207 38                     564 	.db #0x38	; 56	'8'
    00000208 7C                     565 	.db #0x7c	; 124
    00000209 38                     566 	.db #0x38	; 56	'8'
    0000020A 7C                     567 	.db #0x7c	; 124
    0000020B 38                     568 	.db #0x38	; 56	'8'
    0000020C 7C                     569 	.db #0x7c	; 124
    0000020D 38                     570 	.db #0x38	; 56	'8'
    0000020E 38                     571 	.db #0x38	; 56	'8'
    0000020F 00                     572 	.db #0x00	; 0
    00000210 6F                     573 	.db #0x6f	; 111	'o'
    00000211 F6                     574 	.db #0xf6	; 246
    00000212 EF                     575 	.db #0xef	; 239
    00000213 F6                     576 	.db #0xf6	; 246
    00000214 EF                     577 	.db #0xef	; 239
    00000215 F6                     578 	.db #0xf6	; 246
    00000216 EF                     579 	.db #0xef	; 239
    00000217 F6                     580 	.db #0xf6	; 246
    00000218 F7                     581 	.db #0xf7	; 247
    00000219 FE                     582 	.db #0xfe	; 254
    0000021A 7D                     583 	.db #0x7d	; 125
    0000021B FE                     584 	.db #0xfe	; 254
    0000021C BA                     585 	.db #0xba	; 186
    0000021D 7C                     586 	.db #0x7c	; 124
    0000021E 7C                     587 	.db #0x7c	; 124
    0000021F 00                     588 	.db #0x00	; 0
    00000220 DB                     589 	.db #0xdb	; 219
    00000221 E6                     590 	.db #0xe6	; 230
    00000222 EF                     591 	.db #0xef	; 239
    00000223 F6                     592 	.db #0xf6	; 246
    00000224 77                     593 	.db #0x77	; 119	'w'
    00000225 FE                     594 	.db #0xfe	; 254
    00000226 7D                     595 	.db #0x7d	; 125
    00000227 FE                     596 	.db #0xfe	; 254
    00000228 FE                     597 	.db #0xfe	; 254
    00000229 7C                     598 	.db #0x7c	; 124
    0000022A BA                     599 	.db #0xba	; 186
    0000022B 7C                     600 	.db #0x7c	; 124
    0000022C 5C                     601 	.db #0x5c	; 92
    0000022D 38                     602 	.db #0x38	; 56	'8'
    0000022E 38                     603 	.db #0x38	; 56	'8'
    0000022F 00                     604 	.db #0x00	; 0
    00000230 DF                     605 	.db #0xdf	; 223
    00000231 E3                     606 	.db #0xe3	; 227
    00000232 E3                     607 	.db #0xe3	; 227
    00000233 FF                     608 	.db #0xff	; 255
    00000234 EB                     609 	.db #0xeb	; 235
    00000235 FF                     610 	.db #0xff	; 255
    00000236 7F                     611 	.db #0x7f	; 127
    00000237 FF                     612 	.db #0xff	; 255
    00000238 7E                     613 	.db #0x7e	; 126
    00000239 FF                     614 	.db #0xff	; 255
    0000023A 76                     615 	.db #0x76	; 118	'v'
    0000023B FF                     616 	.db #0xff	; 255
    0000023C E7                     617 	.db #0xe7	; 231
    0000023D 7E                     618 	.db #0x7e	; 126
    0000023E 7E                     619 	.db #0x7e	; 126
    0000023F 00                     620 	.db #0x00	; 0
    00000240 DF                     621 	.db #0xdf	; 223
    00000241 E6                     622 	.db #0xe6	; 230
    00000242 6D                     623 	.db #0x6d	; 109	'm'
    00000243 FE                     624 	.db #0xfe	; 254
    00000244 FE                     625 	.db #0xfe	; 254
    00000245 7C                     626 	.db #0x7c	; 124
    00000246 38                     627 	.db #0x38	; 56	'8'
    00000247 7C                     628 	.db #0x7c	; 124
    00000248 FE                     629 	.db #0xfe	; 254
    00000249 7C                     630 	.db #0x7c	; 124
    0000024A 6D                     631 	.db #0x6d	; 109	'm'
    0000024B FE                     632 	.db #0xfe	; 254
    0000024C F7                     633 	.db #0xf7	; 247
    0000024D CE                     634 	.db #0xce	; 206
    0000024E CF                     635 	.db #0xcf	; 207
    0000024F 00                     636 	.db #0x00	; 0
    00000250 DA                     637 	.db #0xda	; 218
    00000251 E7                     638 	.db #0xe7	; 231
    00000252 E7                     639 	.db #0xe7	; 231
    00000253 FE                     640 	.db #0xfe	; 254
    00000254 6D                     641 	.db #0x6d	; 109	'm'
    00000255 FE                     642 	.db #0xfe	; 254
    00000256 FE                     643 	.db #0xfe	; 254
    00000257 7C                     644 	.db #0x7c	; 124
    00000258 7C                     645 	.db #0x7c	; 124
    00000259 38                     646 	.db #0x38	; 56	'8'
    0000025A 7C                     647 	.db #0x7c	; 124
    0000025B 38                     648 	.db #0x38	; 56	'8'
    0000025C 7C                     649 	.db #0x7c	; 124
    0000025D 38                     650 	.db #0x38	; 56	'8'
    0000025E 38                     651 	.db #0x38	; 56	'8'
    0000025F 00                     652 	.db #0x00	; 0
    00000260 FF                     653 	.db #0xff	; 255
    00000261 7E                     654 	.db #0x7e	; 126
    00000262 FF                     655 	.db #0xff	; 255
    00000263 7E                     656 	.db #0x7e	; 126
    00000264 DD                     657 	.db #0xdd	; 221
    00000265 3E                     658 	.db #0x3e	; 62
    00000266 7E                     659 	.db #0x7e	; 126
    00000267 3C                     660 	.db #0x3c	; 60
    00000268 BA                     661 	.db #0xba	; 186
    00000269 7C                     662 	.db #0x7c	; 124
    0000026A FF                     663 	.db #0xff	; 255
    0000026B 7E                     664 	.db #0x7e	; 126
    0000026C FF                     665 	.db #0xff	; 255
    0000026D 7E                     666 	.db #0x7e	; 126
    0000026E FE                     667 	.db #0xfe	; 254
    0000026F 00                     668 	.db #0x00	; 0
                                    669 	.area _INITIALIZER
                                    670 	.area _CABS (ABS)
