                                      1 ;--------------------------------------------------------
                                      2 ; File Created by SDCC : free open source ISO C Compiler
                                      3 ; Version 4.5.1 #15267 (MINGW64)
                                      4 ;--------------------------------------------------------
                                      5 	.module jumper_sprites
                                      6 	
                                      7 ;--------------------------------------------------------
                                      8 ; Public variables in this module
                                      9 ;--------------------------------------------------------
                                     10 	.globl _jumper_portals
                                     11 	.globl b___func_jumper_portals
                                     12 	.globl ___func_jumper_portals
                                     13 ;--------------------------------------------------------
                                     14 ; special function registers
                                     15 ;--------------------------------------------------------
                                     16 	.area _HRAM
                                     17 ;--------------------------------------------------------
                                     18 ; ram data
                                     19 ;--------------------------------------------------------
                                     20 	.area _DATA
                                     21 ;--------------------------------------------------------
                                     22 ; ram data
                                     23 ;--------------------------------------------------------
                                     24 	.area _INITIALIZED
                                     25 ;--------------------------------------------------------
                                     26 ; absolute external ram data
                                     27 ;--------------------------------------------------------
                                     28 	.area _DABS (ABS)
                                     29 ;--------------------------------------------------------
                                     30 ; global & static initialisations
                                     31 ;--------------------------------------------------------
                                     32 	.area _HOME
                                     33 	.area _GSINIT
                                     34 	.area _GSFINAL
                                     35 	.area _GSINIT
                                     36 ;--------------------------------------------------------
                                     37 ; Home
                                     38 ;--------------------------------------------------------
                                     39 	.area _HOME
                                     40 	.area _HOME
                                     41 ;--------------------------------------------------------
                                     42 ; code
                                     43 ;--------------------------------------------------------
                                     44 	.area _CODE_124
                                     45 ;src/jumper_sprites.c:4: BANKREF(jumper_portals)
                                     46 ;	---------------------------------
                                     47 ; Function __func_jumper_portals
                                     48 ; ---------------------------------
                         0000007C    49 	b___func_jumper_portals	= 124
    00000000                         50 ___func_jumper_portals::
                                     51 	.local b___func_jumper_portals 
                         0000007C    52 	___bank_jumper_portals = b___func_jumper_portals 
                                     53 	.globl ___bank_jumper_portals 
                                     54 	.area _CODE_124
    00000000                         55 _jumper_portals:
    00000000 0E 00                   56 	.dw #0x000e
    00000002 1A                      57 	.db #0x1a	; 26
    00000003 0A                      58 	.db #0x0a	; 10
    00000004 1B 00                   59 	.dw #0x001b
    00000006 1A                      60 	.db #0x1a	; 26
    00000007 0C                      61 	.db #0x0c	; 12
    00000008 1E 00                   62 	.dw #0x001e
    0000000A 1A                      63 	.db #0x1a	; 26
    0000000B 0E                      64 	.db #0x0e	; 14
    0000000C 21 00                   65 	.dw #0x0021
    0000000E 1A                      66 	.db #0x1a	; 26
    0000000F 0C                      67 	.db #0x0c	; 12
    00000010 23 00                   68 	.dw #0x0023
    00000012 1A                      69 	.db #0x1a	; 26
    00000013 0E                      70 	.db #0x0e	; 14
    00000014 26 00                   71 	.dw #0x0026
    00000016 1A                      72 	.db #0x1a	; 26
    00000017 0C                      73 	.db #0x0c	; 12
    00000018 4A 00                   74 	.dw #0x004a
    0000001A 1A                      75 	.db #0x1a	; 26
    0000001B 0E                      76 	.db #0x0e	; 14
    0000001C 4C 00                   77 	.dw #0x004c
    0000001E 19                      78 	.db #0x19	; 25
    0000001F 65                      79 	.db #0x65	; 101	'e'
    00000020 4D 00                   80 	.dw #0x004d
    00000022 1A                      81 	.db #0x1a	; 26
    00000023 0C                      82 	.db #0x0c	; 12
    00000024 53 00                   83 	.dw #0x0053
    00000026 1A                      84 	.db #0x1a	; 26
    00000027 0C                      85 	.db #0x0c	; 12
    00000028 55 00                   86 	.dw #0x0055
    0000002A 1A                      87 	.db #0x1a	; 26
    0000002B 0E                      88 	.db #0x0e	; 14
    0000002C 5A 00                   89 	.dw #0x005a
    0000002E 1A                      90 	.db #0x1a	; 26
    0000002F 0C                      91 	.db #0x0c	; 12
    00000030 5C 00                   92 	.dw #0x005c
    00000032 1A                      93 	.db #0x1a	; 26
    00000033 0E                      94 	.db #0x0e	; 14
    00000034 61 00                   95 	.dw #0x0061
    00000036 1A                      96 	.db #0x1a	; 26
    00000037 0C                      97 	.db #0x0c	; 12
    00000038 64 00                   98 	.dw #0x0064
    0000003A 1A                      99 	.db #0x1a	; 26
    0000003B 0E                     100 	.db #0x0e	; 14
    0000003C 67 00                  101 	.dw #0x0067
    0000003E 1A                     102 	.db #0x1a	; 26
    0000003F 0C                     103 	.db #0x0c	; 12
    00000040 6C 00                  104 	.dw #0x006c
    00000042 1A                     105 	.db #0x1a	; 26
    00000043 0C                     106 	.db #0x0c	; 12
    00000044 70 00                  107 	.dw #0x0070
    00000046 15                     108 	.db #0x15	; 21
    00000047 09                     109 	.db #0x09	; 9
    00000048 70 00                  110 	.dw #0x0070
    0000004A 1A                     111 	.db #0x1a	; 26
    0000004B 0C                     112 	.db #0x0c	; 12
    0000004C 74 00                  113 	.dw #0x0074
    0000004E 1A                     114 	.db #0x1a	; 26
    0000004F 0C                     115 	.db #0x0c	; 12
    00000050 7A 00                  116 	.dw #0x007a
    00000052 13                     117 	.db #0x13	; 19
    00000053 64                     118 	.db #0x64	; 100	'd'
    00000054 7C 00                  119 	.dw #0x007c
    00000056 1A                     120 	.db #0x1a	; 26
    00000057 0C                     121 	.db #0x0c	; 12
    00000058 82 00                  122 	.dw #0x0082
    0000005A 1A                     123 	.db #0x1a	; 26
    0000005B 0C                     124 	.db #0x0c	; 12
    0000005C 87 00                  125 	.dw #0x0087
    0000005E 1A                     126 	.db #0x1a	; 26
    0000005F 0C                     127 	.db #0x0c	; 12
    00000060 8D 00                  128 	.dw #0x008d
    00000062 1A                     129 	.db #0x1a	; 26
    00000063 0C                     130 	.db #0x0c	; 12
    00000064 94 00                  131 	.dw #0x0094
    00000066 1A                     132 	.db #0x1a	; 26
    00000067 0C                     133 	.db #0x0c	; 12
    00000068 9E 00                  134 	.dw #0x009e
    0000006A 1A                     135 	.db #0x1a	; 26
    0000006B 0C                     136 	.db #0x0c	; 12
    0000006C A4 00                  137 	.dw #0x00a4
    0000006E 14                     138 	.db #0x14	; 20
    0000006F 08                     139 	.db #0x08	; 8
    00000070 A5 00                  140 	.dw #0x00a5
    00000072 1A                     141 	.db #0x1a	; 26
    00000073 0C                     142 	.db #0x0c	; 12
    00000074 AA 00                  143 	.dw #0x00aa
    00000076 1A                     144 	.db #0x1a	; 26
    00000077 0C                     145 	.db #0x0c	; 12
    00000078 AD 00                  146 	.dw #0x00ad
    0000007A 1A                     147 	.db #0x1a	; 26
    0000007B 0E                     148 	.db #0x0e	; 14
    0000007C AE 00                  149 	.dw #0x00ae
    0000007E 14                     150 	.db #0x14	; 20
    0000007F 65                     151 	.db #0x65	; 101	'e'
    00000080 B1 00                  152 	.dw #0x00b1
    00000082 1A                     153 	.db #0x1a	; 26
    00000083 0C                     154 	.db #0x0c	; 12
    00000084 B2 00                  155 	.dw #0x00b2
    00000086 12                     156 	.db #0x12	; 18
    00000087 0B                     157 	.db #0x0b	; 11
    00000088 B6 00                  158 	.dw #0x00b6
    0000008A 1A                     159 	.db #0x1a	; 26
    0000008B 0C                     160 	.db #0x0c	; 12
    0000008C BD 00                  161 	.dw #0x00bd
    0000008E 12                     162 	.db #0x12	; 18
    0000008F 0B                     163 	.db #0x0b	; 11
    00000090 BD 00                  164 	.dw #0x00bd
    00000092 1A                     165 	.db #0x1a	; 26
    00000093 0C                     166 	.db #0x0c	; 12
    00000094 C0 00                  167 	.dw #0x00c0
    00000096 14                     168 	.db #0x14	; 20
    00000097 0B                     169 	.db #0x0b	; 11
    00000098 C0 00                  170 	.dw #0x00c0
    0000009A 1A                     171 	.db #0x1a	; 26
    0000009B 0C                     172 	.db #0x0c	; 12
    0000009C C3 00                  173 	.dw #0x00c3
    0000009E 14                     174 	.db #0x14	; 20
    0000009F 0B                     175 	.db #0x0b	; 11
    000000A0 C4 00                  176 	.dw #0x00c4
    000000A2 1A                     177 	.db #0x1a	; 26
    000000A3 0C                     178 	.db #0x0c	; 12
    000000A4 CA 00                  179 	.dw #0x00ca
    000000A6 1A                     180 	.db #0x1a	; 26
    000000A7 0C                     181 	.db #0x0c	; 12
    000000A8 D2 00                  182 	.dw #0x00d2
    000000AA 14                     183 	.db #0x14	; 20
    000000AB 0B                     184 	.db #0x0b	; 11
    000000AC D8 00                  185 	.dw #0x00d8
    000000AE 16                     186 	.db #0x16	; 22
    000000AF 0B                     187 	.db #0x0b	; 11
    000000B0 DF 00                  188 	.dw #0x00df
    000000B2 1A                     189 	.db #0x1a	; 26
    000000B3 0C                     190 	.db #0x0c	; 12
    000000B4 E0 00                  191 	.dw #0x00e0
    000000B6 15                     192 	.db #0x15	; 21
    000000B7 01                     193 	.db #0x01	; 1
    000000B8 EA 00                  194 	.dw #0x00ea
    000000BA 19                     195 	.db #0x19	; 25
    000000BB 65                     196 	.db #0x65	; 101	'e'
    000000BC FB 00                  197 	.dw #0x00fb
    000000BE 15                     198 	.db #0x15	; 21
    000000BF 09                     199 	.db #0x09	; 9
    000000C0 06 01                  200 	.dw #0x0106
    000000C2 1A                     201 	.db #0x1a	; 26
    000000C3 64                     202 	.db #0x64	; 100	'd'
    000000C4 17 01                  203 	.dw #0x0117
    000000C6 15                     204 	.db #0x15	; 21
    000000C7 08                     205 	.db #0x08	; 8
    000000C8 22 01                  206 	.dw #0x0122
    000000CA 1A                     207 	.db #0x1a	; 26
    000000CB 65                     208 	.db #0x65	; 101	'e'
    000000CC 30 01                  209 	.dw #0x0130
    000000CE 15                     210 	.db #0x15	; 21
    000000CF 09                     211 	.db #0x09	; 9
    000000D0 3B 01                  212 	.dw #0x013b
    000000D2 1A                     213 	.db #0x1a	; 26
    000000D3 64                     214 	.db #0x64	; 100	'd'
    000000D4 50 01                  215 	.dw #0x0150
    000000D6 15                     216 	.db #0x15	; 21
    000000D7 00                     217 	.db #0x00	; 0
    000000D8 51 01                  218 	.dw #0x0151
    000000DA 15                     219 	.db #0x15	; 21
    000000DB 08                     220 	.db #0x08	; 8
    000000DC 58 01                  221 	.dw #0x0158
    000000DE 1A                     222 	.db #0x1a	; 26
    000000DF 0E                     223 	.db #0x0e	; 14
    000000E0 5A 01                  224 	.dw #0x015a
    000000E2 12                     225 	.db #0x12	; 18
    000000E3 0B                     226 	.db #0x0b	; 11
    000000E4 5A 01                  227 	.dw #0x015a
    000000E6 19                     228 	.db #0x19	; 25
    000000E7 65                     229 	.db #0x65	; 101	'e'
    000000E8 5C 01                  230 	.dw #0x015c
    000000EA 1A                     231 	.db #0x1a	; 26
    000000EB 0E                     232 	.db #0x0e	; 14
    000000EC 5E 01                  233 	.dw #0x015e
    000000EE 1A                     234 	.db #0x1a	; 26
    000000EF 0C                     235 	.db #0x0c	; 12
    000000F0 67 01                  236 	.dw #0x0167
    000000F2 1A                     237 	.db #0x1a	; 26
    000000F3 0C                     238 	.db #0x0c	; 12
    000000F4 69 01                  239 	.dw #0x0169
    000000F6 1A                     240 	.db #0x1a	; 26
    000000F7 0C                     241 	.db #0x0c	; 12
    000000F8 70 01                  242 	.dw #0x0170
    000000FA 1A                     243 	.db #0x1a	; 26
    000000FB 0C                     244 	.db #0x0c	; 12
    000000FC 72 01                  245 	.dw #0x0172
    000000FE 11                     246 	.db #0x11	; 17
    000000FF 0B                     247 	.db #0x0b	; 11
    00000100 74 01                  248 	.dw #0x0174
    00000102 1A                     249 	.db #0x1a	; 26
    00000103 0C                     250 	.db #0x0c	; 12
    00000104 79 01                  251 	.dw #0x0179
    00000106 1A                     252 	.db #0x1a	; 26
    00000107 0C                     253 	.db #0x0c	; 12
    00000108 7C 01                  254 	.dw #0x017c
    0000010A 1A                     255 	.db #0x1a	; 26
    0000010B 0C                     256 	.db #0x0c	; 12
    0000010C 7D 01                  257 	.dw #0x017d
    0000010E 12                     258 	.db #0x12	; 18
    0000010F 0B                     259 	.db #0x0b	; 11
    00000110 83 01                  260 	.dw #0x0183
    00000112 13                     261 	.db #0x13	; 19
    00000113 0B                     262 	.db #0x0b	; 11
    00000114 85 01                  263 	.dw #0x0185
    00000116 1A                     264 	.db #0x1a	; 26
    00000117 0E                     265 	.db #0x0e	; 14
    00000118 92 01                  266 	.dw #0x0192
    0000011A 13                     267 	.db #0x13	; 19
    0000011B 0B                     268 	.db #0x0b	; 11
    0000011C 9B 01                  269 	.dw #0x019b
    0000011E 17                     270 	.db #0x17	; 23
    0000011F 0B                     271 	.db #0x0b	; 11
    00000120 A6 01                  272 	.dw #0x01a6
    00000122 1A                     273 	.db #0x1a	; 26
    00000123 0E                     274 	.db #0x0e	; 14
    00000124 AB 01                  275 	.dw #0x01ab
    00000126 12                     276 	.db #0x12	; 18
    00000127 0B                     277 	.db #0x0b	; 11
    00000128 AC 01                  278 	.dw #0x01ac
    0000012A 12                     279 	.db #0x12	; 18
    0000012B 0B                     280 	.db #0x0b	; 11
    0000012C AD 01                  281 	.dw #0x01ad
    0000012E 1A                     282 	.db #0x1a	; 26
    0000012F 0C                     283 	.db #0x0c	; 12
    00000130 B5 01                  284 	.dw #0x01b5
    00000132 1A                     285 	.db #0x1a	; 26
    00000133 0C                     286 	.db #0x0c	; 12
    00000134 BC 01                  287 	.dw #0x01bc
    00000136 12                     288 	.db #0x12	; 18
    00000137 0B                     289 	.db #0x0b	; 11
    00000138 BC 01                  290 	.dw #0x01bc
    0000013A 19                     291 	.db #0x19	; 25
    0000013B 65                     292 	.db #0x65	; 101	'e'
    0000013C BE 01                  293 	.dw #0x01be
    0000013E 15                     294 	.db #0x15	; 21
    0000013F 09                     295 	.db #0x09	; 9
    00000140 BF 01                  296 	.dw #0x01bf
    00000142 1A                     297 	.db #0x1a	; 26
    00000143 0C                     298 	.db #0x0c	; 12
    00000144 C9 01                  299 	.dw #0x01c9
    00000146 19                     300 	.db #0x19	; 25
    00000147 65                     301 	.db #0x65	; 101	'e'
    00000148 D7 01                  302 	.dw #0x01d7
    0000014A 15                     303 	.db #0x15	; 21
    0000014B 08                     304 	.db #0x08	; 8
    0000014C EB 01                  305 	.dw #0x01eb
    0000014E 15                     306 	.db #0x15	; 21
    0000014F 09                     307 	.db #0x09	; 9
    00000150 F8 01                  308 	.dw #0x01f8
    00000152 15                     309 	.db #0x15	; 21
    00000153 08                     310 	.db #0x08	; 8
    00000154 03 02                  311 	.dw #0x0203
    00000156 1A                     312 	.db #0x1a	; 26
    00000157 0C                     313 	.db #0x0c	; 12
    00000158 07 02                  314 	.dw #0x0207
    0000015A 1A                     315 	.db #0x1a	; 26
    0000015B 0E                     316 	.db #0x0e	; 14
    0000015C 0F 02                  317 	.dw #0x020f
    0000015E 1A                     318 	.db #0x1a	; 26
    0000015F 0C                     319 	.db #0x0c	; 12
    00000160 14 02                  320 	.dw #0x0214
    00000162 1A                     321 	.db #0x1a	; 26
    00000163 0C                     322 	.db #0x0c	; 12
    00000164 16 02                  323 	.dw #0x0216
    00000166 19                     324 	.db #0x19	; 25
    00000167 65                     325 	.db #0x65	; 101	'e'
    00000168 18 02                  326 	.dw #0x0218
    0000016A 1A                     327 	.db #0x1a	; 26
    0000016B 0C                     328 	.db #0x0c	; 12
    0000016C 21 02                  329 	.dw #0x0221
    0000016E 1A                     330 	.db #0x1a	; 26
    0000016F 0C                     331 	.db #0x0c	; 12
    00000170 28 02                  332 	.dw #0x0228
    00000172 18                     333 	.db #0x18	; 24
    00000173 65                     334 	.db #0x65	; 101	'e'
    00000174 28 02                  335 	.dw #0x0228
    00000176 1A                     336 	.db #0x1a	; 26
    00000177 0C                     337 	.db #0x0c	; 12
    00000178 2F 02                  338 	.dw #0x022f
    0000017A 1A                     339 	.db #0x1a	; 26
    0000017B 0C                     340 	.db #0x0c	; 12
    0000017C 30 02                  341 	.dw #0x0230
    0000017E 15                     342 	.db #0x15	; 21
    0000017F 01                     343 	.db #0x01	; 1
    00000180 3A 02                  344 	.dw #0x023a
    00000182 19                     345 	.db #0x19	; 25
    00000183 65                     346 	.db #0x65	; 101	'e'
    00000184 48 02                  347 	.dw #0x0248
    00000186 1A                     348 	.db #0x1a	; 26
    00000187 65                     349 	.db #0x65	; 101	'e'
    00000188 56 02                  350 	.dw #0x0256
    0000018A 1A                     351 	.db #0x1a	; 26
    0000018B 65                     352 	.db #0x65	; 101	'e'
    0000018C 64 02                  353 	.dw #0x0264
    0000018E 1A                     354 	.db #0x1a	; 26
    0000018F 65                     355 	.db #0x65	; 101	'e'
    00000190 72 02                  356 	.dw #0x0272
    00000192 1A                     357 	.db #0x1a	; 26
    00000193 65                     358 	.db #0x65	; 101	'e'
    00000194 80 02                  359 	.dw #0x0280
    00000196 1A                     360 	.db #0x1a	; 26
    00000197 65                     361 	.db #0x65	; 101	'e'
    00000198 8E 02                  362 	.dw #0x028e
    0000019A 1A                     363 	.db #0x1a	; 26
    0000019B 64                     364 	.db #0x64	; 100	'd'
    0000019C 9C 02                  365 	.dw #0x029c
    0000019E 1A                     366 	.db #0x1a	; 26
    0000019F 64                     367 	.db #0x64	; 100	'd'
    000001A0 A0 02                  368 	.dw #0x02a0
    000001A2 15                     369 	.db #0x15	; 21
    000001A3 00                     370 	.db #0x00	; 0
    000001A4 A2 02                  371 	.dw #0x02a2
    000001A6 1A                     372 	.db #0x1a	; 26
    000001A7 0C                     373 	.db #0x0c	; 12
    000001A8 AA 02                  374 	.dw #0x02aa
    000001AA 1A                     375 	.db #0x1a	; 26
    000001AB 64                     376 	.db #0x64	; 100	'd'
    000001AC AD 02                  377 	.dw #0x02ad
    000001AE 1A                     378 	.db #0x1a	; 26
    000001AF 0C                     379 	.db #0x0c	; 12
    000001B0 B0 02                  380 	.dw #0x02b0
    000001B2 1A                     381 	.db #0x1a	; 26
    000001B3 0E                     382 	.db #0x0e	; 14
    000001B4 B5 02                  383 	.dw #0x02b5
    000001B6 1A                     384 	.db #0x1a	; 26
    000001B7 0E                     385 	.db #0x0e	; 14
    000001B8 B8 02                  386 	.dw #0x02b8
    000001BA 1A                     387 	.db #0x1a	; 26
    000001BB 64                     388 	.db #0x64	; 100	'd'
    000001BC BD 02                  389 	.dw #0x02bd
    000001BE 15                     390 	.db #0x15	; 21
    000001BF 0B                     391 	.db #0x0b	; 11
    000001C0 BF 02                  392 	.dw #0x02bf
    000001C2 15                     393 	.db #0x15	; 21
    000001C3 0B                     394 	.db #0x0b	; 11
    000001C4 C6 02                  395 	.dw #0x02c6
    000001C6 1A                     396 	.db #0x1a	; 26
    000001C7 64                     397 	.db #0x64	; 100	'd'
    000001C8 D1 02                  398 	.dw #0x02d1
    000001CA 14                     399 	.db #0x14	; 20
    000001CB 0B                     400 	.db #0x0b	; 11
    000001CC D4 02                  401 	.dw #0x02d4
    000001CE 1A                     402 	.db #0x1a	; 26
    000001CF 65                     403 	.db #0x65	; 101	'e'
    000001D0 D9 02                  404 	.dw #0x02d9
    000001D2 1A                     405 	.db #0x1a	; 26
    000001D3 0C                     406 	.db #0x0c	; 12
    000001D4 E1 02                  407 	.dw #0x02e1
    000001D6 14                     408 	.db #0x14	; 20
    000001D7 0B                     409 	.db #0x0b	; 11
    000001D8 E2 02                  410 	.dw #0x02e2
    000001DA 1A                     411 	.db #0x1a	; 26
    000001DB 65                     412 	.db #0x65	; 101	'e'
    000001DC E3 02                  413 	.dw #0x02e3
    000001DE 15                     414 	.db #0x15	; 21
    000001DF 0B                     415 	.db #0x0b	; 11
    000001E0 E4 02                  416 	.dw #0x02e4
    000001E2 15                     417 	.db #0x15	; 21
    000001E3 0B                     418 	.db #0x0b	; 11
    000001E4 F0 02                  419 	.dw #0x02f0
    000001E6 1A                     420 	.db #0x1a	; 26
    000001E7 65                     421 	.db #0x65	; 101	'e'
    000001E8 F7 02                  422 	.dw #0x02f7
    000001EA 15                     423 	.db #0x15	; 21
    000001EB 0B                     424 	.db #0x0b	; 11
    000001EC F8 02                  425 	.dw #0x02f8
    000001EE 15                     426 	.db #0x15	; 21
    000001EF 0B                     427 	.db #0x0b	; 11
    000001F0 FE 02                  428 	.dw #0x02fe
    000001F2 1A                     429 	.db #0x1a	; 26
    000001F3 65                     430 	.db #0x65	; 101	'e'
    000001F4 00 03                  431 	.dw #0x0300
    000001F6 1A                     432 	.db #0x1a	; 26
    000001F7 0C                     433 	.db #0x0c	; 12
    000001F8 04 03                  434 	.dw #0x0304
    000001FA 1A                     435 	.db #0x1a	; 26
    000001FB 0E                     436 	.db #0x0e	; 14
    000001FC 07 03                  437 	.dw #0x0307
    000001FE 1A                     438 	.db #0x1a	; 26
    000001FF 0C                     439 	.db #0x0c	; 12
    00000200 0C 03                  440 	.dw #0x030c
    00000202 19                     441 	.db #0x19	; 25
    00000203 65                     442 	.db #0x65	; 101	'e'
    00000204 0C 03                  443 	.dw #0x030c
    00000206 1A                     444 	.db #0x1a	; 26
    00000207 0C                     445 	.db #0x0c	; 12
    00000208 0F 03                  446 	.dw #0x030f
    0000020A 16                     447 	.db #0x16	; 22
    0000020B 09                     448 	.db #0x09	; 9
    0000020C 1A 03                  449 	.dw #0x031a
    0000020E 1A                     450 	.db #0x1a	; 26
    0000020F 65                     451 	.db #0x65	; 101	'e'
    00000210 28 03                  452 	.dw #0x0328
    00000212 1A                     453 	.db #0x1a	; 26
    00000213 65                     454 	.db #0x65	; 101	'e'
    00000214 36 03                  455 	.dw #0x0336
    00000216 1A                     456 	.db #0x1a	; 26
    00000217 64                     457 	.db #0x64	; 100	'd'
    00000218 44 03                  458 	.dw #0x0344
    0000021A 1A                     459 	.db #0x1a	; 26
    0000021B 64                     460 	.db #0x64	; 100	'd'
    0000021C 46 03                  461 	.dw #0x0346
    0000021E 17                     462 	.db #0x17	; 23
    0000021F 08                     463 	.db #0x08	; 8
    00000220 4A 03                  464 	.dw #0x034a
    00000222 1A                     465 	.db #0x1a	; 26
    00000223 0C                     466 	.db #0x0c	; 12
    00000224 4C 03                  467 	.dw #0x034c
    00000226 1A                     468 	.db #0x1a	; 26
    00000227 0C                     469 	.db #0x0c	; 12
    00000228 52 03                  470 	.dw #0x0352
    0000022A 1A                     471 	.db #0x1a	; 26
    0000022B 64                     472 	.db #0x64	; 100	'd'
    0000022C 55 03                  473 	.dw #0x0355
    0000022E 1A                     474 	.db #0x1a	; 26
    0000022F 0C                     475 	.db #0x0c	; 12
    00000230 57 03                  476 	.dw #0x0357
    00000232 1A                     477 	.db #0x1a	; 26
    00000233 0E                     478 	.db #0x0e	; 14
    00000234 5C 03                  479 	.dw #0x035c
    00000236 1A                     480 	.db #0x1a	; 26
    00000237 0C                     481 	.db #0x0c	; 12
    00000238 5F 03                  482 	.dw #0x035f
    0000023A 1A                     483 	.db #0x1a	; 26
    0000023B 0E                     484 	.db #0x0e	; 14
    0000023C 60 03                  485 	.dw #0x0360
    0000023E 1A                     486 	.db #0x1a	; 26
    0000023F 64                     487 	.db #0x64	; 100	'd'
    00000240 63 03                  488 	.dw #0x0363
    00000242 1A                     489 	.db #0x1a	; 26
    00000243 0C                     490 	.db #0x0c	; 12
    00000244 65 03                  491 	.dw #0x0365
    00000246 1A                     492 	.db #0x1a	; 26
    00000247 0C                     493 	.db #0x0c	; 12
    00000248 6D 03                  494 	.dw #0x036d
    0000024A 1A                     495 	.db #0x1a	; 26
    0000024B 0E                     496 	.db #0x0e	; 14
    0000024C 6E 03                  497 	.dw #0x036e
    0000024E 1A                     498 	.db #0x1a	; 26
    0000024F 64                     499 	.db #0x64	; 100	'd'
    00000250 72 03                  500 	.dw #0x0372
    00000252 1A                     501 	.db #0x1a	; 26
    00000253 0E                     502 	.db #0x0e	; 14
    00000254 76 03                  503 	.dw #0x0376
    00000256 1A                     504 	.db #0x1a	; 26
    00000257 65                     505 	.db #0x65	; 101	'e'
    00000258 7D 03                  506 	.dw #0x037d
    0000025A 1A                     507 	.db #0x1a	; 26
    0000025B 66                     508 	.db #0x66	; 102	'f'
    0000025C FF FF                  509 	.dw #0xffff
    0000025E 00                     510 	.db #0x00	; 0
    0000025F 00                     511 	.db #0x00	; 0
                                    512 	.area _INITIALIZER
                                    513 	.area _CABS (ABS)
