                                      1 ;--------------------------------------------------------
                                      2 ; File Created by SDCC : free open source ISO C Compiler
                                      3 ; Version 4.5.1 #15267 (MINGW64)
                                      4 ;--------------------------------------------------------
                                      5 	.module main
                                      6 	
                                      7 ;--------------------------------------------------------
                                      8 ; Public variables in this module
                                      9 ;--------------------------------------------------------
                                     10 	.globl _main
                                     11 	.globl _play_music_safe
                                     12 	.globl _update_play_level_state
                                     13 	.globl _update_level_select_state
                                     14 	.globl _update_menu_state
                                     15 	.globl _init_music_banked
                                     16 	.globl _hUGE_dosound
                                     17 	.globl _cpu_fast
                                     18 	.globl _set_interrupts
                                     19 	.globl _add_TIM
                                     20 	.globl _current_state
                                     21 	.globl _current_song_bank
                                     22 	.globl _selected
                                     23 	.globl _redraw
                                     24 	.globl _music_ready
                                     25 ;--------------------------------------------------------
                                     26 ; special function registers
                                     27 ;--------------------------------------------------------
                                     28 	.area _HRAM
                                     29 ;--------------------------------------------------------
                                     30 ; ram data
                                     31 ;--------------------------------------------------------
                                     32 	.area _DATA
                                     33 ;--------------------------------------------------------
                                     34 ; ram data
                                     35 ;--------------------------------------------------------
                                     36 	.area _INITIALIZED
    00000000                         37 _music_ready::
    00000000                         38 	.ds 1
    00000001                         39 _redraw::
    00000001                         40 	.ds 1
    00000002                         41 _selected::
    00000002                         42 	.ds 1
    00000003                         43 _current_song_bank::
    00000003                         44 	.ds 1
    00000004                         45 _cgb_music_tick:
    00000004                         46 	.ds 1
    00000005                         47 _current_state::
    00000005                         48 	.ds 1
                                     49 ;--------------------------------------------------------
                                     50 ; absolute external ram data
                                     51 ;--------------------------------------------------------
                                     52 	.area _DABS (ABS)
                                     53 ;--------------------------------------------------------
                                     54 ; global & static initialisations
                                     55 ;--------------------------------------------------------
                                     56 	.area _HOME
                                     57 	.area _GSINIT
                                     58 	.area _GSFINAL
                                     59 	.area _GSINIT
                                     60 ;--------------------------------------------------------
                                     61 ; Home
                                     62 ;--------------------------------------------------------
                                     63 	.area _HOME
                                     64 	.area _HOME
                                     65 ;--------------------------------------------------------
                                     66 ; code
                                     67 ;--------------------------------------------------------
                                     68 	.area _CODE
                                     69 ;src/main.c:19: void play_music_safe(void) {
                                     70 ;	---------------------------------
                                     71 ; Function play_music_safe
                                     72 ; ---------------------------------
    00000000                         73 _play_music_safe::
                                     74 ;src/main.c:20: if (music_ready) {
    00000000 FAr00r00         [16]   75 	ld	a, (#_music_ready)
    00000003 B7               [ 4]   76 	or	a, a
    00000004 C8               [20]   77 	ret	Z
                                     78 ;src/main.c:21: if ((_cpu == CGB_TYPE) && (cgb_music_tick++ & 1u)) return;
    00000005 FAr00r00         [16]   79 	ld	a, (#__cpu)
    00000008 D6 11            [ 8]   80 	sub	a, #0x11
    0000000A 20 0B            [12]   81 	jr	NZ, 00102$
    0000000C FAr04r00         [16]   82 	ld	a, (_cgb_music_tick)
    0000000F 4F               [ 4]   83 	ld	c, a
    00000010 21r04r00         [12]   84 	ld	hl, #_cgb_music_tick
    00000013 34               [12]   85 	inc	(hl)
    00000014 CB 41            [ 8]   86 	bit	0, c
    00000016 C0               [20]   87 	ret	NZ
    00000017                         88 00102$:
                                     89 ;src/main.c:22: uint8_t prev_bank = _current_bank;
    00000017 F0r00            [12]   90 	ldh	a, (__current_bank + 0)
    00000019 4F               [ 4]   91 	ld	c, a
                                     92 ;src/main.c:23: SWITCH_ROM(current_song_bank);
    0000001A 21r03r00         [12]   93 	ld	hl, #_current_song_bank
    0000001D 7E               [ 8]   94 	ld	a, (hl)
    0000001E E0r00            [12]   95 	ldh	(__current_bank + 0), a
    00000020 7E               [ 8]   96 	ld	a, (hl)
    00000021 EAr00r00         [16]   97 	ld	(#_rROMB0),a
                                     98 ;src/main.c:24: hUGE_dosound();
    00000024 C5               [16]   99 	push	bc
    00000025 CDr00r00         [24]  100 	call	_hUGE_dosound
    00000028 C1               [12]  101 	pop	bc
                                    102 ;src/main.c:25: SWITCH_ROM(prev_bank);
    00000029 79               [ 4]  103 	ld	a, c
    0000002A E0r00            [12]  104 	ldh	(__current_bank + 0), a
    0000002C 21r00r00         [12]  105 	ld	hl, #_rROMB0
    0000002F 71               [ 8]  106 	ld	(hl), c
                                    107 ;src/main.c:27: }
    00000030 C9               [16]  108 	ret
                                    109 ;src/main.c:29: void main(void) {
                                    110 ;	---------------------------------
                                    111 ; Function main
                                    112 ; ---------------------------------
    00000031                        113 _main::
                                    114 ;src/main.c:30: music_ready = 0;
    00000031 AF               [ 4]  115 	xor	a, a
    00000032 EAr00r00         [16]  116 	ld	(#_music_ready),a
                                    117 ;src/main.c:32: if (_cpu == CGB_TYPE) cpu_fast();
    00000035 FAr00r00         [16]  118 	ld	a, (#__cpu)
    00000038 D6 11            [ 8]  119 	sub	a, #0x11
    0000003A 20 03            [12]  120 	jr	NZ, 00102$
    0000003C CDr00r00         [24]  121 	call	_cpu_fast
    0000003F                        122 00102$:
                                    123 ;src/main.c:35: NR52_REG = 0x80;
    0000003F 3E 80            [ 8]  124 	ld	a, #0x80
    00000041 E0r00            [12]  125 	ldh	(_NR52_REG + 0), a
                                    126 ;src/main.c:36: NR51_REG = 0xFF;
    00000043 3E FF            [ 8]  127 	ld	a, #0xff
    00000045 E0r00            [12]  128 	ldh	(_NR51_REG + 0), a
                                    129 ;src/main.c:37: NR50_REG = 0x77;
    00000047 3E 77            [ 8]  130 	ld	a, #0x77
    00000049 E0r00            [12]  131 	ldh	(_NR50_REG + 0), a
                                    132 ;src/main.c:39: TAC_REG = 0x04;
    0000004B 3E 04            [ 8]  133 	ld	a, #0x04
    0000004D E0r00            [12]  134 	ldh	(_TAC_REG + 0), a
                                    135 ;src/main.c:40: add_TIM(play_music_safe);
    0000004F 11r00r00         [12]  136 	ld	de, #_play_music_safe
    00000052 CDr00r00         [24]  137 	call	_add_TIM
                                    138 ;src/main.c:41: set_interrupts(VBL_IFLAG | TIM_IFLAG);
    00000055 3E 05            [ 8]  139 	ld	a, #0x05
    00000057 CDr00r00         [24]  140 	call	_set_interrupts
                                    141 ;c:\gbdk\include\gb\gb.h:795: __asm__("ei");
    0000005A FB               [ 4]  142 	ei
                                    143 ;src/main.c:44: init_music_banked(&menuloop, 1, 176);
    0000005B 3E B0            [ 8]  144 	ld	a, #0xb0
    0000005D F5               [16]  145 	push	af
    0000005E 33               [ 8]  146 	inc	sp
    0000005F 3E 01            [ 8]  147 	ld	a, #0x01
    00000061 11r00r00         [12]  148 	ld	de, #_menuloop
    00000064 CDr00r00         [24]  149 	call	_init_music_banked
                                    150 ;src/main.c:45: music_ready = 1; // Explicitly ensure music starts
    00000067 21r00r00         [12]  151 	ld	hl, #_music_ready
    0000006A 36 01            [12]  152 	ld	(hl), #0x01
                                    153 ;src/main.c:47: while (1) {
    0000006C                        154 00108$:
                                    155 ;src/main.c:48: switch (current_state) {
    0000006C FAr05r00         [16]  156 	ld	a, (#_current_state)
    0000006F B7               [ 4]  157 	or	a, a
    00000070 28 0F            [12]  158 	jr	Z, 00103$
    00000072 FAr05r00         [16]  159 	ld	a, (#_current_state)
    00000075 3D               [ 4]  160 	dec	a
    00000076 28 11            [12]  161 	jr	Z, 00104$
    00000078 FAr05r00         [16]  162 	ld	a, (#_current_state)
    0000007B D6 02            [ 8]  163 	sub	a, #0x02
    0000007D 28 12            [12]  164 	jr	Z, 00105$
    0000007F 18 EB            [12]  165 	jr	00108$
                                    166 ;src/main.c:49: case STATE_MENU:
    00000081                        167 00103$:
                                    168 ;src/main.c:50: current_state = update_menu_state();
    00000081 CDr00r00         [24]  169 	call	_update_menu_state
    00000084 EAr05r00         [16]  170 	ld	(#_current_state),a
                                    171 ;src/main.c:51: break;
    00000087 18 E3            [12]  172 	jr	00108$
                                    173 ;src/main.c:52: case STATE_LEVEL_SELECT:
    00000089                        174 00104$:
                                    175 ;src/main.c:53: current_state = update_level_select_state();
    00000089 CDr00r00         [24]  176 	call	_update_level_select_state
    0000008C EAr05r00         [16]  177 	ld	(#_current_state),a
                                    178 ;src/main.c:54: break;
    0000008F 18 DB            [12]  179 	jr	00108$
                                    180 ;src/main.c:55: case STATE_PLAY_LEVEL:
    00000091                        181 00105$:
                                    182 ;src/main.c:56: current_state = update_play_level_state();
    00000091 CDr00r00         [24]  183 	call	_update_play_level_state
    00000094 EAr05r00         [16]  184 	ld	(#_current_state),a
                                    185 ;src/main.c:58: }
                                    186 ;src/main.c:60: }
    00000097 18 D3            [12]  187 	jr	00108$
                                    188 	.area _CODE
                                    189 	.area _INITIALIZER
    00000000                        190 __xinit__music_ready:
    00000000 00                     191 	.db #0x00	; 0
    00000001                        192 __xinit__redraw:
    00000001 01                     193 	.db #0x01	; 1
    00000002                        194 __xinit__selected:
    00000002 00                     195 	.db #0x00	; 0
    00000003                        196 __xinit__current_song_bank:
    00000003 00                     197 	.db #0x00	; 0
    00000004                        198 __xinit__cgb_music_tick:
    00000004 00                     199 	.db #0x00	; 0
    00000005                        200 __xinit__current_state:
    00000005 00                     201 	.db #0x00	; 0
                                    202 	.area _CABS (ABS)
