                                      1 ;--------------------------------------------------------
                                      2 ; File Created by SDCC : free open source ISO C Compiler
                                      3 ; Version 4.5.1 #15267 (MINGW64)
                                      4 ;--------------------------------------------------------
                                      5 	.module polargeist_sprites
                                      6 	
                                      7 ;--------------------------------------------------------
                                      8 ; Public variables in this module
                                      9 ;--------------------------------------------------------
                                     10 	.globl _polargeist_sp
                                     11 	.globl b___func_polargeist_sp
                                     12 	.globl ___func_polargeist_sp
                                     13 ;--------------------------------------------------------
                                     14 ; special function registers
                                     15 ;--------------------------------------------------------
                                     16 	.area _HRAM
                                     17 ;--------------------------------------------------------
                                     18 ; ram data
                                     19 ;--------------------------------------------------------
                                     20 	.area _DATA
                                     21 ;--------------------------------------------------------
                                     22 ; ram data
                                     23 ;--------------------------------------------------------
                                     24 	.area _INITIALIZED
                                     25 ;--------------------------------------------------------
                                     26 ; absolute external ram data
                                     27 ;--------------------------------------------------------
                                     28 	.area _DABS (ABS)
                                     29 ;--------------------------------------------------------
                                     30 ; global & static initialisations
                                     31 ;--------------------------------------------------------
                                     32 	.area _HOME
                                     33 	.area _GSINIT
                                     34 	.area _GSFINAL
                                     35 	.area _GSINIT
                                     36 ;--------------------------------------------------------
                                     37 ; Home
                                     38 ;--------------------------------------------------------
                                     39 	.area _HOME
                                     40 	.area _HOME
                                     41 ;--------------------------------------------------------
                                     42 ; code
                                     43 ;--------------------------------------------------------
                                     44 	.area _CODE_123
                                     45 ;src/polargeist_sprites.c:4: BANKREF(polargeist_sp)
                                     46 ;	---------------------------------
                                     47 ; Function __func_polargeist_sp
                                     48 ; ---------------------------------
                         0000007B    49 	b___func_polargeist_sp	= 123
    00000000                         50 ___func_polargeist_sp::
                                     51 	.local b___func_polargeist_sp 
                         0000007B    52 	___bank_polargeist_sp = b___func_polargeist_sp 
                                     53 	.globl ___bank_polargeist_sp 
                                     54 	.area _CODE_123
    00000000                         55 _polargeist_sp:
    00000000 11 00                   56 	.dw #0x0011
    00000002 01                      57 	.db #0x01	; 1
    00000003 0B                      58 	.db #0x0b	; 11
    00000004 20 00                   59 	.dw #0x0020
    00000006 01                      60 	.db #0x01	; 1
    00000007 0B                      61 	.db #0x0b	; 11
    00000008 30 00                   62 	.dw #0x0030
    0000000A 01                      63 	.db #0x01	; 1
    0000000B 0B                      64 	.db #0x0b	; 11
    0000000C 34 00                   65 	.dw #0x0034
    0000000E 01                      66 	.db #0x01	; 1
    0000000F 2B                      67 	.db #0x2b	; 43
    00000010 38 00                   68 	.dw #0x0038
    00000012 02                      69 	.db #0x02	; 2
    00000013 2B                      70 	.db #0x2b	; 43
    00000014 3C 00                   71 	.dw #0x003c
    00000016 02                      72 	.db #0x02	; 2
    00000017 0B                      73 	.db #0x0b	; 11
    00000018 3D 00                   74 	.dw #0x003d
    0000001A 00                      75 	.db #0x00	; 0
    0000001B 2E                      76 	.db #0x2e	; 46
    0000001C 40 00                   77 	.dw #0x0040
    0000001E 02                      78 	.db #0x02	; 2
    0000001F 2D                      79 	.db #0x2d	; 45
    00000020 43 00                   80 	.dw #0x0043
    00000022 02                      81 	.db #0x02	; 2
    00000023 2D                      82 	.db #0x2d	; 45
    00000024 44 00                   83 	.dw #0x0044
    00000026 00                      84 	.db #0x00	; 0
    00000027 2E                      85 	.db #0x2e	; 46
    00000028 47 00                   86 	.dw #0x0047
    0000002A 00                      87 	.db #0x00	; 0
    0000002B 30                      88 	.db #0x30	; 48	'0'
    0000002C 48 00                   89 	.dw #0x0048
    0000002E 01                      90 	.db #0x01	; 1
    0000002F 2A                      91 	.db #0x2a	; 42
    00000030 53 00                   92 	.dw #0x0053
    00000032 05                      93 	.db #0x05	; 5
    00000033 2D                      94 	.db #0x2d	; 45
    00000034 54 00                   95 	.dw #0x0054
    00000036 05                      96 	.db #0x05	; 5
    00000037 2D                      97 	.db #0x2d	; 45
    00000038 56 00                   98 	.dw #0x0056
    0000003A 01                      99 	.db #0x01	; 1
    0000003B 64                     100 	.db #0x64	; 100	'd'
    0000003C 58 00                  101 	.dw #0x0058
    0000003E 05                     102 	.db #0x05	; 5
    0000003F 2D                     103 	.db #0x2d	; 45
    00000040 59 00                  104 	.dw #0x0059
    00000042 05                     105 	.db #0x05	; 5
    00000043 2D                     106 	.db #0x2d	; 45
    00000044 5C 00                  107 	.dw #0x005c
    00000046 00                     108 	.db #0x00	; 0
    00000047 0A                     109 	.db #0x0a	; 10
    00000048 5F 00                  110 	.dw #0x005f
    0000004A 01                     111 	.db #0x01	; 1
    0000004B 38                     112 	.db #0x38	; 56	'8'
    0000004C 60 00                  113 	.dw #0x0060
    0000004E 02                     114 	.db #0x02	; 2
    0000004F 2D                     115 	.db #0x2d	; 45
    00000050 64 00                  116 	.dw #0x0064
    00000052 00                     117 	.db #0x00	; 0
    00000053 2E                     118 	.db #0x2e	; 46
    00000054 6B 00                  119 	.dw #0x006b
    00000056 02                     120 	.db #0x02	; 2
    00000057 2D                     121 	.db #0x2d	; 45
    00000058 6C 00                  122 	.dw #0x006c
    0000005A 01                     123 	.db #0x01	; 1
    0000005B 39                     124 	.db #0x39	; 57	'9'
    0000005C 6D 00                  125 	.dw #0x006d
    0000005E 00                     126 	.db #0x00	; 0
    0000005F 2E                     127 	.db #0x2e	; 46
    00000060 79 00                  128 	.dw #0x0079
    00000062 02                     129 	.db #0x02	; 2
    00000063 2B                     130 	.db #0x2b	; 43
    00000064 7C 00                  131 	.dw #0x007c
    00000066 00                     132 	.db #0x00	; 0
    00000067 2E                     133 	.db #0x2e	; 46
    00000068 7D 00                  134 	.dw #0x007d
    0000006A 02                     135 	.db #0x02	; 2
    0000006B 0B                     136 	.db #0x0b	; 11
    0000006C 82 00                  137 	.dw #0x0082
    0000006E 02                     138 	.db #0x02	; 2
    0000006F 2B                     139 	.db #0x2b	; 43
    00000070 87 00                  140 	.dw #0x0087
    00000072 05                     141 	.db #0x05	; 5
    00000073 2D                     142 	.db #0x2d	; 45
    00000074 8D 00                  143 	.dw #0x008d
    00000076 01                     144 	.db #0x01	; 1
    00000077 2A                     145 	.db #0x2a	; 42
    00000078 91 00                  146 	.dw #0x0091
    0000007A 02                     147 	.db #0x02	; 2
    0000007B 2D                     148 	.db #0x2d	; 45
    0000007C 91 00                  149 	.dw #0x0091
    0000007E 00                     150 	.db #0x00	; 0
    0000007F 2E                     151 	.db #0x2e	; 46
    00000080 93 00                  152 	.dw #0x0093
    00000082 01                     153 	.db #0x01	; 1
    00000083 2D                     154 	.db #0x2d	; 45
    00000084 97 00                  155 	.dw #0x0097
    00000086 02                     156 	.db #0x02	; 2
    00000087 2D                     157 	.db #0x2d	; 45
    00000088 98 00                  158 	.dw #0x0098
    0000008A 00                     159 	.db #0x00	; 0
    0000008B 2E                     160 	.db #0x2e	; 46
    0000008C 9B 00                  161 	.dw #0x009b
    0000008E 03                     162 	.db #0x03	; 3
    0000008F 2A                     163 	.db #0x2a	; 42
    00000090 AC 00                  164 	.dw #0x00ac
    00000092 00                     165 	.db #0x00	; 0
    00000093 2B                     166 	.db #0x2b	; 43
    00000094 B4 00                  167 	.dw #0x00b4
    00000096 01                     168 	.db #0x01	; 1
    00000097 64                     169 	.db #0x64	; 100	'd'
    00000098 B9 00                  170 	.dw #0x00b9
    0000009A 00                     171 	.db #0x00	; 0
    0000009B 2B                     172 	.db #0x2b	; 43
    0000009C BD 00                  173 	.dw #0x00bd
    0000009E 05                     174 	.db #0x05	; 5
    0000009F 2D                     175 	.db #0x2d	; 45
    000000A0 C0 00                  176 	.dw #0x00c0
    000000A2 05                     177 	.db #0x05	; 5
    000000A3 2D                     178 	.db #0x2d	; 45
    000000A4 C2 00                  179 	.dw #0x00c2
    000000A6 05                     180 	.db #0x05	; 5
    000000A7 2D                     181 	.db #0x2d	; 45
    000000A8 C5 00                  182 	.dw #0x00c5
    000000AA 05                     183 	.db #0x05	; 5
    000000AB 2D                     184 	.db #0x2d	; 45
    000000AC C5 00                  185 	.dw #0x00c5
    000000AE 01                     186 	.db #0x01	; 1
    000000AF 64                     187 	.db #0x64	; 100	'd'
    000000B0 C7 00                  188 	.dw #0x00c7
    000000B2 00                     189 	.db #0x00	; 0
    000000B3 0A                     190 	.db #0x0a	; 10
    000000B4 CB 00                  191 	.dw #0x00cb
    000000B6 02                     192 	.db #0x02	; 2
    000000B7 0B                     193 	.db #0x0b	; 11
    000000B8 CD 00                  194 	.dw #0x00cd
    000000BA 00                     195 	.db #0x00	; 0
    000000BB 2E                     196 	.db #0x2e	; 46
    000000BC CF 00                  197 	.dw #0x00cf
    000000BE 03                     198 	.db #0x03	; 3
    000000BF 0B                     199 	.db #0x0b	; 11
    000000C0 D1 00                  200 	.dw #0x00d1
    000000C2 01                     201 	.db #0x01	; 1
    000000C3 65                     202 	.db #0x65	; 101	'e'
    000000C4 D4 00                  203 	.dw #0x00d4
    000000C6 02                     204 	.db #0x02	; 2
    000000C7 0B                     205 	.db #0x0b	; 11
    000000C8 D7 00                  206 	.dw #0x00d7
    000000CA 03                     207 	.db #0x03	; 3
    000000CB 2A                     208 	.db #0x2a	; 42
    000000CC DA 00                  209 	.dw #0x00da
    000000CE 03                     210 	.db #0x03	; 3
    000000CF 2A                     211 	.db #0x2a	; 42
    000000D0 DE 00                  212 	.dw #0x00de
    000000D2 02                     213 	.db #0x02	; 2
    000000D3 0B                     214 	.db #0x0b	; 11
    000000D4 DF 00                  215 	.dw #0x00df
    000000D6 00                     216 	.db #0x00	; 0
    000000D7 2E                     217 	.db #0x2e	; 46
    000000D8 E2 00                  218 	.dw #0x00e2
    000000DA 03                     219 	.db #0x03	; 3
    000000DB 0B                     220 	.db #0x0b	; 11
    000000DC E4 00                  221 	.dw #0x00e4
    000000DE 00                     222 	.db #0x00	; 0
    000000DF 30                     223 	.db #0x30	; 48	'0'
    000000E0 E6 00                  224 	.dw #0x00e6
    000000E2 03                     225 	.db #0x03	; 3
    000000E3 2A                     226 	.db #0x2a	; 42
    000000E4 E7 00                  227 	.dw #0x00e7
    000000E6 03                     228 	.db #0x03	; 3
    000000E7 0A                     229 	.db #0x0a	; 10
    000000E8 EC 00                  230 	.dw #0x00ec
    000000EA 01                     231 	.db #0x01	; 1
    000000EB 2D                     232 	.db #0x2d	; 45
    000000EC ED 00                  233 	.dw #0x00ed
    000000EE 03                     234 	.db #0x03	; 3
    000000EF 0B                     235 	.db #0x0b	; 11
    000000F0 F0 00                  236 	.dw #0x00f0
    000000F2 07                     237 	.db #0x07	; 7
    000000F3 2D                     238 	.db #0x2d	; 45
    000000F4 F2 00                  239 	.dw #0x00f2
    000000F6 01                     240 	.db #0x01	; 1
    000000F7 2D                     241 	.db #0x2d	; 45
    000000F8 F6 00                  242 	.dw #0x00f6
    000000FA 02                     243 	.db #0x02	; 2
    000000FB 0B                     244 	.db #0x0b	; 11
    000000FC F9 00                  245 	.dw #0x00f9
    000000FE 00                     246 	.db #0x00	; 0
    000000FF 2E                     247 	.db #0x2e	; 46
    00000100 FC 00                  248 	.dw #0x00fc
    00000102 06                     249 	.db #0x06	; 6
    00000103 2D                     250 	.db #0x2d	; 45
    00000104 FE 00                  251 	.dw #0x00fe
    00000106 05                     252 	.db #0x05	; 5
    00000107 2D                     253 	.db #0x2d	; 45
    00000108 00 01                  254 	.dw #0x0100
    0000010A 01                     255 	.db #0x01	; 1
    0000010B 2B                     256 	.db #0x2b	; 43
    0000010C 02 01                  257 	.dw #0x0102
    0000010E 00                     258 	.db #0x00	; 0
    0000010F 30                     259 	.db #0x30	; 48	'0'
    00000110 04 01                  260 	.dw #0x0104
    00000112 02                     261 	.db #0x02	; 2
    00000113 0B                     262 	.db #0x0b	; 11
    00000114 0D 01                  263 	.dw #0x010d
    00000116 00                     264 	.db #0x00	; 0
    00000117 2E                     265 	.db #0x2e	; 46
    00000118 16 01                  266 	.dw #0x0116
    0000011A 02                     267 	.db #0x02	; 2
    0000011B 2A                     268 	.db #0x2a	; 42
    0000011C 18 01                  269 	.dw #0x0118
    0000011E 02                     270 	.db #0x02	; 2
    0000011F 2A                     271 	.db #0x2a	; 42
    00000120 1A 01                  272 	.dw #0x011a
    00000122 01                     273 	.db #0x01	; 1
    00000123 2D                     274 	.db #0x2d	; 45
    00000124 1E 01                  275 	.dw #0x011e
    00000126 01                     276 	.db #0x01	; 1
    00000127 2D                     277 	.db #0x2d	; 45
    00000128 22 01                  278 	.dw #0x0122
    0000012A 02                     279 	.db #0x02	; 2
    0000012B 2A                     280 	.db #0x2a	; 42
    0000012C 22 01                  281 	.dw #0x0122
    0000012E 00                     282 	.db #0x00	; 0
    0000012F 2E                     283 	.db #0x2e	; 46
    00000130 2E 01                  284 	.dw #0x012e
    00000132 02                     285 	.db #0x02	; 2
    00000133 2A                     286 	.db #0x2a	; 42
    00000134 2E 01                  287 	.dw #0x012e
    00000136 00                     288 	.db #0x00	; 0
    00000137 30                     289 	.db #0x30	; 48	'0'
    00000138 3A 01                  290 	.dw #0x013a
    0000013A 02                     291 	.db #0x02	; 2
    0000013B 0B                     292 	.db #0x0b	; 11
    0000013C 3C 01                  293 	.dw #0x013c
    0000013E 00                     294 	.db #0x00	; 0
    0000013F 2E                     295 	.db #0x2e	; 46
    00000140 3E 01                  296 	.dw #0x013e
    00000142 03                     297 	.db #0x03	; 3
    00000143 0B                     298 	.db #0x0b	; 11
    00000144 41 01                  299 	.dw #0x0141
    00000146 06                     300 	.db #0x06	; 6
    00000147 01                     301 	.db #0x01	; 1
    00000148 4C 01                  302 	.dw #0x014c
    0000014A 07                     303 	.db #0x07	; 7
    0000014B 66                     304 	.db #0x66	; 102	'f'
    0000014C 4E 01                  305 	.dw #0x014e
    0000014E 07                     306 	.db #0x07	; 7
    0000014F 67                     307 	.db #0x67	; 103	'g'
    00000150 B2 01                  308 	.dw #0x01b2
    00000152 01                     309 	.db #0x01	; 1
    00000153 66                     310 	.db #0x66	; 102	'f'
    00000154 BB 01                  311 	.dw #0x01bb
    00000156 05                     312 	.db #0x05	; 5
    00000157 00                     313 	.db #0x00	; 0
    00000158 BD 01                  314 	.dw #0x01bd
    0000015A 01                     315 	.db #0x01	; 1
    0000015B 65                     316 	.db #0x65	; 101	'e'
    0000015C C3 01                  317 	.dw #0x01c3
    0000015E 00                     318 	.db #0x00	; 0
    0000015F 2E                     319 	.db #0x2e	; 46
    00000160 C4 01                  320 	.dw #0x01c4
    00000162 03                     321 	.db #0x03	; 3
    00000163 2A                     322 	.db #0x2a	; 42
    00000164 C5 01                  323 	.dw #0x01c5
    00000166 01                     324 	.db #0x01	; 1
    00000167 64                     325 	.db #0x64	; 100	'd'
    00000168 C6 01                  326 	.dw #0x01c6
    0000016A 00                     327 	.db #0x00	; 0
    0000016B 2E                     328 	.db #0x2e	; 46
    0000016C C8 01                  329 	.dw #0x01c8
    0000016E 02                     330 	.db #0x02	; 2
    0000016F 0B                     331 	.db #0x0b	; 11
    00000170 CC 01                  332 	.dw #0x01cc
    00000172 03                     333 	.db #0x03	; 3
    00000173 0B                     334 	.db #0x0b	; 11
    00000174 CE 01                  335 	.dw #0x01ce
    00000176 00                     336 	.db #0x00	; 0
    00000177 2E                     337 	.db #0x2e	; 46
    00000178 D1 01                  338 	.dw #0x01d1
    0000017A 02                     339 	.db #0x02	; 2
    0000017B 2C                     340 	.db #0x2c	; 44
    0000017C D3 01                  341 	.dw #0x01d3
    0000017E 02                     342 	.db #0x02	; 2
    0000017F 2C                     343 	.db #0x2c	; 44
    00000180 D4 01                  344 	.dw #0x01d4
    00000182 00                     345 	.db #0x00	; 0
    00000183 2E                     346 	.db #0x2e	; 46
    00000184 D6 01                  347 	.dw #0x01d6
    00000186 03                     348 	.db #0x03	; 3
    00000187 0B                     349 	.db #0x0b	; 11
    00000188 D9 01                  350 	.dw #0x01d9
    0000018A 00                     351 	.db #0x00	; 0
    0000018B 2E                     352 	.db #0x2e	; 46
    0000018C DC 01                  353 	.dw #0x01dc
    0000018E 07                     354 	.db #0x07	; 7
    0000018F 2D                     355 	.db #0x2d	; 45
    00000190 DC 01                  356 	.dw #0x01dc
    00000192 00                     357 	.db #0x00	; 0
    00000193 30                     358 	.db #0x30	; 48	'0'
    00000194 DE 01                  359 	.dw #0x01de
    00000196 06                     360 	.db #0x06	; 6
    00000197 2D                     361 	.db #0x2d	; 45
    00000198 E0 01                  362 	.dw #0x01e0
    0000019A 05                     363 	.db #0x05	; 5
    0000019B 2D                     364 	.db #0x2d	; 45
    0000019C E2 01                  365 	.dw #0x01e2
    0000019E 04                     366 	.db #0x04	; 4
    0000019F 2D                     367 	.db #0x2d	; 45
    000001A0 F1 01                  368 	.dw #0x01f1
    000001A2 01                     369 	.db #0x01	; 1
    000001A3 0B                     370 	.db #0x0b	; 11
    000001A4 F5 01                  371 	.dw #0x01f5
    000001A6 02                     372 	.db #0x02	; 2
    000001A7 2B                     373 	.db #0x2b	; 43
    000001A8 F8 01                  374 	.dw #0x01f8
    000001AA 00                     375 	.db #0x00	; 0
    000001AB 30                     376 	.db #0x30	; 48	'0'
    000001AC F9 01                  377 	.dw #0x01f9
    000001AE 02                     378 	.db #0x02	; 2
    000001AF 0B                     379 	.db #0x0b	; 11
    000001B0 FB 01                  380 	.dw #0x01fb
    000001B2 00                     381 	.db #0x00	; 0
    000001B3 30                     382 	.db #0x30	; 48	'0'
    000001B4 FD 01                  383 	.dw #0x01fd
    000001B6 03                     384 	.db #0x03	; 3
    000001B7 2B                     385 	.db #0x2b	; 43
    000001B8 02 02                  386 	.dw #0x0202
    000001BA 00                     387 	.db #0x00	; 0
    000001BB 30                     388 	.db #0x30	; 48	'0'
    000001BC 04 02                  389 	.dw #0x0204
    000001BE 03                     390 	.db #0x03	; 3
    000001BF 2B                     391 	.db #0x2b	; 43
    000001C0 06 02                  392 	.dw #0x0206
    000001C2 03                     393 	.db #0x03	; 3
    000001C3 2B                     394 	.db #0x2b	; 43
    000001C4 09 02                  395 	.dw #0x0209
    000001C6 00                     396 	.db #0x00	; 0
    000001C7 2E                     397 	.db #0x2e	; 46
    000001C8 0A 02                  398 	.dw #0x020a
    000001CA 09                     399 	.db #0x09	; 9
    000001CB 2D                     400 	.db #0x2d	; 45
    000001CC 0E 02                  401 	.dw #0x020e
    000001CE 0A                     402 	.db #0x0a	; 10
    000001CF 2D                     403 	.db #0x2d	; 45
    000001D0 0F 02                  404 	.dw #0x020f
    000001D2 00                     405 	.db #0x00	; 0
    000001D3 2E                     406 	.db #0x2e	; 46
    000001D4 12 02                  407 	.dw #0x0212
    000001D6 0B                     408 	.db #0x0b	; 11
    000001D7 2D                     409 	.db #0x2d	; 45
    000001D8 16 02                  410 	.dw #0x0216
    000001DA 0C                     411 	.db #0x0c	; 12
    000001DB 2D                     412 	.db #0x2d	; 45
    000001DC 18 02                  413 	.dw #0x0218
    000001DE 00                     414 	.db #0x00	; 0
    000001DF 2E                     415 	.db #0x2e	; 46
    000001E0 1D 02                  416 	.dw #0x021d
    000001E2 09                     417 	.db #0x09	; 9
    000001E3 2D                     418 	.db #0x2d	; 45
    000001E4 1F 02                  419 	.dw #0x021f
    000001E6 08                     420 	.db #0x08	; 8
    000001E7 2D                     421 	.db #0x2d	; 45
    000001E8 21 02                  422 	.dw #0x0221
    000001EA 07                     423 	.db #0x07	; 7
    000001EB 2D                     424 	.db #0x2d	; 45
    000001EC 22 02                  425 	.dw #0x0222
    000001EE 00                     426 	.db #0x00	; 0
    000001EF 30                     427 	.db #0x30	; 48	'0'
    000001F0 23 02                  428 	.dw #0x0223
    000001F2 06                     429 	.db #0x06	; 6
    000001F3 2D                     430 	.db #0x2d	; 45
    000001F4 25 02                  431 	.dw #0x0225
    000001F6 05                     432 	.db #0x05	; 5
    000001F7 2D                     433 	.db #0x2d	; 45
    000001F8 32 02                  434 	.dw #0x0232
    000001FA 01                     435 	.db #0x01	; 1
    000001FB 2B                     436 	.db #0x2b	; 43
    000001FC 38 02                  437 	.dw #0x0238
    000001FE 00                     438 	.db #0x00	; 0
    000001FF 3D                     439 	.db #0x3d	; 61
    00000200 3F 02                  440 	.dw #0x023f
    00000202 00                     441 	.db #0x00	; 0
    00000203 2E                     442 	.db #0x2e	; 46
    00000204 40 02                  443 	.dw #0x0240
    00000206 02                     444 	.db #0x02	; 2
    00000207 3D                     445 	.db #0x3d	; 61
    00000208 44 02                  446 	.dw #0x0244
    0000020A 00                     447 	.db #0x00	; 0
    0000020B 30                     448 	.db #0x30	; 48	'0'
    0000020C 48 02                  449 	.dw #0x0248
    0000020E 04                     450 	.db #0x04	; 4
    0000020F 3D                     451 	.db #0x3d	; 61
    00000210 49 02                  452 	.dw #0x0249
    00000212 00                     453 	.db #0x00	; 0
    00000213 30                     454 	.db #0x30	; 48	'0'
    00000214 50 02                  455 	.dw #0x0250
    00000216 00                     456 	.db #0x00	; 0
    00000217 0A                     457 	.db #0x0a	; 10
    00000218 52 02                  458 	.dw #0x0252
    0000021A 04                     459 	.db #0x04	; 4
    0000021B 0B                     460 	.db #0x0b	; 11
    0000021C 54 02                  461 	.dw #0x0254
    0000021E 00                     462 	.db #0x00	; 0
    0000021F 30                     463 	.db #0x30	; 48	'0'
    00000220 56 02                  464 	.dw #0x0256
    00000222 05                     465 	.db #0x05	; 5
    00000223 2B                     466 	.db #0x2b	; 43
    00000224 57 02                  467 	.dw #0x0257
    00000226 00                     468 	.db #0x00	; 0
    00000227 30                     469 	.db #0x30	; 48	'0'
    00000228 5B 02                  470 	.dw #0x025b
    0000022A 00                     471 	.db #0x00	; 0
    0000022B 2E                     472 	.db #0x2e	; 46
    0000022C 5E 02                  473 	.dw #0x025e
    0000022E 03                     474 	.db #0x03	; 3
    0000022F 2B                     475 	.db #0x2b	; 43
    00000230 63 02                  476 	.dw #0x0263
    00000232 00                     477 	.db #0x00	; 0
    00000233 30                     478 	.db #0x30	; 48	'0'
    00000234 65 02                  479 	.dw #0x0265
    00000236 03                     480 	.db #0x03	; 3
    00000237 2B                     481 	.db #0x2b	; 43
    00000238 6C 02                  482 	.dw #0x026c
    0000023A 02                     483 	.db #0x02	; 2
    0000023B 0B                     484 	.db #0x0b	; 11
    0000023C 71 02                  485 	.dw #0x0271
    0000023E 02                     486 	.db #0x02	; 2
    0000023F 2B                     487 	.db #0x2b	; 43
    00000240 78 02                  488 	.dw #0x0278
    00000242 02                     489 	.db #0x02	; 2
    00000243 2B                     490 	.db #0x2b	; 43
    00000244 84 02                  491 	.dw #0x0284
    00000246 01                     492 	.db #0x01	; 1
    00000247 2B                     493 	.db #0x2b	; 43
    00000248 8A 02                  494 	.dw #0x028a
    0000024A 00                     495 	.db #0x00	; 0
    0000024B 30                     496 	.db #0x30	; 48	'0'
    0000024C 8C 02                  497 	.dw #0x028c
    0000024E 03                     498 	.db #0x03	; 3
    0000024F 2B                     499 	.db #0x2b	; 43
    00000250 8F 02                  500 	.dw #0x028f
    00000252 00                     501 	.db #0x00	; 0
    00000253 2E                     502 	.db #0x2e	; 46
    00000254 90 02                  503 	.dw #0x0290
    00000256 04                     504 	.db #0x04	; 4
    00000257 0A                     505 	.db #0x0a	; 10
    00000258 92 02                  506 	.dw #0x0292
    0000025A 00                     507 	.db #0x00	; 0
    0000025B 2E                     508 	.db #0x2e	; 46
    0000025C 97 02                  509 	.dw #0x0297
    0000025E 0A                     510 	.db #0x0a	; 10
    0000025F 2D                     511 	.db #0x2d	; 45
    00000260 99 02                  512 	.dw #0x0299
    00000262 09                     513 	.db #0x09	; 9
    00000263 2D                     514 	.db #0x2d	; 45
    00000264 99 02                  515 	.dw #0x0299
    00000266 00                     516 	.db #0x00	; 0
    00000267 2E                     517 	.db #0x2e	; 46
    00000268 9B 02                  518 	.dw #0x029b
    0000026A 08                     519 	.db #0x08	; 8
    0000026B 2D                     520 	.db #0x2d	; 45
    0000026C 9D 02                  521 	.dw #0x029d
    0000026E 07                     522 	.db #0x07	; 7
    0000026F 2D                     523 	.db #0x2d	; 45
    00000270 9F 02                  524 	.dw #0x029f
    00000272 06                     525 	.db #0x06	; 6
    00000273 2D                     526 	.db #0x2d	; 45
    00000274 A1 02                  527 	.dw #0x02a1
    00000276 05                     528 	.db #0x05	; 5
    00000277 2D                     529 	.db #0x2d	; 45
    00000278 A8 02                  530 	.dw #0x02a8
    0000027A 05                     531 	.db #0x05	; 5
    0000027B 2D                     532 	.db #0x2d	; 45
    0000027C AF 02                  533 	.dw #0x02af
    0000027E 02                     534 	.db #0x02	; 2
    0000027F 0B                     535 	.db #0x0b	; 11
    00000280 AF 02                  536 	.dw #0x02af
    00000282 00                     537 	.db #0x00	; 0
    00000283 2E                     538 	.db #0x2e	; 46
    00000284 B7 02                  539 	.dw #0x02b7
    00000286 00                     540 	.db #0x00	; 0
    00000287 2E                     541 	.db #0x2e	; 46
    00000288 C1 02                  542 	.dw #0x02c1
    0000028A 02                     543 	.db #0x02	; 2
    0000028B 2B                     544 	.db #0x2b	; 43
    0000028C C3 02                  545 	.dw #0x02c3
    0000028E 00                     546 	.db #0x00	; 0
    0000028F 2E                     547 	.db #0x2e	; 46
    00000290 C4 02                  548 	.dw #0x02c4
    00000292 00                     549 	.db #0x00	; 0
    00000293 0D                     550 	.db #0x0d	; 13
    00000294 C5 02                  551 	.dw #0x02c5
    00000296 01                     552 	.db #0x01	; 1
    00000297 2C                     553 	.db #0x2c	; 44
    00000298 C6 02                  554 	.dw #0x02c6
    0000029A 14                     555 	.db #0x14	; 20
    0000029B 2D                     556 	.db #0x2d	; 45
    0000029C C9 02                  557 	.dw #0x02c9
    0000029E 02                     558 	.db #0x02	; 2
    0000029F 2C                     559 	.db #0x2c	; 44
    000002A0 CC 02                  560 	.dw #0x02cc
    000002A2 11                     561 	.db #0x11	; 17
    000002A3 64                     562 	.db #0x64	; 100	'd'
    000002A4 CC 02                  563 	.dw #0x02cc
    000002A6 01                     564 	.db #0x01	; 1
    000002A7 64                     565 	.db #0x64	; 100	'd'
    000002A8 CC 02                  566 	.dw #0x02cc
    000002AA 00                     567 	.db #0x00	; 0
    000002AB 2E                     568 	.db #0x2e	; 46
    000002AC CD 02                  569 	.dw #0x02cd
    000002AE 03                     570 	.db #0x03	; 3
    000002AF 0A                     571 	.db #0x0a	; 10
    000002B0 D3 02                  572 	.dw #0x02d3
    000002B2 14                     573 	.db #0x14	; 20
    000002B3 2D                     574 	.db #0x2d	; 45
    000002B4 D8 02                  575 	.dw #0x02d8
    000002B6 01                     576 	.db #0x01	; 1
    000002B7 0B                     577 	.db #0x0b	; 11
    000002B8 DE 02                  578 	.dw #0x02de
    000002BA 0C                     579 	.db #0x0c	; 12
    000002BB 65                     580 	.db #0x65	; 101	'e'
    000002BC DE 02                  581 	.dw #0x02de
    000002BE 00                     582 	.db #0x00	; 0
    000002BF 65                     583 	.db #0x65	; 101	'e'
    000002C0 E1 02                  584 	.dw #0x02e1
    000002C2 01                     585 	.db #0x01	; 1
    000002C3 0B                     586 	.db #0x0b	; 11
    000002C4 EE 02                  587 	.dw #0x02ee
    000002C6 00                     588 	.db #0x00	; 0
    000002C7 65                     589 	.db #0x65	; 101	'e'
    000002C8 F2 02                  590 	.dw #0x02f2
    000002CA 01                     591 	.db #0x01	; 1
    000002CB 2C                     592 	.db #0x2c	; 44
    000002CC F7 02                  593 	.dw #0x02f7
    000002CE 02                     594 	.db #0x02	; 2
    000002CF 2B                     595 	.db #0x2b	; 43
    000002D0 FC 02                  596 	.dw #0x02fc
    000002D2 00                     597 	.db #0x00	; 0
    000002D3 30                     598 	.db #0x30	; 48	'0'
    000002D4 FE 02                  599 	.dw #0x02fe
    000002D6 02                     600 	.db #0x02	; 2
    000002D7 2B                     601 	.db #0x2b	; 43
    000002D8 FF 02                  602 	.dw #0x02ff
    000002DA 00                     603 	.db #0x00	; 0
    000002DB 66                     604 	.db #0x66	; 102	'f'
    000002DC 01 03                  605 	.dw #0x0301
    000002DE 05                     606 	.db #0x05	; 5
    000002DF 2D                     607 	.db #0x2d	; 45
    000002E0 04 03                  608 	.dw #0x0304
    000002E2 05                     609 	.db #0x05	; 5
    000002E3 2D                     610 	.db #0x2d	; 45
    000002E4 07 03                  611 	.dw #0x0307
    000002E6 01                     612 	.db #0x01	; 1
    000002E7 2B                     613 	.db #0x2b	; 43
    000002E8 0A 03                  614 	.dw #0x030a
    000002EA 06                     615 	.db #0x06	; 6
    000002EB 2D                     616 	.db #0x2d	; 45
    000002EC 0E 03                  617 	.dw #0x030e
    000002EE 01                     618 	.db #0x01	; 1
    000002EF 2B                     619 	.db #0x2b	; 43
    000002F0 10 03                  620 	.dw #0x0310
    000002F2 00                     621 	.db #0x00	; 0
    000002F3 30                     622 	.db #0x30	; 48	'0'
    000002F4 12 03                  623 	.dw #0x0312
    000002F6 02                     624 	.db #0x02	; 2
    000002F7 2B                     625 	.db #0x2b	; 43
    000002F8 16 03                  626 	.dw #0x0316
    000002FA 03                     627 	.db #0x03	; 3
    000002FB 2B                     628 	.db #0x2b	; 43
    000002FC 18 03                  629 	.dw #0x0318
    000002FE 00                     630 	.db #0x00	; 0
    000002FF 30                     631 	.db #0x30	; 48	'0'
    00000300 1A 03                  632 	.dw #0x031a
    00000302 04                     633 	.db #0x04	; 4
    00000303 2B                     634 	.db #0x2b	; 43
    00000304 1E 03                  635 	.dw #0x031e
    00000306 09                     636 	.db #0x09	; 9
    00000307 2D                     637 	.db #0x2d	; 45
    00000308 27 03                  638 	.dw #0x0327
    0000030A 01                     639 	.db #0x01	; 1
    0000030B 66                     640 	.db #0x66	; 102	'f'
    0000030C 28 03                  641 	.dw #0x0328
    0000030E 09                     642 	.db #0x09	; 9
    0000030F 2D                     643 	.db #0x2d	; 45
    00000310 29 03                  644 	.dw #0x0329
    00000312 00                     645 	.db #0x00	; 0
    00000313 2E                     646 	.db #0x2e	; 46
    00000314 2E 03                  647 	.dw #0x032e
    00000316 01                     648 	.db #0x01	; 1
    00000317 65                     649 	.db #0x65	; 101	'e'
    00000318 35 03                  650 	.dw #0x0335
    0000031A 01                     651 	.db #0x01	; 1
    0000031B 64                     652 	.db #0x64	; 100	'd'
    0000031C 3C 03                  653 	.dw #0x033c
    0000031E 01                     654 	.db #0x01	; 1
    0000031F 0B                     655 	.db #0x0b	; 11
    00000320 40 03                  656 	.dw #0x0340
    00000322 01                     657 	.db #0x01	; 1
    00000323 2B                     658 	.db #0x2b	; 43
    00000324 46 03                  659 	.dw #0x0346
    00000326 01                     660 	.db #0x01	; 1
    00000327 2B                     661 	.db #0x2b	; 43
    00000328 4B 03                  662 	.dw #0x034b
    0000032A 03                     663 	.db #0x03	; 3
    0000032B 2D                     664 	.db #0x2d	; 45
    0000032C 5C 03                  665 	.dw #0x035c
    0000032E 00                     666 	.db #0x00	; 0
    0000032F 2E                     667 	.db #0x2e	; 46
    00000330 5D 03                  668 	.dw #0x035d
    00000332 02                     669 	.db #0x02	; 2
    00000333 2B                     670 	.db #0x2b	; 43
    00000334 5E 03                  671 	.dw #0x035e
    00000336 00                     672 	.db #0x00	; 0
    00000337 30                     673 	.db #0x30	; 48	'0'
    00000338 60 03                  674 	.dw #0x0360
    0000033A 01                     675 	.db #0x01	; 1
    0000033B 0A                     676 	.db #0x0a	; 10
    0000033C 6B 03                  677 	.dw #0x036b
    0000033E 05                     678 	.db #0x05	; 5
    0000033F 2D                     679 	.db #0x2d	; 45
    00000340 6E 03                  680 	.dw #0x036e
    00000342 01                     681 	.db #0x01	; 1
    00000343 2B                     682 	.db #0x2b	; 43
    00000344 6F 03                  683 	.dw #0x036f
    00000346 00                     684 	.db #0x00	; 0
    00000347 30                     685 	.db #0x30	; 48	'0'
    00000348 71 03                  686 	.dw #0x0371
    0000034A 06                     687 	.db #0x06	; 6
    0000034B 2D                     688 	.db #0x2d	; 45
    0000034C 72 03                  689 	.dw #0x0372
    0000034E 06                     690 	.db #0x06	; 6
    0000034F 2D                     691 	.db #0x2d	; 45
    00000350 74 03                  692 	.dw #0x0374
    00000352 01                     693 	.db #0x01	; 1
    00000353 0B                     694 	.db #0x0b	; 11
    00000354 78 03                  695 	.dw #0x0378
    00000356 01                     696 	.db #0x01	; 1
    00000357 0B                     697 	.db #0x0b	; 11
    00000358 85 03                  698 	.dw #0x0385
    0000035A 02                     699 	.db #0x02	; 2
    0000035B 2B                     700 	.db #0x2b	; 43
    0000035C 88 03                  701 	.dw #0x0388
    0000035E 07                     702 	.db #0x07	; 7
    0000035F 2D                     703 	.db #0x2d	; 45
    00000360 8A 03                  704 	.dw #0x038a
    00000362 00                     705 	.db #0x00	; 0
    00000363 30                     706 	.db #0x30	; 48	'0'
    00000364 8B 03                  707 	.dw #0x038b
    00000366 02                     708 	.db #0x02	; 2
    00000367 2B                     709 	.db #0x2b	; 43
    00000368 8E 03                  710 	.dw #0x038e
    0000036A 07                     711 	.db #0x07	; 7
    0000036B 2D                     712 	.db #0x2d	; 45
    0000036C 8F 03                  713 	.dw #0x038f
    0000036E 00                     714 	.db #0x00	; 0
    0000036F 30                     715 	.db #0x30	; 48	'0'
    00000370 91 03                  716 	.dw #0x0391
    00000372 02                     717 	.db #0x02	; 2
    00000373 2B                     718 	.db #0x2b	; 43
    00000374 94 03                  719 	.dw #0x0394
    00000376 07                     720 	.db #0x07	; 7
    00000377 2D                     721 	.db #0x2d	; 45
    00000378 96 03                  722 	.dw #0x0396
    0000037A 00                     723 	.db #0x00	; 0
    0000037B 30                     724 	.db #0x30	; 48	'0'
    0000037C 97 03                  725 	.dw #0x0397
    0000037E 02                     726 	.db #0x02	; 2
    0000037F 2B                     727 	.db #0x2b	; 43
    00000380 A5 03                  728 	.dw #0x03a5
    00000382 0B                     729 	.db #0x0b	; 11
    00000383 0F                     730 	.db #0x0f	; 15
    00000384 A5 03                  731 	.dw #0x03a5
    00000386 05                     732 	.db #0x05	; 5
    00000387 0F                     733 	.db #0x0f	; 15
    00000388 FF FF                  734 	.dw #0xffff
    0000038A 00                     735 	.db #0x00	; 0
    0000038B 00                     736 	.db #0x00	; 0
                                    737 	.area _INITIALIZER
                                    738 	.area _CABS (ABS)
