                                      1 ;--------------------------------------------------------
                                      2 ; File Created by SDCC : free open source ISO C Compiler
                                      3 ; Version 4.5.1 #15267 (MINGW64)
                                      4 ;--------------------------------------------------------
                                      5 	.module portal_utils
                                      6 	
                                      7 ;--------------------------------------------------------
                                      8 ; Public variables in this module
                                      9 ;--------------------------------------------------------
                                     10 	.globl _sp_cache_load
                                     11 ;--------------------------------------------------------
                                     12 ; special function registers
                                     13 ;--------------------------------------------------------
                                     14 	.area _HRAM
                                     15 ;--------------------------------------------------------
                                     16 ; ram data
                                     17 ;--------------------------------------------------------
                                     18 	.area _DATA
                                     19 ;--------------------------------------------------------
                                     20 ; ram data
                                     21 ;--------------------------------------------------------
                                     22 	.area _INITIALIZED
                                     23 ;--------------------------------------------------------
                                     24 ; absolute external ram data
                                     25 ;--------------------------------------------------------
                                     26 	.area _DABS (ABS)
                                     27 ;--------------------------------------------------------
                                     28 ; global & static initialisations
                                     29 ;--------------------------------------------------------
                                     30 	.area _HOME
                                     31 	.area _GSINIT
                                     32 	.area _GSFINAL
                                     33 	.area _GSINIT
                                     34 ;--------------------------------------------------------
                                     35 ; Home
                                     36 ;--------------------------------------------------------
                                     37 	.area _HOME
                                     38 	.area _HOME
                                     39 ;--------------------------------------------------------
                                     40 ; code
                                     41 ;--------------------------------------------------------
                                     42 	.area _CODE
                                     43 ;src/portal_utils.c:23: void sp_cache_load(uint8_t sp_bank, const SpDef *sp_list, uint16_t cam_px,
                                     44 ;	---------------------------------
                                     45 ; Function sp_cache_load
                                     46 ; ---------------------------------
    00000000                         47 _sp_cache_load::
    00000000 E8 EE            [16]   48 	add	sp, #-18
    00000002 4F               [ 4]   49 	ld	c, a
    00000003 F8 0F            [12]   50 	ldhl	sp,	#15
    00000005 73               [ 8]   51 	ld	(hl), e
    00000006 23               [ 8]   52 	inc	hl
    00000007 72               [ 8]   53 	ld	(hl), d
                                     54 ;src/portal_utils.c:26: uint8_t save_bank = _current_bank;
    00000008 F0r00            [12]   55 	ldh	a, (__current_bank + 0)
    0000000A F8 00            [12]   56 	ldhl	sp,	#0
    0000000C 77               [ 8]   57 	ld	(hl), a
                                     58 ;src/portal_utils.c:28: if (sp_bank == 0 || sp_list == 0) return;
    0000000D 79               [ 4]   59 	ld	a, c
    0000000E B7               [ 4]   60 	or	a, a
    0000000F CAr9Er01         [16]   61 	jp	Z, 00114$
    00000012 F8 10            [12]   62 	ldhl	sp,	#16
    00000014 3A               [ 8]   63 	ld	a, (hl-)
    00000015 B6               [ 8]   64 	or	a, (hl)
    00000016 CAr9Er01         [16]   65 	jp	Z, 00114$
                                     66 ;src/portal_utils.c:29: SWITCH_ROM(sp_bank);
    00000019 79               [ 4]   67 	ld	a, c
    0000001A E0r00            [12]   68 	ldh	(__current_bank + 0), a
    0000001C 21r00r00         [12]   69 	ld	hl, #_rROMB0
    0000001F 71               [ 8]   70 	ld	(hl), c
                                     71 ;src/portal_utils.c:30: while (count < MAX_ACTIVE_SP_OBJECTS && cache->active[count]) count++;
    00000020 F8 16            [12]   72 	ldhl	sp,	#22
    00000022 2A               [ 8]   73 	ld	a, (hl+)
    00000023 4F               [ 4]   74 	ld	c, a
    00000024 46               [ 8]   75 	ld	b, (hl)
    00000025 21 50 00         [12]   76 	ld	hl, #0x0050
    00000028 09               [ 8]   77 	add	hl, bc
    00000029 E5               [16]   78 	push	hl
    0000002A 7D               [ 4]   79 	ld	a, l
    0000002B F8 0F            [12]   80 	ldhl	sp,	#15
    0000002D 77               [ 8]   81 	ld	(hl), a
    0000002E E1               [12]   82 	pop	hl
    0000002F 7C               [ 4]   83 	ld	a, h
    00000030 F8 0E            [12]   84 	ldhl	sp,	#14
    00000032 77               [ 8]   85 	ld	(hl), a
    00000033 F8 11            [12]   86 	ldhl	sp,	#17
    00000035 36 00            [12]   87 	ld	(hl), #0x00
    00000037                         88 00105$:
    00000037 F8 11            [12]   89 	ldhl	sp,	#17
    00000039 7E               [ 8]   90 	ld	a, (hl)
    0000003A D6 10            [ 8]   91 	sub	a, #0x10
    0000003C 30 16            [12]   92 	jr	NC, 00123$
    0000003E F8 0D            [12]   93 	ldhl	sp,#13
    00000040 2A               [ 8]   94 	ld	a, (hl+)
    00000041 5F               [ 4]   95 	ld	e, a
    00000042 56               [ 8]   96 	ld	d, (hl)
    00000043 F8 11            [12]   97 	ldhl	sp,	#17
    00000045 6E               [ 8]   98 	ld	l, (hl)
    00000046 26 00            [ 8]   99 	ld	h, #0x00
    00000048 19               [ 8]  100 	add	hl, de
    00000049 5D               [ 4]  101 	ld	e, l
    0000004A 54               [ 4]  102 	ld	d, h
    0000004B 1A               [ 8]  103 	ld	a, (de)
    0000004C B7               [ 4]  104 	or	a, a
    0000004D 28 05            [12]  105 	jr	Z, 00123$
    0000004F F8 11            [12]  106 	ldhl	sp,	#17
    00000051 34               [12]  107 	inc	(hl)
    00000052 18 E3            [12]  108 	jr	00105$
                                    109 ;src/portal_utils.c:31: while (count < MAX_ACTIVE_SP_OBJECTS && sp_list[*stream_idx].c != 0xFFFF) {
    00000054                        110 00123$:
    00000054 F8 01            [12]  111 	ldhl	sp,	#1
    00000056 79               [ 4]  112 	ld	a, c
    00000057 22               [ 8]  113 	ld	(hl+), a
    00000058 70               [ 8]  114 	ld	(hl), b
    00000059 21 10 00         [12]  115 	ld	hl, #0x0010
    0000005C 09               [ 8]  116 	add	hl, bc
    0000005D E5               [16]  117 	push	hl
    0000005E 7D               [ 4]  118 	ld	a, l
    0000005F F8 05            [12]  119 	ldhl	sp,	#5
    00000061 77               [ 8]  120 	ld	(hl), a
    00000062 E1               [12]  121 	pop	hl
    00000063 7C               [ 4]  122 	ld	a, h
    00000064 F8 04            [12]  123 	ldhl	sp,	#4
    00000066 77               [ 8]  124 	ld	(hl), a
    00000067 21 30 00         [12]  125 	ld	hl, #0x0030
    0000006A 09               [ 8]  126 	add	hl, bc
    0000006B E5               [16]  127 	push	hl
    0000006C 7D               [ 4]  128 	ld	a, l
    0000006D F8 07            [12]  129 	ldhl	sp,	#7
    0000006F 77               [ 8]  130 	ld	(hl), a
    00000070 E1               [12]  131 	pop	hl
    00000071 7C               [ 4]  132 	ld	a, h
    00000072 F8 06            [12]  133 	ldhl	sp,	#6
    00000074 77               [ 8]  134 	ld	(hl), a
    00000075 F8 0D            [12]  135 	ldhl	sp,	#13
    00000077 7E               [ 8]  136 	ld	a, (hl)
    00000078 F8 07            [12]  137 	ldhl	sp,	#7
    0000007A 77               [ 8]  138 	ld	(hl), a
    0000007B F8 0E            [12]  139 	ldhl	sp,	#14
    0000007D 7E               [ 8]  140 	ld	a, (hl)
    0000007E F8 08            [12]  141 	ldhl	sp,	#8
    00000080 77               [ 8]  142 	ld	(hl), a
    00000081 21 60 00         [12]  143 	ld	hl, #0x0060
    00000084 09               [ 8]  144 	add	hl, bc
    00000085 E5               [16]  145 	push	hl
    00000086 7D               [ 4]  146 	ld	a, l
    00000087 F8 0B            [12]  147 	ldhl	sp,	#11
    00000089 77               [ 8]  148 	ld	(hl), a
    0000008A E1               [12]  149 	pop	hl
    0000008B 7C               [ 4]  150 	ld	a, h
    0000008C F8 0A            [12]  151 	ldhl	sp,	#10
    0000008E 77               [ 8]  152 	ld	(hl), a
    0000008F                        153 00111$:
    0000008F F8 11            [12]  154 	ldhl	sp,	#17
    00000091 7E               [ 8]  155 	ld	a, (hl)
    00000092 D6 10            [ 8]  156 	sub	a, #0x10
    00000094 D2r95r01         [16]  157 	jp	NC, 00113$
    00000097 F8 18            [12]  158 	ldhl	sp,	#24
    00000099 7E               [ 8]  159 	ld	a, (hl)
    0000009A F8 0B            [12]  160 	ldhl	sp,	#11
    0000009C 77               [ 8]  161 	ld	(hl), a
    0000009D F8 19            [12]  162 	ldhl	sp,	#25
    0000009F 7E               [ 8]  163 	ld	a, (hl)
    000000A0 F8 0C            [12]  164 	ldhl	sp,	#12
    000000A2 32               [ 8]  165 	ld	(hl-), a
    000000A3 2A               [ 8]  166 	ld	a, (hl+)
    000000A4 5F               [ 4]  167 	ld	e, a
    000000A5 56               [ 8]  168 	ld	d, (hl)
    000000A6 1A               [ 8]  169 	ld	a, (de)
    000000A7 6F               [ 4]  170 	ld	l, a
    000000A8 13               [ 8]  171 	inc	de
    000000A9 1A               [ 8]  172 	ld	a, (de)
    000000AA 67               [ 4]  173 	ld	h, a
    000000AB 29               [ 8]  174 	add	hl, hl
    000000AC 29               [ 8]  175 	add	hl, hl
    000000AD 4D               [ 4]  176 	ld	c, l
    000000AE 44               [ 4]  177 	ld	b, h
    000000AF F8 0F            [12]  178 	ldhl	sp,	#15
    000000B1 2A               [ 8]  179 	ld	a,	(hl+)
    000000B2 66               [ 8]  180 	ld	h, (hl)
    000000B3 6F               [ 4]  181 	ld	l, a
    000000B4 09               [ 8]  182 	add	hl, bc
    000000B5 E5               [16]  183 	push	hl
    000000B6 7D               [ 4]  184 	ld	a, l
    000000B7 F8 0F            [12]  185 	ldhl	sp,	#15
    000000B9 77               [ 8]  186 	ld	(hl), a
    000000BA E1               [12]  187 	pop	hl
    000000BB 7C               [ 4]  188 	ld	a, h
    000000BC F8 0E            [12]  189 	ldhl	sp,	#14
    000000BE 32               [ 8]  190 	ld	(hl-), a
    000000BF 2A               [ 8]  191 	ld	a, (hl+)
    000000C0 5F               [ 4]  192 	ld	e, a
    000000C1 56               [ 8]  193 	ld	d, (hl)
    000000C2 1A               [ 8]  194 	ld	a, (de)
    000000C3 6F               [ 4]  195 	ld	l, a
    000000C4 13               [ 8]  196 	inc	de
    000000C5 1A               [ 8]  197 	ld	a, (de)
    000000C6 67               [ 4]  198 	ld	h, a
    000000C7 4D               [ 4]  199 	ld	c, l
    000000C8 44               [ 4]  200 	ld	b, h
    000000C9 79               [ 4]  201 	ld	a, c
    000000CA A0               [ 4]  202 	and	a, b
    000000CB 3C               [ 4]  203 	inc	a
    000000CC CAr95r01         [16]  204 	jp	Z, 00113$
                                    205 ;src/portal_utils.c:32: uint16_t object_x = (uint16_t)sp_list[*stream_idx].c << 4;
    000000CF 29               [ 8]  206 	add	hl, hl
    000000D0 29               [ 8]  207 	add	hl, hl
    000000D1 29               [ 8]  208 	add	hl, hl
    000000D2 29               [ 8]  209 	add	hl, hl
    000000D3 4D               [ 4]  210 	ld	c, l
    000000D4 44               [ 4]  211 	ld	b, h
                                    212 ;src/portal_utils.c:33: if (object_x > cam_px + 176u) break;
    000000D5 F8 14            [12]  213 	ldhl	sp,	#20
    000000D7 2A               [ 8]  214 	ld	a, (hl+)
    000000D8 5F               [ 4]  215 	ld	e, a
    000000D9 56               [ 8]  216 	ld	d, (hl)
    000000DA 21 B0 00         [12]  217 	ld	hl, #0x00b0
    000000DD 19               [ 8]  218 	add	hl, de
    000000DE 59               [ 4]  219 	ld	e, c
    000000DF 50               [ 4]  220 	ld	d, b
    000000E0 7D               [ 4]  221 	ld	a, l
    000000E1 93               [ 4]  222 	sub	a, e
    000000E2 7C               [ 4]  223 	ld	a, h
    000000E3 9A               [ 4]  224 	sbc	a, d
    000000E4 DAr95r01         [16]  225 	jp	C, 00113$
                                    226 ;src/portal_utils.c:35: cache->obj[count] = sp_list[*stream_idx].obj;
    000000E7 F8 01            [12]  227 	ldhl	sp,#1
    000000E9 2A               [ 8]  228 	ld	a, (hl+)
    000000EA 5F               [ 4]  229 	ld	e, a
    000000EB 56               [ 8]  230 	ld	d, (hl)
    000000EC F8 11            [12]  231 	ldhl	sp,	#17
    000000EE 6E               [ 8]  232 	ld	l, (hl)
    000000EF 26 00            [ 8]  233 	ld	h, #0x00
    000000F1 19               [ 8]  234 	add	hl, de
    000000F2 5D               [ 4]  235 	ld	e, l
    000000F3 54               [ 4]  236 	ld	d, h
    000000F4 F8 0D            [12]  237 	ldhl	sp,	#13
    000000F6 2A               [ 8]  238 	ld	a, (hl+)
    000000F7 66               [ 8]  239 	ld	h, (hl)
    000000F8 6F               [ 4]  240 	ld	l, a
    000000F9 23               [ 8]  241 	inc	hl
    000000FA 23               [ 8]  242 	inc	hl
    000000FB 23               [ 8]  243 	inc	hl
    000000FC 7E               [ 8]  244 	ld	a, (hl)
    000000FD 12               [ 8]  245 	ld	(de), a
                                    246 ;src/portal_utils.c:36: cache->px[count] = object_x;
    000000FE F8 11            [12]  247 	ldhl	sp,	#17
    00000100 7E               [ 8]  248 	ld	a, (hl)
    00000101 87               [ 4]  249 	add	a, a
    00000102 F8 0E            [12]  250 	ldhl	sp,	#14
    00000104 77               [ 8]  251 	ld	(hl), a
    00000105 F8 03            [12]  252 	ldhl	sp,#3
    00000107 2A               [ 8]  253 	ld	a, (hl+)
    00000108 5F               [ 4]  254 	ld	e, a
    00000109 56               [ 8]  255 	ld	d, (hl)
    0000010A F8 0E            [12]  256 	ldhl	sp,	#14
    0000010C 6E               [ 8]  257 	ld	l, (hl)
    0000010D 26 00            [ 8]  258 	ld	h, #0x00
    0000010F 19               [ 8]  259 	add	hl, de
    00000110 5D               [ 4]  260 	ld	e, l
    00000111 54               [ 4]  261 	ld	d, h
    00000112 79               [ 4]  262 	ld	a, c
    00000113 12               [ 8]  263 	ld	(de), a
    00000114 13               [ 8]  264 	inc	de
    00000115 78               [ 4]  265 	ld	a, b
    00000116 12               [ 8]  266 	ld	(de), a
                                    267 ;src/portal_utils.c:37: cache->py[count] = (uint16_t)(map_h - 1u - sp_list[*stream_idx].r) << 4;
    00000117 F8 0E            [12]  268 	ldhl	sp,	#14
    00000119 5E               [ 8]  269 	ld	e, (hl)
    0000011A 16 00            [ 8]  270 	ld	d, #0x00
    0000011C F8 05            [12]  271 	ldhl	sp,	#5
    0000011E 2A               [ 8]  272 	ld	a,	(hl+)
    0000011F 66               [ 8]  273 	ld	h, (hl)
    00000120 6F               [ 4]  274 	ld	l, a
    00000121 19               [ 8]  275 	add	hl, de
    00000122 E5               [16]  276 	push	hl
    00000123 7D               [ 4]  277 	ld	a, l
    00000124 F8 0F            [12]  278 	ldhl	sp,	#15
    00000126 77               [ 8]  279 	ld	(hl), a
    00000127 E1               [12]  280 	pop	hl
    00000128 7C               [ 4]  281 	ld	a, h
    00000129 F8 0E            [12]  282 	ldhl	sp,	#14
    0000012B 77               [ 8]  283 	ld	(hl), a
    0000012C F8 1A            [12]  284 	ldhl	sp,	#26
    0000012E 2A               [ 8]  285 	ld	a, (hl+)
    0000012F 4F               [ 4]  286 	ld	c, a
    00000130 46               [ 8]  287 	ld	b, (hl)
    00000131 0B               [ 8]  288 	dec	bc
    00000132 F8 0B            [12]  289 	ldhl	sp,#11
    00000134 2A               [ 8]  290 	ld	a, (hl+)
    00000135 5F               [ 4]  291 	ld	e, a
    00000136 56               [ 8]  292 	ld	d, (hl)
    00000137 1A               [ 8]  293 	ld	a, (de)
    00000138 6F               [ 4]  294 	ld	l, a
    00000139 13               [ 8]  295 	inc	de
    0000013A 1A               [ 8]  296 	ld	a, (de)
    0000013B 67               [ 4]  297 	ld	h, a
    0000013C 29               [ 8]  298 	add	hl, hl
    0000013D 29               [ 8]  299 	add	hl, hl
    0000013E 5D               [ 4]  300 	ld	e, l
    0000013F 54               [ 4]  301 	ld	d, h
    00000140 F8 0F            [12]  302 	ldhl	sp,	#15
    00000142 2A               [ 8]  303 	ld	a,	(hl+)
    00000143 66               [ 8]  304 	ld	h, (hl)
    00000144 6F               [ 4]  305 	ld	l, a
    00000145 19               [ 8]  306 	add	hl, de
    00000146 23               [ 8]  307 	inc	hl
    00000147 23               [ 8]  308 	inc	hl
    00000148 5D               [ 4]  309 	ld	e, l
    00000149 54               [ 4]  310 	ld	d, h
    0000014A 1A               [ 8]  311 	ld	a, (de)
    0000014B 5F               [ 4]  312 	ld	e, a
    0000014C 16 00            [ 8]  313 	ld	d, #0x00
    0000014E 79               [ 4]  314 	ld	a, c
    0000014F 93               [ 4]  315 	sub	a, e
    00000150 6F               [ 4]  316 	ld	l, a
    00000151 78               [ 4]  317 	ld	a, b
    00000152 9A               [ 4]  318 	sbc	a, d
    00000153 67               [ 4]  319 	ld	h, a
    00000154 29               [ 8]  320 	add	hl, hl
    00000155 29               [ 8]  321 	add	hl, hl
    00000156 29               [ 8]  322 	add	hl, hl
    00000157 29               [ 8]  323 	add	hl, hl
    00000158 4D               [ 4]  324 	ld	c, l
    00000159 44               [ 4]  325 	ld	b, h
    0000015A F8 0D            [12]  326 	ldhl	sp,	#13
    0000015C 2A               [ 8]  327 	ld	a, (hl+)
    0000015D 66               [ 8]  328 	ld	h, (hl)
    0000015E 6F               [ 4]  329 	ld	l, a
    0000015F 79               [ 4]  330 	ld	a, c
    00000160 22               [ 8]  331 	ld	(hl+), a
    00000161 70               [ 8]  332 	ld	(hl), b
                                    333 ;src/portal_utils.c:38: cache->active[count] = 1;
    00000162 F8 07            [12]  334 	ldhl	sp,#7
    00000164 2A               [ 8]  335 	ld	a, (hl+)
    00000165 5F               [ 4]  336 	ld	e, a
    00000166 56               [ 8]  337 	ld	d, (hl)
    00000167 F8 11            [12]  338 	ldhl	sp,	#17
    00000169 6E               [ 8]  339 	ld	l, (hl)
    0000016A 26 00            [ 8]  340 	ld	h, #0x00
    0000016C 19               [ 8]  341 	add	hl, de
    0000016D 36 01            [12]  342 	ld	(hl), #0x01
                                    343 ;src/portal_utils.c:39: cache->activated[count] = 0;
    0000016F F8 09            [12]  344 	ldhl	sp,#9
    00000171 2A               [ 8]  345 	ld	a, (hl+)
    00000172 5F               [ 4]  346 	ld	e, a
    00000173 56               [ 8]  347 	ld	d, (hl)
    00000174 F8 11            [12]  348 	ldhl	sp,	#17
    00000176 6E               [ 8]  349 	ld	l, (hl)
    00000177 26 00            [ 8]  350 	ld	h, #0x00
    00000179 19               [ 8]  351 	add	hl, de
    0000017A 4D               [ 4]  352 	ld	c, l
    0000017B 44               [ 4]  353 	ld	b, h
    0000017C AF               [ 4]  354 	xor	a, a
    0000017D 02               [ 8]  355 	ld	(bc), a
                                    356 ;src/portal_utils.c:41: count++;
    0000017E F8 11            [12]  357 	ldhl	sp,	#17
    00000180 34               [12]  358 	inc	(hl)
                                    359 ;src/portal_utils.c:42: (*stream_idx)++;
    00000181 F8 0B            [12]  360 	ldhl	sp,#11
    00000183 2A               [ 8]  361 	ld	a, (hl+)
    00000184 5F               [ 4]  362 	ld	e, a
    00000185 56               [ 8]  363 	ld	d, (hl)
    00000186 1A               [ 8]  364 	ld	a, (de)
    00000187 4F               [ 4]  365 	ld	c, a
    00000188 13               [ 8]  366 	inc	de
    00000189 1A               [ 8]  367 	ld	a, (de)
    0000018A 47               [ 4]  368 	ld	b, a
    0000018B 03               [ 8]  369 	inc	bc
    0000018C 3A               [ 8]  370 	ld	a, (hl-)
    0000018D 6E               [ 8]  371 	ld	l, (hl)
    0000018E 67               [ 4]  372 	ld	h, a
    0000018F 79               [ 4]  373 	ld	a, c
    00000190 22               [ 8]  374 	ld	(hl+), a
    00000191 70               [ 8]  375 	ld	(hl), b
    00000192 C3r8Fr00         [16]  376 	jp	00111$
    00000195                        377 00113$:
                                    378 ;src/portal_utils.c:44: SWITCH_ROM(save_bank);
    00000195 F8 00            [12]  379 	ldhl	sp,	#0
    00000197 7E               [ 8]  380 	ld	a, (hl)
    00000198 E0r00            [12]  381 	ldh	(__current_bank + 0), a
    0000019A 7E               [ 8]  382 	ld	a, (hl)
    0000019B EAr00r00         [16]  383 	ld	(#_rROMB0),a
    0000019E                        384 00114$:
                                    385 ;src/portal_utils.c:45: }
    0000019E E8 12            [16]  386 	add	sp, #18
    000001A0 E1               [12]  387 	pop	hl
    000001A1 E8 08            [16]  388 	add	sp, #8
    000001A3 E9               [ 4]  389 	jp	(hl)
                                    390 	.area _CODE
                                    391 	.area _INITIALIZER
                                    392 	.area _CABS (ABS)
