                                      1 ;--------------------------------------------------------
                                      2 ; File Created by SDCC : free open source ISO C Compiler
                                      3 ; Version 4.5.1 #15267 (MINGW64)
                                      4 ;--------------------------------------------------------
                                      5 	.module stereomadness_sprites
                                      6 	
                                      7 ;--------------------------------------------------------
                                      8 ; Public variables in this module
                                      9 ;--------------------------------------------------------
                                     10 	.globl _stereomadness_sp
                                     11 	.globl b___func_stereomadness_sp
                                     12 	.globl ___func_stereomadness_sp
                                     13 ;--------------------------------------------------------
                                     14 ; special function registers
                                     15 ;--------------------------------------------------------
                                     16 	.area _HRAM
                                     17 ;--------------------------------------------------------
                                     18 ; ram data
                                     19 ;--------------------------------------------------------
                                     20 	.area _DATA
                                     21 ;--------------------------------------------------------
                                     22 ; ram data
                                     23 ;--------------------------------------------------------
                                     24 	.area _INITIALIZED
                                     25 ;--------------------------------------------------------
                                     26 ; absolute external ram data
                                     27 ;--------------------------------------------------------
                                     28 	.area _DABS (ABS)
                                     29 ;--------------------------------------------------------
                                     30 ; global & static initialisations
                                     31 ;--------------------------------------------------------
                                     32 	.area _HOME
                                     33 	.area _GSINIT
                                     34 	.area _GSFINAL
                                     35 	.area _GSINIT
                                     36 ;--------------------------------------------------------
                                     37 ; Home
                                     38 ;--------------------------------------------------------
                                     39 	.area _HOME
                                     40 	.area _HOME
                                     41 ;--------------------------------------------------------
                                     42 ; code
                                     43 ;--------------------------------------------------------
                                     44 	.area _CODE_121
                                     45 ;src/stereomadness_sprites.c:4: BANKREF(stereomadness_sp)
                                     46 ;	---------------------------------
                                     47 ; Function __func_stereomadness_sp
                                     48 ; ---------------------------------
                         00000079    49 	b___func_stereomadness_sp	= 121
    00000000                         50 ___func_stereomadness_sp::
                                     51 	.local b___func_stereomadness_sp 
                         00000079    52 	___bank_stereomadness_sp = b___func_stereomadness_sp 
                                     53 	.globl ___bank_stereomadness_sp 
                                     54 	.area _CODE_121
    00000000                         55 _stereomadness_sp:
    00000000 00 00                   56 	.dw #0x0000
    00000002 02                      57 	.db #0x02	; 2
    00000003 75                      58 	.db #0x75	; 117	'u'
    00000004 32 00                   59 	.dw #0x0032
    00000006 01                      60 	.db #0x01	; 1
    00000007 2B                      61 	.db #0x2b	; 43
    00000008 35 00                   62 	.dw #0x0035
    0000000A 00                      63 	.db #0x00	; 0
    0000000B 30                      64 	.db #0x30	; 48	'0'
    0000000C 36 00                   65 	.dw #0x0036
    0000000E 02                      66 	.db #0x02	; 2
    0000000F 2B                      67 	.db #0x2b	; 43
    00000010 39 00                   68 	.dw #0x0039
    00000012 00                      69 	.db #0x00	; 0
    00000013 2E                      70 	.db #0x2e	; 46
    00000014 3A 00                   71 	.dw #0x003a
    00000016 03                      72 	.db #0x03	; 3
    00000017 2B                      73 	.db #0x2b	; 43
    00000018 3C 00                   74 	.dw #0x003c
    0000001A 01                      75 	.db #0x01	; 1
    0000001B 75                      76 	.db #0x75	; 117	'u'
    0000001C 60 00                   77 	.dw #0x0060
    0000001E 00                      78 	.db #0x00	; 0
    0000001F 30                      79 	.db #0x30	; 48	'0'
    00000020 6B 00                   80 	.dw #0x006b
    00000022 01                      81 	.db #0x01	; 1
    00000023 77                      82 	.db #0x77	; 119	'w'
    00000024 6D 00                   83 	.dw #0x006d
    00000026 00                      84 	.db #0x00	; 0
    00000027 30                      85 	.db #0x30	; 48	'0'
    00000028 7F 00                   86 	.dw #0x007f
    0000002A 00                      87 	.db #0x00	; 0
    0000002B 2E                      88 	.db #0x2e	; 46
    0000002C 80 00                   89 	.dw #0x0080
    0000002E 01                      90 	.db #0x01	; 1
    0000002F 3C                      91 	.db #0x3c	; 60
    00000030 84 00                   92 	.dw #0x0084
    00000032 02                      93 	.db #0x02	; 2
    00000033 3C                      94 	.db #0x3c	; 60
    00000034 86 00                   95 	.dw #0x0086
    00000036 00                      96 	.db #0x00	; 0
    00000037 30                      97 	.db #0x30	; 48	'0'
    00000038 88 00                   98 	.dw #0x0088
    0000003A 03                      99 	.db #0x03	; 3
    0000003B 3C                     100 	.db #0x3c	; 60
    0000003C 8C 00                  101 	.dw #0x008c
    0000003E 04                     102 	.db #0x04	; 4
    0000003F 3C                     103 	.db #0x3c	; 60
    00000040 8F 00                  104 	.dw #0x008f
    00000042 00                     105 	.db #0x00	; 0
    00000043 2E                     106 	.db #0x2e	; 46
    00000044 90 00                  107 	.dw #0x0090
    00000046 05                     108 	.db #0x05	; 5
    00000047 3C                     109 	.db #0x3c	; 60
    00000048 95 00                  110 	.dw #0x0095
    0000004A 00                     111 	.db #0x00	; 0
    0000004B 30                     112 	.db #0x30	; 48	'0'
    0000004C C4 00                  113 	.dw #0x00c4
    0000004E 00                     114 	.db #0x00	; 0
    0000004F 2E                     115 	.db #0x2e	; 46
    00000050 CA 00                  116 	.dw #0x00ca
    00000052 00                     117 	.db #0x00	; 0
    00000053 30                     118 	.db #0x30	; 48	'0'
    00000054 CD 00                  119 	.dw #0x00cd
    00000056 00                     120 	.db #0x00	; 0
    00000057 2E                     121 	.db #0x2e	; 46
    00000058 D2 00                  122 	.dw #0x00d2
    0000005A 00                     123 	.db #0x00	; 0
    0000005B 30                     124 	.db #0x30	; 48	'0'
    0000005C D6 00                  125 	.dw #0x00d6
    0000005E 00                     126 	.db #0x00	; 0
    0000005F 30                     127 	.db #0x30	; 48	'0'
    00000060 DA 00                  128 	.dw #0x00da
    00000062 01                     129 	.db #0x01	; 1
    00000063 3C                     130 	.db #0x3c	; 60
    00000064 DA 00                  131 	.dw #0x00da
    00000066 00                     132 	.db #0x00	; 0
    00000067 2E                     133 	.db #0x2e	; 46
    00000068 DE 00                  134 	.dw #0x00de
    0000006A 02                     135 	.db #0x02	; 2
    0000006B 3C                     136 	.db #0x3c	; 60
    0000006C E2 00                  137 	.dw #0x00e2
    0000006E 03                     138 	.db #0x03	; 3
    0000006F 3C                     139 	.db #0x3c	; 60
    00000070 E6 00                  140 	.dw #0x00e6
    00000072 04                     141 	.db #0x04	; 4
    00000073 3C                     142 	.db #0x3c	; 60
    00000074 E7 00                  143 	.dw #0x00e7
    00000076 00                     144 	.db #0x00	; 0
    00000077 2E                     145 	.db #0x2e	; 46
    00000078 EA 00                  146 	.dw #0x00ea
    0000007A 05                     147 	.db #0x05	; 5
    0000007B 3C                     148 	.db #0x3c	; 60
    0000007C EC 00                  149 	.dw #0x00ec
    0000007E 04                     150 	.db #0x04	; 4
    0000007F 2A                     151 	.db #0x2a	; 42
    00000080 ED 00                  152 	.dw #0x00ed
    00000082 00                     153 	.db #0x00	; 0
    00000083 30                     154 	.db #0x30	; 48	'0'
    00000084 02 01                  155 	.dw #0x0102
    00000086 01                     156 	.db #0x01	; 1
    00000087 76                     157 	.db #0x76	; 118	'v'
    00000088 09 01                  158 	.dw #0x0109
    0000008A 01                     159 	.db #0x01	; 1
    0000008B 66                     160 	.db #0x66	; 102	'f'
    0000008C 0A 01                  161 	.dw #0x010a
    0000008E 06                     162 	.db #0x06	; 6
    0000008F 01                     163 	.db #0x01	; 1
    00000090 0B 01                  164 	.dw #0x010b
    00000092 08                     165 	.db #0x08	; 8
    00000093 39                     166 	.db #0x39	; 57	'9'
    00000094 0B 01                  167 	.dw #0x010b
    00000096 07                     168 	.db #0x07	; 7
    00000097 39                     169 	.db #0x39	; 57	'9'
    00000098 0B 01                  170 	.dw #0x010b
    0000009A 03                     171 	.db #0x03	; 3
    0000009B 39                     172 	.db #0x39	; 57	'9'
    0000009C 0B 01                  173 	.dw #0x010b
    0000009E 02                     174 	.db #0x02	; 2
    0000009F 39                     175 	.db #0x39	; 57	'9'
    000000A0 0F 01                  176 	.dw #0x010f
    000000A2 01                     177 	.db #0x01	; 1
    000000A3 73                     178 	.db #0x73	; 115	's'
    000000A4 14 01                  179 	.dw #0x0114
    000000A6 01                     180 	.db #0x01	; 1
    000000A7 69                     181 	.db #0x69	; 105	'i'
    000000A8 16 01                  182 	.dw #0x0116
    000000AA 01                     183 	.db #0x01	; 1
    000000AB 79                     184 	.db #0x79	; 121	'y'
    000000AC 18 01                  185 	.dw #0x0118
    000000AE 00                     186 	.db #0x00	; 0
    000000AF 2A                     187 	.db #0x2a	; 42
    000000B0 1C 01                  188 	.dw #0x011c
    000000B2 00                     189 	.db #0x00	; 0
    000000B3 2B                     190 	.db #0x2b	; 43
    000000B4 1F 01                  191 	.dw #0x011f
    000000B6 00                     192 	.db #0x00	; 0
    000000B7 2C                     193 	.db #0x2c	; 44
    000000B8 2D 01                  194 	.dw #0x012d
    000000BA 06                     195 	.db #0x06	; 6
    000000BB 3C                     196 	.db #0x3c	; 60
    000000BC 3A 01                  197 	.dw #0x013a
    000000BE 08                     198 	.db #0x08	; 8
    000000BF 3C                     199 	.db #0x3c	; 60
    000000C0 3A 01                  200 	.dw #0x013a
    000000C2 01                     201 	.db #0x01	; 1
    000000C3 2C                     202 	.db #0x2c	; 44
    000000C4 49 01                  203 	.dw #0x0149
    000000C6 08                     204 	.db #0x08	; 8
    000000C7 3C                     205 	.db #0x3c	; 60
    000000C8 49 01                  206 	.dw #0x0149
    000000CA 01                     207 	.db #0x01	; 1
    000000CB 2C                     208 	.db #0x2c	; 44
    000000CC 56 01                  209 	.dw #0x0156
    000000CE 02                     210 	.db #0x02	; 2
    000000CF 2C                     211 	.db #0x2c	; 44
    000000D0 63 01                  212 	.dw #0x0163
    000000D2 07                     213 	.db #0x07	; 7
    000000D3 3C                     214 	.db #0x3c	; 60
    000000D4 6C 01                  215 	.dw #0x016c
    000000D6 01                     216 	.db #0x01	; 1
    000000D7 2C                     217 	.db #0x2c	; 44
    000000D8 72 01                  218 	.dw #0x0172
    000000DA 02                     219 	.db #0x02	; 2
    000000DB 2C                     220 	.db #0x2c	; 44
    000000DC 78 01                  221 	.dw #0x0178
    000000DE 03                     222 	.db #0x03	; 3
    000000DF 2C                     223 	.db #0x2c	; 44
    000000E0 87 01                  224 	.dw #0x0187
    000000E2 05                     225 	.db #0x05	; 5
    000000E3 3C                     226 	.db #0x3c	; 60
    000000E4 93 01                  227 	.dw #0x0193
    000000E6 08                     228 	.db #0x08	; 8
    000000E7 38                     229 	.db #0x38	; 56	'8'
    000000E8 93 01                  230 	.dw #0x0193
    000000EA 07                     231 	.db #0x07	; 7
    000000EB 38                     232 	.db #0x38	; 56	'8'
    000000EC 93 01                  233 	.dw #0x0193
    000000EE 02                     234 	.db #0x02	; 2
    000000EF 38                     235 	.db #0x38	; 56	'8'
    000000F0 93 01                  236 	.dw #0x0193
    000000F2 01                     237 	.db #0x01	; 1
    000000F3 38                     238 	.db #0x38	; 56	'8'
    000000F4 A2 01                  239 	.dw #0x01a2
    000000F6 05                     240 	.db #0x05	; 5
    000000F7 00                     241 	.db #0x00	; 0
    000000F8 A3 01                  242 	.dw #0x01a3
    000000FA 07                     243 	.db #0x07	; 7
    000000FB 39                     244 	.db #0x39	; 57	'9'
    000000FC AC 01                  245 	.dw #0x01ac
    000000FE 01                     246 	.db #0x01	; 1
    000000FF 78                     247 	.db #0x78	; 120	'x'
    00000100 AE 01                  248 	.dw #0x01ae
    00000102 01                     249 	.db #0x01	; 1
    00000103 77                     250 	.db #0x77	; 119	'w'
    00000104 B0 01                  251 	.dw #0x01b0
    00000106 02                     252 	.db #0x02	; 2
    00000107 2C                     253 	.db #0x2c	; 44
    00000108 BA 01                  254 	.dw #0x01ba
    0000010A 00                     255 	.db #0x00	; 0
    0000010B 30                     256 	.db #0x30	; 48	'0'
    0000010C BB 01                  257 	.dw #0x01bb
    0000010E 00                     258 	.db #0x00	; 0
    0000010F 2E                     259 	.db #0x2e	; 46
    00000110 C0 01                  260 	.dw #0x01c0
    00000112 0A                     261 	.db #0x0a	; 10
    00000113 2D                     262 	.db #0x2d	; 45
    00000114 C2 01                  263 	.dw #0x01c2
    00000116 0A                     264 	.db #0x0a	; 10
    00000117 2D                     265 	.db #0x2d	; 45
    00000118 C7 01                  266 	.dw #0x01c7
    0000011A 02                     267 	.db #0x02	; 2
    0000011B 2B                     268 	.db #0x2b	; 43
    0000011C C9 01                  269 	.dw #0x01c9
    0000011E 00                     270 	.db #0x00	; 0
    0000011F 2E                     271 	.db #0x2e	; 46
    00000120 CB 01                  272 	.dw #0x01cb
    00000122 03                     273 	.db #0x03	; 3
    00000123 2B                     274 	.db #0x2b	; 43
    00000124 CD 01                  275 	.dw #0x01cd
    00000126 00                     276 	.db #0x00	; 0
    00000127 30                     277 	.db #0x30	; 48	'0'
    00000128 CF 01                  278 	.dw #0x01cf
    0000012A 04                     279 	.db #0x04	; 4
    0000012B 2B                     280 	.db #0x2b	; 43
    0000012C D3 01                  281 	.dw #0x01d3
    0000012E 05                     282 	.db #0x05	; 5
    0000012F 2B                     283 	.db #0x2b	; 43
    00000130 D6 01                  284 	.dw #0x01d6
    00000132 00                     285 	.db #0x00	; 0
    00000133 2E                     286 	.db #0x2e	; 46
    00000134 D7 01                  287 	.dw #0x01d7
    00000136 06                     288 	.db #0x06	; 6
    00000137 2B                     289 	.db #0x2b	; 43
    00000138 DA 01                  290 	.dw #0x01da
    0000013A 00                     291 	.db #0x00	; 0
    0000013B 2E                     292 	.db #0x2e	; 46
    0000013C DB 01                  293 	.dw #0x01db
    0000013E 07                     294 	.db #0x07	; 7
    0000013F 2B                     295 	.db #0x2b	; 43
    00000140 DF 01                  296 	.dw #0x01df
    00000142 08                     297 	.db #0x08	; 8
    00000143 2B                     298 	.db #0x2b	; 43
    00000144 E3 01                  299 	.dw #0x01e3
    00000146 09                     300 	.db #0x09	; 9
    00000147 2B                     301 	.db #0x2b	; 43
    00000148 E9 01                  302 	.dw #0x01e9
    0000014A 00                     303 	.db #0x00	; 0
    0000014B 2E                     304 	.db #0x2e	; 46
    0000014C F0 01                  305 	.dw #0x01f0
    0000014E 00                     306 	.db #0x00	; 0
    0000014F 30                     307 	.db #0x30	; 48	'0'
    00000150 F4 01                  308 	.dw #0x01f4
    00000152 03                     309 	.db #0x03	; 3
    00000153 38                     310 	.db #0x38	; 56	'8'
    00000154 F4 01                  311 	.dw #0x01f4
    00000156 02                     312 	.db #0x02	; 2
    00000157 38                     313 	.db #0x38	; 56	'8'
    00000158 F8 01                  314 	.dw #0x01f8
    0000015A 03                     315 	.db #0x03	; 3
    0000015B 39                     316 	.db #0x39	; 57	'9'
    0000015C F8 01                  317 	.dw #0x01f8
    0000015E 02                     318 	.db #0x02	; 2
    0000015F 39                     319 	.db #0x39	; 57	'9'
    00000160 F8 01                  320 	.dw #0x01f8
    00000162 00                     321 	.db #0x00	; 0
    00000163 2E                     322 	.db #0x2e	; 46
    00000164 FA 01                  323 	.dw #0x01fa
    00000166 02                     324 	.db #0x02	; 2
    00000167 38                     325 	.db #0x38	; 56	'8'
    00000168 FA 01                  326 	.dw #0x01fa
    0000016A 01                     327 	.db #0x01	; 1
    0000016B 38                     328 	.db #0x38	; 56	'8'
    0000016C 02 02                  329 	.dw #0x0202
    0000016E 00                     330 	.db #0x00	; 0
    0000016F 2E                     331 	.db #0x2e	; 46
    00000170 09 02                  332 	.dw #0x0209
    00000172 01                     333 	.db #0x01	; 1
    00000173 78                     334 	.db #0x78	; 120	'x'
    00000174 0B 02                  335 	.dw #0x020b
    00000176 01                     336 	.db #0x01	; 1
    00000177 7A                     337 	.db #0x7a	; 122	'z'
    00000178 0F 02                  338 	.dw #0x020f
    0000017A 01                     339 	.db #0x01	; 1
    0000017B 38                     340 	.db #0x38	; 56	'8'
    0000017C 11 02                  341 	.dw #0x0211
    0000017E 00                     342 	.db #0x00	; 0
    0000017F 2E                     343 	.db #0x2e	; 46
    00000180 12 02                  344 	.dw #0x0212
    00000182 01                     345 	.db #0x01	; 1
    00000183 39                     346 	.db #0x39	; 57	'9'
    00000184 17 02                  347 	.dw #0x0217
    00000186 01                     348 	.db #0x01	; 1
    00000187 38                     349 	.db #0x38	; 56	'8'
    00000188 17 02                  350 	.dw #0x0217
    0000018A 00                     351 	.db #0x00	; 0
    0000018B 30                     352 	.db #0x30	; 48	'0'
    0000018C 1A 02                  353 	.dw #0x021a
    0000018E 01                     354 	.db #0x01	; 1
    0000018F 39                     355 	.db #0x39	; 57	'9'
    00000190 1A 02                  356 	.dw #0x021a
    00000192 00                     357 	.db #0x00	; 0
    00000193 2E                     358 	.db #0x2e	; 46
    00000194 1B 02                  359 	.dw #0x021b
    00000196 02                     360 	.db #0x02	; 2
    00000197 38                     361 	.db #0x38	; 56	'8'
    00000198 1E 02                  362 	.dw #0x021e
    0000019A 02                     363 	.db #0x02	; 2
    0000019B 39                     364 	.db #0x39	; 57	'9'
    0000019C 2A 02                  365 	.dw #0x022a
    0000019E 06                     366 	.db #0x06	; 6
    0000019F 2D                     367 	.db #0x2d	; 45
    000001A0 2B 02                  368 	.dw #0x022b
    000001A2 06                     369 	.db #0x06	; 6
    000001A3 2D                     370 	.db #0x2d	; 45
    000001A4 32 02                  371 	.dw #0x0232
    000001A6 06                     372 	.db #0x06	; 6
    000001A7 2D                     373 	.db #0x2d	; 45
    000001A8 34 02                  374 	.dw #0x0234
    000001AA 06                     375 	.db #0x06	; 6
    000001AB 2D                     376 	.db #0x2d	; 45
    000001AC 3A 02                  377 	.dw #0x023a
    000001AE 06                     378 	.db #0x06	; 6
    000001AF 2D                     379 	.db #0x2d	; 45
    000001B0 41 02                  380 	.dw #0x0241
    000001B2 06                     381 	.db #0x06	; 6
    000001B3 2D                     382 	.db #0x2d	; 45
    000001B4 4C 02                  383 	.dw #0x024c
    000001B6 01                     384 	.db #0x01	; 1
    000001B7 2B                     385 	.db #0x2b	; 43
    000001B8 50 02                  386 	.dw #0x0250
    000001BA 02                     387 	.db #0x02	; 2
    000001BB 2B                     388 	.db #0x2b	; 43
    000001BC 52 02                  389 	.dw #0x0252
    000001BE 00                     390 	.db #0x00	; 0
    000001BF 30                     391 	.db #0x30	; 48	'0'
    000001C0 54 02                  392 	.dw #0x0254
    000001C2 03                     393 	.db #0x03	; 3
    000001C3 2B                     394 	.db #0x2b	; 43
    000001C4 58 02                  395 	.dw #0x0258
    000001C6 04                     396 	.db #0x04	; 4
    000001C7 2B                     397 	.db #0x2b	; 43
    000001C8 5A 02                  398 	.dw #0x025a
    000001CA 00                     399 	.db #0x00	; 0
    000001CB 2E                     400 	.db #0x2e	; 46
    000001CC 5B 02                  401 	.dw #0x025b
    000001CE 03                     402 	.db #0x03	; 3
    000001CF 2C                     403 	.db #0x2c	; 44
    000001D0 5D 02                  404 	.dw #0x025d
    000001D2 02                     405 	.db #0x02	; 2
    000001D3 2C                     406 	.db #0x2c	; 44
    000001D4 5F 02                  407 	.dw #0x025f
    000001D6 01                     408 	.db #0x01	; 1
    000001D7 2C                     409 	.db #0x2c	; 44
    000001D8 6D 02                  410 	.dw #0x026d
    000001DA 03                     411 	.db #0x03	; 3
    000001DB 2D                     412 	.db #0x2d	; 45
    000001DC 70 02                  413 	.dw #0x0270
    000001DE 03                     414 	.db #0x03	; 3
    000001DF 2D                     415 	.db #0x2d	; 45
    000001E0 76 02                  416 	.dw #0x0276
    000001E2 01                     417 	.db #0x01	; 1
    000001E3 2A                     418 	.db #0x2a	; 42
    000001E4 86 02                  419 	.dw #0x0286
    000001E6 00                     420 	.db #0x00	; 0
    000001E7 3C                     421 	.db #0x3c	; 60
    000001E8 88 02                  422 	.dw #0x0288
    000001EA 00                     423 	.db #0x00	; 0
    000001EB 30                     424 	.db #0x30	; 48	'0'
    000001EC 8A 02                  425 	.dw #0x028a
    000001EE 01                     426 	.db #0x01	; 1
    000001EF 3C                     427 	.db #0x3c	; 60
    000001F0 8D 02                  428 	.dw #0x028d
    000001F2 00                     429 	.db #0x00	; 0
    000001F3 30                     430 	.db #0x30	; 48	'0'
    000001F4 8E 02                  431 	.dw #0x028e
    000001F6 02                     432 	.db #0x02	; 2
    000001F7 3C                     433 	.db #0x3c	; 60
    000001F8 90 02                  434 	.dw #0x0290
    000001FA 00                     435 	.db #0x00	; 0
    000001FB 2E                     436 	.db #0x2e	; 46
    000001FC 92 02                  437 	.dw #0x0292
    000001FE 03                     438 	.db #0x03	; 3
    000001FF 3C                     439 	.db #0x3c	; 60
    00000200 96 02                  440 	.dw #0x0296
    00000202 07                     441 	.db #0x07	; 7
    00000203 2D                     442 	.db #0x2d	; 45
    00000204 96 02                  443 	.dw #0x0296
    00000206 00                     444 	.db #0x00	; 0
    00000207 2E                     445 	.db #0x2e	; 46
    00000208 98 02                  446 	.dw #0x0298
    0000020A 06                     447 	.db #0x06	; 6
    0000020B 2D                     448 	.db #0x2d	; 45
    0000020C 9A 02                  449 	.dw #0x029a
    0000020E 05                     450 	.db #0x05	; 5
    0000020F 2D                     451 	.db #0x2d	; 45
    00000210 A0 02                  452 	.dw #0x02a0
    00000212 00                     453 	.db #0x00	; 0
    00000213 2E                     454 	.db #0x2e	; 46
    00000214 A5 02                  455 	.dw #0x02a5
    00000216 00                     456 	.db #0x00	; 0
    00000217 2E                     457 	.db #0x2e	; 46
    00000218 AF 02                  458 	.dw #0x02af
    0000021A 00                     459 	.db #0x00	; 0
    0000021B 30                     460 	.db #0x30	; 48	'0'
    0000021C BA 02                  461 	.dw #0x02ba
    0000021E 06                     462 	.db #0x06	; 6
    0000021F 2D                     463 	.db #0x2d	; 45
    00000220 BB 02                  464 	.dw #0x02bb
    00000222 06                     465 	.db #0x06	; 6
    00000223 2D                     466 	.db #0x2d	; 45
    00000224 BC 02                  467 	.dw #0x02bc
    00000226 06                     468 	.db #0x06	; 6
    00000227 2D                     469 	.db #0x2d	; 45
    00000228 C8 02                  470 	.dw #0x02c8
    0000022A 01                     471 	.db #0x01	; 1
    0000022B 2D                     472 	.db #0x2d	; 45
    0000022C CC 02                  473 	.dw #0x02cc
    0000022E 01                     474 	.db #0x01	; 1
    0000022F 2D                     475 	.db #0x2d	; 45
    00000230 CF 02                  476 	.dw #0x02cf
    00000232 00                     477 	.db #0x00	; 0
    00000233 30                     478 	.db #0x30	; 48	'0'
    00000234 D1 02                  479 	.dw #0x02d1
    00000236 01                     480 	.db #0x01	; 1
    00000237 2D                     481 	.db #0x2d	; 45
    00000238 D6 02                  482 	.dw #0x02d6
    0000023A 02                     483 	.db #0x02	; 2
    0000023B 2D                     484 	.db #0x2d	; 45
    0000023C DA 02                  485 	.dw #0x02da
    0000023E 00                     486 	.db #0x00	; 0
    0000023F 30                     487 	.db #0x30	; 48	'0'
    00000240 DF 02                  488 	.dw #0x02df
    00000242 00                     489 	.db #0x00	; 0
    00000243 30                     490 	.db #0x30	; 48	'0'
    00000244 E4 02                  491 	.dw #0x02e4
    00000246 02                     492 	.db #0x02	; 2
    00000247 2B                     493 	.db #0x2b	; 43
    00000248 E8 02                  494 	.dw #0x02e8
    0000024A 02                     495 	.db #0x02	; 2
    0000024B 2B                     496 	.db #0x2b	; 43
    0000024C E9 02                  497 	.dw #0x02e9
    0000024E 00                     498 	.db #0x00	; 0
    0000024F 2E                     499 	.db #0x2e	; 46
    00000250 EB 02                  500 	.dw #0x02eb
    00000252 02                     501 	.db #0x02	; 2
    00000253 2B                     502 	.db #0x2b	; 43
    00000254 EC 02                  503 	.dw #0x02ec
    00000256 00                     504 	.db #0x00	; 0
    00000257 2E                     505 	.db #0x2e	; 46
    00000258 F4 02                  506 	.dw #0x02f4
    0000025A 03                     507 	.db #0x03	; 3
    0000025B 2B                     508 	.db #0x2b	; 43
    0000025C F5 02                  509 	.dw #0x02f5
    0000025E 00                     510 	.db #0x00	; 0
    0000025F 2E                     511 	.db #0x2e	; 46
    00000260 F8 02                  512 	.dw #0x02f8
    00000262 00                     513 	.db #0x00	; 0
    00000263 2E                     514 	.db #0x2e	; 46
    00000264 FC 02                  515 	.dw #0x02fc
    00000266 05                     516 	.db #0x05	; 5
    00000267 01                     517 	.db #0x01	; 1
    00000268 FD 02                  518 	.dw #0x02fd
    0000026A 08                     519 	.db #0x08	; 8
    0000026B 3F                     520 	.db #0x3f	; 63
    0000026C FD 02                  521 	.dw #0x02fd
    0000026E 07                     522 	.db #0x07	; 7
    0000026F 3F                     523 	.db #0x3f	; 63
    00000270 FD 02                  524 	.dw #0x02fd
    00000272 02                     525 	.db #0x02	; 2
    00000273 3F                     526 	.db #0x3f	; 63
    00000274 FD 02                  527 	.dw #0x02fd
    00000276 01                     528 	.db #0x01	; 1
    00000277 3F                     529 	.db #0x3f	; 63
    00000278 06 03                  530 	.dw #0x0306
    0000027A 01                     531 	.db #0x01	; 1
    0000027B 79                     532 	.db #0x79	; 121	'y'
    0000027C 08 03                  533 	.dw #0x0308
    0000027E 01                     534 	.db #0x01	; 1
    0000027F 78                     535 	.db #0x78	; 120	'x'
    00000280 09 03                  536 	.dw #0x0309
    00000282 08                     537 	.db #0x08	; 8
    00000283 3C                     538 	.db #0x3c	; 60
    00000284 09 03                  539 	.dw #0x0309
    00000286 01                     540 	.db #0x01	; 1
    00000287 2C                     541 	.db #0x2c	; 44
    00000288 12 03                  542 	.dw #0x0312
    0000028A 08                     543 	.db #0x08	; 8
    0000028B 3C                     544 	.db #0x3c	; 60
    0000028C 12 03                  545 	.dw #0x0312
    0000028E 01                     546 	.db #0x01	; 1
    0000028F 2C                     547 	.db #0x2c	; 44
    00000290 16 03                  548 	.dw #0x0316
    00000292 00                     549 	.db #0x00	; 0
    00000293 2E                     550 	.db #0x2e	; 46
    00000294 1B 03                  551 	.dw #0x031b
    00000296 01                     552 	.db #0x01	; 1
    00000297 2C                     553 	.db #0x2c	; 44
    00000298 1C 03                  554 	.dw #0x031c
    0000029A 0B                     555 	.db #0x0b	; 11
    0000029B 01                     556 	.db #0x01	; 1
    0000029C 24 03                  557 	.dw #0x0324
    0000029E 08                     558 	.db #0x08	; 8
    0000029F 3C                     559 	.db #0x3c	; 60
    000002A0 24 03                  560 	.dw #0x0324
    000002A2 01                     561 	.db #0x01	; 1
    000002A3 2C                     562 	.db #0x2c	; 44
    000002A4 27 03                  563 	.dw #0x0327
    000002A6 00                     564 	.db #0x00	; 0
    000002A7 2E                     565 	.db #0x2e	; 46
    000002A8 28 03                  566 	.dw #0x0328
    000002AA 09                     567 	.db #0x09	; 9
    000002AB 2F                     568 	.db #0x2f	; 47
    000002AC 2E 03                  569 	.dw #0x032e
    000002AE 0D                     570 	.db #0x0d	; 13
    000002AF 79                     571 	.db #0x79	; 121	'y'
    000002B0 30 03                  572 	.dw #0x0330
    000002B2 0D                     573 	.db #0x0d	; 13
    000002B3 7A                     574 	.db #0x7a	; 122	'z'
    000002B4 31 03                  575 	.dw #0x0331
    000002B6 0B                     576 	.db #0x0b	; 11
    000002B7 2A                     577 	.db #0x2a	; 42
    000002B8 31 03                  578 	.dw #0x0331
    000002BA 09                     579 	.db #0x09	; 9
    000002BB 2F                     580 	.db #0x2f	; 47
    000002BC 33 03                  581 	.dw #0x0333
    000002BE 0B                     582 	.db #0x0b	; 11
    000002BF 2A                     583 	.db #0x2a	; 42
    000002C0 33 03                  584 	.dw #0x0333
    000002C2 00                     585 	.db #0x00	; 0
    000002C3 30                     586 	.db #0x30	; 48	'0'
    000002C4 35 03                  587 	.dw #0x0335
    000002C6 0B                     588 	.db #0x0b	; 11
    000002C7 2A                     589 	.db #0x2a	; 42
    000002C8 38 03                  590 	.dw #0x0338
    000002CA 09                     591 	.db #0x09	; 9
    000002CB 31                     592 	.db #0x31	; 49	'1'
    000002CC 3B 03                  593 	.dw #0x033b
    000002CE 0C                     594 	.db #0x0c	; 12
    000002CF 36                     595 	.db #0x36	; 54	'6'
    000002D0 3D 03                  596 	.dw #0x033d
    000002D2 0C                     597 	.db #0x0c	; 12
    000002D3 36                     598 	.db #0x36	; 54	'6'
    000002D4 3F 03                  599 	.dw #0x033f
    000002D6 0C                     600 	.db #0x0c	; 12
    000002D7 36                     601 	.db #0x36	; 54	'6'
    000002D8 41 03                  602 	.dw #0x0341
    000002DA 0C                     603 	.db #0x0c	; 12
    000002DB 2C                     604 	.db #0x2c	; 44
    000002DC 41 03                  605 	.dw #0x0341
    000002DE 00                     606 	.db #0x00	; 0
    000002DF 2E                     607 	.db #0x2e	; 46
    000002E0 45 03                  608 	.dw #0x0345
    000002E2 0C                     609 	.db #0x0c	; 12
    000002E3 3C                     610 	.db #0x3c	; 60
    000002E4 47 03                  611 	.dw #0x0347
    000002E6 00                     612 	.db #0x00	; 0
    000002E7 2E                     613 	.db #0x2e	; 46
    000002E8 4A 03                  614 	.dw #0x034a
    000002EA 0C                     615 	.db #0x0c	; 12
    000002EB 2C                     616 	.db #0x2c	; 44
    000002EC 4E 03                  617 	.dw #0x034e
    000002EE 0C                     618 	.db #0x0c	; 12
    000002EF 2C                     619 	.db #0x2c	; 44
    000002F0 52 03                  620 	.dw #0x0352
    000002F2 0D                     621 	.db #0x0d	; 13
    000002F3 36                     622 	.db #0x36	; 54	'6'
    000002F4 54 03                  623 	.dw #0x0354
    000002F6 0D                     624 	.db #0x0d	; 13
    000002F7 36                     625 	.db #0x36	; 54	'6'
    000002F8 55 03                  626 	.dw #0x0355
    000002FA 00                     627 	.db #0x00	; 0
    000002FB 30                     628 	.db #0x30	; 48	'0'
    000002FC 56 03                  629 	.dw #0x0356
    000002FE 0D                     630 	.db #0x0d	; 13
    000002FF 36                     631 	.db #0x36	; 54	'6'
    00000300 58 03                  632 	.dw #0x0358
    00000302 0D                     633 	.db #0x0d	; 13
    00000303 36                     634 	.db #0x36	; 54	'6'
    00000304 5A 03                  635 	.dw #0x035a
    00000306 0D                     636 	.db #0x0d	; 13
    00000307 36                     637 	.db #0x36	; 54	'6'
    00000308 5F 03                  638 	.dw #0x035f
    0000030A 09                     639 	.db #0x09	; 9
    0000030B 2F                     640 	.db #0x2f	; 47
    0000030C 61 03                  641 	.dw #0x0361
    0000030E 00                     642 	.db #0x00	; 0
    0000030F 2E                     643 	.db #0x2e	; 46
    00000310 62 03                  644 	.dw #0x0362
    00000312 08                     645 	.db #0x08	; 8
    00000313 38                     646 	.db #0x38	; 56	'8'
    00000314 62 03                  647 	.dw #0x0362
    00000316 07                     648 	.db #0x07	; 7
    00000317 38                     649 	.db #0x38	; 56	'8'
    00000318 62 03                  650 	.dw #0x0362
    0000031A 02                     651 	.db #0x02	; 2
    0000031B 38                     652 	.db #0x38	; 56	'8'
    0000031C 62 03                  653 	.dw #0x0362
    0000031E 01                     654 	.db #0x01	; 1
    0000031F 38                     655 	.db #0x38	; 56	'8'
    00000320 6A 03                  656 	.dw #0x036a
    00000322 0B                     657 	.db #0x0b	; 11
    00000323 2B                     658 	.db #0x2b	; 43
    00000324 6B 03                  659 	.dw #0x036b
    00000326 0B                     660 	.db #0x0b	; 11
    00000327 2C                     661 	.db #0x2c	; 44
    00000328 6F 03                  662 	.dw #0x036f
    0000032A 08                     663 	.db #0x08	; 8
    0000032B 39                     664 	.db #0x39	; 57	'9'
    0000032C 6F 03                  665 	.dw #0x036f
    0000032E 07                     666 	.db #0x07	; 7
    0000032F 3F                     667 	.db #0x3f	; 63
    00000330 6F 03                  668 	.dw #0x036f
    00000332 02                     669 	.db #0x02	; 2
    00000333 3F                     670 	.db #0x3f	; 63
    00000334 6F 03                  671 	.dw #0x036f
    00000336 01                     672 	.db #0x01	; 1
    00000337 39                     673 	.db #0x39	; 57	'9'
    00000338 7D 03                  674 	.dw #0x037d
    0000033A 08                     675 	.db #0x08	; 8
    0000033B 0F                     676 	.db #0x0f	; 15
    0000033C FF FF                  677 	.dw #0xffff
    0000033E 00                     678 	.db #0x00	; 0
    0000033F 00                     679 	.db #0x00	; 0
                                    680 	.area _INITIALIZER
                                    681 	.area _CABS (ABS)
