                                      1 ;--------------------------------------------------------
                                      2 ; File Created by SDCC : free open source ISO C Compiler
                                      3 ; Version 4.5.1 #15267 (MINGW64)
                                      4 ;--------------------------------------------------------
                                      5 	.module template_sprites
                                      6 	
                                      7 ;--------------------------------------------------------
                                      8 ; Public variables in this module
                                      9 ;--------------------------------------------------------
                                     10 	.globl _template_sp
                                     11 	.globl b___func_template_sp
                                     12 	.globl ___func_template_sp
                                     13 ;--------------------------------------------------------
                                     14 ; special function registers
                                     15 ;--------------------------------------------------------
                                     16 	.area _HRAM
                                     17 ;--------------------------------------------------------
                                     18 ; ram data
                                     19 ;--------------------------------------------------------
                                     20 	.area _DATA
                                     21 ;--------------------------------------------------------
                                     22 ; ram data
                                     23 ;--------------------------------------------------------
                                     24 	.area _INITIALIZED
                                     25 ;--------------------------------------------------------
                                     26 ; absolute external ram data
                                     27 ;--------------------------------------------------------
                                     28 	.area _DABS (ABS)
                                     29 ;--------------------------------------------------------
                                     30 ; global & static initialisations
                                     31 ;--------------------------------------------------------
                                     32 	.area _HOME
                                     33 	.area _GSINIT
                                     34 	.area _GSFINAL
                                     35 	.area _GSINIT
                                     36 ;--------------------------------------------------------
                                     37 ; Home
                                     38 ;--------------------------------------------------------
                                     39 	.area _HOME
                                     40 	.area _HOME
                                     41 ;--------------------------------------------------------
                                     42 ; code
                                     43 ;--------------------------------------------------------
                                     44 	.area _CODE_120
                                     45 ;src/sprites/template_sprites.c:4: BANKREF(template_sp)
                                     46 ;	---------------------------------
                                     47 ; Function __func_template_sp
                                     48 ; ---------------------------------
                         00000078    49 	b___func_template_sp	= 120
    00000000                         50 ___func_template_sp::
                                     51 	.local b___func_template_sp 
                         00000078    52 	___bank_template_sp = b___func_template_sp 
                                     53 	.globl ___bank_template_sp 
                                     54 	.area _CODE_120
    00000000                         55 _template_sp:
    00000000 FF FF                   56 	.dw #0xffff
    00000002 00                      57 	.db #0x00	; 0
    00000003 00                      58 	.db #0x00	; 0
                                     59 	.area _INITIALIZER
                                     60 	.area _CABS (ABS)
