                                      1 ;--------------------------------------------------------
                                      2 ; File Created by SDCC : free open source ISO C Compiler
                                      3 ; Version 4.5.1 #15267 (MINGW64)
                                      4 ;--------------------------------------------------------
                                      5 	.module tileset
                                      6 	
                                      7 ;--------------------------------------------------------
                                      8 ; Public variables in this module
                                      9 ;--------------------------------------------------------
                                     10 	.globl b___func_chr_gb_cgb_tiles_rev
                                     11 	.globl ___func_chr_gb_cgb_tiles_rev
                                     12 	.globl b___func_chr_gb_cgb_tiles
                                     13 	.globl ___func_chr_gb_cgb_tiles
                                     14 	.globl b___func_chr_gb_tiles_rev
                                     15 	.globl ___func_chr_gb_tiles_rev
                                     16 	.globl b___func_chr_gb_tiles
                                     17 	.globl ___func_chr_gb_tiles
                                     18 	.globl b___func_chr_gb
                                     19 	.globl ___func_chr_gb
                                     20 ;--------------------------------------------------------
                                     21 ; special function registers
                                     22 ;--------------------------------------------------------
                                     23 	.area _HRAM
                                     24 ;--------------------------------------------------------
                                     25 ; ram data
                                     26 ;--------------------------------------------------------
                                     27 	.area _DATA
                                     28 ;--------------------------------------------------------
                                     29 ; ram data
                                     30 ;--------------------------------------------------------
                                     31 	.area _INITIALIZED
                                     32 ;--------------------------------------------------------
                                     33 ; absolute external ram data
                                     34 ;--------------------------------------------------------
                                     35 	.area _DABS (ABS)
                                     36 ;--------------------------------------------------------
                                     37 ; global & static initialisations
                                     38 ;--------------------------------------------------------
                                     39 	.area _HOME
                                     40 	.area _GSINIT
                                     41 	.area _GSFINAL
                                     42 	.area _GSINIT
                                     43 ;--------------------------------------------------------
                                     44 ; Home
                                     45 ;--------------------------------------------------------
                                     46 	.area _HOME
                                     47 	.area _HOME
                                     48 ;--------------------------------------------------------
                                     49 ; code
                                     50 ;--------------------------------------------------------
                                     51 	.area _CODE_20
                                     52 ;src/tileset.c:5: BANKREF(chr_gb)
                                     53 ;	---------------------------------
                                     54 ; Function __func_chr_gb
                                     55 ; ---------------------------------
                         00000014    56 	b___func_chr_gb	= 20
    00000000                         57 ___func_chr_gb::
                                     58 	.local b___func_chr_gb 
                         00000014    59 	___bank_chr_gb = b___func_chr_gb 
                                     60 	.globl ___bank_chr_gb 
                                     61 ;src/tileset.c:7: INCBIN(chr_gb_tiles, "levels/chr_data/chr_gb_dmg_tiles.bin")
                                     62 ;	---------------------------------
                                     63 ; Function __func_chr_gb_tiles
                                     64 ; ---------------------------------
                         00000014    65 	b___func_chr_gb_tiles	= 20
    00000000                         66 ___func_chr_gb_tiles::
    00000000                         67 _chr_gb_tiles::
    00000000                         68 1$:
    00000000 00 00 00 00 00 00 00    69 	.incbin "levels/chr_data/chr_gb_dmg_tiles.bin" 
             00 00 00 00 00 00 00
             00 00 00 00 00 00 00
             00 00 00 00 00 00 00
             00 00 00 00 00 00 00
             00 00 00 00 00 00 00
             00 00 00 00 00 00 00
             00 00 00 00 00 00 00
             00 00 00 00 00 00 00
             00 00 00 00 00 00 00
             00 00 00 00 00 00 00
             00 00 00 00 00 00 00
             00 00 00 00 00 00 00
             00 00 00 00 00 00 00
             00 00 00 00 00 00 00
             00 00 00 00 00 00 00
             00 00 00 00 00 00 00
             00 00 00 00 00 00 00
             00 00
    00001000                         70 2$:
                         00001000    71 	___size_chr_gb_tiles = (2$-1$) 
                                     72 	.globl ___size_chr_gb_tiles 
                                     73 	.local b___func_chr_gb_tiles 
                         00000014    74 	___bank_chr_gb_tiles = b___func_chr_gb_tiles 
                                     75 	.globl ___bank_chr_gb_tiles 
                                     76 ;src/tileset.c:8: INCBIN(chr_gb_tiles_rev, "levels/chr_data/chr_gb_dmg_flipped_tiles.bin")
                                     77 ;	---------------------------------
                                     78 ; Function __func_chr_gb_tiles_rev
                                     79 ; ---------------------------------
                         00000014    80 	b___func_chr_gb_tiles_rev	= 20
    00001000                         81 ___func_chr_gb_tiles_rev::
    00001000                         82 _chr_gb_tiles_rev::
    00001000                         83 1$:
    00001000 00 00 00 00 00 00 00    84 	.incbin "levels/chr_data/chr_gb_dmg_flipped_tiles.bin" 
             00 00 00 00 00 00 00
             00 00 00 00 00 00 00
             00 00 00 00 00 00 00
             00 00 00 00 00 00 00
             00 00 00 00 00 00 00
             00 00 00 00 00 00 00
             00 00 00 00 00 00 00
             00 00 00 00 00 00 00
             00 00 00 00 00 00 00
             00 00 00 00 00 00 00
             00 00 00 00 00 00 00
             00 00 00 00 00 00 00
             00 00 00 00 00 00 00
             00 00 00 00 00 00 00
             00 00 00 00 00 00 00
             00 00 00 00 00 00 00
             00 00 00 00 00 00 00
             00 00
    00002000                         85 2$:
                         00001000    86 	___size_chr_gb_tiles_rev = (2$-1$) 
                                     87 	.globl ___size_chr_gb_tiles_rev 
                                     88 	.local b___func_chr_gb_tiles_rev 
                         00000014    89 	___bank_chr_gb_tiles_rev = b___func_chr_gb_tiles_rev 
                                     90 	.globl ___bank_chr_gb_tiles_rev 
                                     91 ;src/tileset.c:13: INCBIN(chr_gb_cgb_tiles, "levels/chr_data/chr_gb_dmg_tiles.bin")
                                     92 ;	---------------------------------
                                     93 ; Function __func_chr_gb_cgb_tiles
                                     94 ; ---------------------------------
                         00000014    95 	b___func_chr_gb_cgb_tiles	= 20
    00002000                         96 ___func_chr_gb_cgb_tiles::
    00002000                         97 _chr_gb_cgb_tiles::
    00002000                         98 1$:
    00002000 00 00 00 00 00 00 00    99 	.incbin "levels/chr_data/chr_gb_dmg_tiles.bin" 
             00 00 00 00 00 00 00
             00 00 00 00 00 00 00
             00 00 00 00 00 00 00
             00 00 00 00 00 00 00
             00 00 00 00 00 00 00
             00 00 00 00 00 00 00
             00 00 00 00 00 00 00
             00 00 00 00 00 00 00
             00 00 00 00 00 00 00
             00 00 00 00 00 00 00
             00 00 00 00 00 00 00
             00 00 00 00 00 00 00
             00 00 00 00 00 00 00
             00 00 00 00 00 00 00
             00 00 00 00 00 00 00
             00 00 00 00 00 00 00
             00 00 00 00 00 00 00
             00 00
    00003000                        100 2$:
                         00001000   101 	___size_chr_gb_cgb_tiles = (2$-1$) 
                                    102 	.globl ___size_chr_gb_cgb_tiles 
                                    103 	.local b___func_chr_gb_cgb_tiles 
                         00000014   104 	___bank_chr_gb_cgb_tiles = b___func_chr_gb_cgb_tiles 
                                    105 	.globl ___bank_chr_gb_cgb_tiles 
                                    106 ;src/tileset.c:14: INCBIN(chr_gb_cgb_tiles_rev, "levels/chr_data/chr_gb_dmg_flipped_tiles.bin")
                                    107 ;	---------------------------------
                                    108 ; Function __func_chr_gb_cgb_tiles_rev
                                    109 ; ---------------------------------
                         00000014   110 	b___func_chr_gb_cgb_tiles_rev	= 20
    00003000                        111 ___func_chr_gb_cgb_tiles_rev::
    00003000                        112 _chr_gb_cgb_tiles_rev::
    00003000                        113 1$:
    00003000 00 00 00 00 00 00 00   114 	.incbin "levels/chr_data/chr_gb_dmg_flipped_tiles.bin" 
             00 00 00 00 00 00 00
             00 00 00 00 00 00 00
             00 00 00 00 00 00 00
             00 00 00 00 00 00 00
             00 00 00 00 00 00 00
             00 00 00 00 00 00 00
             00 00 00 00 00 00 00
             00 00 00 00 00 00 00
             00 00 00 00 00 00 00
             00 00 00 00 00 00 00
             00 00 00 00 00 00 00
             00 00 00 00 00 00 00
             00 00 00 00 00 00 00
             00 00 00 00 00 00 00
             00 00 00 00 00 00 00
             00 00 00 00 00 00 00
             00 00 00 00 00 00 00
             00 00
    00004000                        115 2$:
                         00001000   116 	___size_chr_gb_cgb_tiles_rev = (2$-1$) 
                                    117 	.globl ___size_chr_gb_cgb_tiles_rev 
                                    118 	.local b___func_chr_gb_cgb_tiles_rev 
                         00000014   119 	___bank_chr_gb_cgb_tiles_rev = b___func_chr_gb_cgb_tiles_rev 
                                    120 	.globl ___bank_chr_gb_cgb_tiles_rev 
                                    121 	.area _CODE_20
                                    122 	.area _INITIALIZER
                                    123 	.area _CABS (ABS)
