                                      1 ;--------------------------------------------------------
                                      2 ; File Created by SDCC : free open source ISO C Compiler
                                      3 ; Version 4.5.1 #15267 (MINGW64)
                                      4 ;--------------------------------------------------------
                                      5 	.module timemachine
                                      6 	
                                      7 ;--------------------------------------------------------
                                      8 ; Public variables in this module
                                      9 ;--------------------------------------------------------
                                     10 	.globl _timemachine
                                     11 ;--------------------------------------------------------
                                     12 ; special function registers
                                     13 ;--------------------------------------------------------
                                     14 	.area _HRAM
                                     15 ;--------------------------------------------------------
                                     16 ; ram data
                                     17 ;--------------------------------------------------------
                                     18 	.area _DATA
                                     19 ;--------------------------------------------------------
                                     20 ; ram data
                                     21 ;--------------------------------------------------------
                                     22 	.area _INITIALIZED
                                     23 ;--------------------------------------------------------
                                     24 ; absolute external ram data
                                     25 ;--------------------------------------------------------
                                     26 	.area _DABS (ABS)
                                     27 ;--------------------------------------------------------
                                     28 ; global & static initialisations
                                     29 ;--------------------------------------------------------
                                     30 	.area _HOME
                                     31 	.area _GSINIT
                                     32 	.area _GSFINAL
                                     33 	.area _GSINIT
                                     34 ;--------------------------------------------------------
                                     35 ; Home
                                     36 ;--------------------------------------------------------
                                     37 	.area _HOME
                                     38 	.area _HOME
                                     39 ;--------------------------------------------------------
                                     40 ; code
                                     41 ;--------------------------------------------------------
                                     42 	.area _CODE_248
                                     43 	.area _CODE_248
    00000000                         44 _order_cnt:
    00000000 01                      45 	.db #0x01	; 1
    00000001                         46 _P0:
    00000001 00                      47 	.db #0x00	; 0
    00000002 01                      48 	.db #0x01	; 1
    00000003 00                      49 	.db #0x00	; 0
    00000004                         50 _order1:
    00000004r01r00                   51 	.dw _P0
    00000006                         52 _order2:
    00000006r01r00                   53 	.dw _P0
    00000008                         54 _order3:
    00000008r01r00                   55 	.dw _P0
    0000000A                         56 _order4:
    0000000Ar01r00                   57 	.dw _P0
    0000000C                         58 _duty_instruments:
    0000000C 00                      59 	.db #0x00	; 0
    0000000D 00                      60 	.db #0x00	; 0
    0000000E 00                      61 	.db #0x00	; 0
    0000000F 00 00                   62 	.dw #0x0000
    00000011 00                      63 	.db #0x00	; 0
    00000012                         64 _wave_instruments:
    00000012 00                      65 	.db #0x00	; 0
    00000013 00                      66 	.db #0x00	; 0
    00000014 00                      67 	.db #0x00	; 0
    00000015 00 00                   68 	.dw #0x0000
    00000017 00                      69 	.db #0x00	; 0
    00000018                         70 _noise_instruments:
    00000018 00                      71 	.db #0x00	; 0
    00000019 00 00                   72 	.dw #0x0000
    0000001B 00                      73 	.db #0x00	; 0
    0000001C 00                      74 	.db #0x00	; 0
    0000001D 00                      75 	.db #0x00	; 0
    0000001E                         76 _waves:
    0000001E 00                      77 	.db #0x00	; 0
    0000001F                         78 _timemachine:
    0000001F 06                      79 	.db #0x06	; 6
    00000020r00r00                   80 	.dw _order_cnt
    00000022r04r00                   81 	.dw _order1
    00000024r06r00                   82 	.dw _order2
    00000026r08r00                   83 	.dw _order3
    00000028r0Ar00                   84 	.dw _order4
    0000002Ar0Cr00                   85 	.dw _duty_instruments
    0000002Cr12r00                   86 	.dw _wave_instruments
    0000002Er18r00                   87 	.dw _noise_instruments
    00000030 00 00                   88 	.dw #0x0000
    00000032r1Er00                   89 	.dw _waves
                                     90 	.area _INITIALIZER
                                     91 	.area _CABS (ABS)
