                                      1 ;--------------------------------------------------------
                                      2 ; File Created by SDCC : free open source ISO C Compiler
                                      3 ; Version 4.5.1 #15267 (MINGW64)
                                      4 ;--------------------------------------------------------
                                      5 	.module timemachine_sprites
                                      6 	
                                      7 ;--------------------------------------------------------
                                      8 ; Public variables in this module
                                      9 ;--------------------------------------------------------
                                     10 	.globl _timemachine_portals
                                     11 	.globl b___func_timemachine_portals
                                     12 	.globl ___func_timemachine_portals
                                     13 ;--------------------------------------------------------
                                     14 ; special function registers
                                     15 ;--------------------------------------------------------
                                     16 	.area _HRAM
                                     17 ;--------------------------------------------------------
                                     18 ; ram data
                                     19 ;--------------------------------------------------------
                                     20 	.area _DATA
                                     21 ;--------------------------------------------------------
                                     22 ; ram data
                                     23 ;--------------------------------------------------------
                                     24 	.area _INITIALIZED
                                     25 ;--------------------------------------------------------
                                     26 ; absolute external ram data
                                     27 ;--------------------------------------------------------
                                     28 	.area _DABS (ABS)
                                     29 ;--------------------------------------------------------
                                     30 ; global & static initialisations
                                     31 ;--------------------------------------------------------
                                     32 	.area _HOME
                                     33 	.area _GSINIT
                                     34 	.area _GSFINAL
                                     35 	.area _GSINIT
                                     36 ;--------------------------------------------------------
                                     37 ; Home
                                     38 ;--------------------------------------------------------
                                     39 	.area _HOME
                                     40 	.area _HOME
                                     41 ;--------------------------------------------------------
                                     42 ; code
                                     43 ;--------------------------------------------------------
                                     44 	.area _CODE_120
                                     45 ;src/timemachine_sprites.c:4: BANKREF(timemachine_portals)
                                     46 ;	---------------------------------
                                     47 ; Function __func_timemachine_portals
                                     48 ; ---------------------------------
                         00000078    49 	b___func_timemachine_portals	= 120
    00000000                         50 ___func_timemachine_portals::
                                     51 	.local b___func_timemachine_portals 
                         00000078    52 	___bank_timemachine_portals = b___func_timemachine_portals 
                                     53 	.globl ___bank_timemachine_portals 
                                     54 	.area _CODE_120
    00000000                         55 _timemachine_portals:
    00000000 11 00                   56 	.dw #0x0011
    00000002 19                      57 	.db #0x19	; 25
    00000003 64                      58 	.db #0x64	; 100	'd'
    00000004 19 00                   59 	.dw #0x0019
    00000006 16                      60 	.db #0x16	; 22
    00000007 0B                      61 	.db #0x0b	; 11
    00000008 1C 00                   62 	.dw #0x001c
    0000000A 19                      63 	.db #0x19	; 25
    0000000B 64                      64 	.db #0x64	; 100	'd'
    0000000C 2C 00                   65 	.dw #0x002c
    0000000E 14                      66 	.db #0x14	; 20
    0000000F 0B                      67 	.db #0x0b	; 11
    00000010 2C 00                   68 	.dw #0x002c
    00000012 17                      69 	.db #0x17	; 23
    00000013 09                      70 	.db #0x09	; 9
    00000014 30 00                   71 	.dw #0x0030
    00000016 19                      72 	.db #0x19	; 25
    00000017 0A                      73 	.db #0x0a	; 10
    00000018 38 00                   74 	.dw #0x0038
    0000001A 19                      75 	.db #0x19	; 25
    0000001B 0A                      76 	.db #0x0a	; 10
    0000001C 40 00                   77 	.dw #0x0040
    0000001E 19                      78 	.db #0x19	; 25
    0000001F 0A                      79 	.db #0x0a	; 10
    00000020 48 00                   80 	.dw #0x0048
    00000022 14                      81 	.db #0x14	; 20
    00000023 0B                      82 	.db #0x0b	; 11
    00000024 4B 00                   83 	.dw #0x004b
    00000026 15                      84 	.db #0x15	; 21
    00000027 0A                      85 	.db #0x0a	; 10
    00000028 4E 00                   86 	.dw #0x004e
    0000002A 15                      87 	.db #0x15	; 21
    0000002B 0B                      88 	.db #0x0b	; 11
    0000002C 4F 00                   89 	.dw #0x004f
    0000002E 17                      90 	.db #0x17	; 23
    0000002F 08                      91 	.db #0x08	; 8
    00000030 58 00                   92 	.dw #0x0058
    00000032 14                      93 	.db #0x14	; 20
    00000033 0B                      94 	.db #0x0b	; 11
    00000034 5A 00                   95 	.dw #0x005a
    00000036 14                      96 	.db #0x14	; 20
    00000037 0B                      97 	.db #0x0b	; 11
    00000038 5A 00                   98 	.dw #0x005a
    0000003A 1A                      99 	.db #0x1a	; 26
    0000003B 0C                     100 	.db #0x0c	; 12
    0000003C 5B 00                  101 	.dw #0x005b
    0000003E 18                     102 	.db #0x18	; 24
    0000003F 0A                     103 	.db #0x0a	; 10
    00000040 5C 00                  104 	.dw #0x005c
    00000042 1A                     105 	.db #0x1a	; 26
    00000043 0C                     106 	.db #0x0c	; 12
    00000044 5D 00                  107 	.dw #0x005d
    00000046 15                     108 	.db #0x15	; 21
    00000047 0B                     109 	.db #0x0b	; 11
    00000048 5F 00                  110 	.dw #0x005f
    0000004A 15                     111 	.db #0x15	; 21
    0000004B 0B                     112 	.db #0x0b	; 11
    0000004C 60 00                  113 	.dw #0x0060
    0000004E 19                     114 	.db #0x19	; 25
    0000004F 0A                     115 	.db #0x0a	; 10
    00000050 61 00                  116 	.dw #0x0061
    00000052 1A                     117 	.db #0x1a	; 26
    00000053 0E                     118 	.db #0x0e	; 14
    00000054 68 00                  119 	.dw #0x0068
    00000056 15                     120 	.db #0x15	; 21
    00000057 0B                     121 	.db #0x0b	; 11
    00000058 68 00                  122 	.dw #0x0068
    0000005A 17                     123 	.db #0x17	; 23
    0000005B 09                     124 	.db #0x09	; 9
    0000005C 69 00                  125 	.dw #0x0069
    0000005E 15                     126 	.db #0x15	; 21
    0000005F 0C                     127 	.db #0x0c	; 12
    00000060 6E 00                  128 	.dw #0x006e
    00000062 15                     129 	.db #0x15	; 21
    00000063 0C                     130 	.db #0x0c	; 12
    00000064 6F 00                  131 	.dw #0x006f
    00000066 15                     132 	.db #0x15	; 21
    00000067 0C                     133 	.db #0x0c	; 12
    00000068 72 00                  134 	.dw #0x0072
    0000006A 15                     135 	.db #0x15	; 21
    0000006B 0B                     136 	.db #0x0b	; 11
    0000006C 72 00                  137 	.dw #0x0072
    0000006E 17                     138 	.db #0x17	; 23
    0000006F 08                     139 	.db #0x08	; 8
    00000070 7D 00                  140 	.dw #0x007d
    00000072 15                     141 	.db #0x15	; 21
    00000073 0B                     142 	.db #0x0b	; 11
    00000074 83 00                  143 	.dw #0x0083
    00000076 15                     144 	.db #0x15	; 21
    00000077 0B                     145 	.db #0x0b	; 11
    00000078 8F 00                  146 	.dw #0x008f
    0000007A 1A                     147 	.db #0x1a	; 26
    0000007B 0C                     148 	.db #0x0c	; 12
    0000007C 93 00                  149 	.dw #0x0093
    0000007E 1A                     150 	.db #0x1a	; 26
    0000007F 0C                     151 	.db #0x0c	; 12
    00000080 A4 00                  152 	.dw #0x00a4
    00000082 19                     153 	.db #0x19	; 25
    00000083 64                     154 	.db #0x64	; 100	'd'
    00000084 A6 00                  155 	.dw #0x00a6
    00000086 19                     156 	.db #0x19	; 25
    00000087 65                     157 	.db #0x65	; 101	'e'
    00000088 BB 00                  158 	.dw #0x00bb
    0000008A 13                     159 	.db #0x13	; 19
    0000008B 0B                     160 	.db #0x0b	; 11
    0000008C BD 00                  161 	.dw #0x00bd
    0000008E 13                     162 	.db #0x13	; 19
    0000008F 0B                     163 	.db #0x0b	; 11
    00000090 BE 00                  164 	.dw #0x00be
    00000092 19                     165 	.db #0x19	; 25
    00000093 0C                     166 	.db #0x0c	; 12
    00000094 C3 00                  167 	.dw #0x00c3
    00000096 19                     168 	.db #0x19	; 25
    00000097 0C                     169 	.db #0x0c	; 12
    00000098 C8 00                  170 	.dw #0x00c8
    0000009A 19                     171 	.db #0x19	; 25
    0000009B 0C                     172 	.db #0x0c	; 12
    0000009C CB 00                  173 	.dw #0x00cb
    0000009E 19                     174 	.db #0x19	; 25
    0000009F 0C                     175 	.db #0x0c	; 12
    000000A0 CD 00                  176 	.dw #0x00cd
    000000A2 19                     177 	.db #0x19	; 25
    000000A3 0C                     178 	.db #0x0c	; 12
    000000A4 CE 00                  179 	.dw #0x00ce
    000000A6 19                     180 	.db #0x19	; 25
    000000A7 0C                     181 	.db #0x0c	; 12
    000000A8 CF 00                  182 	.dw #0x00cf
    000000AA 12                     183 	.db #0x12	; 18
    000000AB 0B                     184 	.db #0x0b	; 11
    000000AC D1 00                  185 	.dw #0x00d1
    000000AE 12                     186 	.db #0x12	; 18
    000000AF 0B                     187 	.db #0x0b	; 11
    000000B0 D5 00                  188 	.dw #0x00d5
    000000B2 11                     189 	.db #0x11	; 17
    000000B3 0B                     190 	.db #0x0b	; 11
    000000B4 D7 00                  191 	.dw #0x00d7
    000000B6 11                     192 	.db #0x11	; 17
    000000B7 0B                     193 	.db #0x0b	; 11
    000000B8 D9 00                  194 	.dw #0x00d9
    000000BA 12                     195 	.db #0x12	; 18
    000000BB 0B                     196 	.db #0x0b	; 11
    000000BC E7 00                  197 	.dw #0x00e7
    000000BE 16                     198 	.db #0x16	; 22
    000000BF 0A                     199 	.db #0x0a	; 10
    000000C0 E8 00                  200 	.dw #0x00e8
    000000C2 13                     201 	.db #0x13	; 19
    000000C3 0B                     202 	.db #0x0b	; 11
    000000C4 EA 00                  203 	.dw #0x00ea
    000000C6 13                     204 	.db #0x13	; 19
    000000C7 0B                     205 	.db #0x0b	; 11
    000000C8 ED 00                  206 	.dw #0x00ed
    000000CA 12                     207 	.db #0x12	; 18
    000000CB 0B                     208 	.db #0x0b	; 11
    000000CC F0 00                  209 	.dw #0x00f0
    000000CE 12                     210 	.db #0x12	; 18
    000000CF 0B                     211 	.db #0x0b	; 11
    000000D0 FB 00                  212 	.dw #0x00fb
    000000D2 14                     213 	.db #0x14	; 20
    000000D3 0B                     214 	.db #0x0b	; 11
    000000D4 FF 00                  215 	.dw #0x00ff
    000000D6 19                     216 	.db #0x19	; 25
    000000D7 0C                     217 	.db #0x0c	; 12
    000000D8 02 01                  218 	.dw #0x0102
    000000DA 19                     219 	.db #0x19	; 25
    000000DB 0C                     220 	.db #0x0c	; 12
    000000DC 0B 01                  221 	.dw #0x010b
    000000DE 17                     222 	.db #0x17	; 23
    000000DF 0C                     223 	.db #0x0c	; 12
    000000E0 0F 01                  224 	.dw #0x010f
    000000E2 17                     225 	.db #0x17	; 23
    000000E3 0C                     226 	.db #0x0c	; 12
    000000E4 12 01                  227 	.dw #0x0112
    000000E6 17                     228 	.db #0x17	; 23
    000000E7 0C                     229 	.db #0x0c	; 12
    000000E8 19 01                  230 	.dw #0x0119
    000000EA 18                     231 	.db #0x18	; 24
    000000EB 0C                     232 	.db #0x0c	; 12
    000000EC 1D 01                  233 	.dw #0x011d
    000000EE 18                     234 	.db #0x18	; 24
    000000EF 0C                     235 	.db #0x0c	; 12
    000000F0 1F 01                  236 	.dw #0x011f
    000000F2 18                     237 	.db #0x18	; 24
    000000F3 0C                     238 	.db #0x0c	; 12
    000000F4 22 01                  239 	.dw #0x0122
    000000F6 18                     240 	.db #0x18	; 24
    000000F7 0C                     241 	.db #0x0c	; 12
    000000F8 26 01                  242 	.dw #0x0126
    000000FA 12                     243 	.db #0x12	; 18
    000000FB 0B                     244 	.db #0x0b	; 11
    000000FC 29 01                  245 	.dw #0x0129
    000000FE 12                     246 	.db #0x12	; 18
    000000FF 0B                     247 	.db #0x0b	; 11
    00000100 2C 01                  248 	.dw #0x012c
    00000102 12                     249 	.db #0x12	; 18
    00000103 0B                     250 	.db #0x0b	; 11
    00000104 2D 01                  251 	.dw #0x012d
    00000106 15                     252 	.db #0x15	; 21
    00000107 65                     253 	.db #0x65	; 101	'e'
    00000108 2F 01                  254 	.dw #0x012f
    0000010A 12                     255 	.db #0x12	; 18
    0000010B 0B                     256 	.db #0x0b	; 11
    0000010C 2F 01                  257 	.dw #0x012f
    0000010E 14                     258 	.db #0x14	; 20
    0000010F 65                     259 	.db #0x65	; 101	'e'
    00000110 32 01                  260 	.dw #0x0132
    00000112 13                     261 	.db #0x13	; 19
    00000113 0B                     262 	.db #0x0b	; 11
    00000114 3C 01                  263 	.dw #0x013c
    00000116 12                     264 	.db #0x12	; 18
    00000117 0B                     265 	.db #0x0b	; 11
    00000118 48 01                  266 	.dw #0x0148
    0000011A 16                     267 	.db #0x16	; 22
    0000011B 0A                     268 	.db #0x0a	; 10
    0000011C 4B 01                  269 	.dw #0x014b
    0000011E 17                     270 	.db #0x17	; 23
    0000011F 0A                     271 	.db #0x0a	; 10
    00000120 4D 01                  272 	.dw #0x014d
    00000122 11                     273 	.db #0x11	; 17
    00000123 0B                     274 	.db #0x0b	; 11
    00000124 51 01                  275 	.dw #0x0151
    00000126 10                     276 	.db #0x10	; 16
    00000127 0B                     277 	.db #0x0b	; 11
    00000128 55 01                  278 	.dw #0x0155
    0000012A 0F                     279 	.db #0x0f	; 15
    0000012B 0B                     280 	.db #0x0b	; 11
    0000012C 59 01                  281 	.dw #0x0159
    0000012E 0E                     282 	.db #0x0e	; 14
    0000012F 0B                     283 	.db #0x0b	; 11
    00000130 62 01                  284 	.dw #0x0162
    00000132 14                     285 	.db #0x14	; 20
    00000133 01                     286 	.db #0x01	; 1
    00000134 64 01                  287 	.dw #0x0164
    00000136 11                     288 	.db #0x11	; 17
    00000137 0D                     289 	.db #0x0d	; 13
    00000138 64 01                  290 	.dw #0x0164
    0000013A 1A                     291 	.db #0x1a	; 26
    0000013B 0C                     292 	.db #0x0c	; 12
    0000013C 69 01                  293 	.dw #0x0169
    0000013E 11                     294 	.db #0x11	; 17
    0000013F 0D                     295 	.db #0x0d	; 13
    00000140 69 01                  296 	.dw #0x0169
    00000142 1A                     297 	.db #0x1a	; 26
    00000143 0C                     298 	.db #0x0c	; 12
    00000144 6D 01                  299 	.dw #0x016d
    00000146 11                     300 	.db #0x11	; 17
    00000147 0D                     301 	.db #0x0d	; 13
    00000148 6D 01                  302 	.dw #0x016d
    0000014A 1A                     303 	.db #0x1a	; 26
    0000014B 0C                     304 	.db #0x0c	; 12
    0000014C 74 01                  305 	.dw #0x0174
    0000014E 1A                     306 	.db #0x1a	; 26
    0000014F 0C                     307 	.db #0x0c	; 12
    00000150 75 01                  308 	.dw #0x0175
    00000152 11                     309 	.db #0x11	; 17
    00000153 0D                     310 	.db #0x0d	; 13
    00000154 7F 01                  311 	.dw #0x017f
    00000156 11                     312 	.db #0x11	; 17
    00000157 0D                     313 	.db #0x0d	; 13
    00000158 7F 01                  314 	.dw #0x017f
    0000015A 1A                     315 	.db #0x1a	; 26
    0000015B 0C                     316 	.db #0x0c	; 12
    0000015C 82 01                  317 	.dw #0x0182
    0000015E 1A                     318 	.db #0x1a	; 26
    0000015F 0C                     319 	.db #0x0c	; 12
    00000160 93 01                  320 	.dw #0x0193
    00000162 1A                     321 	.db #0x1a	; 26
    00000163 0C                     322 	.db #0x0c	; 12
    00000164 94 01                  323 	.dw #0x0194
    00000166 11                     324 	.db #0x11	; 17
    00000167 0D                     325 	.db #0x0d	; 13
    00000168 97 01                  326 	.dw #0x0197
    0000016A 11                     327 	.db #0x11	; 17
    0000016B 0D                     328 	.db #0x0d	; 13
    0000016C 97 01                  329 	.dw #0x0197
    0000016E 1A                     330 	.db #0x1a	; 26
    0000016F 0C                     331 	.db #0x0c	; 12
    00000170 99 01                  332 	.dw #0x0199
    00000172 11                     333 	.db #0x11	; 17
    00000173 0D                     334 	.db #0x0d	; 13
    00000174 9C 01                  335 	.dw #0x019c
    00000176 13                     336 	.db #0x13	; 19
    00000177 0A                     337 	.db #0x0a	; 10
    00000178 AC 01                  338 	.dw #0x01ac
    0000017A 11                     339 	.db #0x11	; 17
    0000017B 0D                     340 	.db #0x0d	; 13
    0000017C AC 01                  341 	.dw #0x01ac
    0000017E 1A                     342 	.db #0x1a	; 26
    0000017F 0C                     343 	.db #0x0c	; 12
    00000180 AF 01                  344 	.dw #0x01af
    00000182 11                     345 	.db #0x11	; 17
    00000183 0D                     346 	.db #0x0d	; 13
    00000184 B1 01                  347 	.dw #0x01b1
    00000186 15                     348 	.db #0x15	; 21
    00000187 00                     349 	.db #0x00	; 0
    00000188 B1 01                  350 	.dw #0x01b1
    0000018A 1A                     351 	.db #0x1a	; 26
    0000018B 0C                     352 	.db #0x0c	; 12
    0000018C B8 01                  353 	.dw #0x01b8
    0000018E 1A                     354 	.db #0x1a	; 26
    0000018F 0C                     355 	.db #0x0c	; 12
    00000190 C2 01                  356 	.dw #0x01c2
    00000192 11                     357 	.db #0x11	; 17
    00000193 0B                     358 	.db #0x0b	; 11
    00000194 C4 01                  359 	.dw #0x01c4
    00000196 11                     360 	.db #0x11	; 17
    00000197 0B                     361 	.db #0x0b	; 11
    00000198 C8 01                  362 	.dw #0x01c8
    0000019A 11                     363 	.db #0x11	; 17
    0000019B 0B                     364 	.db #0x0b	; 11
    0000019C D6 01                  365 	.dw #0x01d6
    0000019E 12                     366 	.db #0x12	; 18
    0000019F 0B                     367 	.db #0x0b	; 11
    000001A0 D9 01                  368 	.dw #0x01d9
    000001A2 10                     369 	.db #0x10	; 16
    000001A3 0B                     370 	.db #0x0b	; 11
    000001A4 DF 01                  371 	.dw #0x01df
    000001A6 10                     372 	.db #0x10	; 16
    000001A7 0B                     373 	.db #0x0b	; 11
    000001A8 E9 01                  374 	.dw #0x01e9
    000001AA 1A                     375 	.db #0x1a	; 26
    000001AB 0C                     376 	.db #0x0c	; 12
    000001AC EA 01                  377 	.dw #0x01ea
    000001AE 10                     378 	.db #0x10	; 16
    000001AF 0B                     379 	.db #0x0b	; 11
    000001B0 ED 01                  380 	.dw #0x01ed
    000001B2 1A                     381 	.db #0x1a	; 26
    000001B3 0C                     382 	.db #0x0c	; 12
    000001B4 EF 01                  383 	.dw #0x01ef
    000001B6 0F                     384 	.db #0x0f	; 15
    000001B7 0B                     385 	.db #0x0b	; 11
    000001B8 F2 01                  386 	.dw #0x01f2
    000001BA 1A                     387 	.db #0x1a	; 26
    000001BB 0C                     388 	.db #0x0c	; 12
    000001BC F9 01                  389 	.dw #0x01f9
    000001BE 1A                     390 	.db #0x1a	; 26
    000001BF 0C                     391 	.db #0x0c	; 12
    000001C0 FE 01                  392 	.dw #0x01fe
    000001C2 14                     393 	.db #0x14	; 20
    000001C3 0D                     394 	.db #0x0d	; 13
    000001C4 FF 01                  395 	.dw #0x01ff
    000001C6 14                     396 	.db #0x14	; 20
    000001C7 0D                     397 	.db #0x0d	; 13
    000001C8 00 02                  398 	.dw #0x0200
    000001CA 14                     399 	.db #0x14	; 20
    000001CB 0D                     400 	.db #0x0d	; 13
    000001CC 01 02                  401 	.dw #0x0201
    000001CE 14                     402 	.db #0x14	; 20
    000001CF 0D                     403 	.db #0x0d	; 13
    000001D0 02 02                  404 	.dw #0x0202
    000001D2 1A                     405 	.db #0x1a	; 26
    000001D3 0C                     406 	.db #0x0c	; 12
    000001D4 09 02                  407 	.dw #0x0209
    000001D6 13                     408 	.db #0x13	; 19
    000001D7 65                     409 	.db #0x65	; 101	'e'
    000001D8 0E 02                  410 	.dw #0x020e
    000001DA 0C                     411 	.db #0x0c	; 12
    000001DB 0B                     412 	.db #0x0b	; 11
    000001DC 10 02                  413 	.dw #0x0210
    000001DE 1A                     414 	.db #0x1a	; 26
    000001DF 0C                     415 	.db #0x0c	; 12
    000001E0 14 02                  416 	.dw #0x0214
    000001E2 0D                     417 	.db #0x0d	; 13
    000001E3 0B                     418 	.db #0x0b	; 11
    000001E4 15 02                  419 	.dw #0x0215
    000001E6 1A                     420 	.db #0x1a	; 26
    000001E7 0C                     421 	.db #0x0c	; 12
    000001E8 19 02                  422 	.dw #0x0219
    000001EA 13                     423 	.db #0x13	; 19
    000001EB 66                     424 	.db #0x66	; 102	'f'
    000001EC 1B 02                  425 	.dw #0x021b
    000001EE 1A                     426 	.db #0x1a	; 26
    000001EF 0C                     427 	.db #0x0c	; 12
    000001F0 23 02                  428 	.dw #0x0223
    000001F2 13                     429 	.db #0x13	; 19
    000001F3 0B                     430 	.db #0x0b	; 11
    000001F4 24 02                  431 	.dw #0x0224
    000001F6 1A                     432 	.db #0x1a	; 26
    000001F7 0C                     433 	.db #0x0c	; 12
    000001F8 25 02                  434 	.dw #0x0225
    000001FA 13                     435 	.db #0x13	; 19
    000001FB 0B                     436 	.db #0x0b	; 11
    000001FC 28 02                  437 	.dw #0x0228
    000001FE 1A                     438 	.db #0x1a	; 26
    000001FF 0C                     439 	.db #0x0c	; 12
    00000200 29 02                  440 	.dw #0x0229
    00000202 14                     441 	.db #0x14	; 20
    00000203 66                     442 	.db #0x66	; 102	'f'
    00000204 2D 02                  443 	.dw #0x022d
    00000206 1A                     444 	.db #0x1a	; 26
    00000207 0C                     445 	.db #0x0c	; 12
    00000208 2E 02                  446 	.dw #0x022e
    0000020A 1A                     447 	.db #0x1a	; 26
    0000020B 0C                     448 	.db #0x0c	; 12
    0000020C 33 02                  449 	.dw #0x0233
    0000020E 1A                     450 	.db #0x1a	; 26
    0000020F 0C                     451 	.db #0x0c	; 12
    00000210 35 02                  452 	.dw #0x0235
    00000212 1A                     453 	.db #0x1a	; 26
    00000213 0C                     454 	.db #0x0c	; 12
    00000214 39 02                  455 	.dw #0x0239
    00000216 14                     456 	.db #0x14	; 20
    00000217 67                     457 	.db #0x67	; 103	'g'
    00000218 4D 02                  458 	.dw #0x024d
    0000021A 10                     459 	.db #0x10	; 16
    0000021B 0B                     460 	.db #0x0b	; 11
    0000021C 52 02                  461 	.dw #0x0252
    0000021E 1A                     462 	.db #0x1a	; 26
    0000021F 0C                     463 	.db #0x0c	; 12
    00000220 5F 02                  464 	.dw #0x025f
    00000222 13                     465 	.db #0x13	; 19
    00000223 0B                     466 	.db #0x0b	; 11
    00000224 62 02                  467 	.dw #0x0262
    00000226 1A                     468 	.db #0x1a	; 26
    00000227 0C                     469 	.db #0x0c	; 12
    00000228 67 02                  470 	.dw #0x0267
    0000022A 1A                     471 	.db #0x1a	; 26
    0000022B 0C                     472 	.db #0x0c	; 12
    0000022C 68 02                  473 	.dw #0x0268
    0000022E 1A                     474 	.db #0x1a	; 26
    0000022F 0E                     475 	.db #0x0e	; 14
    00000230 69 02                  476 	.dw #0x0269
    00000232 1A                     477 	.db #0x1a	; 26
    00000233 0C                     478 	.db #0x0c	; 12
    00000234 6F 02                  479 	.dw #0x026f
    00000236 1A                     480 	.db #0x1a	; 26
    00000237 0C                     481 	.db #0x0c	; 12
    00000238 70 02                  482 	.dw #0x0270
    0000023A 1A                     483 	.db #0x1a	; 26
    0000023B 0E                     484 	.db #0x0e	; 14
    0000023C 73 02                  485 	.dw #0x0273
    0000023E 1A                     486 	.db #0x1a	; 26
    0000023F 0C                     487 	.db #0x0c	; 12
    00000240 75 02                  488 	.dw #0x0275
    00000242 1A                     489 	.db #0x1a	; 26
    00000243 0C                     490 	.db #0x0c	; 12
    00000244 79 02                  491 	.dw #0x0279
    00000246 11                     492 	.db #0x11	; 17
    00000247 0B                     493 	.db #0x0b	; 11
    00000248 79 02                  494 	.dw #0x0279
    0000024A 1A                     495 	.db #0x1a	; 26
    0000024B 0E                     496 	.db #0x0e	; 14
    0000024C 7C 02                  497 	.dw #0x027c
    0000024E 1A                     498 	.db #0x1a	; 26
    0000024F 0C                     499 	.db #0x0c	; 12
    00000250 7E 02                  500 	.dw #0x027e
    00000252 17                     501 	.db #0x17	; 23
    00000253 09                     502 	.db #0x09	; 9
    00000254 80 02                  503 	.dw #0x0280
    00000256 1A                     504 	.db #0x1a	; 26
    00000257 0C                     505 	.db #0x0c	; 12
    00000258 84 02                  506 	.dw #0x0284
    0000025A 1A                     507 	.db #0x1a	; 26
    0000025B 0C                     508 	.db #0x0c	; 12
    0000025C 86 02                  509 	.dw #0x0286
    0000025E 1A                     510 	.db #0x1a	; 26
    0000025F 0C                     511 	.db #0x0c	; 12
    00000260 8B 02                  512 	.dw #0x028b
    00000262 10                     513 	.db #0x10	; 16
    00000263 0B                     514 	.db #0x0b	; 11
    00000264 8C 02                  515 	.dw #0x028c
    00000266 0E                     516 	.db #0x0e	; 14
    00000267 0D                     517 	.db #0x0d	; 13
    00000268 8D 02                  518 	.dw #0x028d
    0000026A 11                     519 	.db #0x11	; 17
    0000026B 0B                     520 	.db #0x0b	; 11
    0000026C 8F 02                  521 	.dw #0x028f
    0000026E 11                     522 	.db #0x11	; 17
    0000026F 0B                     523 	.db #0x0b	; 11
    00000270 91 02                  524 	.dw #0x0291
    00000272 0E                     525 	.db #0x0e	; 14
    00000273 0D                     526 	.db #0x0d	; 13
    00000274 91 02                  527 	.dw #0x0291
    00000276 11                     528 	.db #0x11	; 17
    00000277 0B                     529 	.db #0x0b	; 11
    00000278 91 02                  530 	.dw #0x0291
    0000027A 1A                     531 	.db #0x1a	; 26
    0000027B 0C                     532 	.db #0x0c	; 12
    0000027C 94 02                  533 	.dw #0x0294
    0000027E 10                     534 	.db #0x10	; 16
    0000027F 0B                     535 	.db #0x0b	; 11
    00000280 95 02                  536 	.dw #0x0295
    00000282 0E                     537 	.db #0x0e	; 14
    00000283 0D                     538 	.db #0x0d	; 13
    00000284 96 02                  539 	.dw #0x0296
    00000286 1A                     540 	.db #0x1a	; 26
    00000287 0C                     541 	.db #0x0c	; 12
    00000288 97 02                  542 	.dw #0x0297
    0000028A 0E                     543 	.db #0x0e	; 14
    0000028B 0D                     544 	.db #0x0d	; 13
    0000028C 97 02                  545 	.dw #0x0297
    0000028E 0F                     546 	.db #0x0f	; 15
    0000028F 0B                     547 	.db #0x0b	; 11
    00000290 99 02                  548 	.dw #0x0299
    00000292 10                     549 	.db #0x10	; 16
    00000293 0B                     550 	.db #0x0b	; 11
    00000294 9A 02                  551 	.dw #0x029a
    00000296 1A                     552 	.db #0x1a	; 26
    00000297 0C                     553 	.db #0x0c	; 12
    00000298 9B 02                  554 	.dw #0x029b
    0000029A 0E                     555 	.db #0x0e	; 14
    0000029B 0D                     556 	.db #0x0d	; 13
    0000029C 9C 02                  557 	.dw #0x029c
    0000029E 11                     558 	.db #0x11	; 17
    0000029F 0B                     559 	.db #0x0b	; 11
    000002A0 9D 02                  560 	.dw #0x029d
    000002A2 0E                     561 	.db #0x0e	; 14
    000002A3 0D                     562 	.db #0x0d	; 13
    000002A4 9D 02                  563 	.dw #0x029d
    000002A6 1A                     564 	.db #0x1a	; 26
    000002A7 0C                     565 	.db #0x0c	; 12
    000002A8 9E 02                  566 	.dw #0x029e
    000002AA 12                     567 	.db #0x12	; 18
    000002AB 0B                     568 	.db #0x0b	; 11
    000002AC A1 02                  569 	.dw #0x02a1
    000002AE 11                     570 	.db #0x11	; 17
    000002AF 0B                     571 	.db #0x0b	; 11
    000002B0 A2 02                  572 	.dw #0x02a2
    000002B2 0E                     573 	.db #0x0e	; 14
    000002B3 0D                     574 	.db #0x0d	; 13
    000002B4 A9 02                  575 	.dw #0x02a9
    000002B6 08                     576 	.db #0x08	; 8
    000002B7 0D                     577 	.db #0x0d	; 13
    000002B8 AA 02                  578 	.dw #0x02aa
    000002BA 17                     579 	.db #0x17	; 23
    000002BB 08                     580 	.db #0x08	; 8
    000002BC AB 02                  581 	.dw #0x02ab
    000002BE 08                     582 	.db #0x08	; 8
    000002BF 0D                     583 	.db #0x0d	; 13
    000002C0 AB 02                  584 	.dw #0x02ab
    000002C2 15                     585 	.db #0x15	; 21
    000002C3 66                     586 	.db #0x66	; 102	'f'
    000002C4 AD 02                  587 	.dw #0x02ad
    000002C6 08                     588 	.db #0x08	; 8
    000002C7 0D                     589 	.db #0x0d	; 13
    000002C8 BC 02                  590 	.dw #0x02bc
    000002CA 17                     591 	.db #0x17	; 23
    000002CB 0B                     592 	.db #0x0b	; 11
    000002CC BD 02                  593 	.dw #0x02bd
    000002CE 17                     594 	.db #0x17	; 23
    000002CF 0B                     595 	.db #0x0b	; 11
    000002D0 D0 02                  596 	.dw #0x02d0
    000002D2 19                     597 	.db #0x19	; 25
    000002D3 65                     598 	.db #0x65	; 101	'e'
    000002D4 D2 02                  599 	.dw #0x02d2
    000002D6 19                     600 	.db #0x19	; 25
    000002D7 65                     601 	.db #0x65	; 101	'e'
    000002D8 E3 02                  602 	.dw #0x02e3
    000002DA 16                     603 	.db #0x16	; 22
    000002DB 0B                     604 	.db #0x0b	; 11
    000002DC E5 02                  605 	.dw #0x02e5
    000002DE 16                     606 	.db #0x16	; 22
    000002DF 0B                     607 	.db #0x0b	; 11
    000002E0 F7 02                  608 	.dw #0x02f7
    000002E2 1A                     609 	.db #0x1a	; 26
    000002E3 0C                     610 	.db #0x0c	; 12
    000002E4 FB 02                  611 	.dw #0x02fb
    000002E6 1A                     612 	.db #0x1a	; 26
    000002E7 0C                     613 	.db #0x0c	; 12
    000002E8 00 03                  614 	.dw #0x0300
    000002EA 13                     615 	.db #0x13	; 19
    000002EB 0B                     616 	.db #0x0b	; 11
    000002EC 16 03                  617 	.dw #0x0316
    000002EE 15                     618 	.db #0x15	; 21
    000002EF 65                     619 	.db #0x65	; 101	'e'
    000002F0 18 03                  620 	.dw #0x0318
    000002F2 15                     621 	.db #0x15	; 21
    000002F3 64                     622 	.db #0x64	; 100	'd'
    000002F4 19 03                  623 	.dw #0x0319
    000002F6 14                     624 	.db #0x14	; 20
    000002F7 0B                     625 	.db #0x0b	; 11
    000002F8 1A 03                  626 	.dw #0x031a
    000002FA 18                     627 	.db #0x18	; 24
    000002FB 0A                     628 	.db #0x0a	; 10
    000002FC 1C 03                  629 	.dw #0x031c
    000002FE 15                     630 	.db #0x15	; 21
    000002FF 0B                     631 	.db #0x0b	; 11
    00000300 1F 03                  632 	.dw #0x031f
    00000302 16                     633 	.db #0x16	; 22
    00000303 0B                     634 	.db #0x0b	; 11
    00000304 22 03                  635 	.dw #0x0322
    00000306 16                     636 	.db #0x16	; 22
    00000307 0B                     637 	.db #0x0b	; 11
    00000308 27 03                  638 	.dw #0x0327
    0000030A 19                     639 	.db #0x19	; 25
    0000030B 0B                     640 	.db #0x0b	; 11
    0000030C 27 03                  641 	.dw #0x0327
    0000030E 1A                     642 	.db #0x1a	; 26
    0000030F 0E                     643 	.db #0x0e	; 14
    00000310 2C 03                  644 	.dw #0x032c
    00000312 19                     645 	.db #0x19	; 25
    00000313 0B                     646 	.db #0x0b	; 11
    00000314 2C 03                  647 	.dw #0x032c
    00000316 1A                     648 	.db #0x1a	; 26
    00000317 0E                     649 	.db #0x0e	; 14
    00000318 31 03                  650 	.dw #0x0331
    0000031A 19                     651 	.db #0x19	; 25
    0000031B 0B                     652 	.db #0x0b	; 11
    0000031C 31 03                  653 	.dw #0x0331
    0000031E 1A                     654 	.db #0x1a	; 26
    0000031F 0E                     655 	.db #0x0e	; 14
    00000320 37 03                  656 	.dw #0x0337
    00000322 14                     657 	.db #0x14	; 20
    00000323 0B                     658 	.db #0x0b	; 11
    00000324 3B 03                  659 	.dw #0x033b
    00000326 17                     660 	.db #0x17	; 23
    00000327 0B                     661 	.db #0x0b	; 11
    00000328 40 03                  662 	.dw #0x0340
    0000032A 19                     663 	.db #0x19	; 25
    0000032B 64                     664 	.db #0x64	; 100	'd'
    0000032C 41 03                  665 	.dw #0x0341
    0000032E 19                     666 	.db #0x19	; 25
    0000032F 0A                     667 	.db #0x0a	; 10
    00000330 41 03                  668 	.dw #0x0341
    00000332 1A                     669 	.db #0x1a	; 26
    00000333 0E                     670 	.db #0x0e	; 14
    00000334 45 03                  671 	.dw #0x0345
    00000336 18                     672 	.db #0x18	; 24
    00000337 0A                     673 	.db #0x0a	; 10
    00000338 45 03                  674 	.dw #0x0345
    0000033A 1A                     675 	.db #0x1a	; 26
    0000033B 0C                     676 	.db #0x0c	; 12
    0000033C 46 03                  677 	.dw #0x0346
    0000033E 15                     678 	.db #0x15	; 21
    0000033F 0B                     679 	.db #0x0b	; 11
    00000340 49 03                  680 	.dw #0x0349
    00000342 15                     681 	.db #0x15	; 21
    00000343 0B                     682 	.db #0x0b	; 11
    00000344 49 03                  683 	.dw #0x0349
    00000346 1A                     684 	.db #0x1a	; 26
    00000347 0C                     685 	.db #0x0c	; 12
    00000348 4A 03                  686 	.dw #0x034a
    0000034A 18                     687 	.db #0x18	; 24
    0000034B 0A                     688 	.db #0x0a	; 10
    0000034C 4D 03                  689 	.dw #0x034d
    0000034E 19                     690 	.db #0x19	; 25
    0000034F 64                     691 	.db #0x64	; 100	'd'
    00000350 4E 03                  692 	.dw #0x034e
    00000352 1A                     693 	.db #0x1a	; 26
    00000353 0C                     694 	.db #0x0c	; 12
    00000354 52 03                  695 	.dw #0x0352
    00000356 12                     696 	.db #0x12	; 18
    00000357 09                     697 	.db #0x09	; 9
    00000358 54 03                  698 	.dw #0x0354
    0000035A 1A                     699 	.db #0x1a	; 26
    0000035B 0C                     700 	.db #0x0c	; 12
    0000035C 55 03                  701 	.dw #0x0355
    0000035E 1A                     702 	.db #0x1a	; 26
    0000035F 0C                     703 	.db #0x0c	; 12
    00000360 59 03                  704 	.dw #0x0359
    00000362 1A                     705 	.db #0x1a	; 26
    00000363 0C                     706 	.db #0x0c	; 12
    00000364 5C 03                  707 	.dw #0x035c
    00000366 15                     708 	.db #0x15	; 21
    00000367 65                     709 	.db #0x65	; 101	'e'
    00000368 5E 03                  710 	.dw #0x035e
    0000036A 15                     711 	.db #0x15	; 21
    0000036B 65                     712 	.db #0x65	; 101	'e'
    0000036C 5E 03                  713 	.dw #0x035e
    0000036E 1A                     714 	.db #0x1a	; 26
    0000036F 0C                     715 	.db #0x0c	; 12
    00000370 5F 03                  716 	.dw #0x035f
    00000372 1A                     717 	.db #0x1a	; 26
    00000373 0C                     718 	.db #0x0c	; 12
    00000374 64 03                  719 	.dw #0x0364
    00000376 1A                     720 	.db #0x1a	; 26
    00000377 0C                     721 	.db #0x0c	; 12
    00000378 65 03                  722 	.dw #0x0365
    0000037A 1A                     723 	.db #0x1a	; 26
    0000037B 0C                     724 	.db #0x0c	; 12
    0000037C 69 03                  725 	.dw #0x0369
    0000037E 1A                     726 	.db #0x1a	; 26
    0000037F 0C                     727 	.db #0x0c	; 12
    00000380 6E 03                  728 	.dw #0x036e
    00000382 1A                     729 	.db #0x1a	; 26
    00000383 0C                     730 	.db #0x0c	; 12
    00000384 70 03                  731 	.dw #0x0370
    00000386 1A                     732 	.db #0x1a	; 26
    00000387 0C                     733 	.db #0x0c	; 12
    00000388 75 03                  734 	.dw #0x0375
    0000038A 11                     735 	.db #0x11	; 17
    0000038B 0B                     736 	.db #0x0b	; 11
    0000038C 7A 03                  737 	.dw #0x037a
    0000038E 12                     738 	.db #0x12	; 18
    0000038F 0B                     739 	.db #0x0b	; 11
    00000390 7B 03                  740 	.dw #0x037b
    00000392 12                     741 	.db #0x12	; 18
    00000393 0B                     742 	.db #0x0b	; 11
    00000394 7E 03                  743 	.dw #0x037e
    00000396 11                     744 	.db #0x11	; 17
    00000397 0B                     745 	.db #0x0b	; 11
    00000398 81 03                  746 	.dw #0x0381
    0000039A 17                     747 	.db #0x17	; 23
    0000039B 65                     748 	.db #0x65	; 101	'e'
    0000039C 82 03                  749 	.dw #0x0382
    0000039E 11                     750 	.db #0x11	; 17
    0000039F 0B                     751 	.db #0x0b	; 11
    000003A0 83 03                  752 	.dw #0x0383
    000003A2 17                     753 	.db #0x17	; 23
    000003A3 64                     754 	.db #0x64	; 100	'd'
    000003A4 85 03                  755 	.dw #0x0385
    000003A6 10                     756 	.db #0x10	; 16
    000003A7 0B                     757 	.db #0x0b	; 11
    000003A8 89 03                  758 	.dw #0x0389
    000003AA 10                     759 	.db #0x10	; 16
    000003AB 0B                     760 	.db #0x0b	; 11
    000003AC 8C 03                  761 	.dw #0x038c
    000003AE 0F                     762 	.db #0x0f	; 15
    000003AF 0B                     763 	.db #0x0b	; 11
    000003B0 8F 03                  764 	.dw #0x038f
    000003B2 11                     765 	.db #0x11	; 17
    000003B3 0B                     766 	.db #0x0b	; 11
    000003B4 92 03                  767 	.dw #0x0392
    000003B6 10                     768 	.db #0x10	; 16
    000003B7 0B                     769 	.db #0x0b	; 11
    000003B8 94 03                  770 	.dw #0x0394
    000003BA 10                     771 	.db #0x10	; 16
    000003BB 0B                     772 	.db #0x0b	; 11
    000003BC 95 03                  773 	.dw #0x0395
    000003BE 14                     774 	.db #0x14	; 20
    000003BF 01                     775 	.db #0x01	; 1
    000003C0 96 03                  776 	.dw #0x0396
    000003C2 14                     777 	.db #0x14	; 20
    000003C3 08                     778 	.db #0x08	; 8
    000003C4 A4 03                  779 	.dw #0x03a4
    000003C6 1A                     780 	.db #0x1a	; 26
    000003C7 0C                     781 	.db #0x0c	; 12
    000003C8 A9 03                  782 	.dw #0x03a9
    000003CA 1A                     783 	.db #0x1a	; 26
    000003CB 0C                     784 	.db #0x0c	; 12
    000003CC AE 03                  785 	.dw #0x03ae
    000003CE 1A                     786 	.db #0x1a	; 26
    000003CF 0C                     787 	.db #0x0c	; 12
    000003D0 B1 03                  788 	.dw #0x03b1
    000003D2 19                     789 	.db #0x19	; 25
    000003D3 64                     790 	.db #0x64	; 100	'd'
    000003D4 B7 03                  791 	.dw #0x03b7
    000003D6 15                     792 	.db #0x15	; 21
    000003D7 09                     793 	.db #0x09	; 9
    000003D8 BB 03                  794 	.dw #0x03bb
    000003DA 1A                     795 	.db #0x1a	; 26
    000003DB 0C                     796 	.db #0x0c	; 12
    000003DC C2 03                  797 	.dw #0x03c2
    000003DE 18                     798 	.db #0x18	; 24
    000003DF 64                     799 	.db #0x64	; 100	'd'
    000003E0 C2 03                  800 	.dw #0x03c2
    000003E2 1A                     801 	.db #0x1a	; 26
    000003E3 0C                     802 	.db #0x0c	; 12
    000003E4 C7 03                  803 	.dw #0x03c7
    000003E6 11                     804 	.db #0x11	; 17
    000003E7 0D                     805 	.db #0x0d	; 13
    000003E8 CB 03                  806 	.dw #0x03cb
    000003EA 11                     807 	.db #0x11	; 17
    000003EB 0D                     808 	.db #0x0d	; 13
    000003EC CD 03                  809 	.dw #0x03cd
    000003EE 11                     810 	.db #0x11	; 17
    000003EF 0D                     811 	.db #0x0d	; 13
    000003F0 D2 03                  812 	.dw #0x03d2
    000003F2 19                     813 	.db #0x19	; 25
    000003F3 65                     814 	.db #0x65	; 101	'e'
    000003F4 D3 03                  815 	.dw #0x03d3
    000003F6 17                     816 	.db #0x17	; 23
    000003F7 0A                     817 	.db #0x0a	; 10
    000003F8 D5 03                  818 	.dw #0x03d5
    000003FA 17                     819 	.db #0x17	; 23
    000003FB 0A                     820 	.db #0x0a	; 10
    000003FC D7 03                  821 	.dw #0x03d7
    000003FE 17                     822 	.db #0x17	; 23
    000003FF 0A                     823 	.db #0x0a	; 10
    00000400 FF FF                  824 	.dw #0xffff
    00000402 00                     825 	.db #0x00	; 0
    00000403 00                     826 	.db #0x00	; 0
                                    827 	.area _INITIALIZER
                                    828 	.area _CABS (ABS)
