                                      1 ;--------------------------------------------------------
                                      2 ; File Created by SDCC : free open source ISO C Compiler
                                      3 ; Version 4.5.1 #15267 (MINGW64)
                                      4 ;--------------------------------------------------------
                                      5 	.module timemachine_sprites
                                      6 	
                                      7 ;--------------------------------------------------------
                                      8 ; Public variables in this module
                                      9 ;--------------------------------------------------------
                                     10 	.globl _timemachine_sp
                                     11 	.globl b___func_timemachine_sp
                                     12 	.globl ___func_timemachine_sp
                                     13 ;--------------------------------------------------------
                                     14 ; special function registers
                                     15 ;--------------------------------------------------------
                                     16 	.area _HRAM
                                     17 ;--------------------------------------------------------
                                     18 ; ram data
                                     19 ;--------------------------------------------------------
                                     20 	.area _DATA
                                     21 ;--------------------------------------------------------
                                     22 ; ram data
                                     23 ;--------------------------------------------------------
                                     24 	.area _INITIALIZED
                                     25 ;--------------------------------------------------------
                                     26 ; absolute external ram data
                                     27 ;--------------------------------------------------------
                                     28 	.area _DABS (ABS)
                                     29 ;--------------------------------------------------------
                                     30 ; global & static initialisations
                                     31 ;--------------------------------------------------------
                                     32 	.area _HOME
                                     33 	.area _GSINIT
                                     34 	.area _GSFINAL
                                     35 	.area _GSINIT
                                     36 ;--------------------------------------------------------
                                     37 ; Home
                                     38 ;--------------------------------------------------------
                                     39 	.area _HOME
                                     40 	.area _HOME
                                     41 ;--------------------------------------------------------
                                     42 ; code
                                     43 ;--------------------------------------------------------
                                     44 	.area _CODE_120
                                     45 ;src/timemachine_sprites.c:4: BANKREF(timemachine_sp)
                                     46 ;	---------------------------------
                                     47 ; Function __func_timemachine_sp
                                     48 ; ---------------------------------
                         00000078    49 	b___func_timemachine_sp	= 120
    00000000                         50 ___func_timemachine_sp::
                                     51 	.local b___func_timemachine_sp 
                         00000078    52 	___bank_timemachine_sp = b___func_timemachine_sp 
                                     53 	.globl ___bank_timemachine_sp 
                                     54 	.area _CODE_120
    00000000                         55 _timemachine_sp:
    00000000 11 00                   56 	.dw #0x0011
    00000002 01                      57 	.db #0x01	; 1
    00000003 64                      58 	.db #0x64	; 100	'd'
    00000004 1C 00                   59 	.dw #0x001c
    00000006 01                      60 	.db #0x01	; 1
    00000007 64                      61 	.db #0x64	; 100	'd'
    00000008 2C 00                   62 	.dw #0x002c
    0000000A 03                      63 	.db #0x03	; 3
    0000000B 09                      64 	.db #0x09	; 9
    0000000C 4F 00                   65 	.dw #0x004f
    0000000E 03                      66 	.db #0x03	; 3
    0000000F 08                      67 	.db #0x08	; 8
    00000010 64 00                   68 	.dw #0x0064
    00000012 01                      69 	.db #0x01	; 1
    00000013 0B                      70 	.db #0x0b	; 11
    00000014 68 00                   71 	.dw #0x0068
    00000016 03                      72 	.db #0x03	; 3
    00000017 09                      73 	.db #0x09	; 9
    00000018 72 00                   74 	.dw #0x0072
    0000001A 03                      75 	.db #0x03	; 3
    0000001B 08                      76 	.db #0x08	; 8
    0000001C A4 00                   77 	.dw #0x00a4
    0000001E 01                      78 	.db #0x01	; 1
    0000001F 64                      79 	.db #0x64	; 100	'd'
    00000020 A6 00                   80 	.dw #0x00a6
    00000022 01                      81 	.db #0x01	; 1
    00000023 65                      82 	.db #0x65	; 101	'e'
    00000024 BF 00                   83 	.dw #0x00bf
    00000026 03                      84 	.db #0x03	; 3
    00000027 0B                      85 	.db #0x0b	; 11
    00000028 C3 00                   86 	.dw #0x00c3
    0000002A 02                      87 	.db #0x02	; 2
    0000002B 0B                      88 	.db #0x0b	; 11
    0000002C C7 00                   89 	.dw #0x00c7
    0000002E 03                      90 	.db #0x03	; 3
    0000002F 0B                      91 	.db #0x0b	; 11
    00000030 CC 00                   92 	.dw #0x00cc
    00000032 02                      93 	.db #0x02	; 2
    00000033 0B                      94 	.db #0x0b	; 11
    00000034 F4 00                   95 	.dw #0x00f4
    00000036 03                      96 	.db #0x03	; 3
    00000037 0A                      97 	.db #0x0a	; 10
    00000038 01 01                   98 	.dw #0x0101
    0000003A 02                      99 	.db #0x02	; 2
    0000003B 0B                     100 	.db #0x0b	; 11
    0000003C 0D 01                  101 	.dw #0x010d
    0000003E 05                     102 	.db #0x05	; 5
    0000003F 0A                     103 	.db #0x0a	; 10
    00000040 1B 01                  104 	.dw #0x011b
    00000042 03                     105 	.db #0x03	; 3
    00000043 0B                     106 	.db #0x0b	; 11
    00000044 2D 01                  107 	.dw #0x012d
    00000046 05                     108 	.db #0x05	; 5
    00000047 65                     109 	.db #0x65	; 101	'e'
    00000048 2F 01                  110 	.dw #0x012f
    0000004A 06                     111 	.db #0x06	; 6
    0000004B 65                     112 	.db #0x65	; 101	'e'
    0000004C 4F 01                  113 	.dw #0x014f
    0000004E 03                     114 	.db #0x03	; 3
    0000004F 0B                     115 	.db #0x0b	; 11
    00000050 53 01                  116 	.dw #0x0153
    00000052 04                     117 	.db #0x04	; 4
    00000053 0B                     118 	.db #0x0b	; 11
    00000054 57 01                  119 	.dw #0x0157
    00000056 05                     120 	.db #0x05	; 5
    00000057 0B                     121 	.db #0x0b	; 11
    00000058 5D 01                  122 	.dw #0x015d
    0000005A 03                     123 	.db #0x03	; 3
    0000005B 0A                     124 	.db #0x0a	; 10
    0000005C 62 01                  125 	.dw #0x0162
    0000005E 06                     126 	.db #0x06	; 6
    0000005F 01                     127 	.db #0x01	; 1
    00000060 B1 01                  128 	.dw #0x01b1
    00000062 05                     129 	.db #0x05	; 5
    00000063 00                     130 	.db #0x00	; 0
    00000064 B6 01                  131 	.dw #0x01b6
    00000066 01                     132 	.db #0x01	; 1
    00000067 0B                     133 	.db #0x0b	; 11
    00000068 BA 01                  134 	.dw #0x01ba
    0000006A 02                     135 	.db #0x02	; 2
    0000006B 0B                     136 	.db #0x0b	; 11
    0000006C BE 01                  137 	.dw #0x01be
    0000006E 03                     138 	.db #0x03	; 3
    0000006F 0B                     139 	.db #0x0b	; 11
    00000070 CE 01                  140 	.dw #0x01ce
    00000072 07                     141 	.db #0x07	; 7
    00000073 0A                     142 	.db #0x0a	; 10
    00000074 DD 01                  143 	.dw #0x01dd
    00000076 05                     144 	.db #0x05	; 5
    00000077 0A                     145 	.db #0x0a	; 10
    00000078 E0 01                  146 	.dw #0x01e0
    0000007A 05                     147 	.db #0x05	; 5
    0000007B 0A                     148 	.db #0x0a	; 10
    0000007C E1 01                  149 	.dw #0x01e1
    0000007E 05                     150 	.db #0x05	; 5
    0000007F 0A                     151 	.db #0x0a	; 10
    00000080 F1 01                  152 	.dw #0x01f1
    00000082 07                     153 	.db #0x07	; 7
    00000083 0A                     154 	.db #0x0a	; 10
    00000084 FB 01                  155 	.dw #0x01fb
    00000086 09                     156 	.db #0x09	; 9
    00000087 0B                     157 	.db #0x0b	; 11
    00000088 FF 01                  158 	.dw #0x01ff
    0000008A 09                     159 	.db #0x09	; 9
    0000008B 0B                     160 	.db #0x0b	; 11
    0000008C 04 02                  161 	.dw #0x0204
    0000008E 09                     162 	.db #0x09	; 9
    0000008F 0B                     163 	.db #0x0b	; 11
    00000090 09 02                  164 	.dw #0x0209
    00000092 07                     165 	.db #0x07	; 7
    00000093 65                     166 	.db #0x65	; 101	'e'
    00000094 0B 02                  167 	.dw #0x020b
    00000096 05                     168 	.db #0x05	; 5
    00000097 0A                     169 	.db #0x0a	; 10
    00000098 0C 02                  170 	.dw #0x020c
    0000009A 05                     171 	.db #0x05	; 5
    0000009B 0A                     172 	.db #0x0a	; 10
    0000009C 11 02                  173 	.dw #0x0211
    0000009E 04                     174 	.db #0x04	; 4
    0000009F 0A                     175 	.db #0x0a	; 10
    000000A0 17 02                  176 	.dw #0x0217
    000000A2 05                     177 	.db #0x05	; 5
    000000A3 0B                     178 	.db #0x0b	; 11
    000000A4 19 02                  179 	.dw #0x0219
    000000A6 07                     180 	.db #0x07	; 7
    000000A7 66                     181 	.db #0x66	; 102	'f'
    000000A8 27 02                  182 	.dw #0x0227
    000000AA 04                     183 	.db #0x04	; 4
    000000AB 0A                     184 	.db #0x0a	; 10
    000000AC 29 02                  185 	.dw #0x0229
    000000AE 06                     186 	.db #0x06	; 6
    000000AF 66                     187 	.db #0x66	; 102	'f'
    000000B0 39 02                  188 	.dw #0x0239
    000000B2 06                     189 	.db #0x06	; 6
    000000B3 67                     190 	.db #0x67	; 103	'g'
    000000B4 70 02                  191 	.dw #0x0270
    000000B6 02                     192 	.db #0x02	; 2
    000000B7 0A                     193 	.db #0x0a	; 10
    000000B8 7E 02                  194 	.dw #0x027e
    000000BA 03                     195 	.db #0x03	; 3
    000000BB 09                     196 	.db #0x09	; 9
    000000BC 97 02                  197 	.dw #0x0297
    000000BE 08                     198 	.db #0x08	; 8
    000000BF 0C                     199 	.db #0x0c	; 12
    000000C0 A1 02                  200 	.dw #0x02a1
    000000C2 06                     201 	.db #0x06	; 6
    000000C3 0C                     202 	.db #0x0c	; 12
    000000C4 AA 02                  203 	.dw #0x02aa
    000000C6 03                     204 	.db #0x03	; 3
    000000C7 08                     205 	.db #0x08	; 8
    000000C8 AB 02                  206 	.dw #0x02ab
    000000CA 05                     207 	.db #0x05	; 5
    000000CB 66                     208 	.db #0x66	; 102	'f'
    000000CC B1 02                  209 	.dw #0x02b1
    000000CE 0A                     210 	.db #0x0a	; 10
    000000CF 06                     211 	.db #0x06	; 6
    000000D0 B5 02                  212 	.dw #0x02b5
    000000D2 08                     213 	.db #0x08	; 8
    000000D3 06                     214 	.db #0x06	; 6
    000000D4 C3 02                  215 	.dw #0x02c3
    000000D6 00                     216 	.db #0x00	; 0
    000000D7 0A                     217 	.db #0x0a	; 10
    000000D8 D0 02                  218 	.dw #0x02d0
    000000DA 01                     219 	.db #0x01	; 1
    000000DB 65                     220 	.db #0x65	; 101	'e'
    000000DC D2 02                  221 	.dw #0x02d2
    000000DE 01                     222 	.db #0x01	; 1
    000000DF 65                     223 	.db #0x65	; 101	'e'
    000000E0 00 03                  224 	.dw #0x0300
    000000E2 00                     225 	.db #0x00	; 0
    000000E3 0A                     226 	.db #0x0a	; 10
    000000E4 0A 03                  227 	.dw #0x030a
    000000E6 00                     228 	.db #0x00	; 0
    000000E7 0A                     229 	.db #0x0a	; 10
    000000E8 16 03                  230 	.dw #0x0316
    000000EA 05                     231 	.db #0x05	; 5
    000000EB 65                     232 	.db #0x65	; 101	'e'
    000000EC 18 03                  233 	.dw #0x0318
    000000EE 05                     234 	.db #0x05	; 5
    000000EF 64                     235 	.db #0x64	; 100	'd'
    000000F0 40 03                  236 	.dw #0x0340
    000000F2 01                     237 	.db #0x01	; 1
    000000F3 64                     238 	.db #0x64	; 100	'd'
    000000F4 4D 03                  239 	.dw #0x034d
    000000F6 01                     240 	.db #0x01	; 1
    000000F7 64                     241 	.db #0x64	; 100	'd'
    000000F8 4E 03                  242 	.dw #0x034e
    000000FA 03                     243 	.db #0x03	; 3
    000000FB 0A                     244 	.db #0x0a	; 10
    000000FC 52 03                  245 	.dw #0x0352
    000000FE 08                     246 	.db #0x08	; 8
    000000FF 09                     247 	.db #0x09	; 9
    00000100 5C 03                  248 	.dw #0x035c
    00000102 05                     249 	.db #0x05	; 5
    00000103 65                     250 	.db #0x65	; 101	'e'
    00000104 5E 03                  251 	.dw #0x035e
    00000106 05                     252 	.db #0x05	; 5
    00000107 65                     253 	.db #0x65	; 101	'e'
    00000108 70 03                  254 	.dw #0x0370
    0000010A 09                     255 	.db #0x09	; 9
    0000010B 0C                     256 	.db #0x0c	; 12
    0000010C 75 03                  257 	.dw #0x0375
    0000010E 06                     258 	.db #0x06	; 6
    0000010F 0C                     259 	.db #0x0c	; 12
    00000110 81 03                  260 	.dw #0x0381
    00000112 03                     261 	.db #0x03	; 3
    00000113 65                     262 	.db #0x65	; 101	'e'
    00000114 83 03                  263 	.dw #0x0383
    00000116 03                     264 	.db #0x03	; 3
    00000117 64                     265 	.db #0x64	; 100	'd'
    00000118 95 03                  266 	.dw #0x0395
    0000011A 06                     267 	.db #0x06	; 6
    0000011B 01                     268 	.db #0x01	; 1
    0000011C 96 03                  269 	.dw #0x0396
    0000011E 06                     270 	.db #0x06	; 6
    0000011F 08                     271 	.db #0x08	; 8
    00000120 B1 03                  272 	.dw #0x03b1
    00000122 01                     273 	.db #0x01	; 1
    00000123 64                     274 	.db #0x64	; 100	'd'
    00000124 B7 03                  275 	.dw #0x03b7
    00000126 05                     276 	.db #0x05	; 5
    00000127 09                     277 	.db #0x09	; 9
    00000128 C2 03                  278 	.dw #0x03c2
    0000012A 02                     279 	.db #0x02	; 2
    0000012B 64                     280 	.db #0x64	; 100	'd'
    0000012C D2 03                  281 	.dw #0x03d2
    0000012E 01                     282 	.db #0x01	; 1
    0000012F 65                     283 	.db #0x65	; 101	'e'
    00000130 FF FF                  284 	.dw #0xffff
    00000132 00                     285 	.db #0x00	; 0
    00000133 00                     286 	.db #0x00	; 0
                                    287 	.area _INITIALIZER
                                    288 	.area _CABS (ABS)
